[==========] Running 4 tests from 1 test suite.
[----------] Global test environment set-up.
[----------] 4 tests from SkipListTest
[ RUN      ] SkipListTest.PutAndGet
[       OK ] SkipListTest.PutAndGet (0 ms)
[ RUN      ] SkipListTest.MultipleInsertAndRetrieve
[       OK ] SkipListTest.MultipleInsertAndRetrieve (0 ms)
[ RUN      ] SkipListTest.RandomOperations
[       OK ] SkipListTest.RandomOperations (0 ms)
[ RUN      ] SkipListTest.ConcurrentReadWrite
[       OK ] SkipListTest.ConcurrentReadWrite (10 ms)
[----------] 4 tests from SkipListTest (10 ms total)

[----------] Global test environment tear-down
[==========] 4 tests from 1 test suite ran. (10 ms total)
[  PASSED  ] 4 tests.
i
[==========] Running 4 tests from 1 test suite.
[----------] Global test environment set-up.
[----------] 4 tests from SkipListTest
[ RUN      ] SkipListTest.PutAndGet
[       OK ] SkipListTest.PutAndGet (0 ms)
[ RUN      ] SkipListTest.MultipleInsertAndRetrieve
[       OK ] SkipListTest.MultipleInsertAndRetrieve (0 ms)
[ RUN      ] SkipListTest.RandomOperations
[       OK ] SkipListTest.RandomOperations (0 ms)
[ RUN      ] SkipListTest.ConcurrentReadWrite
[       OK ] SkipListTest.ConcurrentReadWrite (4 ms)
[----------] 4 tests from SkipListTest (5 ms total)

[----------] Global test environment tear-down
[==========] 4 tests from 1 test suite ran. (5 ms total)
[  PASSED  ] 4 tests.
i
[==========] Running 4 tests from 1 test suite.
[----------] Global test environment set-up.
[----------] 4 tests from SkipListTest
[ RUN      ] SkipListTest.PutAndGet
[       OK ] SkipListTest.PutAndGet (0 ms)
[ RUN      ] SkipListTest.MultipleInsertAndRetrieve
[       OK ] SkipListTest.MultipleInsertAndRetrieve (0 ms)
[ RUN      ] SkipListTest.RandomOperations
[       OK ] SkipListTest.RandomOperations (0 ms)
[ RUN      ] SkipListTest.ConcurrentReadWrite
[       OK ] SkipListTest.ConcurrentReadWrite (4 ms)
[----------] 4 tests from SkipListTest (4 ms total)

[----------] Global test environment tear-down
[==========] 4 tests from 1 test suite ran. (5 ms total)
[  PASSED  ] 4 tests.
i
[==========] Running 4 tests from 1 test suite.
[----------] Global test environment set-up.
[----------] 4 tests from SkipListTest
[ RUN      ] SkipListTest.PutAndGet
[       OK ] SkipListTest.PutAndGet (0 ms)
[ RUN      ] SkipListTest.MultipleInsertAndRetrieve
[       OK ] SkipListTest.MultipleInsertAndRetrieve (0 ms)
[ RUN      ] SkipListTest.RandomOperations
[       OK ] SkipListTest.RandomOperations (0 ms)
[ RUN      ] SkipListTest.ConcurrentReadWrite
[       OK ] SkipListTest.ConcurrentReadWrite (4 ms)
[----------] 4 tests from SkipListTest (4 ms total)

[----------] Global test environment tear-down
[==========] 4 tests from 1 test suite ran. (5 ms total)
[  PASSED  ] 4 tests.
i
[==========] Running 4 tests from 1 test suite.
[----------] Global test environment set-up.
[----------] 4 tests from SkipListTest
[ RUN      ] SkipListTest.PutAndGet
[       OK ] SkipListTest.PutAndGet (0 ms)
[ RUN      ] SkipListTest.MultipleInsertAndRetrieve
[       OK ] SkipListTest.MultipleInsertAndRetrieve (0 ms)
[ RUN      ] SkipListTest.RandomOperations
[       OK ] SkipListTest.RandomOperations (0 ms)
[ RUN      ] SkipListTest.ConcurrentReadWrite
[       OK ] SkipListTest.ConcurrentReadWrite (4 ms)
[----------] 4 tests from SkipListTest (4 ms total)

[----------] Global test environment tear-down
[==========] 4 tests from 1 test suite ran. (4 ms total)
[  PASSED  ] 4 tests.
i
[==========] Running 4 tests from 1 test suite.
[----------] Global test environment set-up.
[----------] 4 tests from SkipListTest
[ RUN      ] SkipListTest.PutAndGet
[       OK ] SkipListTest.PutAndGet (0 ms)
[ RUN      ] SkipListTest.MultipleInsertAndRetrieve
[       OK ] SkipListTest.MultipleInsertAndRetrieve (0 ms)
[ RUN      ] SkipListTest.RandomOperations
[       OK ] SkipListTest.RandomOperations (0 ms)
[ RUN      ] SkipListTest.ConcurrentReadWrite
[       OK ] SkipListTest.ConcurrentReadWrite (3 ms)
[----------] 4 tests from SkipListTest (3 ms total)

[----------] Global test environment tear-down
[==========] 4 tests from 1 test suite ran. (3 ms total)
[  PASSED  ] 4 tests.
i
[==========] Running 4 tests from 1 test suite.
[----------] Global test environment set-up.
[----------] 4 tests from SkipListTest
[ RUN      ] SkipListTest.PutAndGet
[       OK ] SkipListTest.PutAndGet (0 ms)
[ RUN      ] SkipListTest.MultipleInsertAndRetrieve
[       OK ] SkipListTest.MultipleInsertAndRetrieve (0 ms)
[ RUN      ] SkipListTest.RandomOperations
[       OK ] SkipListTest.RandomOperations (0 ms)
[ RUN      ] SkipListTest.ConcurrentReadWrite
[       OK ] SkipListTest.ConcurrentReadWrite (4 ms)
[----------] 4 tests from SkipListTest (4 ms total)

[----------] Global test environment tear-down
[==========] 4 tests from 1 test suite ran. (4 ms total)
[  PASSED  ] 4 tests.
i
[==========] Running 4 tests from 1 test suite.
[----------] Global test environment set-up.
[----------] 4 tests from SkipListTest
[ RUN      ] SkipListTest.PutAndGet
[       OK ] SkipListTest.PutAndGet (0 ms)
[ RUN      ] SkipListTest.MultipleInsertAndRetrieve
[       OK ] SkipListTest.MultipleInsertAndRetrieve (0 ms)
[ RUN      ] SkipListTest.RandomOperations
[       OK ] SkipListTest.RandomOperations (0 ms)
[ RUN      ] SkipListTest.ConcurrentReadWrite
[       OK ] SkipListTest.ConcurrentReadWrite (3 ms)
[----------] 4 tests from SkipListTest (3 ms total)

[----------] Global test environment tear-down
[==========] 4 tests from 1 test suite ran. (3 ms total)
[  PASSED  ] 4 tests.
i
[==========] Running 4 tests from 1 test suite.
[----------] Global test environment set-up.
[----------] 4 tests from SkipListTest
[ RUN      ] SkipListTest.PutAndGet
[       OK ] SkipListTest.PutAndGet (0 ms)
[ RUN      ] SkipListTest.MultipleInsertAndRetrieve
[       OK ] SkipListTest.MultipleInsertAndRetrieve (0 ms)
[ RUN      ] SkipListTest.RandomOperations
[       OK ] SkipListTest.RandomOperations (0 ms)
[ RUN      ] SkipListTest.ConcurrentReadWrite
[       OK ] SkipListTest.ConcurrentReadWrite (3 ms)
[----------] 4 tests from SkipListTest (3 ms total)

[----------] Global test environment tear-down
[==========] 4 tests from 1 test suite ran. (3 ms total)
[  PASSED  ] 4 tests.
i
[==========] Running 4 tests from 1 test suite.
[----------] Global test environment set-up.
[----------] 4 tests from SkipListTest
[ RUN      ] SkipListTest.PutAndGet
[       OK ] SkipListTest.PutAndGet (0 ms)
[ RUN      ] SkipListTest.MultipleInsertAndRetrieve
[       OK ] SkipListTest.MultipleInsertAndRetrieve (0 ms)
[ RUN      ] SkipListTest.RandomOperations
[       OK ] SkipListTest.RandomOperations (0 ms)
[ RUN      ] SkipListTest.ConcurrentReadWrite
[       OK ] SkipListTest.ConcurrentReadWrite (3 ms)
[----------] 4 tests from SkipListTest (3 ms total)

[----------] Global test environment tear-down
[==========] 4 tests from 1 test suite ran. (3 ms total)
[  PASSED  ] 4 tests.
i
[==========] Running 4 tests from 1 test suite.
[----------] Global test environment set-up.
[----------] 4 tests from SkipListTest
[ RUN      ] SkipListTest.PutAndGet
[       OK ] SkipListTest.PutAndGet (0 ms)
[ RUN      ] SkipListTest.MultipleInsertAndRetrieve
[       OK ] SkipListTest.MultipleInsertAndRetrieve (0 ms)
[ RUN      ] SkipListTest.RandomOperations
[       OK ] SkipListTest.RandomOperations (0 ms)
[ RUN      ] SkipListTest.ConcurrentReadWrite
[       OK ] SkipListTest.ConcurrentReadWrite (3 ms)
[----------] 4 tests from SkipListTest (3 ms total)

[----------] Global test environment tear-down
[==========] 4 tests from 1 test suite ran. (3 ms total)
[  PASSED  ] 4 tests.
i
[==========] Running 4 tests from 1 test suite.
[----------] Global test environment set-up.
[----------] 4 tests from SkipListTest
[ RUN      ] SkipListTest.PutAndGet
[       OK ] SkipListTest.PutAndGet (0 ms)
[ RUN      ] SkipListTest.MultipleInsertAndRetrieve
[       OK ] SkipListTest.MultipleInsertAndRetrieve (0 ms)
[ RUN      ] SkipListTest.RandomOperations
[       OK ] SkipListTest.RandomOperations (0 ms)
[ RUN      ] SkipListTest.ConcurrentReadWrite
[       OK ] SkipListTest.ConcurrentReadWrite (3 ms)
[----------] 4 tests from SkipListTest (3 ms total)

[----------] Global test environment tear-down
[==========] 4 tests from 1 test suite ran. (3 ms total)
[  PASSED  ] 4 tests.
i
[==========] Running 4 tests from 1 test suite.
[----------] Global test environment set-up.
[----------] 4 tests from SkipListTest
[ RUN      ] SkipListTest.PutAndGet
[       OK ] SkipListTest.PutAndGet (0 ms)
[ RUN      ] SkipListTest.MultipleInsertAndRetrieve
[       OK ] SkipListTest.MultipleInsertAndRetrieve (0 ms)
[ RUN      ] SkipListTest.RandomOperations
[       OK ] SkipListTest.RandomOperations (0 ms)
[ RUN      ] SkipListTest.ConcurrentReadWrite
[       OK ] SkipListTest.ConcurrentReadWrite (3 ms)
[----------] 4 tests from SkipListTest (3 ms total)

[----------] Global test environment tear-down
[==========] 4 tests from 1 test suite ran. (3 ms total)
[  PASSED  ] 4 tests.
i
[==========] Running 4 tests from 1 test suite.
[----------] Global test environment set-up.
[----------] 4 tests from SkipListTest
[ RUN      ] SkipListTest.PutAndGet
[       OK ] SkipListTest.PutAndGet (0 ms)
[ RUN      ] SkipListTest.MultipleInsertAndRetrieve
[       OK ] SkipListTest.MultipleInsertAndRetrieve (0 ms)
[ RUN      ] SkipListTest.RandomOperations
[       OK ] SkipListTest.RandomOperations (0 ms)
[ RUN      ] SkipListTest.ConcurrentReadWrite
[       OK ] SkipListTest.ConcurrentReadWrite (3 ms)
[----------] 4 tests from SkipListTest (3 ms total)

[----------] Global test environment tear-down
[==========] 4 tests from 1 test suite ran. (3 ms total)
[  PASSED  ] 4 tests.
i
[==========] Running 4 tests from 1 test suite.
[----------] Global test environment set-up.
[----------] 4 tests from SkipListTest
[ RUN      ] SkipListTest.PutAndGet
[       OK ] SkipListTest.PutAndGet (0 ms)
[ RUN      ] SkipListTest.MultipleInsertAndRetrieve
[       OK ] SkipListTest.MultipleInsertAndRetrieve (0 ms)
[ RUN      ] SkipListTest.RandomOperations
[       OK ] SkipListTest.RandomOperations (0 ms)
[ RUN      ] SkipListTest.ConcurrentReadWrite
[       OK ] SkipListTest.ConcurrentReadWrite (3 ms)
[----------] 4 tests from SkipListTest (3 ms total)

[----------] Global test environment tear-down
[==========] 4 tests from 1 test suite ran. (3 ms total)
[  PASSED  ] 4 tests.
i
[==========] Running 4 tests from 1 test suite.
[----------] Global test environment set-up.
[----------] 4 tests from SkipListTest
[ RUN      ] SkipListTest.PutAndGet
[       OK ] SkipListTest.PutAndGet (0 ms)
[ RUN      ] SkipListTest.MultipleInsertAndRetrieve
[       OK ] SkipListTest.MultipleInsertAndRetrieve (0 ms)
[ RUN      ] SkipListTest.RandomOperations
[       OK ] SkipListTest.RandomOperations (0 ms)
[ RUN      ] SkipListTest.ConcurrentReadWrite
[       OK ] SkipListTest.ConcurrentReadWrite (3 ms)
[----------] 4 tests from SkipListTest (3 ms total)

[----------] Global test environment tear-down
[==========] 4 tests from 1 test suite ran. (3 ms total)
[  PASSED  ] 4 tests.
i
[==========] Running 4 tests from 1 test suite.
[----------] Global test environment set-up.
[----------] 4 tests from SkipListTest
[ RUN      ] SkipListTest.PutAndGet
[       OK ] SkipListTest.PutAndGet (0 ms)
[ RUN      ] SkipListTest.MultipleInsertAndRetrieve
[       OK ] SkipListTest.MultipleInsertAndRetrieve (0 ms)
[ RUN      ] SkipListTest.RandomOperations
[       OK ] SkipListTest.RandomOperations (0 ms)
[ RUN      ] SkipListTest.ConcurrentReadWrite
[       OK ] SkipListTest.ConcurrentReadWrite (3 ms)
[----------] 4 tests from SkipListTest (3 ms total)

[----------] Global test environment tear-down
[==========] 4 tests from 1 test suite ran. (3 ms total)
[  PASSED  ] 4 tests.
i
[==========] Running 4 tests from 1 test suite.
[----------] Global test environment set-up.
[----------] 4 tests from SkipListTest
[ RUN      ] SkipListTest.PutAndGet
[       OK ] SkipListTest.PutAndGet (0 ms)
[ RUN      ] SkipListTest.MultipleInsertAndRetrieve
[       OK ] SkipListTest.MultipleInsertAndRetrieve (0 ms)
[ RUN      ] SkipListTest.RandomOperations
[       OK ] SkipListTest.RandomOperations (0 ms)
[ RUN      ] SkipListTest.ConcurrentReadWrite
[       OK ] SkipListTest.ConcurrentReadWrite (3 ms)
[----------] 4 tests from SkipListTest (3 ms total)

[----------] Global test environment tear-down
[==========] 4 tests from 1 test suite ran. (3 ms total)
[  PASSED  ] 4 tests.
i
[==========] Running 4 tests from 1 test suite.
[----------] Global test environment set-up.
[----------] 4 tests from SkipListTest
[ RUN      ] SkipListTest.PutAndGet
[       OK ] SkipListTest.PutAndGet (0 ms)
[ RUN      ] SkipListTest.MultipleInsertAndRetrieve
[       OK ] SkipListTest.MultipleInsertAndRetrieve (0 ms)
[ RUN      ] SkipListTest.RandomOperations
[       OK ] SkipListTest.RandomOperations (0 ms)
[ RUN      ] SkipListTest.ConcurrentReadWrite
[       OK ] SkipListTest.ConcurrentReadWrite (3 ms)
[----------] 4 tests from SkipListTest (3 ms total)

[----------] Global test environment tear-down
[==========] 4 tests from 1 test suite ran. (3 ms total)
[  PASSED  ] 4 tests.
i
[==========] Running 4 tests from 1 test suite.
[----------] Global test environment set-up.
[----------] 4 tests from SkipListTest
[ RUN      ] SkipListTest.PutAndGet
[       OK ] SkipListTest.PutAndGet (0 ms)
[ RUN      ] SkipListTest.MultipleInsertAndRetrieve
[       OK ] SkipListTest.MultipleInsertAndRetrieve (0 ms)
[ RUN      ] SkipListTest.RandomOperations
[       OK ] SkipListTest.RandomOperations (0 ms)
[ RUN      ] SkipListTest.ConcurrentReadWrite
[       OK ] SkipListTest.ConcurrentReadWrite (3 ms)
[----------] 4 tests from SkipListTest (3 ms total)

[----------] Global test environment tear-down
[==========] 4 tests from 1 test suite ran. (3 ms total)
[  PASSED  ] 4 tests.
i
[==========] Running 4 tests from 1 test suite.
[----------] Global test environment set-up.
[----------] 4 tests from SkipListTest
[ RUN      ] SkipListTest.PutAndGet
[       OK ] SkipListTest.PutAndGet (0 ms)
[ RUN      ] SkipListTest.MultipleInsertAndRetrieve
[       OK ] SkipListTest.MultipleInsertAndRetrieve (0 ms)
[ RUN      ] SkipListTest.RandomOperations
[       OK ] SkipListTest.RandomOperations (0 ms)
[ RUN      ] SkipListTest.ConcurrentReadWrite
[       OK ] SkipListTest.ConcurrentReadWrite (3 ms)
[----------] 4 tests from SkipListTest (3 ms total)

[----------] Global test environment tear-down
[==========] 4 tests from 1 test suite ran. (3 ms total)
[  PASSED  ] 4 tests.
i
[==========] Running 4 tests from 1 test suite.
[----------] Global test environment set-up.
[----------] 4 tests from SkipListTest
[ RUN      ] SkipListTest.PutAndGet
[       OK ] SkipListTest.PutAndGet (0 ms)
[ RUN      ] SkipListTest.MultipleInsertAndRetrieve
[       OK ] SkipListTest.MultipleInsertAndRetrieve (0 ms)
[ RUN      ] SkipListTest.RandomOperations
[       OK ] SkipListTest.RandomOperations (0 ms)
[ RUN      ] SkipListTest.ConcurrentReadWrite
[       OK ] SkipListTest.ConcurrentReadWrite (3 ms)
[----------] 4 tests from SkipListTest (3 ms total)

[----------] Global test environment tear-down
[==========] 4 tests from 1 test suite ran. (3 ms total)
[  PASSED  ] 4 tests.
i
[==========] Running 4 tests from 1 test suite.
[----------] Global test environment set-up.
[----------] 4 tests from SkipListTest
[ RUN      ] SkipListTest.PutAndGet
[       OK ] SkipListTest.PutAndGet (0 ms)
[ RUN      ] SkipListTest.MultipleInsertAndRetrieve
[       OK ] SkipListTest.MultipleInsertAndRetrieve (0 ms)
[ RUN      ] SkipListTest.RandomOperations
[       OK ] SkipListTest.RandomOperations (0 ms)
[ RUN      ] SkipListTest.ConcurrentReadWrite
[       OK ] SkipListTest.ConcurrentReadWrite (3 ms)
[----------] 4 tests from SkipListTest (3 ms total)

[----------] Global test environment tear-down
[==========] 4 tests from 1 test suite ran. (3 ms total)
[  PASSED  ] 4 tests.
i
[==========] Running 4 tests from 1 test suite.
[----------] Global test environment set-up.
[----------] 4 tests from SkipListTest
[ RUN      ] SkipListTest.PutAndGet
[       OK ] SkipListTest.PutAndGet (0 ms)
[ RUN      ] SkipListTest.MultipleInsertAndRetrieve
[       OK ] SkipListTest.MultipleInsertAndRetrieve (0 ms)
[ RUN      ] SkipListTest.RandomOperations
[       OK ] SkipListTest.RandomOperations (0 ms)
[ RUN      ] SkipListTest.ConcurrentReadWrite
[       OK ] SkipListTest.ConcurrentReadWrite (3 ms)
[----------] 4 tests from SkipListTest (3 ms total)

[----------] Global test environment tear-down
[==========] 4 tests from 1 test suite ran. (3 ms total)
[  PASSED  ] 4 tests.
i
[==========] Running 4 tests from 1 test suite.
[----------] Global test environment set-up.
[----------] 4 tests from SkipListTest
[ RUN      ] SkipListTest.PutAndGet
[       OK ] SkipListTest.PutAndGet (0 ms)
[ RUN      ] SkipListTest.MultipleInsertAndRetrieve
[       OK ] SkipListTest.MultipleInsertAndRetrieve (0 ms)
[ RUN      ] SkipListTest.RandomOperations
[       OK ] SkipListTest.RandomOperations (0 ms)
[ RUN      ] SkipListTest.ConcurrentReadWrite
[       OK ] SkipListTest.ConcurrentReadWrite (3 ms)
[----------] 4 tests from SkipListTest (3 ms total)

[----------] Global test environment tear-down
[==========] 4 tests from 1 test suite ran. (3 ms total)
[  PASSED  ] 4 tests.
i
[==========] Running 4 tests from 1 test suite.
[----------] Global test environment set-up.
[----------] 4 tests from SkipListTest
[ RUN      ] SkipListTest.PutAndGet
[       OK ] SkipListTest.PutAndGet (0 ms)
[ RUN      ] SkipListTest.MultipleInsertAndRetrieve
[       OK ] SkipListTest.MultipleInsertAndRetrieve (0 ms)
[ RUN      ] SkipListTest.RandomOperations
[       OK ] SkipListTest.RandomOperations (0 ms)
[ RUN      ] SkipListTest.ConcurrentReadWrite
[       OK ] SkipListTest.ConcurrentReadWrite (3 ms)
[----------] 4 tests from SkipListTest (3 ms total)

[----------] Global test environment tear-down
[==========] 4 tests from 1 test suite ran. (3 ms total)
[  PASSED  ] 4 tests.
i
[==========] Running 4 tests from 1 test suite.
[----------] Global test environment set-up.
[----------] 4 tests from SkipListTest
[ RUN      ] SkipListTest.PutAndGet
[       OK ] SkipListTest.PutAndGet (0 ms)
[ RUN      ] SkipListTest.MultipleInsertAndRetrieve
[       OK ] SkipListTest.MultipleInsertAndRetrieve (0 ms)
[ RUN      ] SkipListTest.RandomOperations
[       OK ] SkipListTest.RandomOperations (0 ms)
[ RUN      ] SkipListTest.ConcurrentReadWrite
[       OK ] SkipListTest.ConcurrentReadWrite (3 ms)
[----------] 4 tests from SkipListTest (3 ms total)

[----------] Global test environment tear-down
[==========] 4 tests from 1 test suite ran. (3 ms total)
[  PASSED  ] 4 tests.
i
[==========] Running 4 tests from 1 test suite.
[----------] Global test environment set-up.
[----------] 4 tests from SkipListTest
[ RUN      ] SkipListTest.PutAndGet
[       OK ] SkipListTest.PutAndGet (0 ms)
[ RUN      ] SkipListTest.MultipleInsertAndRetrieve
[       OK ] SkipListTest.MultipleInsertAndRetrieve (0 ms)
[ RUN      ] SkipListTest.RandomOperations
[       OK ] SkipListTest.RandomOperations (0 ms)
[ RUN      ] SkipListTest.ConcurrentReadWrite
[       OK ] SkipListTest.ConcurrentReadWrite (3 ms)
[----------] 4 tests from SkipListTest (3 ms total)

[----------] Global test environment tear-down
[==========] 4 tests from 1 test suite ran. (3 ms total)
[  PASSED  ] 4 tests.
i
[==========] Running 4 tests from 1 test suite.
[----------] Global test environment set-up.
[----------] 4 tests from SkipListTest
[ RUN      ] SkipListTest.PutAndGet
[       OK ] SkipListTest.PutAndGet (0 ms)
[ RUN      ] SkipListTest.MultipleInsertAndRetrieve
[       OK ] SkipListTest.MultipleInsertAndRetrieve (0 ms)
[ RUN      ] SkipListTest.RandomOperations
[       OK ] SkipListTest.RandomOperations (0 ms)
[ RUN      ] SkipListTest.ConcurrentReadWrite
[       OK ] SkipListTest.ConcurrentReadWrite (3 ms)
[----------] 4 tests from SkipListTest (3 ms total)

[----------] Global test environment tear-down
[==========] 4 tests from 1 test suite ran. (3 ms total)
[  PASSED  ] 4 tests.
i
[==========] Running 4 tests from 1 test suite.
[----------] Global test environment set-up.
[----------] 4 tests from SkipListTest
[ RUN      ] SkipListTest.PutAndGet
[       OK ] SkipListTest.PutAndGet (0 ms)
[ RUN      ] SkipListTest.MultipleInsertAndRetrieve
[       OK ] SkipListTest.MultipleInsertAndRetrieve (0 ms)
[ RUN      ] SkipListTest.RandomOperations
[       OK ] SkipListTest.RandomOperations (0 ms)
[ RUN      ] SkipListTest.ConcurrentReadWrite
[       OK ] SkipListTest.ConcurrentReadWrite (3 ms)
[----------] 4 tests from SkipListTest (3 ms total)

[----------] Global test environment tear-down
[==========] 4 tests from 1 test suite ran. (3 ms total)
[  PASSED  ] 4 tests.
i
[==========] Running 4 tests from 1 test suite.
[----------] Global test environment set-up.
[----------] 4 tests from SkipListTest
[ RUN      ] SkipListTest.PutAndGet
[       OK ] SkipListTest.PutAndGet (0 ms)
[ RUN      ] SkipListTest.MultipleInsertAndRetrieve
[       OK ] SkipListTest.MultipleInsertAndRetrieve (0 ms)
[ RUN      ] SkipListTest.RandomOperations
[       OK ] SkipListTest.RandomOperations (0 ms)
[ RUN      ] SkipListTest.ConcurrentReadWrite
[       OK ] SkipListTest.ConcurrentReadWrite (3 ms)
[----------] 4 tests from SkipListTest (3 ms total)

[----------] Global test environment tear-down
[==========] 4 tests from 1 test suite ran. (3 ms total)
[  PASSED  ] 4 tests.
i
[==========] Running 4 tests from 1 test suite.
[----------] Global test environment set-up.
[----------] 4 tests from SkipListTest
[ RUN      ] SkipListTest.PutAndGet
[       OK ] SkipListTest.PutAndGet (0 ms)
[ RUN      ] SkipListTest.MultipleInsertAndRetrieve
[       OK ] SkipListTest.MultipleInsertAndRetrieve (0 ms)
[ RUN      ] SkipListTest.RandomOperations
[       OK ] SkipListTest.RandomOperations (0 ms)
[ RUN      ] SkipListTest.ConcurrentReadWrite
[       OK ] SkipListTest.ConcurrentReadWrite (3 ms)
[----------] 4 tests from SkipListTest (3 ms total)

[----------] Global test environment tear-down
[==========] 4 tests from 1 test suite ran. (3 ms total)
[  PASSED  ] 4 tests.
i
[==========] Running 4 tests from 1 test suite.
[----------] Global test environment set-up.
[----------] 4 tests from SkipListTest
[ RUN      ] SkipListTest.PutAndGet
[       OK ] SkipListTest.PutAndGet (0 ms)
[ RUN      ] SkipListTest.MultipleInsertAndRetrieve
[       OK ] SkipListTest.MultipleInsertAndRetrieve (0 ms)
[ RUN      ] SkipListTest.RandomOperations
[       OK ] SkipListTest.RandomOperations (0 ms)
[ RUN      ] SkipListTest.ConcurrentReadWrite
[       OK ] SkipListTest.ConcurrentReadWrite (3 ms)
[----------] 4 tests from SkipListTest (3 ms total)

[----------] Global test environment tear-down
[==========] 4 tests from 1 test suite ran. (3 ms total)
[  PASSED  ] 4 tests.
i
[==========] Running 4 tests from 1 test suite.
[----------] Global test environment set-up.
[----------] 4 tests from SkipListTest
[ RUN      ] SkipListTest.PutAndGet
[       OK ] SkipListTest.PutAndGet (0 ms)
[ RUN      ] SkipListTest.MultipleInsertAndRetrieve
[       OK ] SkipListTest.MultipleInsertAndRetrieve (0 ms)
[ RUN      ] SkipListTest.RandomOperations
[       OK ] SkipListTest.RandomOperations (0 ms)
[ RUN      ] SkipListTest.ConcurrentReadWrite
[       OK ] SkipListTest.ConcurrentReadWrite (3 ms)
[----------] 4 tests from SkipListTest (3 ms total)

[----------] Global test environment tear-down
[==========] 4 tests from 1 test suite ran. (3 ms total)
[  PASSED  ] 4 tests.
i
[==========] Running 4 tests from 1 test suite.
[----------] Global test environment set-up.
[----------] 4 tests from SkipListTest
[ RUN      ] SkipListTest.PutAndGet
[       OK ] SkipListTest.PutAndGet (0 ms)
[ RUN      ] SkipListTest.MultipleInsertAndRetrieve
[       OK ] SkipListTest.MultipleInsertAndRetrieve (0 ms)
[ RUN      ] SkipListTest.RandomOperations
[       OK ] SkipListTest.RandomOperations (0 ms)
[ RUN      ] SkipListTest.ConcurrentReadWrite
[       OK ] SkipListTest.ConcurrentReadWrite (3 ms)
[----------] 4 tests from SkipListTest (3 ms total)

[----------] Global test environment tear-down
[==========] 4 tests from 1 test suite ran. (3 ms total)
[  PASSED  ] 4 tests.
i
[==========] Running 4 tests from 1 test suite.
[----------] Global test environment set-up.
[----------] 4 tests from SkipListTest
[ RUN      ] SkipListTest.PutAndGet
[       OK ] SkipListTest.PutAndGet (0 ms)
[ RUN      ] SkipListTest.MultipleInsertAndRetrieve
[       OK ] SkipListTest.MultipleInsertAndRetrieve (0 ms)
[ RUN      ] SkipListTest.RandomOperations
[       OK ] SkipListTest.RandomOperations (0 ms)
[ RUN      ] SkipListTest.ConcurrentReadWrite
[       OK ] SkipListTest.ConcurrentReadWrite (3 ms)
[----------] 4 tests from SkipListTest (3 ms total)

[----------] Global test environment tear-down
[==========] 4 tests from 1 test suite ran. (3 ms total)
[  PASSED  ] 4 tests.
i
[==========] Running 4 tests from 1 test suite.
[----------] Global test environment set-up.
[----------] 4 tests from SkipListTest
[ RUN      ] SkipListTest.PutAndGet
[       OK ] SkipListTest.PutAndGet (0 ms)
[ RUN      ] SkipListTest.MultipleInsertAndRetrieve
[       OK ] SkipListTest.MultipleInsertAndRetrieve (0 ms)
[ RUN      ] SkipListTest.RandomOperations
[       OK ] SkipListTest.RandomOperations (0 ms)
[ RUN      ] SkipListTest.ConcurrentReadWrite
[       OK ] SkipListTest.ConcurrentReadWrite (3 ms)
[----------] 4 tests from SkipListTest (3 ms total)

[----------] Global test environment tear-down
[==========] 4 tests from 1 test suite ran. (3 ms total)
[  PASSED  ] 4 tests.
i
[==========] Running 4 tests from 1 test suite.
[----------] Global test environment set-up.
[----------] 4 tests from SkipListTest
[ RUN      ] SkipListTest.PutAndGet
[       OK ] SkipListTest.PutAndGet (0 ms)
[ RUN      ] SkipListTest.MultipleInsertAndRetrieve
[       OK ] SkipListTest.MultipleInsertAndRetrieve (0 ms)
[ RUN      ] SkipListTest.RandomOperations
[       OK ] SkipListTest.RandomOperations (0 ms)
[ RUN      ] SkipListTest.ConcurrentReadWrite
[       OK ] SkipListTest.ConcurrentReadWrite (3 ms)
[----------] 4 tests from SkipListTest (3 ms total)

[----------] Global test environment tear-down
[==========] 4 tests from 1 test suite ran. (3 ms total)
[  PASSED  ] 4 tests.
i
[==========] Running 4 tests from 1 test suite.
[----------] Global test environment set-up.
[----------] 4 tests from SkipListTest
[ RUN      ] SkipListTest.PutAndGet
[       OK ] SkipListTest.PutAndGet (0 ms)
[ RUN      ] SkipListTest.MultipleInsertAndRetrieve
[       OK ] SkipListTest.MultipleInsertAndRetrieve (0 ms)
[ RUN      ] SkipListTest.RandomOperations
[       OK ] SkipListTest.RandomOperations (0 ms)
[ RUN      ] SkipListTest.ConcurrentReadWrite
[       OK ] SkipListTest.ConcurrentReadWrite (3 ms)
[----------] 4 tests from SkipListTest (3 ms total)

[----------] Global test environment tear-down
[==========] 4 tests from 1 test suite ran. (3 ms total)
[  PASSED  ] 4 tests.
i
[==========] Running 4 tests from 1 test suite.
[----------] Global test environment set-up.
[----------] 4 tests from SkipListTest
[ RUN      ] SkipListTest.PutAndGet
[       OK ] SkipListTest.PutAndGet (0 ms)
[ RUN      ] SkipListTest.MultipleInsertAndRetrieve
[       OK ] SkipListTest.MultipleInsertAndRetrieve (0 ms)
[ RUN      ] SkipListTest.RandomOperations
[       OK ] SkipListTest.RandomOperations (0 ms)
[ RUN      ] SkipListTest.ConcurrentReadWrite
[       OK ] SkipListTest.ConcurrentReadWrite (3 ms)
[----------] 4 tests from SkipListTest (3 ms total)

[----------] Global test environment tear-down
[==========] 4 tests from 1 test suite ran. (3 ms total)
[  PASSED  ] 4 tests.
i
[==========] Running 4 tests from 1 test suite.
[----------] Global test environment set-up.
[----------] 4 tests from SkipListTest
[ RUN      ] SkipListTest.PutAndGet
[       OK ] SkipListTest.PutAndGet (0 ms)
[ RUN      ] SkipListTest.MultipleInsertAndRetrieve
[       OK ] SkipListTest.MultipleInsertAndRetrieve (0 ms)
[ RUN      ] SkipListTest.RandomOperations
[       OK ] SkipListTest.RandomOperations (0 ms)
[ RUN      ] SkipListTest.ConcurrentReadWrite
[       OK ] SkipListTest.ConcurrentReadWrite (3 ms)
[----------] 4 tests from SkipListTest (3 ms total)

[----------] Global test environment tear-down
[==========] 4 tests from 1 test suite ran. (3 ms total)
[  PASSED  ] 4 tests.
i
[==========] Running 4 tests from 1 test suite.
[----------] Global test environment set-up.
[----------] 4 tests from SkipListTest
[ RUN      ] SkipListTest.PutAndGet
[       OK ] SkipListTest.PutAndGet (0 ms)
[ RUN      ] SkipListTest.MultipleInsertAndRetrieve
[       OK ] SkipListTest.MultipleInsertAndRetrieve (0 ms)
[ RUN      ] SkipListTest.RandomOperations
[       OK ] SkipListTest.RandomOperations (0 ms)
[ RUN      ] SkipListTest.ConcurrentReadWrite
[       OK ] SkipListTest.ConcurrentReadWrite (3 ms)
[----------] 4 tests from SkipListTest (3 ms total)

[----------] Global test environment tear-down
[==========] 4 tests from 1 test suite ran. (3 ms total)
[  PASSED  ] 4 tests.
i
[==========] Running 4 tests from 1 test suite.
[----------] Global test environment set-up.
[----------] 4 tests from SkipListTest
[ RUN      ] SkipListTest.PutAndGet
[       OK ] SkipListTest.PutAndGet (0 ms)
[ RUN      ] SkipListTest.MultipleInsertAndRetrieve
[       OK ] SkipListTest.MultipleInsertAndRetrieve (0 ms)
[ RUN      ] SkipListTest.RandomOperations
[       OK ] SkipListTest.RandomOperations (0 ms)
[ RUN      ] SkipListTest.ConcurrentReadWrite
[       OK ] SkipListTest.ConcurrentReadWrite (3 ms)
[----------] 4 tests from SkipListTest (3 ms total)

[----------] Global test environment tear-down
[==========] 4 tests from 1 test suite ran. (3 ms total)
[  PASSED  ] 4 tests.
i
[==========] Running 4 tests from 1 test suite.
[----------] Global test environment set-up.
[----------] 4 tests from SkipListTest
[ RUN      ] SkipListTest.PutAndGet
[       OK ] SkipListTest.PutAndGet (0 ms)
[ RUN      ] SkipListTest.MultipleInsertAndRetrieve
[       OK ] SkipListTest.MultipleInsertAndRetrieve (0 ms)
[ RUN      ] SkipListTest.RandomOperations
[       OK ] SkipListTest.RandomOperations (0 ms)
[ RUN      ] SkipListTest.ConcurrentReadWrite
[       OK ] SkipListTest.ConcurrentReadWrite (3 ms)
[----------] 4 tests from SkipListTest (3 ms total)

[----------] Global test environment tear-down
[==========] 4 tests from 1 test suite ran. (3 ms total)
[  PASSED  ] 4 tests.
i
[==========] Running 4 tests from 1 test suite.
[----------] Global test environment set-up.
[----------] 4 tests from SkipListTest
[ RUN      ] SkipListTest.PutAndGet
[       OK ] SkipListTest.PutAndGet (0 ms)
[ RUN      ] SkipListTest.MultipleInsertAndRetrieve
[       OK ] SkipListTest.MultipleInsertAndRetrieve (0 ms)
[ RUN      ] SkipListTest.RandomOperations
[       OK ] SkipListTest.RandomOperations (0 ms)
[ RUN      ] SkipListTest.ConcurrentReadWrite
[       OK ] SkipListTest.ConcurrentReadWrite (3 ms)
[----------] 4 tests from SkipListTest (3 ms total)

[----------] Global test environment tear-down
[==========] 4 tests from 1 test suite ran. (3 ms total)
[  PASSED  ] 4 tests.
i
[==========] Running 4 tests from 1 test suite.
[----------] Global test environment set-up.
[----------] 4 tests from SkipListTest
[ RUN      ] SkipListTest.PutAndGet
[       OK ] SkipListTest.PutAndGet (0 ms)
[ RUN      ] SkipListTest.MultipleInsertAndRetrieve
[       OK ] SkipListTest.MultipleInsertAndRetrieve (0 ms)
[ RUN      ] SkipListTest.RandomOperations
[       OK ] SkipListTest.RandomOperations (0 ms)
[ RUN      ] SkipListTest.ConcurrentReadWrite
[       OK ] SkipListTest.ConcurrentReadWrite (3 ms)
[----------] 4 tests from SkipListTest (3 ms total)

[----------] Global test environment tear-down
[==========] 4 tests from 1 test suite ran. (3 ms total)
[  PASSED  ] 4 tests.
i
[==========] Running 4 tests from 1 test suite.
[----------] Global test environment set-up.
[----------] 4 tests from SkipListTest
[ RUN      ] SkipListTest.PutAndGet
[       OK ] SkipListTest.PutAndGet (0 ms)
[ RUN      ] SkipListTest.MultipleInsertAndRetrieve
[       OK ] SkipListTest.MultipleInsertAndRetrieve (0 ms)
[ RUN      ] SkipListTest.RandomOperations
[       OK ] SkipListTest.RandomOperations (0 ms)
[ RUN      ] SkipListTest.ConcurrentReadWrite
[       OK ] SkipListTest.ConcurrentReadWrite (3 ms)
[----------] 4 tests from SkipListTest (3 ms total)

[----------] Global test environment tear-down
[==========] 4 tests from 1 test suite ran. (3 ms total)
[  PASSED  ] 4 tests.
i
[==========] Running 4 tests from 1 test suite.
[----------] Global test environment set-up.
[----------] 4 tests from SkipListTest
[ RUN      ] SkipListTest.PutAndGet
[       OK ] SkipListTest.PutAndGet (0 ms)
[ RUN      ] SkipListTest.MultipleInsertAndRetrieve
[       OK ] SkipListTest.MultipleInsertAndRetrieve (0 ms)
[ RUN      ] SkipListTest.RandomOperations
[       OK ] SkipListTest.RandomOperations (0 ms)
[ RUN      ] SkipListTest.ConcurrentReadWrite
[       OK ] SkipListTest.ConcurrentReadWrite (3 ms)
[----------] 4 tests from SkipListTest (3 ms total)

[----------] Global test environment tear-down
[==========] 4 tests from 1 test suite ran. (3 ms total)
[  PASSED  ] 4 tests.
i
[==========] Running 4 tests from 1 test suite.
[----------] Global test environment set-up.
[----------] 4 tests from SkipListTest
[ RUN      ] SkipListTest.PutAndGet
[       OK ] SkipListTest.PutAndGet (0 ms)
[ RUN      ] SkipListTest.MultipleInsertAndRetrieve
[       OK ] SkipListTest.MultipleInsertAndRetrieve (0 ms)
[ RUN      ] SkipListTest.RandomOperations
[       OK ] SkipListTest.RandomOperations (0 ms)
[ RUN      ] SkipListTest.ConcurrentReadWrite
[       OK ] SkipListTest.ConcurrentReadWrite (3 ms)
[----------] 4 tests from SkipListTest (3 ms total)

[----------] Global test environment tear-down
[==========] 4 tests from 1 test suite ran. (3 ms total)
[  PASSED  ] 4 tests.
i
[==========] Running 4 tests from 1 test suite.
[----------] Global test environment set-up.
[----------] 4 tests from SkipListTest
[ RUN      ] SkipListTest.PutAndGet
[       OK ] SkipListTest.PutAndGet (0 ms)
[ RUN      ] SkipListTest.MultipleInsertAndRetrieve
[       OK ] SkipListTest.MultipleInsertAndRetrieve (0 ms)
[ RUN      ] SkipListTest.RandomOperations
[       OK ] SkipListTest.RandomOperations (0 ms)
[ RUN      ] SkipListTest.ConcurrentReadWrite
[       OK ] SkipListTest.ConcurrentReadWrite (3 ms)
[----------] 4 tests from SkipListTest (3 ms total)

[----------] Global test environment tear-down
[==========] 4 tests from 1 test suite ran. (3 ms total)
[  PASSED  ] 4 tests.
i
[==========] Running 4 tests from 1 test suite.
[----------] Global test environment set-up.
[----------] 4 tests from SkipListTest
[ RUN      ] SkipListTest.PutAndGet
[       OK ] SkipListTest.PutAndGet (0 ms)
[ RUN      ] SkipListTest.MultipleInsertAndRetrieve
[       OK ] SkipListTest.MultipleInsertAndRetrieve (0 ms)
[ RUN      ] SkipListTest.RandomOperations
[       OK ] SkipListTest.RandomOperations (0 ms)
[ RUN      ] SkipListTest.ConcurrentReadWrite
[       OK ] SkipListTest.ConcurrentReadWrite (3 ms)
[----------] 4 tests from SkipListTest (3 ms total)

[----------] Global test environment tear-down
[==========] 4 tests from 1 test suite ran. (3 ms total)
[  PASSED  ] 4 tests.
i
[==========] Running 4 tests from 1 test suite.
[----------] Global test environment set-up.
[----------] 4 tests from SkipListTest
[ RUN      ] SkipListTest.PutAndGet
[       OK ] SkipListTest.PutAndGet (0 ms)
[ RUN      ] SkipListTest.MultipleInsertAndRetrieve
[       OK ] SkipListTest.MultipleInsertAndRetrieve (0 ms)
[ RUN      ] SkipListTest.RandomOperations
[       OK ] SkipListTest.RandomOperations (0 ms)
[ RUN      ] SkipListTest.ConcurrentReadWrite
[       OK ] SkipListTest.ConcurrentReadWrite (3 ms)
[----------] 4 tests from SkipListTest (3 ms total)

[----------] Global test environment tear-down
[==========] 4 tests from 1 test suite ran. (3 ms total)
[  PASSED  ] 4 tests.
i
[==========] Running 4 tests from 1 test suite.
[----------] Global test environment set-up.
[----------] 4 tests from SkipListTest
[ RUN      ] SkipListTest.PutAndGet
[       OK ] SkipListTest.PutAndGet (0 ms)
[ RUN      ] SkipListTest.MultipleInsertAndRetrieve
[       OK ] SkipListTest.MultipleInsertAndRetrieve (0 ms)
[ RUN      ] SkipListTest.RandomOperations
[       OK ] SkipListTest.RandomOperations (0 ms)
[ RUN      ] SkipListTest.ConcurrentReadWrite
[       OK ] SkipListTest.ConcurrentReadWrite (3 ms)
[----------] 4 tests from SkipListTest (4 ms total)

[----------] Global test environment tear-down
[==========] 4 tests from 1 test suite ran. (4 ms total)
[  PASSED  ] 4 tests.
i
[==========] Running 4 tests from 1 test suite.
[----------] Global test environment set-up.
[----------] 4 tests from SkipListTest
[ RUN      ] SkipListTest.PutAndGet
[       OK ] SkipListTest.PutAndGet (0 ms)
[ RUN      ] SkipListTest.MultipleInsertAndRetrieve
[       OK ] SkipListTest.MultipleInsertAndRetrieve (0 ms)
[ RUN      ] SkipListTest.RandomOperations
[       OK ] SkipListTest.RandomOperations (0 ms)
[ RUN      ] SkipListTest.ConcurrentReadWrite
[       OK ] SkipListTest.ConcurrentReadWrite (3 ms)
[----------] 4 tests from SkipListTest (3 ms total)

[----------] Global test environment tear-down
[==========] 4 tests from 1 test suite ran. (3 ms total)
[  PASSED  ] 4 tests.
i
[==========] Running 4 tests from 1 test suite.
[----------] Global test environment set-up.
[----------] 4 tests from SkipListTest
[ RUN      ] SkipListTest.PutAndGet
[       OK ] SkipListTest.PutAndGet (0 ms)
[ RUN      ] SkipListTest.MultipleInsertAndRetrieve
[       OK ] SkipListTest.MultipleInsertAndRetrieve (0 ms)
[ RUN      ] SkipListTest.RandomOperations
[       OK ] SkipListTest.RandomOperations (0 ms)
[ RUN      ] SkipListTest.ConcurrentReadWrite
[       OK ] SkipListTest.ConcurrentReadWrite (3 ms)
[----------] 4 tests from SkipListTest (3 ms total)

[----------] Global test environment tear-down
[==========] 4 tests from 1 test suite ran. (3 ms total)
[  PASSED  ] 4 tests.
i
[==========] Running 4 tests from 1 test suite.
[----------] Global test environment set-up.
[----------] 4 tests from SkipListTest
[ RUN      ] SkipListTest.PutAndGet
[       OK ] SkipListTest.PutAndGet (0 ms)
[ RUN      ] SkipListTest.MultipleInsertAndRetrieve
[       OK ] SkipListTest.MultipleInsertAndRetrieve (0 ms)
[ RUN      ] SkipListTest.RandomOperations
[       OK ] SkipListTest.RandomOperations (0 ms)
[ RUN      ] SkipListTest.ConcurrentReadWrite
[       OK ] SkipListTest.ConcurrentReadWrite (3 ms)
[----------] 4 tests from SkipListTest (3 ms total)

[----------] Global test environment tear-down
[==========] 4 tests from 1 test suite ran. (3 ms total)
[  PASSED  ] 4 tests.
i
[==========] Running 4 tests from 1 test suite.
[----------] Global test environment set-up.
[----------] 4 tests from SkipListTest
[ RUN      ] SkipListTest.PutAndGet
[       OK ] SkipListTest.PutAndGet (0 ms)
[ RUN      ] SkipListTest.MultipleInsertAndRetrieve
[       OK ] SkipListTest.MultipleInsertAndRetrieve (0 ms)
[ RUN      ] SkipListTest.RandomOperations
[       OK ] SkipListTest.RandomOperations (0 ms)
[ RUN      ] SkipListTest.ConcurrentReadWrite
[       OK ] SkipListTest.ConcurrentReadWrite (3 ms)
[----------] 4 tests from SkipListTest (3 ms total)

[----------] Global test environment tear-down
[==========] 4 tests from 1 test suite ran. (3 ms total)
[  PASSED  ] 4 tests.
i
[==========] Running 4 tests from 1 test suite.
[----------] Global test environment set-up.
[----------] 4 tests from SkipListTest
[ RUN      ] SkipListTest.PutAndGet
[       OK ] SkipListTest.PutAndGet (0 ms)
[ RUN      ] SkipListTest.MultipleInsertAndRetrieve
[       OK ] SkipListTest.MultipleInsertAndRetrieve (0 ms)
[ RUN      ] SkipListTest.RandomOperations
[       OK ] SkipListTest.RandomOperations (0 ms)
[ RUN      ] SkipListTest.ConcurrentReadWrite
[       OK ] SkipListTest.ConcurrentReadWrite (3 ms)
[----------] 4 tests from SkipListTest (3 ms total)

[----------] Global test environment tear-down
[==========] 4 tests from 1 test suite ran. (3 ms total)
[  PASSED  ] 4 tests.
i
[==========] Running 4 tests from 1 test suite.
[----------] Global test environment set-up.
[----------] 4 tests from SkipListTest
[ RUN      ] SkipListTest.PutAndGet
[       OK ] SkipListTest.PutAndGet (0 ms)
[ RUN      ] SkipListTest.MultipleInsertAndRetrieve
[       OK ] SkipListTest.MultipleInsertAndRetrieve (0 ms)
[ RUN      ] SkipListTest.RandomOperations
[       OK ] SkipListTest.RandomOperations (0 ms)
[ RUN      ] SkipListTest.ConcurrentReadWrite
[       OK ] SkipListTest.ConcurrentReadWrite (3 ms)
[----------] 4 tests from SkipListTest (3 ms total)

[----------] Global test environment tear-down
[==========] 4 tests from 1 test suite ran. (3 ms total)
[  PASSED  ] 4 tests.
i
[==========] Running 4 tests from 1 test suite.
[----------] Global test environment set-up.
[----------] 4 tests from SkipListTest
[ RUN      ] SkipListTest.PutAndGet
[       OK ] SkipListTest.PutAndGet (0 ms)
[ RUN      ] SkipListTest.MultipleInsertAndRetrieve
[       OK ] SkipListTest.MultipleInsertAndRetrieve (0 ms)
[ RUN      ] SkipListTest.RandomOperations
[       OK ] SkipListTest.RandomOperations (0 ms)
[ RUN      ] SkipListTest.ConcurrentReadWrite
[       OK ] SkipListTest.ConcurrentReadWrite (3 ms)
[----------] 4 tests from SkipListTest (3 ms total)

[----------] Global test environment tear-down
[==========] 4 tests from 1 test suite ran. (3 ms total)
[  PASSED  ] 4 tests.
i
[==========] Running 4 tests from 1 test suite.
[----------] Global test environment set-up.
[----------] 4 tests from SkipListTest
[ RUN      ] SkipListTest.PutAndGet
[       OK ] SkipListTest.PutAndGet (0 ms)
[ RUN      ] SkipListTest.MultipleInsertAndRetrieve
[       OK ] SkipListTest.MultipleInsertAndRetrieve (0 ms)
[ RUN      ] SkipListTest.RandomOperations
[       OK ] SkipListTest.RandomOperations (0 ms)
[ RUN      ] SkipListTest.ConcurrentReadWrite
[       OK ] SkipListTest.ConcurrentReadWrite (3 ms)
[----------] 4 tests from SkipListTest (3 ms total)

[----------] Global test environment tear-down
[==========] 4 tests from 1 test suite ran. (3 ms total)
[  PASSED  ] 4 tests.
i
[==========] Running 4 tests from 1 test suite.
[----------] Global test environment set-up.
[----------] 4 tests from SkipListTest
[ RUN      ] SkipListTest.PutAndGet
[       OK ] SkipListTest.PutAndGet (0 ms)
[ RUN      ] SkipListTest.MultipleInsertAndRetrieve
[       OK ] SkipListTest.MultipleInsertAndRetrieve (0 ms)
[ RUN      ] SkipListTest.RandomOperations
[       OK ] SkipListTest.RandomOperations (0 ms)
[ RUN      ] SkipListTest.ConcurrentReadWrite
[       OK ] SkipListTest.ConcurrentReadWrite (4 ms)
[----------] 4 tests from SkipListTest (4 ms total)

[----------] Global test environment tear-down
[==========] 4 tests from 1 test suite ran. (4 ms total)
[  PASSED  ] 4 tests.
i
[==========] Running 4 tests from 1 test suite.
[----------] Global test environment set-up.
[----------] 4 tests from SkipListTest
[ RUN      ] SkipListTest.PutAndGet
[       OK ] SkipListTest.PutAndGet (0 ms)
[ RUN      ] SkipListTest.MultipleInsertAndRetrieve
[       OK ] SkipListTest.MultipleInsertAndRetrieve (0 ms)
[ RUN      ] SkipListTest.RandomOperations
[       OK ] SkipListTest.RandomOperations (0 ms)
[ RUN      ] SkipListTest.ConcurrentReadWrite
[       OK ] SkipListTest.ConcurrentReadWrite (3 ms)
[----------] 4 tests from SkipListTest (3 ms total)

[----------] Global test environment tear-down
[==========] 4 tests from 1 test suite ran. (3 ms total)
[  PASSED  ] 4 tests.
i
[==========] Running 4 tests from 1 test suite.
[----------] Global test environment set-up.
[----------] 4 tests from SkipListTest
[ RUN      ] SkipListTest.PutAndGet
[       OK ] SkipListTest.PutAndGet (0 ms)
[ RUN      ] SkipListTest.MultipleInsertAndRetrieve
[       OK ] SkipListTest.MultipleInsertAndRetrieve (0 ms)
[ RUN      ] SkipListTest.RandomOperations
[       OK ] SkipListTest.RandomOperations (0 ms)
[ RUN      ] SkipListTest.ConcurrentReadWrite
[       OK ] SkipListTest.ConcurrentReadWrite (3 ms)
[----------] 4 tests from SkipListTest (3 ms total)

[----------] Global test environment tear-down
[==========] 4 tests from 1 test suite ran. (3 ms total)
[  PASSED  ] 4 tests.
i
[==========] Running 4 tests from 1 test suite.
[----------] Global test environment set-up.
[----------] 4 tests from SkipListTest
[ RUN      ] SkipListTest.PutAndGet
[       OK ] SkipListTest.PutAndGet (0 ms)
[ RUN      ] SkipListTest.MultipleInsertAndRetrieve
[       OK ] SkipListTest.MultipleInsertAndRetrieve (0 ms)
[ RUN      ] SkipListTest.RandomOperations
[       OK ] SkipListTest.RandomOperations (0 ms)
[ RUN      ] SkipListTest.ConcurrentReadWrite
[       OK ] SkipListTest.ConcurrentReadWrite (3 ms)
[----------] 4 tests from SkipListTest (3 ms total)

[----------] Global test environment tear-down
[==========] 4 tests from 1 test suite ran. (3 ms total)
[  PASSED  ] 4 tests.
i
[==========] Running 4 tests from 1 test suite.
[----------] Global test environment set-up.
[----------] 4 tests from SkipListTest
[ RUN      ] SkipListTest.PutAndGet
[       OK ] SkipListTest.PutAndGet (0 ms)
[ RUN      ] SkipListTest.MultipleInsertAndRetrieve
[       OK ] SkipListTest.MultipleInsertAndRetrieve (0 ms)
[ RUN      ] SkipListTest.RandomOperations
[       OK ] SkipListTest.RandomOperations (0 ms)
[ RUN      ] SkipListTest.ConcurrentReadWrite
[       OK ] SkipListTest.ConcurrentReadWrite (3 ms)
[----------] 4 tests from SkipListTest (3 ms total)

[----------] Global test environment tear-down
[==========] 4 tests from 1 test suite ran. (3 ms total)
[  PASSED  ] 4 tests.
i
[==========] Running 4 tests from 1 test suite.
[----------] Global test environment set-up.
[----------] 4 tests from SkipListTest
[ RUN      ] SkipListTest.PutAndGet
[       OK ] SkipListTest.PutAndGet (0 ms)
[ RUN      ] SkipListTest.MultipleInsertAndRetrieve
[       OK ] SkipListTest.MultipleInsertAndRetrieve (0 ms)
[ RUN      ] SkipListTest.RandomOperations
[       OK ] SkipListTest.RandomOperations (0 ms)
[ RUN      ] SkipListTest.ConcurrentReadWrite
[       OK ] SkipListTest.ConcurrentReadWrite (3 ms)
[----------] 4 tests from SkipListTest (3 ms total)

[----------] Global test environment tear-down
[==========] 4 tests from 1 test suite ran. (3 ms total)
[  PASSED  ] 4 tests.
i
[==========] Running 4 tests from 1 test suite.
[----------] Global test environment set-up.
[----------] 4 tests from SkipListTest
[ RUN      ] SkipListTest.PutAndGet
[       OK ] SkipListTest.PutAndGet (0 ms)
[ RUN      ] SkipListTest.MultipleInsertAndRetrieve
[       OK ] SkipListTest.MultipleInsertAndRetrieve (0 ms)
[ RUN      ] SkipListTest.RandomOperations
[       OK ] SkipListTest.RandomOperations (0 ms)
[ RUN      ] SkipListTest.ConcurrentReadWrite
[       OK ] SkipListTest.ConcurrentReadWrite (3 ms)
[----------] 4 tests from SkipListTest (3 ms total)

[----------] Global test environment tear-down
[==========] 4 tests from 1 test suite ran. (3 ms total)
[  PASSED  ] 4 tests.
i
[==========] Running 4 tests from 1 test suite.
[----------] Global test environment set-up.
[----------] 4 tests from SkipListTest
[ RUN      ] SkipListTest.PutAndGet
[       OK ] SkipListTest.PutAndGet (0 ms)
[ RUN      ] SkipListTest.MultipleInsertAndRetrieve
[       OK ] SkipListTest.MultipleInsertAndRetrieve (0 ms)
[ RUN      ] SkipListTest.RandomOperations
[       OK ] SkipListTest.RandomOperations (0 ms)
[ RUN      ] SkipListTest.ConcurrentReadWrite
[       OK ] SkipListTest.ConcurrentReadWrite (3 ms)
[----------] 4 tests from SkipListTest (3 ms total)

[----------] Global test environment tear-down
[==========] 4 tests from 1 test suite ran. (3 ms total)
[  PASSED  ] 4 tests.
i
[==========] Running 4 tests from 1 test suite.
[----------] Global test environment set-up.
[----------] 4 tests from SkipListTest
[ RUN      ] SkipListTest.PutAndGet
[       OK ] SkipListTest.PutAndGet (0 ms)
[ RUN      ] SkipListTest.MultipleInsertAndRetrieve
[       OK ] SkipListTest.MultipleInsertAndRetrieve (0 ms)
[ RUN      ] SkipListTest.RandomOperations
[       OK ] SkipListTest.RandomOperations (0 ms)
[ RUN      ] SkipListTest.ConcurrentReadWrite
[       OK ] SkipListTest.ConcurrentReadWrite (3 ms)
[----------] 4 tests from SkipListTest (3 ms total)

[----------] Global test environment tear-down
[==========] 4 tests from 1 test suite ran. (3 ms total)
[  PASSED  ] 4 tests.
i
[==========] Running 4 tests from 1 test suite.
[----------] Global test environment set-up.
[----------] 4 tests from SkipListTest
[ RUN      ] SkipListTest.PutAndGet
[       OK ] SkipListTest.PutAndGet (0 ms)
[ RUN      ] SkipListTest.MultipleInsertAndRetrieve
[       OK ] SkipListTest.MultipleInsertAndRetrieve (0 ms)
[ RUN      ] SkipListTest.RandomOperations
[       OK ] SkipListTest.RandomOperations (0 ms)
[ RUN      ] SkipListTest.ConcurrentReadWrite
[       OK ] SkipListTest.ConcurrentReadWrite (3 ms)
[----------] 4 tests from SkipListTest (3 ms total)

[----------] Global test environment tear-down
[==========] 4 tests from 1 test suite ran. (3 ms total)
[  PASSED  ] 4 tests.
i
[==========] Running 4 tests from 1 test suite.
[----------] Global test environment set-up.
[----------] 4 tests from SkipListTest
[ RUN      ] SkipListTest.PutAndGet
[       OK ] SkipListTest.PutAndGet (0 ms)
[ RUN      ] SkipListTest.MultipleInsertAndRetrieve
[       OK ] SkipListTest.MultipleInsertAndRetrieve (0 ms)
[ RUN      ] SkipListTest.RandomOperations
[       OK ] SkipListTest.RandomOperations (0 ms)
[ RUN      ] SkipListTest.ConcurrentReadWrite
[       OK ] SkipListTest.ConcurrentReadWrite (3 ms)
[----------] 4 tests from SkipListTest (3 ms total)

[----------] Global test environment tear-down
[==========] 4 tests from 1 test suite ran. (3 ms total)
[  PASSED  ] 4 tests.
i
[==========] Running 4 tests from 1 test suite.
[----------] Global test environment set-up.
[----------] 4 tests from SkipListTest
[ RUN      ] SkipListTest.PutAndGet
[       OK ] SkipListTest.PutAndGet (0 ms)
[ RUN      ] SkipListTest.MultipleInsertAndRetrieve
[       OK ] SkipListTest.MultipleInsertAndRetrieve (0 ms)
[ RUN      ] SkipListTest.RandomOperations
[       OK ] SkipListTest.RandomOperations (0 ms)
[ RUN      ] SkipListTest.ConcurrentReadWrite
[       OK ] SkipListTest.ConcurrentReadWrite (3 ms)
[----------] 4 tests from SkipListTest (3 ms total)

[----------] Global test environment tear-down
[==========] 4 tests from 1 test suite ran. (3 ms total)
[  PASSED  ] 4 tests.
i
[==========] Running 4 tests from 1 test suite.
[----------] Global test environment set-up.
[----------] 4 tests from SkipListTest
[ RUN      ] SkipListTest.PutAndGet
[       OK ] SkipListTest.PutAndGet (0 ms)
[ RUN      ] SkipListTest.MultipleInsertAndRetrieve
[       OK ] SkipListTest.MultipleInsertAndRetrieve (0 ms)
[ RUN      ] SkipListTest.RandomOperations
[       OK ] SkipListTest.RandomOperations (0 ms)
[ RUN      ] SkipListTest.ConcurrentReadWrite
[       OK ] SkipListTest.ConcurrentReadWrite (3 ms)
[----------] 4 tests from SkipListTest (3 ms total)

[----------] Global test environment tear-down
[==========] 4 tests from 1 test suite ran. (3 ms total)
[  PASSED  ] 4 tests.
i
[==========] Running 4 tests from 1 test suite.
[----------] Global test environment set-up.
[----------] 4 tests from SkipListTest
[ RUN      ] SkipListTest.PutAndGet
[       OK ] SkipListTest.PutAndGet (0 ms)
[ RUN      ] SkipListTest.MultipleInsertAndRetrieve
[       OK ] SkipListTest.MultipleInsertAndRetrieve (0 ms)
[ RUN      ] SkipListTest.RandomOperations
[       OK ] SkipListTest.RandomOperations (0 ms)
[ RUN      ] SkipListTest.ConcurrentReadWrite
[       OK ] SkipListTest.ConcurrentReadWrite (3 ms)
[----------] 4 tests from SkipListTest (3 ms total)

[----------] Global test environment tear-down
[==========] 4 tests from 1 test suite ran. (3 ms total)
[  PASSED  ] 4 tests.
i
[==========] Running 4 tests from 1 test suite.
[----------] Global test environment set-up.
[----------] 4 tests from SkipListTest
[ RUN      ] SkipListTest.PutAndGet
[       OK ] SkipListTest.PutAndGet (0 ms)
[ RUN      ] SkipListTest.MultipleInsertAndRetrieve
[       OK ] SkipListTest.MultipleInsertAndRetrieve (0 ms)
[ RUN      ] SkipListTest.RandomOperations
[       OK ] SkipListTest.RandomOperations (0 ms)
[ RUN      ] SkipListTest.ConcurrentReadWrite
[       OK ] SkipListTest.ConcurrentReadWrite (3 ms)
[----------] 4 tests from SkipListTest (3 ms total)

[----------] Global test environment tear-down
[==========] 4 tests from 1 test suite ran. (3 ms total)
[  PASSED  ] 4 tests.
i
[==========] Running 4 tests from 1 test suite.
[----------] Global test environment set-up.
[----------] 4 tests from SkipListTest
[ RUN      ] SkipListTest.PutAndGet
[       OK ] SkipListTest.PutAndGet (0 ms)
[ RUN      ] SkipListTest.MultipleInsertAndRetrieve
[       OK ] SkipListTest.MultipleInsertAndRetrieve (0 ms)
[ RUN      ] SkipListTest.RandomOperations
[       OK ] SkipListTest.RandomOperations (0 ms)
[ RUN      ] SkipListTest.ConcurrentReadWrite
[       OK ] SkipListTest.ConcurrentReadWrite (3 ms)
[----------] 4 tests from SkipListTest (3 ms total)

[----------] Global test environment tear-down
[==========] 4 tests from 1 test suite ran. (3 ms total)
[  PASSED  ] 4 tests.
i
[==========] Running 4 tests from 1 test suite.
[----------] Global test environment set-up.
[----------] 4 tests from SkipListTest
[ RUN      ] SkipListTest.PutAndGet
[       OK ] SkipListTest.PutAndGet (0 ms)
[ RUN      ] SkipListTest.MultipleInsertAndRetrieve
[       OK ] SkipListTest.MultipleInsertAndRetrieve (0 ms)
[ RUN      ] SkipListTest.RandomOperations
[       OK ] SkipListTest.RandomOperations (0 ms)
[ RUN      ] SkipListTest.ConcurrentReadWrite
[       OK ] SkipListTest.ConcurrentReadWrite (3 ms)
[----------] 4 tests from SkipListTest (3 ms total)

[----------] Global test environment tear-down
[==========] 4 tests from 1 test suite ran. (3 ms total)
[  PASSED  ] 4 tests.
i
[==========] Running 4 tests from 1 test suite.
[----------] Global test environment set-up.
[----------] 4 tests from SkipListTest
[ RUN      ] SkipListTest.PutAndGet
[       OK ] SkipListTest.PutAndGet (0 ms)
[ RUN      ] SkipListTest.MultipleInsertAndRetrieve
[       OK ] SkipListTest.MultipleInsertAndRetrieve (0 ms)
[ RUN      ] SkipListTest.RandomOperations
[       OK ] SkipListTest.RandomOperations (0 ms)
[ RUN      ] SkipListTest.ConcurrentReadWrite
[       OK ] SkipListTest.ConcurrentReadWrite (3 ms)
[----------] 4 tests from SkipListTest (3 ms total)

[----------] Global test environment tear-down
[==========] 4 tests from 1 test suite ran. (3 ms total)
[  PASSED  ] 4 tests.
i
[==========] Running 4 tests from 1 test suite.
[----------] Global test environment set-up.
[----------] 4 tests from SkipListTest
[ RUN      ] SkipListTest.PutAndGet
[       OK ] SkipListTest.PutAndGet (0 ms)
[ RUN      ] SkipListTest.MultipleInsertAndRetrieve
[       OK ] SkipListTest.MultipleInsertAndRetrieve (0 ms)
[ RUN      ] SkipListTest.RandomOperations
[       OK ] SkipListTest.RandomOperations (0 ms)
[ RUN      ] SkipListTest.ConcurrentReadWrite
[       OK ] SkipListTest.ConcurrentReadWrite (3 ms)
[----------] 4 tests from SkipListTest (3 ms total)

[----------] Global test environment tear-down
[==========] 4 tests from 1 test suite ran. (3 ms total)
[  PASSED  ] 4 tests.
i
[==========] Running 4 tests from 1 test suite.
[----------] Global test environment set-up.
[----------] 4 tests from SkipListTest
[ RUN      ] SkipListTest.PutAndGet
[       OK ] SkipListTest.PutAndGet (0 ms)
[ RUN      ] SkipListTest.MultipleInsertAndRetrieve
[       OK ] SkipListTest.MultipleInsertAndRetrieve (0 ms)
[ RUN      ] SkipListTest.RandomOperations
[       OK ] SkipListTest.RandomOperations (0 ms)
[ RUN      ] SkipListTest.ConcurrentReadWrite
[       OK ] SkipListTest.ConcurrentReadWrite (3 ms)
[----------] 4 tests from SkipListTest (3 ms total)

[----------] Global test environment tear-down
[==========] 4 tests from 1 test suite ran. (3 ms total)
[  PASSED  ] 4 tests.
i
[==========] Running 4 tests from 1 test suite.
[----------] Global test environment set-up.
[----------] 4 tests from SkipListTest
[ RUN      ] SkipListTest.PutAndGet
[       OK ] SkipListTest.PutAndGet (0 ms)
[ RUN      ] SkipListTest.MultipleInsertAndRetrieve
[       OK ] SkipListTest.MultipleInsertAndRetrieve (0 ms)
[ RUN      ] SkipListTest.RandomOperations
[       OK ] SkipListTest.RandomOperations (0 ms)
[ RUN      ] SkipListTest.ConcurrentReadWrite
[       OK ] SkipListTest.ConcurrentReadWrite (3 ms)
[----------] 4 tests from SkipListTest (3 ms total)

[----------] Global test environment tear-down
[==========] 4 tests from 1 test suite ran. (3 ms total)
[  PASSED  ] 4 tests.
i
[==========] Running 4 tests from 1 test suite.
[----------] Global test environment set-up.
[----------] 4 tests from SkipListTest
[ RUN      ] SkipListTest.PutAndGet
[       OK ] SkipListTest.PutAndGet (0 ms)
[ RUN      ] SkipListTest.MultipleInsertAndRetrieve
[       OK ] SkipListTest.MultipleInsertAndRetrieve (0 ms)
[ RUN      ] SkipListTest.RandomOperations
[       OK ] SkipListTest.RandomOperations (0 ms)
[ RUN      ] SkipListTest.ConcurrentReadWrite
[       OK ] SkipListTest.ConcurrentReadWrite (3 ms)
[----------] 4 tests from SkipListTest (3 ms total)

[----------] Global test environment tear-down
[==========] 4 tests from 1 test suite ran. (3 ms total)
[  PASSED  ] 4 tests.
i
[==========] Running 4 tests from 1 test suite.
[----------] Global test environment set-up.
[----------] 4 tests from SkipListTest
[ RUN      ] SkipListTest.PutAndGet
[       OK ] SkipListTest.PutAndGet (0 ms)
[ RUN      ] SkipListTest.MultipleInsertAndRetrieve
[       OK ] SkipListTest.MultipleInsertAndRetrieve (0 ms)
[ RUN      ] SkipListTest.RandomOperations
[       OK ] SkipListTest.RandomOperations (0 ms)
[ RUN      ] SkipListTest.ConcurrentReadWrite
[       OK ] SkipListTest.ConcurrentReadWrite (3 ms)
[----------] 4 tests from SkipListTest (3 ms total)

[----------] Global test environment tear-down
[==========] 4 tests from 1 test suite ran. (3 ms total)
[  PASSED  ] 4 tests.
i
[==========] Running 4 tests from 1 test suite.
[----------] Global test environment set-up.
[----------] 4 tests from SkipListTest
[ RUN      ] SkipListTest.PutAndGet
[       OK ] SkipListTest.PutAndGet (0 ms)
[ RUN      ] SkipListTest.MultipleInsertAndRetrieve
[       OK ] SkipListTest.MultipleInsertAndRetrieve (0 ms)
[ RUN      ] SkipListTest.RandomOperations
[       OK ] SkipListTest.RandomOperations (0 ms)
[ RUN      ] SkipListTest.ConcurrentReadWrite
[       OK ] SkipListTest.ConcurrentReadWrite (3 ms)
[----------] 4 tests from SkipListTest (3 ms total)

[----------] Global test environment tear-down
[==========] 4 tests from 1 test suite ran. (3 ms total)
[  PASSED  ] 4 tests.
i
[==========] Running 4 tests from 1 test suite.
[----------] Global test environment set-up.
[----------] 4 tests from SkipListTest
[ RUN      ] SkipListTest.PutAndGet
[       OK ] SkipListTest.PutAndGet (0 ms)
[ RUN      ] SkipListTest.MultipleInsertAndRetrieve
[       OK ] SkipListTest.MultipleInsertAndRetrieve (0 ms)
[ RUN      ] SkipListTest.RandomOperations
[       OK ] SkipListTest.RandomOperations (0 ms)
[ RUN      ] SkipListTest.ConcurrentReadWrite
[       OK ] SkipListTest.ConcurrentReadWrite (3 ms)
[----------] 4 tests from SkipListTest (3 ms total)

[----------] Global test environment tear-down
[==========] 4 tests from 1 test suite ran. (3 ms total)
[  PASSED  ] 4 tests.
i
[==========] Running 4 tests from 1 test suite.
[----------] Global test environment set-up.
[----------] 4 tests from SkipListTest
[ RUN      ] SkipListTest.PutAndGet
[       OK ] SkipListTest.PutAndGet (0 ms)
[ RUN      ] SkipListTest.MultipleInsertAndRetrieve
[       OK ] SkipListTest.MultipleInsertAndRetrieve (0 ms)
[ RUN      ] SkipListTest.RandomOperations
[       OK ] SkipListTest.RandomOperations (0 ms)
[ RUN      ] SkipListTest.ConcurrentReadWrite
[       OK ] SkipListTest.ConcurrentReadWrite (3 ms)
[----------] 4 tests from SkipListTest (3 ms total)

[----------] Global test environment tear-down
[==========] 4 tests from 1 test suite ran. (3 ms total)
[  PASSED  ] 4 tests.
i
[==========] Running 4 tests from 1 test suite.
[----------] Global test environment set-up.
[----------] 4 tests from SkipListTest
[ RUN      ] SkipListTest.PutAndGet
[       OK ] SkipListTest.PutAndGet (0 ms)
[ RUN      ] SkipListTest.MultipleInsertAndRetrieve
[       OK ] SkipListTest.MultipleInsertAndRetrieve (0 ms)
[ RUN      ] SkipListTest.RandomOperations
[       OK ] SkipListTest.RandomOperations (0 ms)
[ RUN      ] SkipListTest.ConcurrentReadWrite
[       OK ] SkipListTest.ConcurrentReadWrite (3 ms)
[----------] 4 tests from SkipListTest (3 ms total)

[----------] Global test environment tear-down
[==========] 4 tests from 1 test suite ran. (3 ms total)
[  PASSED  ] 4 tests.
i
[==========] Running 4 tests from 1 test suite.
[----------] Global test environment set-up.
[----------] 4 tests from SkipListTest
[ RUN      ] SkipListTest.PutAndGet
[       OK ] SkipListTest.PutAndGet (0 ms)
[ RUN      ] SkipListTest.MultipleInsertAndRetrieve
[       OK ] SkipListTest.MultipleInsertAndRetrieve (0 ms)
[ RUN      ] SkipListTest.RandomOperations
[       OK ] SkipListTest.RandomOperations (0 ms)
[ RUN      ] SkipListTest.ConcurrentReadWrite
[       OK ] SkipListTest.ConcurrentReadWrite (3 ms)
[----------] 4 tests from SkipListTest (3 ms total)

[----------] Global test environment tear-down
[==========] 4 tests from 1 test suite ran. (3 ms total)
[  PASSED  ] 4 tests.
i
[==========] Running 4 tests from 1 test suite.
[----------] Global test environment set-up.
[----------] 4 tests from SkipListTest
[ RUN      ] SkipListTest.PutAndGet
[       OK ] SkipListTest.PutAndGet (0 ms)
[ RUN      ] SkipListTest.MultipleInsertAndRetrieve
[       OK ] SkipListTest.MultipleInsertAndRetrieve (0 ms)
[ RUN      ] SkipListTest.RandomOperations
[       OK ] SkipListTest.RandomOperations (0 ms)
[ RUN      ] SkipListTest.ConcurrentReadWrite
[       OK ] SkipListTest.ConcurrentReadWrite (3 ms)
[----------] 4 tests from SkipListTest (3 ms total)

[----------] Global test environment tear-down
[==========] 4 tests from 1 test suite ran. (3 ms total)
[  PASSED  ] 4 tests.
i
[==========] Running 4 tests from 1 test suite.
[----------] Global test environment set-up.
[----------] 4 tests from SkipListTest
[ RUN      ] SkipListTest.PutAndGet
[       OK ] SkipListTest.PutAndGet (0 ms)
[ RUN      ] SkipListTest.MultipleInsertAndRetrieve
[       OK ] SkipListTest.MultipleInsertAndRetrieve (0 ms)
[ RUN      ] SkipListTest.RandomOperations
[       OK ] SkipListTest.RandomOperations (0 ms)
[ RUN      ] SkipListTest.ConcurrentReadWrite
[       OK ] SkipListTest.ConcurrentReadWrite (3 ms)
[----------] 4 tests from SkipListTest (3 ms total)

[----------] Global test environment tear-down
[==========] 4 tests from 1 test suite ran. (3 ms total)
[  PASSED  ] 4 tests.
i
[==========] Running 4 tests from 1 test suite.
[----------] Global test environment set-up.
[----------] 4 tests from SkipListTest
[ RUN      ] SkipListTest.PutAndGet
[       OK ] SkipListTest.PutAndGet (0 ms)
[ RUN      ] SkipListTest.MultipleInsertAndRetrieve
[       OK ] SkipListTest.MultipleInsertAndRetrieve (0 ms)
[ RUN      ] SkipListTest.RandomOperations
[       OK ] SkipListTest.RandomOperations (0 ms)
[ RUN      ] SkipListTest.ConcurrentReadWrite
[       OK ] SkipListTest.ConcurrentReadWrite (3 ms)
[----------] 4 tests from SkipListTest (3 ms total)

[----------] Global test environment tear-down
[==========] 4 tests from 1 test suite ran. (3 ms total)
[  PASSED  ] 4 tests.
i
[==========] Running 4 tests from 1 test suite.
[----------] Global test environment set-up.
[----------] 4 tests from SkipListTest
[ RUN      ] SkipListTest.PutAndGet
[       OK ] SkipListTest.PutAndGet (0 ms)
[ RUN      ] SkipListTest.MultipleInsertAndRetrieve
[       OK ] SkipListTest.MultipleInsertAndRetrieve (0 ms)
[ RUN      ] SkipListTest.RandomOperations
[       OK ] SkipListTest.RandomOperations (0 ms)
[ RUN      ] SkipListTest.ConcurrentReadWrite
[       OK ] SkipListTest.ConcurrentReadWrite (3 ms)
[----------] 4 tests from SkipListTest (3 ms total)

[----------] Global test environment tear-down
[==========] 4 tests from 1 test suite ran. (3 ms total)
[  PASSED  ] 4 tests.
i
[==========] Running 4 tests from 1 test suite.
[----------] Global test environment set-up.
[----------] 4 tests from SkipListTest
[ RUN      ] SkipListTest.PutAndGet
[       OK ] SkipListTest.PutAndGet (0 ms)
[ RUN      ] SkipListTest.MultipleInsertAndRetrieve
[       OK ] SkipListTest.MultipleInsertAndRetrieve (0 ms)
[ RUN      ] SkipListTest.RandomOperations
[       OK ] SkipListTest.RandomOperations (0 ms)
[ RUN      ] SkipListTest.ConcurrentReadWrite
[       OK ] SkipListTest.ConcurrentReadWrite (3 ms)
[----------] 4 tests from SkipListTest (3 ms total)

[----------] Global test environment tear-down
[==========] 4 tests from 1 test suite ran. (3 ms total)
[  PASSED  ] 4 tests.
i
[==========] Running 4 tests from 1 test suite.
[----------] Global test environment set-up.
[----------] 4 tests from SkipListTest
[ RUN      ] SkipListTest.PutAndGet
[       OK ] SkipListTest.PutAndGet (0 ms)
[ RUN      ] SkipListTest.MultipleInsertAndRetrieve
[       OK ] SkipListTest.MultipleInsertAndRetrieve (0 ms)
[ RUN      ] SkipListTest.RandomOperations
[       OK ] SkipListTest.RandomOperations (0 ms)
[ RUN      ] SkipListTest.ConcurrentReadWrite
[       OK ] SkipListTest.ConcurrentReadWrite (3 ms)
[----------] 4 tests from SkipListTest (3 ms total)

[----------] Global test environment tear-down
[==========] 4 tests from 1 test suite ran. (3 ms total)
[  PASSED  ] 4 tests.
i
[==========] Running 4 tests from 1 test suite.
[----------] Global test environment set-up.
[----------] 4 tests from SkipListTest
[ RUN      ] SkipListTest.PutAndGet
[       OK ] SkipListTest.PutAndGet (0 ms)
[ RUN      ] SkipListTest.MultipleInsertAndRetrieve
[       OK ] SkipListTest.MultipleInsertAndRetrieve (0 ms)
[ RUN      ] SkipListTest.RandomOperations
[       OK ] SkipListTest.RandomOperations (0 ms)
[ RUN      ] SkipListTest.ConcurrentReadWrite
[       OK ] SkipListTest.ConcurrentReadWrite (3 ms)
[----------] 4 tests from SkipListTest (3 ms total)

[----------] Global test environment tear-down
[==========] 4 tests from 1 test suite ran. (3 ms total)
[  PASSED  ] 4 tests.
i
[==========] Running 4 tests from 1 test suite.
[----------] Global test environment set-up.
[----------] 4 tests from SkipListTest
[ RUN      ] SkipListTest.PutAndGet
[       OK ] SkipListTest.PutAndGet (0 ms)
[ RUN      ] SkipListTest.MultipleInsertAndRetrieve
[       OK ] SkipListTest.MultipleInsertAndRetrieve (0 ms)
[ RUN      ] SkipListTest.RandomOperations
[       OK ] SkipListTest.RandomOperations (0 ms)
[ RUN      ] SkipListTest.ConcurrentReadWrite
[       OK ] SkipListTest.ConcurrentReadWrite (3 ms)
[----------] 4 tests from SkipListTest (3 ms total)

[----------] Global test environment tear-down
[==========] 4 tests from 1 test suite ran. (3 ms total)
[  PASSED  ] 4 tests.
i
[==========] Running 4 tests from 1 test suite.
[----------] Global test environment set-up.
[----------] 4 tests from SkipListTest
[ RUN      ] SkipListTest.PutAndGet
[       OK ] SkipListTest.PutAndGet (0 ms)
[ RUN      ] SkipListTest.MultipleInsertAndRetrieve
[       OK ] SkipListTest.MultipleInsertAndRetrieve (0 ms)
[ RUN      ] SkipListTest.RandomOperations
[       OK ] SkipListTest.RandomOperations (0 ms)
[ RUN      ] SkipListTest.ConcurrentReadWrite
[       OK ] SkipListTest.ConcurrentReadWrite (3 ms)
[----------] 4 tests from SkipListTest (3 ms total)

[----------] Global test environment tear-down
[==========] 4 tests from 1 test suite ran. (3 ms total)
[  PASSED  ] 4 tests.
i
[==========] Running 4 tests from 1 test suite.
[----------] Global test environment set-up.
[----------] 4 tests from SkipListTest
[ RUN      ] SkipListTest.PutAndGet
[       OK ] SkipListTest.PutAndGet (0 ms)
[ RUN      ] SkipListTest.MultipleInsertAndRetrieve
[       OK ] SkipListTest.MultipleInsertAndRetrieve (0 ms)
[ RUN      ] SkipListTest.RandomOperations
[       OK ] SkipListTest.RandomOperations (0 ms)
[ RUN      ] SkipListTest.ConcurrentReadWrite
[       OK ] SkipListTest.ConcurrentReadWrite (3 ms)
[----------] 4 tests from SkipListTest (3 ms total)

[----------] Global test environment tear-down
[==========] 4 tests from 1 test suite ran. (3 ms total)
[  PASSED  ] 4 tests.
i
[==========] Running 4 tests from 1 test suite.
[----------] Global test environment set-up.
[----------] 4 tests from SkipListTest
[ RUN      ] SkipListTest.PutAndGet
[       OK ] SkipListTest.PutAndGet (0 ms)
[ RUN      ] SkipListTest.MultipleInsertAndRetrieve
[       OK ] SkipListTest.MultipleInsertAndRetrieve (0 ms)
[ RUN      ] SkipListTest.RandomOperations
[       OK ] SkipListTest.RandomOperations (0 ms)
[ RUN      ] SkipListTest.ConcurrentReadWrite
[       OK ] SkipListTest.ConcurrentReadWrite (3 ms)
[----------] 4 tests from SkipListTest (3 ms total)

[----------] Global test environment tear-down
[==========] 4 tests from 1 test suite ran. (3 ms total)
[  PASSED  ] 4 tests.
i
[==========] Running 4 tests from 1 test suite.
[----------] Global test environment set-up.
[----------] 4 tests from SkipListTest
[ RUN      ] SkipListTest.PutAndGet
[       OK ] SkipListTest.PutAndGet (0 ms)
[ RUN      ] SkipListTest.MultipleInsertAndRetrieve
[       OK ] SkipListTest.MultipleInsertAndRetrieve (0 ms)
[ RUN      ] SkipListTest.RandomOperations
[       OK ] SkipListTest.RandomOperations (0 ms)
[ RUN      ] SkipListTest.ConcurrentReadWrite
[       OK ] SkipListTest.ConcurrentReadWrite (3 ms)
[----------] 4 tests from SkipListTest (3 ms total)

[----------] Global test environment tear-down
[==========] 4 tests from 1 test suite ran. (3 ms total)
[  PASSED  ] 4 tests.
i
[==========] Running 4 tests from 1 test suite.
[----------] Global test environment set-up.
[----------] 4 tests from SkipListTest
[ RUN      ] SkipListTest.PutAndGet
[       OK ] SkipListTest.PutAndGet (0 ms)
[ RUN      ] SkipListTest.MultipleInsertAndRetrieve
[       OK ] SkipListTest.MultipleInsertAndRetrieve (0 ms)
[ RUN      ] SkipListTest.RandomOperations
[       OK ] SkipListTest.RandomOperations (0 ms)
[ RUN      ] SkipListTest.ConcurrentReadWrite
[       OK ] SkipListTest.ConcurrentReadWrite (3 ms)
[----------] 4 tests from SkipListTest (3 ms total)

[----------] Global test environment tear-down
[==========] 4 tests from 1 test suite ran. (3 ms total)
[  PASSED  ] 4 tests.
i
[==========] Running 4 tests from 1 test suite.
[----------] Global test environment set-up.
[----------] 4 tests from SkipListTest
[ RUN      ] SkipListTest.PutAndGet
[       OK ] SkipListTest.PutAndGet (0 ms)
[ RUN      ] SkipListTest.MultipleInsertAndRetrieve
[       OK ] SkipListTest.MultipleInsertAndRetrieve (0 ms)
[ RUN      ] SkipListTest.RandomOperations
[       OK ] SkipListTest.RandomOperations (0 ms)
[ RUN      ] SkipListTest.ConcurrentReadWrite
[       OK ] SkipListTest.ConcurrentReadWrite (3 ms)
[----------] 4 tests from SkipListTest (3 ms total)

[----------] Global test environment tear-down
[==========] 4 tests from 1 test suite ran. (3 ms total)
[  PASSED  ] 4 tests.
i
[==========] Running 4 tests from 1 test suite.
[----------] Global test environment set-up.
[----------] 4 tests from SkipListTest
[ RUN      ] SkipListTest.PutAndGet
[       OK ] SkipListTest.PutAndGet (0 ms)
[ RUN      ] SkipListTest.MultipleInsertAndRetrieve
[       OK ] SkipListTest.MultipleInsertAndRetrieve (0 ms)
[ RUN      ] SkipListTest.RandomOperations
[       OK ] SkipListTest.RandomOperations (0 ms)
[ RUN      ] SkipListTest.ConcurrentReadWrite
[       OK ] SkipListTest.ConcurrentReadWrite (3 ms)
[----------] 4 tests from SkipListTest (3 ms total)

[----------] Global test environment tear-down
[==========] 4 tests from 1 test suite ran. (3 ms total)
[  PASSED  ] 4 tests.
i
[==========] Running 4 tests from 1 test suite.
[----------] Global test environment set-up.
[----------] 4 tests from SkipListTest
[ RUN      ] SkipListTest.PutAndGet
[       OK ] SkipListTest.PutAndGet (0 ms)
[ RUN      ] SkipListTest.MultipleInsertAndRetrieve
[       OK ] SkipListTest.MultipleInsertAndRetrieve (0 ms)
[ RUN      ] SkipListTest.RandomOperations
[       OK ] SkipListTest.RandomOperations (0 ms)
[ RUN      ] SkipListTest.ConcurrentReadWrite
[       OK ] SkipListTest.ConcurrentReadWrite (3 ms)
[----------] 4 tests from SkipListTest (3 ms total)

[----------] Global test environment tear-down
[==========] 4 tests from 1 test suite ran. (3 ms total)
[  PASSED  ] 4 tests.
i
[==========] Running 4 tests from 1 test suite.
[----------] Global test environment set-up.
[----------] 4 tests from SkipListTest
[ RUN      ] SkipListTest.PutAndGet
[       OK ] SkipListTest.PutAndGet (0 ms)
[ RUN      ] SkipListTest.MultipleInsertAndRetrieve
[       OK ] SkipListTest.MultipleInsertAndRetrieve (0 ms)
[ RUN      ] SkipListTest.RandomOperations
[       OK ] SkipListTest.RandomOperations (0 ms)
[ RUN      ] SkipListTest.ConcurrentReadWrite
[       OK ] SkipListTest.ConcurrentReadWrite (3 ms)
[----------] 4 tests from SkipListTest (3 ms total)

[----------] Global test environment tear-down
[==========] 4 tests from 1 test suite ran. (3 ms total)
[  PASSED  ] 4 tests.
i
[==========] Running 4 tests from 1 test suite.
[----------] Global test environment set-up.
[----------] 4 tests from SkipListTest
[ RUN      ] SkipListTest.PutAndGet
[       OK ] SkipListTest.PutAndGet (0 ms)
[ RUN      ] SkipListTest.MultipleInsertAndRetrieve
[       OK ] SkipListTest.MultipleInsertAndRetrieve (0 ms)
[ RUN      ] SkipListTest.RandomOperations
[       OK ] SkipListTest.RandomOperations (0 ms)
[ RUN      ] SkipListTest.ConcurrentReadWrite
[       OK ] SkipListTest.ConcurrentReadWrite (3 ms)
[----------] 4 tests from SkipListTest (3 ms total)

[----------] Global test environment tear-down
[==========] 4 tests from 1 test suite ran. (3 ms total)
[  PASSED  ] 4 tests.
i
[==========] Running 4 tests from 1 test suite.
[----------] Global test environment set-up.
[----------] 4 tests from SkipListTest
[ RUN      ] SkipListTest.PutAndGet
[       OK ] SkipListTest.PutAndGet (0 ms)
[ RUN      ] SkipListTest.MultipleInsertAndRetrieve
[       OK ] SkipListTest.MultipleInsertAndRetrieve (0 ms)
[ RUN      ] SkipListTest.RandomOperations
[       OK ] SkipListTest.RandomOperations (0 ms)
[ RUN      ] SkipListTest.ConcurrentReadWrite
[       OK ] SkipListTest.ConcurrentReadWrite (3 ms)
[----------] 4 tests from SkipListTest (3 ms total)

[----------] Global test environment tear-down
[==========] 4 tests from 1 test suite ran. (3 ms total)
[  PASSED  ] 4 tests.
i
[==========] Running 4 tests from 1 test suite.
[----------] Global test environment set-up.
[----------] 4 tests from SkipListTest
[ RUN      ] SkipListTest.PutAndGet
[       OK ] SkipListTest.PutAndGet (0 ms)
[ RUN      ] SkipListTest.MultipleInsertAndRetrieve
[       OK ] SkipListTest.MultipleInsertAndRetrieve (0 ms)
[ RUN      ] SkipListTest.RandomOperations
[       OK ] SkipListTest.RandomOperations (0 ms)
[ RUN      ] SkipListTest.ConcurrentReadWrite
[       OK ] SkipListTest.ConcurrentReadWrite (3 ms)
[----------] 4 tests from SkipListTest (3 ms total)

[----------] Global test environment tear-down
[==========] 4 tests from 1 test suite ran. (3 ms total)
[  PASSED  ] 4 tests.
i
[==========] Running 4 tests from 1 test suite.
[----------] Global test environment set-up.
[----------] 4 tests from SkipListTest
[ RUN      ] SkipListTest.PutAndGet
[       OK ] SkipListTest.PutAndGet (0 ms)
[ RUN      ] SkipListTest.MultipleInsertAndRetrieve
[       OK ] SkipListTest.MultipleInsertAndRetrieve (0 ms)
[ RUN      ] SkipListTest.RandomOperations
[       OK ] SkipListTest.RandomOperations (0 ms)
[ RUN      ] SkipListTest.ConcurrentReadWrite
[       OK ] SkipListTest.ConcurrentReadWrite (3 ms)
[----------] 4 tests from SkipListTest (3 ms total)

[----------] Global test environment tear-down
[==========] 4 tests from 1 test suite ran. (3 ms total)
[  PASSED  ] 4 tests.
i
[==========] Running 4 tests from 1 test suite.
[----------] Global test environment set-up.
[----------] 4 tests from SkipListTest
[ RUN      ] SkipListTest.PutAndGet
[       OK ] SkipListTest.PutAndGet (0 ms)
[ RUN      ] SkipListTest.MultipleInsertAndRetrieve
[       OK ] SkipListTest.MultipleInsertAndRetrieve (0 ms)
[ RUN      ] SkipListTest.RandomOperations
[       OK ] SkipListTest.RandomOperations (0 ms)
[ RUN      ] SkipListTest.ConcurrentReadWrite
[       OK ] SkipListTest.ConcurrentReadWrite (3 ms)
[----------] 4 tests from SkipListTest (3 ms total)

[----------] Global test environment tear-down
[==========] 4 tests from 1 test suite ran. (3 ms total)
[  PASSED  ] 4 tests.
i
[==========] Running 4 tests from 1 test suite.
[----------] Global test environment set-up.
[----------] 4 tests from SkipListTest
[ RUN      ] SkipListTest.PutAndGet
[       OK ] SkipListTest.PutAndGet (0 ms)
[ RUN      ] SkipListTest.MultipleInsertAndRetrieve
[       OK ] SkipListTest.MultipleInsertAndRetrieve (0 ms)
[ RUN      ] SkipListTest.RandomOperations
[       OK ] SkipListTest.RandomOperations (0 ms)
[ RUN      ] SkipListTest.ConcurrentReadWrite
[       OK ] SkipListTest.ConcurrentReadWrite (3 ms)
[----------] 4 tests from SkipListTest (3 ms total)

[----------] Global test environment tear-down
[==========] 4 tests from 1 test suite ran. (3 ms total)
[  PASSED  ] 4 tests.
i
[==========] Running 4 tests from 1 test suite.
[----------] Global test environment set-up.
[----------] 4 tests from SkipListTest
[ RUN      ] SkipListTest.PutAndGet
[       OK ] SkipListTest.PutAndGet (0 ms)
[ RUN      ] SkipListTest.MultipleInsertAndRetrieve
[       OK ] SkipListTest.MultipleInsertAndRetrieve (0 ms)
[ RUN      ] SkipListTest.RandomOperations
[       OK ] SkipListTest.RandomOperations (0 ms)
[ RUN      ] SkipListTest.ConcurrentReadWrite
[       OK ] SkipListTest.ConcurrentReadWrite (3 ms)
[----------] 4 tests from SkipListTest (3 ms total)

[----------] Global test environment tear-down
[==========] 4 tests from 1 test suite ran. (3 ms total)
[  PASSED  ] 4 tests.
i
[==========] Running 4 tests from 1 test suite.
[----------] Global test environment set-up.
[----------] 4 tests from SkipListTest
[ RUN      ] SkipListTest.PutAndGet
[       OK ] SkipListTest.PutAndGet (0 ms)
[ RUN      ] SkipListTest.MultipleInsertAndRetrieve
[       OK ] SkipListTest.MultipleInsertAndRetrieve (0 ms)
[ RUN      ] SkipListTest.RandomOperations
[       OK ] SkipListTest.RandomOperations (0 ms)
[ RUN      ] SkipListTest.ConcurrentReadWrite
[       OK ] SkipListTest.ConcurrentReadWrite (3 ms)
[----------] 4 tests from SkipListTest (3 ms total)

[----------] Global test environment tear-down
[==========] 4 tests from 1 test suite ran. (3 ms total)
[  PASSED  ] 4 tests.
i
[==========] Running 4 tests from 1 test suite.
[----------] Global test environment set-up.
[----------] 4 tests from SkipListTest
[ RUN      ] SkipListTest.PutAndGet
[       OK ] SkipListTest.PutAndGet (0 ms)
[ RUN      ] SkipListTest.MultipleInsertAndRetrieve
[       OK ] SkipListTest.MultipleInsertAndRetrieve (0 ms)
[ RUN      ] SkipListTest.RandomOperations
[       OK ] SkipListTest.RandomOperations (0 ms)
[ RUN      ] SkipListTest.ConcurrentReadWrite
[       OK ] SkipListTest.ConcurrentReadWrite (3 ms)
[----------] 4 tests from SkipListTest (3 ms total)

[----------] Global test environment tear-down
[==========] 4 tests from 1 test suite ran. (3 ms total)
[  PASSED  ] 4 tests.
i
[==========] Running 4 tests from 1 test suite.
[----------] Global test environment set-up.
[----------] 4 tests from SkipListTest
[ RUN      ] SkipListTest.PutAndGet
[       OK ] SkipListTest.PutAndGet (0 ms)
[ RUN      ] SkipListTest.MultipleInsertAndRetrieve
[       OK ] SkipListTest.MultipleInsertAndRetrieve (0 ms)
[ RUN      ] SkipListTest.RandomOperations
[       OK ] SkipListTest.RandomOperations (0 ms)
[ RUN      ] SkipListTest.ConcurrentReadWrite
[       OK ] SkipListTest.ConcurrentReadWrite (3 ms)
[----------] 4 tests from SkipListTest (3 ms total)

[----------] Global test environment tear-down
[==========] 4 tests from 1 test suite ran. (3 ms total)
[  PASSED  ] 4 tests.
i
[==========] Running 4 tests from 1 test suite.
[----------] Global test environment set-up.
[----------] 4 tests from SkipListTest
[ RUN      ] SkipListTest.PutAndGet
[       OK ] SkipListTest.PutAndGet (0 ms)
[ RUN      ] SkipListTest.MultipleInsertAndRetrieve
[       OK ] SkipListTest.MultipleInsertAndRetrieve (0 ms)
[ RUN      ] SkipListTest.RandomOperations
[       OK ] SkipListTest.RandomOperations (0 ms)
[ RUN      ] SkipListTest.ConcurrentReadWrite
[       OK ] SkipListTest.ConcurrentReadWrite (3 ms)
[----------] 4 tests from SkipListTest (3 ms total)

[----------] Global test environment tear-down
[==========] 4 tests from 1 test suite ran. (3 ms total)
[  PASSED  ] 4 tests.
i
[==========] Running 4 tests from 1 test suite.
[----------] Global test environment set-up.
[----------] 4 tests from SkipListTest
[ RUN      ] SkipListTest.PutAndGet
[       OK ] SkipListTest.PutAndGet (0 ms)
[ RUN      ] SkipListTest.MultipleInsertAndRetrieve
[       OK ] SkipListTest.MultipleInsertAndRetrieve (0 ms)
[ RUN      ] SkipListTest.RandomOperations
[       OK ] SkipListTest.RandomOperations (0 ms)
[ RUN      ] SkipListTest.ConcurrentReadWrite
[       OK ] SkipListTest.ConcurrentReadWrite (3 ms)
[----------] 4 tests from SkipListTest (3 ms total)

[----------] Global test environment tear-down
[==========] 4 tests from 1 test suite ran. (3 ms total)
[  PASSED  ] 4 tests.
i
[==========] Running 4 tests from 1 test suite.
[----------] Global test environment set-up.
[----------] 4 tests from SkipListTest
[ RUN      ] SkipListTest.PutAndGet
[       OK ] SkipListTest.PutAndGet (0 ms)
[ RUN      ] SkipListTest.MultipleInsertAndRetrieve
[       OK ] SkipListTest.MultipleInsertAndRetrieve (0 ms)
[ RUN      ] SkipListTest.RandomOperations
[       OK ] SkipListTest.RandomOperations (0 ms)
[ RUN      ] SkipListTest.ConcurrentReadWrite
[       OK ] SkipListTest.ConcurrentReadWrite (3 ms)
[----------] 4 tests from SkipListTest (3 ms total)

[----------] Global test environment tear-down
[==========] 4 tests from 1 test suite ran. (3 ms total)
[  PASSED  ] 4 tests.
i
[==========] Running 4 tests from 1 test suite.
[----------] Global test environment set-up.
[----------] 4 tests from SkipListTest
[ RUN      ] SkipListTest.PutAndGet
[       OK ] SkipListTest.PutAndGet (0 ms)
[ RUN      ] SkipListTest.MultipleInsertAndRetrieve
[       OK ] SkipListTest.MultipleInsertAndRetrieve (0 ms)
[ RUN      ] SkipListTest.RandomOperations
[       OK ] SkipListTest.RandomOperations (0 ms)
[ RUN      ] SkipListTest.ConcurrentReadWrite
[       OK ] SkipListTest.ConcurrentReadWrite (3 ms)
[----------] 4 tests from SkipListTest (3 ms total)

[----------] Global test environment tear-down
[==========] 4 tests from 1 test suite ran. (3 ms total)
[  PASSED  ] 4 tests.
i
[==========] Running 4 tests from 1 test suite.
[----------] Global test environment set-up.
[----------] 4 tests from SkipListTest
[ RUN      ] SkipListTest.PutAndGet
[       OK ] SkipListTest.PutAndGet (0 ms)
[ RUN      ] SkipListTest.MultipleInsertAndRetrieve
[       OK ] SkipListTest.MultipleInsertAndRetrieve (0 ms)
[ RUN      ] SkipListTest.RandomOperations
[       OK ] SkipListTest.RandomOperations (0 ms)
[ RUN      ] SkipListTest.ConcurrentReadWrite
[       OK ] SkipListTest.ConcurrentReadWrite (3 ms)
[----------] 4 tests from SkipListTest (3 ms total)

[----------] Global test environment tear-down
[==========] 4 tests from 1 test suite ran. (3 ms total)
[  PASSED  ] 4 tests.
i
[==========] Running 4 tests from 1 test suite.
[----------] Global test environment set-up.
[----------] 4 tests from SkipListTest
[ RUN      ] SkipListTest.PutAndGet
[       OK ] SkipListTest.PutAndGet (0 ms)
[ RUN      ] SkipListTest.MultipleInsertAndRetrieve
[       OK ] SkipListTest.MultipleInsertAndRetrieve (0 ms)
[ RUN      ] SkipListTest.RandomOperations
[       OK ] SkipListTest.RandomOperations (0 ms)
[ RUN      ] SkipListTest.ConcurrentReadWrite
[       OK ] SkipListTest.ConcurrentReadWrite (3 ms)
[----------] 4 tests from SkipListTest (3 ms total)

[----------] Global test environment tear-down
[==========] 4 tests from 1 test suite ran. (3 ms total)
[  PASSED  ] 4 tests.
i
[==========] Running 4 tests from 1 test suite.
[----------] Global test environment set-up.
[----------] 4 tests from SkipListTest
[ RUN      ] SkipListTest.PutAndGet
[       OK ] SkipListTest.PutAndGet (0 ms)
[ RUN      ] SkipListTest.MultipleInsertAndRetrieve
[       OK ] SkipListTest.MultipleInsertAndRetrieve (0 ms)
[ RUN      ] SkipListTest.RandomOperations
[       OK ] SkipListTest.RandomOperations (0 ms)
[ RUN      ] SkipListTest.ConcurrentReadWrite
[       OK ] SkipListTest.ConcurrentReadWrite (3 ms)
[----------] 4 tests from SkipListTest (3 ms total)

[----------] Global test environment tear-down
[==========] 4 tests from 1 test suite ran. (3 ms total)
[  PASSED  ] 4 tests.
i
[==========] Running 4 tests from 1 test suite.
[----------] Global test environment set-up.
[----------] 4 tests from SkipListTest
[ RUN      ] SkipListTest.PutAndGet
[       OK ] SkipListTest.PutAndGet (0 ms)
[ RUN      ] SkipListTest.MultipleInsertAndRetrieve
[       OK ] SkipListTest.MultipleInsertAndRetrieve (0 ms)
[ RUN      ] SkipListTest.RandomOperations
[       OK ] SkipListTest.RandomOperations (0 ms)
[ RUN      ] SkipListTest.ConcurrentReadWrite
[       OK ] SkipListTest.ConcurrentReadWrite (3 ms)
[----------] 4 tests from SkipListTest (3 ms total)

[----------] Global test environment tear-down
[==========] 4 tests from 1 test suite ran. (3 ms total)
[  PASSED  ] 4 tests.
i
[==========] Running 4 tests from 1 test suite.
[----------] Global test environment set-up.
[----------] 4 tests from SkipListTest
[ RUN      ] SkipListTest.PutAndGet
[       OK ] SkipListTest.PutAndGet (0 ms)
[ RUN      ] SkipListTest.MultipleInsertAndRetrieve
[       OK ] SkipListTest.MultipleInsertAndRetrieve (0 ms)
[ RUN      ] SkipListTest.RandomOperations
[       OK ] SkipListTest.RandomOperations (0 ms)
[ RUN      ] SkipListTest.ConcurrentReadWrite
[       OK ] SkipListTest.ConcurrentReadWrite (3 ms)
[----------] 4 tests from SkipListTest (3 ms total)

[----------] Global test environment tear-down
[==========] 4 tests from 1 test suite ran. (3 ms total)
[  PASSED  ] 4 tests.
i
[==========] Running 4 tests from 1 test suite.
[----------] Global test environment set-up.
[----------] 4 tests from SkipListTest
[ RUN      ] SkipListTest.PutAndGet
[       OK ] SkipListTest.PutAndGet (0 ms)
[ RUN      ] SkipListTest.MultipleInsertAndRetrieve
[       OK ] SkipListTest.MultipleInsertAndRetrieve (0 ms)
[ RUN      ] SkipListTest.RandomOperations
[       OK ] SkipListTest.RandomOperations (0 ms)
[ RUN      ] SkipListTest.ConcurrentReadWrite
[       OK ] SkipListTest.ConcurrentReadWrite (3 ms)
[----------] 4 tests from SkipListTest (3 ms total)

[----------] Global test environment tear-down
[==========] 4 tests from 1 test suite ran. (3 ms total)
[  PASSED  ] 4 tests.
i
[==========] Running 4 tests from 1 test suite.
[----------] Global test environment set-up.
[----------] 4 tests from SkipListTest
[ RUN      ] SkipListTest.PutAndGet
[       OK ] SkipListTest.PutAndGet (0 ms)
[ RUN      ] SkipListTest.MultipleInsertAndRetrieve
[       OK ] SkipListTest.MultipleInsertAndRetrieve (0 ms)
[ RUN      ] SkipListTest.RandomOperations
[       OK ] SkipListTest.RandomOperations (0 ms)
[ RUN      ] SkipListTest.ConcurrentReadWrite
[       OK ] SkipListTest.ConcurrentReadWrite (3 ms)
[----------] 4 tests from SkipListTest (3 ms total)

[----------] Global test environment tear-down
[==========] 4 tests from 1 test suite ran. (3 ms total)
[  PASSED  ] 4 tests.
i
[==========] Running 4 tests from 1 test suite.
[----------] Global test environment set-up.
[----------] 4 tests from SkipListTest
[ RUN      ] SkipListTest.PutAndGet
[       OK ] SkipListTest.PutAndGet (0 ms)
[ RUN      ] SkipListTest.MultipleInsertAndRetrieve
[       OK ] SkipListTest.MultipleInsertAndRetrieve (0 ms)
[ RUN      ] SkipListTest.RandomOperations
[       OK ] SkipListTest.RandomOperations (0 ms)
[ RUN      ] SkipListTest.ConcurrentReadWrite
[       OK ] SkipListTest.ConcurrentReadWrite (3 ms)
[----------] 4 tests from SkipListTest (3 ms total)

[----------] Global test environment tear-down
[==========] 4 tests from 1 test suite ran. (3 ms total)
[  PASSED  ] 4 tests.
i
[==========] Running 4 tests from 1 test suite.
[----------] Global test environment set-up.
[----------] 4 tests from SkipListTest
[ RUN      ] SkipListTest.PutAndGet
[       OK ] SkipListTest.PutAndGet (0 ms)
[ RUN      ] SkipListTest.MultipleInsertAndRetrieve
[       OK ] SkipListTest.MultipleInsertAndRetrieve (0 ms)
[ RUN      ] SkipListTest.RandomOperations
[       OK ] SkipListTest.RandomOperations (0 ms)
[ RUN      ] SkipListTest.ConcurrentReadWrite
[       OK ] SkipListTest.ConcurrentReadWrite (3 ms)
[----------] 4 tests from SkipListTest (3 ms total)

[----------] Global test environment tear-down
[==========] 4 tests from 1 test suite ran. (3 ms total)
[  PASSED  ] 4 tests.
i
[==========] Running 4 tests from 1 test suite.
[----------] Global test environment set-up.
[----------] 4 tests from SkipListTest
[ RUN      ] SkipListTest.PutAndGet
[       OK ] SkipListTest.PutAndGet (0 ms)
[ RUN      ] SkipListTest.MultipleInsertAndRetrieve
[       OK ] SkipListTest.MultipleInsertAndRetrieve (0 ms)
[ RUN      ] SkipListTest.RandomOperations
[       OK ] SkipListTest.RandomOperations (0 ms)
[ RUN      ] SkipListTest.ConcurrentReadWrite
[       OK ] SkipListTest.ConcurrentReadWrite (3 ms)
[----------] 4 tests from SkipListTest (3 ms total)

[----------] Global test environment tear-down
[==========] 4 tests from 1 test suite ran. (3 ms total)
[  PASSED  ] 4 tests.
i
[==========] Running 4 tests from 1 test suite.
[----------] Global test environment set-up.
[----------] 4 tests from SkipListTest
[ RUN      ] SkipListTest.PutAndGet
[       OK ] SkipListTest.PutAndGet (0 ms)
[ RUN      ] SkipListTest.MultipleInsertAndRetrieve
[       OK ] SkipListTest.MultipleInsertAndRetrieve (0 ms)
[ RUN      ] SkipListTest.RandomOperations
[       OK ] SkipListTest.RandomOperations (0 ms)
[ RUN      ] SkipListTest.ConcurrentReadWrite
[       OK ] SkipListTest.ConcurrentReadWrite (3 ms)
[----------] 4 tests from SkipListTest (3 ms total)

[----------] Global test environment tear-down
[==========] 4 tests from 1 test suite ran. (3 ms total)
[  PASSED  ] 4 tests.
i
[==========] Running 4 tests from 1 test suite.
[----------] Global test environment set-up.
[----------] 4 tests from SkipListTest
[ RUN      ] SkipListTest.PutAndGet
[       OK ] SkipListTest.PutAndGet (0 ms)
[ RUN      ] SkipListTest.MultipleInsertAndRetrieve
[       OK ] SkipListTest.MultipleInsertAndRetrieve (0 ms)
[ RUN      ] SkipListTest.RandomOperations
[       OK ] SkipListTest.RandomOperations (0 ms)
[ RUN      ] SkipListTest.ConcurrentReadWrite
[       OK ] SkipListTest.ConcurrentReadWrite (3 ms)
[----------] 4 tests from SkipListTest (3 ms total)

[----------] Global test environment tear-down
[==========] 4 tests from 1 test suite ran. (3 ms total)
[  PASSED  ] 4 tests.
i
[==========] Running 4 tests from 1 test suite.
[----------] Global test environment set-up.
[----------] 4 tests from SkipListTest
[ RUN      ] SkipListTest.PutAndGet
[       OK ] SkipListTest.PutAndGet (0 ms)
[ RUN      ] SkipListTest.MultipleInsertAndRetrieve
[       OK ] SkipListTest.MultipleInsertAndRetrieve (0 ms)
[ RUN      ] SkipListTest.RandomOperations
[       OK ] SkipListTest.RandomOperations (0 ms)
[ RUN      ] SkipListTest.ConcurrentReadWrite
[       OK ] SkipListTest.ConcurrentReadWrite (3 ms)
[----------] 4 tests from SkipListTest (3 ms total)

[----------] Global test environment tear-down
[==========] 4 tests from 1 test suite ran. (3 ms total)
[  PASSED  ] 4 tests.
i
[==========] Running 4 tests from 1 test suite.
[----------] Global test environment set-up.
[----------] 4 tests from SkipListTest
[ RUN      ] SkipListTest.PutAndGet
[       OK ] SkipListTest.PutAndGet (0 ms)
[ RUN      ] SkipListTest.MultipleInsertAndRetrieve
[       OK ] SkipListTest.MultipleInsertAndRetrieve (0 ms)
[ RUN      ] SkipListTest.RandomOperations
[       OK ] SkipListTest.RandomOperations (0 ms)
[ RUN      ] SkipListTest.ConcurrentReadWrite
[       OK ] SkipListTest.ConcurrentReadWrite (3 ms)
[----------] 4 tests from SkipListTest (3 ms total)

[----------] Global test environment tear-down
[==========] 4 tests from 1 test suite ran. (3 ms total)
[  PASSED  ] 4 tests.
i
[==========] Running 4 tests from 1 test suite.
[----------] Global test environment set-up.
[----------] 4 tests from SkipListTest
[ RUN      ] SkipListTest.PutAndGet
[       OK ] SkipListTest.PutAndGet (0 ms)
[ RUN      ] SkipListTest.MultipleInsertAndRetrieve
[       OK ] SkipListTest.MultipleInsertAndRetrieve (0 ms)
[ RUN      ] SkipListTest.RandomOperations
[       OK ] SkipListTest.RandomOperations (0 ms)
[ RUN      ] SkipListTest.ConcurrentReadWrite
[       OK ] SkipListTest.ConcurrentReadWrite (3 ms)
[----------] 4 tests from SkipListTest (3 ms total)

[----------] Global test environment tear-down
[==========] 4 tests from 1 test suite ran. (3 ms total)
[  PASSED  ] 4 tests.
i
[==========] Running 4 tests from 1 test suite.
[----------] Global test environment set-up.
[----------] 4 tests from SkipListTest
[ RUN      ] SkipListTest.PutAndGet
[       OK ] SkipListTest.PutAndGet (0 ms)
[ RUN      ] SkipListTest.MultipleInsertAndRetrieve
[       OK ] SkipListTest.MultipleInsertAndRetrieve (0 ms)
[ RUN      ] SkipListTest.RandomOperations
[       OK ] SkipListTest.RandomOperations (0 ms)
[ RUN      ] SkipListTest.ConcurrentReadWrite
[       OK ] SkipListTest.ConcurrentReadWrite (3 ms)
[----------] 4 tests from SkipListTest (3 ms total)

[----------] Global test environment tear-down
[==========] 4 tests from 1 test suite ran. (3 ms total)
[  PASSED  ] 4 tests.
i
[==========] Running 4 tests from 1 test suite.
[----------] Global test environment set-up.
[----------] 4 tests from SkipListTest
[ RUN      ] SkipListTest.PutAndGet
[       OK ] SkipListTest.PutAndGet (0 ms)
[ RUN      ] SkipListTest.MultipleInsertAndRetrieve
[       OK ] SkipListTest.MultipleInsertAndRetrieve (0 ms)
[ RUN      ] SkipListTest.RandomOperations
[       OK ] SkipListTest.RandomOperations (0 ms)
[ RUN      ] SkipListTest.ConcurrentReadWrite
[       OK ] SkipListTest.ConcurrentReadWrite (3 ms)
[----------] 4 tests from SkipListTest (3 ms total)

[----------] Global test environment tear-down
[==========] 4 tests from 1 test suite ran. (3 ms total)
[  PASSED  ] 4 tests.
i
[==========] Running 4 tests from 1 test suite.
[----------] Global test environment set-up.
[----------] 4 tests from SkipListTest
[ RUN      ] SkipListTest.PutAndGet
[       OK ] SkipListTest.PutAndGet (0 ms)
[ RUN      ] SkipListTest.MultipleInsertAndRetrieve
[       OK ] SkipListTest.MultipleInsertAndRetrieve (0 ms)
[ RUN      ] SkipListTest.RandomOperations
[       OK ] SkipListTest.RandomOperations (0 ms)
[ RUN      ] SkipListTest.ConcurrentReadWrite
[       OK ] SkipListTest.ConcurrentReadWrite (3 ms)
[----------] 4 tests from SkipListTest (3 ms total)

[----------] Global test environment tear-down
[==========] 4 tests from 1 test suite ran. (3 ms total)
[  PASSED  ] 4 tests.
i
[==========] Running 4 tests from 1 test suite.
[----------] Global test environment set-up.
[----------] 4 tests from SkipListTest
[ RUN      ] SkipListTest.PutAndGet
[       OK ] SkipListTest.PutAndGet (0 ms)
[ RUN      ] SkipListTest.MultipleInsertAndRetrieve
[       OK ] SkipListTest.MultipleInsertAndRetrieve (0 ms)
[ RUN      ] SkipListTest.RandomOperations
[       OK ] SkipListTest.RandomOperations (0 ms)
[ RUN      ] SkipListTest.ConcurrentReadWrite
[       OK ] SkipListTest.ConcurrentReadWrite (3 ms)
[----------] 4 tests from SkipListTest (3 ms total)

[----------] Global test environment tear-down
[==========] 4 tests from 1 test suite ran. (3 ms total)
[  PASSED  ] 4 tests.
i
[==========] Running 4 tests from 1 test suite.
[----------] Global test environment set-up.
[----------] 4 tests from SkipListTest
[ RUN      ] SkipListTest.PutAndGet
[       OK ] SkipListTest.PutAndGet (0 ms)
[ RUN      ] SkipListTest.MultipleInsertAndRetrieve
[       OK ] SkipListTest.MultipleInsertAndRetrieve (0 ms)
[ RUN      ] SkipListTest.RandomOperations
[       OK ] SkipListTest.RandomOperations (0 ms)
[ RUN      ] SkipListTest.ConcurrentReadWrite
[       OK ] SkipListTest.ConcurrentReadWrite (3 ms)
[----------] 4 tests from SkipListTest (3 ms total)

[----------] Global test environment tear-down
[==========] 4 tests from 1 test suite ran. (3 ms total)
[  PASSED  ] 4 tests.
i
[==========] Running 4 tests from 1 test suite.
[----------] Global test environment set-up.
[----------] 4 tests from SkipListTest
[ RUN      ] SkipListTest.PutAndGet
[       OK ] SkipListTest.PutAndGet (0 ms)
[ RUN      ] SkipListTest.MultipleInsertAndRetrieve
[       OK ] SkipListTest.MultipleInsertAndRetrieve (0 ms)
[ RUN      ] SkipListTest.RandomOperations
[       OK ] SkipListTest.RandomOperations (0 ms)
[ RUN      ] SkipListTest.ConcurrentReadWrite
[       OK ] SkipListTest.ConcurrentReadWrite (3 ms)
[----------] 4 tests from SkipListTest (3 ms total)

[----------] Global test environment tear-down
[==========] 4 tests from 1 test suite ran. (3 ms total)
[  PASSED  ] 4 tests.
i
[==========] Running 4 tests from 1 test suite.
[----------] Global test environment set-up.
[----------] 4 tests from SkipListTest
[ RUN      ] SkipListTest.PutAndGet
[       OK ] SkipListTest.PutAndGet (0 ms)
[ RUN      ] SkipListTest.MultipleInsertAndRetrieve
[       OK ] SkipListTest.MultipleInsertAndRetrieve (0 ms)
[ RUN      ] SkipListTest.RandomOperations
[       OK ] SkipListTest.RandomOperations (0 ms)
[ RUN      ] SkipListTest.ConcurrentReadWrite
[       OK ] SkipListTest.ConcurrentReadWrite (3 ms)
[----------] 4 tests from SkipListTest (3 ms total)

[----------] Global test environment tear-down
[==========] 4 tests from 1 test suite ran. (3 ms total)
[  PASSED  ] 4 tests.
i
[==========] Running 4 tests from 1 test suite.
[----------] Global test environment set-up.
[----------] 4 tests from SkipListTest
[ RUN      ] SkipListTest.PutAndGet
[       OK ] SkipListTest.PutAndGet (0 ms)
[ RUN      ] SkipListTest.MultipleInsertAndRetrieve
[       OK ] SkipListTest.MultipleInsertAndRetrieve (0 ms)
[ RUN      ] SkipListTest.RandomOperations
[       OK ] SkipListTest.RandomOperations (0 ms)
[ RUN      ] SkipListTest.ConcurrentReadWrite
[       OK ] SkipListTest.ConcurrentReadWrite (3 ms)
[----------] 4 tests from SkipListTest (3 ms total)

[----------] Global test environment tear-down
[==========] 4 tests from 1 test suite ran. (3 ms total)
[  PASSED  ] 4 tests.
i
[==========] Running 4 tests from 1 test suite.
[----------] Global test environment set-up.
[----------] 4 tests from SkipListTest
[ RUN      ] SkipListTest.PutAndGet
[       OK ] SkipListTest.PutAndGet (0 ms)
[ RUN      ] SkipListTest.MultipleInsertAndRetrieve
[       OK ] SkipListTest.MultipleInsertAndRetrieve (0 ms)
[ RUN      ] SkipListTest.RandomOperations
[       OK ] SkipListTest.RandomOperations (0 ms)
[ RUN      ] SkipListTest.ConcurrentReadWrite
[       OK ] SkipListTest.ConcurrentReadWrite (3 ms)
[----------] 4 tests from SkipListTest (3 ms total)

[----------] Global test environment tear-down
[==========] 4 tests from 1 test suite ran. (3 ms total)
[  PASSED  ] 4 tests.
i
[==========] Running 4 tests from 1 test suite.
[----------] Global test environment set-up.
[----------] 4 tests from SkipListTest
[ RUN      ] SkipListTest.PutAndGet
[       OK ] SkipListTest.PutAndGet (0 ms)
[ RUN      ] SkipListTest.MultipleInsertAndRetrieve
[       OK ] SkipListTest.MultipleInsertAndRetrieve (0 ms)
[ RUN      ] SkipListTest.RandomOperations
[       OK ] SkipListTest.RandomOperations (0 ms)
[ RUN      ] SkipListTest.ConcurrentReadWrite
[       OK ] SkipListTest.ConcurrentReadWrite (3 ms)
[----------] 4 tests from SkipListTest (3 ms total)

[----------] Global test environment tear-down
[==========] 4 tests from 1 test suite ran. (3 ms total)
[  PASSED  ] 4 tests.
i
[==========] Running 4 tests from 1 test suite.
[----------] Global test environment set-up.
[----------] 4 tests from SkipListTest
[ RUN      ] SkipListTest.PutAndGet
[       OK ] SkipListTest.PutAndGet (0 ms)
[ RUN      ] SkipListTest.MultipleInsertAndRetrieve
[       OK ] SkipListTest.MultipleInsertAndRetrieve (0 ms)
[ RUN      ] SkipListTest.RandomOperations
[       OK ] SkipListTest.RandomOperations (0 ms)
[ RUN      ] SkipListTest.ConcurrentReadWrite
[       OK ] SkipListTest.ConcurrentReadWrite (3 ms)
[----------] 4 tests from SkipListTest (3 ms total)

[----------] Global test environment tear-down
[==========] 4 tests from 1 test suite ran. (3 ms total)
[  PASSED  ] 4 tests.
i
[==========] Running 4 tests from 1 test suite.
[----------] Global test environment set-up.
[----------] 4 tests from SkipListTest
[ RUN      ] SkipListTest.PutAndGet
[       OK ] SkipListTest.PutAndGet (0 ms)
[ RUN      ] SkipListTest.MultipleInsertAndRetrieve
[       OK ] SkipListTest.MultipleInsertAndRetrieve (0 ms)
[ RUN      ] SkipListTest.RandomOperations
[       OK ] SkipListTest.RandomOperations (0 ms)
[ RUN      ] SkipListTest.ConcurrentReadWrite
[       OK ] SkipListTest.ConcurrentReadWrite (3 ms)
[----------] 4 tests from SkipListTest (3 ms total)

[----------] Global test environment tear-down
[==========] 4 tests from 1 test suite ran. (3 ms total)
[  PASSED  ] 4 tests.
i
[==========] Running 4 tests from 1 test suite.
[----------] Global test environment set-up.
[----------] 4 tests from SkipListTest
[ RUN      ] SkipListTest.PutAndGet
[       OK ] SkipListTest.PutAndGet (0 ms)
[ RUN      ] SkipListTest.MultipleInsertAndRetrieve
[       OK ] SkipListTest.MultipleInsertAndRetrieve (0 ms)
[ RUN      ] SkipListTest.RandomOperations
[       OK ] SkipListTest.RandomOperations (0 ms)
[ RUN      ] SkipListTest.ConcurrentReadWrite
[       OK ] SkipListTest.ConcurrentReadWrite (3 ms)
[----------] 4 tests from SkipListTest (3 ms total)

[----------] Global test environment tear-down
[==========] 4 tests from 1 test suite ran. (3 ms total)
[  PASSED  ] 4 tests.
i
[==========] Running 4 tests from 1 test suite.
[----------] Global test environment set-up.
[----------] 4 tests from SkipListTest
[ RUN      ] SkipListTest.PutAndGet
[       OK ] SkipListTest.PutAndGet (0 ms)
[ RUN      ] SkipListTest.MultipleInsertAndRetrieve
[       OK ] SkipListTest.MultipleInsertAndRetrieve (0 ms)
[ RUN      ] SkipListTest.RandomOperations
[       OK ] SkipListTest.RandomOperations (0 ms)
[ RUN      ] SkipListTest.ConcurrentReadWrite
[       OK ] SkipListTest.ConcurrentReadWrite (3 ms)
[----------] 4 tests from SkipListTest (3 ms total)

[----------] Global test environment tear-down
[==========] 4 tests from 1 test suite ran. (3 ms total)
[  PASSED  ] 4 tests.
i
[==========] Running 4 tests from 1 test suite.
[----------] Global test environment set-up.
[----------] 4 tests from SkipListTest
[ RUN      ] SkipListTest.PutAndGet
[       OK ] SkipListTest.PutAndGet (0 ms)
[ RUN      ] SkipListTest.MultipleInsertAndRetrieve
[       OK ] SkipListTest.MultipleInsertAndRetrieve (0 ms)
[ RUN      ] SkipListTest.RandomOperations
[       OK ] SkipListTest.RandomOperations (0 ms)
[ RUN      ] SkipListTest.ConcurrentReadWrite
[       OK ] SkipListTest.ConcurrentReadWrite (3 ms)
[----------] 4 tests from SkipListTest (3 ms total)

[----------] Global test environment tear-down
[==========] 4 tests from 1 test suite ran. (3 ms total)
[  PASSED  ] 4 tests.
i
[==========] Running 4 tests from 1 test suite.
[----------] Global test environment set-up.
[----------] 4 tests from SkipListTest
[ RUN      ] SkipListTest.PutAndGet
[       OK ] SkipListTest.PutAndGet (0 ms)
[ RUN      ] SkipListTest.MultipleInsertAndRetrieve
[       OK ] SkipListTest.MultipleInsertAndRetrieve (0 ms)
[ RUN      ] SkipListTest.RandomOperations
[       OK ] SkipListTest.RandomOperations (0 ms)
[ RUN      ] SkipListTest.ConcurrentReadWrite
[       OK ] SkipListTest.ConcurrentReadWrite (3 ms)
[----------] 4 tests from SkipListTest (3 ms total)

[----------] Global test environment tear-down
[==========] 4 tests from 1 test suite ran. (3 ms total)
[  PASSED  ] 4 tests.
i
[==========] Running 4 tests from 1 test suite.
[----------] Global test environment set-up.
[----------] 4 tests from SkipListTest
[ RUN      ] SkipListTest.PutAndGet
[       OK ] SkipListTest.PutAndGet (0 ms)
[ RUN      ] SkipListTest.MultipleInsertAndRetrieve
[       OK ] SkipListTest.MultipleInsertAndRetrieve (0 ms)
[ RUN      ] SkipListTest.RandomOperations
[       OK ] SkipListTest.RandomOperations (0 ms)
[ RUN      ] SkipListTest.ConcurrentReadWrite
[       OK ] SkipListTest.ConcurrentReadWrite (3 ms)
[----------] 4 tests from SkipListTest (3 ms total)

[----------] Global test environment tear-down
[==========] 4 tests from 1 test suite ran. (3 ms total)
[  PASSED  ] 4 tests.
i
[==========] Running 4 tests from 1 test suite.
[----------] Global test environment set-up.
[----------] 4 tests from SkipListTest
[ RUN      ] SkipListTest.PutAndGet
[       OK ] SkipListTest.PutAndGet (0 ms)
[ RUN      ] SkipListTest.MultipleInsertAndRetrieve
[       OK ] SkipListTest.MultipleInsertAndRetrieve (0 ms)
[ RUN      ] SkipListTest.RandomOperations
[       OK ] SkipListTest.RandomOperations (0 ms)
[ RUN      ] SkipListTest.ConcurrentReadWrite
[       OK ] SkipListTest.ConcurrentReadWrite (3 ms)
[----------] 4 tests from SkipListTest (3 ms total)

[----------] Global test environment tear-down
[==========] 4 tests from 1 test suite ran. (3 ms total)
[  PASSED  ] 4 tests.
i
[==========] Running 4 tests from 1 test suite.
[----------] Global test environment set-up.
[----------] 4 tests from SkipListTest
[ RUN      ] SkipListTest.PutAndGet
[       OK ] SkipListTest.PutAndGet (0 ms)
[ RUN      ] SkipListTest.MultipleInsertAndRetrieve
[       OK ] SkipListTest.MultipleInsertAndRetrieve (0 ms)
[ RUN      ] SkipListTest.RandomOperations
[       OK ] SkipListTest.RandomOperations (0 ms)
[ RUN      ] SkipListTest.ConcurrentReadWrite
[       OK ] SkipListTest.ConcurrentReadWrite (3 ms)
[----------] 4 tests from SkipListTest (3 ms total)

[----------] Global test environment tear-down
[==========] 4 tests from 1 test suite ran. (3 ms total)
[  PASSED  ] 4 tests.
i
[==========] Running 4 tests from 1 test suite.
[----------] Global test environment set-up.
[----------] 4 tests from SkipListTest
[ RUN      ] SkipListTest.PutAndGet
[       OK ] SkipListTest.PutAndGet (0 ms)
[ RUN      ] SkipListTest.MultipleInsertAndRetrieve
[       OK ] SkipListTest.MultipleInsertAndRetrieve (0 ms)
[ RUN      ] SkipListTest.RandomOperations
[       OK ] SkipListTest.RandomOperations (0 ms)
[ RUN      ] SkipListTest.ConcurrentReadWrite
[       OK ] SkipListTest.ConcurrentReadWrite (3 ms)
[----------] 4 tests from SkipListTest (3 ms total)

[----------] Global test environment tear-down
[==========] 4 tests from 1 test suite ran. (3 ms total)
[  PASSED  ] 4 tests.
i
[==========] Running 4 tests from 1 test suite.
[----------] Global test environment set-up.
[----------] 4 tests from SkipListTest
[ RUN      ] SkipListTest.PutAndGet
[       OK ] SkipListTest.PutAndGet (0 ms)
[ RUN      ] SkipListTest.MultipleInsertAndRetrieve
[       OK ] SkipListTest.MultipleInsertAndRetrieve (0 ms)
[ RUN      ] SkipListTest.RandomOperations
[       OK ] SkipListTest.RandomOperations (0 ms)
[ RUN      ] SkipListTest.ConcurrentReadWrite
[       OK ] SkipListTest.ConcurrentReadWrite (3 ms)
[----------] 4 tests from SkipListTest (3 ms total)

[----------] Global test environment tear-down
[==========] 4 tests from 1 test suite ran. (3 ms total)
[  PASSED  ] 4 tests.
i
[==========] Running 4 tests from 1 test suite.
[----------] Global test environment set-up.
[----------] 4 tests from SkipListTest
[ RUN      ] SkipListTest.PutAndGet
[       OK ] SkipListTest.PutAndGet (0 ms)
[ RUN      ] SkipListTest.MultipleInsertAndRetrieve
[       OK ] SkipListTest.MultipleInsertAndRetrieve (0 ms)
[ RUN      ] SkipListTest.RandomOperations
[       OK ] SkipListTest.RandomOperations (0 ms)
[ RUN      ] SkipListTest.ConcurrentReadWrite
[       OK ] SkipListTest.ConcurrentReadWrite (3 ms)
[----------] 4 tests from SkipListTest (3 ms total)

[----------] Global test environment tear-down
[==========] 4 tests from 1 test suite ran. (3 ms total)
[  PASSED  ] 4 tests.
i
[==========] Running 4 tests from 1 test suite.
[----------] Global test environment set-up.
[----------] 4 tests from SkipListTest
[ RUN      ] SkipListTest.PutAndGet
[       OK ] SkipListTest.PutAndGet (0 ms)
[ RUN      ] SkipListTest.MultipleInsertAndRetrieve
[       OK ] SkipListTest.MultipleInsertAndRetrieve (0 ms)
[ RUN      ] SkipListTest.RandomOperations
[       OK ] SkipListTest.RandomOperations (0 ms)
[ RUN      ] SkipListTest.ConcurrentReadWrite
[       OK ] SkipListTest.ConcurrentReadWrite (3 ms)
[----------] 4 tests from SkipListTest (3 ms total)

[----------] Global test environment tear-down
[==========] 4 tests from 1 test suite ran. (3 ms total)
[  PASSED  ] 4 tests.
i
[==========] Running 4 tests from 1 test suite.
[----------] Global test environment set-up.
[----------] 4 tests from SkipListTest
[ RUN      ] SkipListTest.PutAndGet
[       OK ] SkipListTest.PutAndGet (0 ms)
[ RUN      ] SkipListTest.MultipleInsertAndRetrieve
[       OK ] SkipListTest.MultipleInsertAndRetrieve (0 ms)
[ RUN      ] SkipListTest.RandomOperations
[       OK ] SkipListTest.RandomOperations (0 ms)
[ RUN      ] SkipListTest.ConcurrentReadWrite
[       OK ] SkipListTest.ConcurrentReadWrite (3 ms)
[----------] 4 tests from SkipListTest (3 ms total)

[----------] Global test environment tear-down
[==========] 4 tests from 1 test suite ran. (3 ms total)
[  PASSED  ] 4 tests.
i
[==========] Running 4 tests from 1 test suite.
[----------] Global test environment set-up.
[----------] 4 tests from SkipListTest
[ RUN      ] SkipListTest.PutAndGet
[       OK ] SkipListTest.PutAndGet (0 ms)
[ RUN      ] SkipListTest.MultipleInsertAndRetrieve
[       OK ] SkipListTest.MultipleInsertAndRetrieve (0 ms)
[ RUN      ] SkipListTest.RandomOperations
[       OK ] SkipListTest.RandomOperations (0 ms)
[ RUN      ] SkipListTest.ConcurrentReadWrite
[       OK ] SkipListTest.ConcurrentReadWrite (3 ms)
[----------] 4 tests from SkipListTest (3 ms total)

[----------] Global test environment tear-down
[==========] 4 tests from 1 test suite ran. (3 ms total)
[  PASSED  ] 4 tests.
i
[==========] Running 4 tests from 1 test suite.
[----------] Global test environment set-up.
[----------] 4 tests from SkipListTest
[ RUN      ] SkipListTest.PutAndGet
[       OK ] SkipListTest.PutAndGet (0 ms)
[ RUN      ] SkipListTest.MultipleInsertAndRetrieve
[       OK ] SkipListTest.MultipleInsertAndRetrieve (0 ms)
[ RUN      ] SkipListTest.RandomOperations
[       OK ] SkipListTest.RandomOperations (0 ms)
[ RUN      ] SkipListTest.ConcurrentReadWrite
[       OK ] SkipListTest.ConcurrentReadWrite (3 ms)
[----------] 4 tests from SkipListTest (3 ms total)

[----------] Global test environment tear-down
[==========] 4 tests from 1 test suite ran. (3 ms total)
[  PASSED  ] 4 tests.
i
[==========] Running 4 tests from 1 test suite.
[----------] Global test environment set-up.
[----------] 4 tests from SkipListTest
[ RUN      ] SkipListTest.PutAndGet
[       OK ] SkipListTest.PutAndGet (0 ms)
[ RUN      ] SkipListTest.MultipleInsertAndRetrieve
[       OK ] SkipListTest.MultipleInsertAndRetrieve (0 ms)
[ RUN      ] SkipListTest.RandomOperations
[       OK ] SkipListTest.RandomOperations (0 ms)
[ RUN      ] SkipListTest.ConcurrentReadWrite
[       OK ] SkipListTest.ConcurrentReadWrite (3 ms)
[----------] 4 tests from SkipListTest (3 ms total)

[----------] Global test environment tear-down
[==========] 4 tests from 1 test suite ran. (3 ms total)
[  PASSED  ] 4 tests.
i
[==========] Running 4 tests from 1 test suite.
[----------] Global test environment set-up.
[----------] 4 tests from SkipListTest
[ RUN      ] SkipListTest.PutAndGet
[       OK ] SkipListTest.PutAndGet (0 ms)
[ RUN      ] SkipListTest.MultipleInsertAndRetrieve
[       OK ] SkipListTest.MultipleInsertAndRetrieve (0 ms)
[ RUN      ] SkipListTest.RandomOperations
[       OK ] SkipListTest.RandomOperations (0 ms)
[ RUN      ] SkipListTest.ConcurrentReadWrite
[       OK ] SkipListTest.ConcurrentReadWrite (3 ms)
[----------] 4 tests from SkipListTest (3 ms total)

[----------] Global test environment tear-down
[==========] 4 tests from 1 test suite ran. (3 ms total)
[  PASSED  ] 4 tests.
i
[==========] Running 4 tests from 1 test suite.
[----------] Global test environment set-up.
[----------] 4 tests from SkipListTest
[ RUN      ] SkipListTest.PutAndGet
[       OK ] SkipListTest.PutAndGet (0 ms)
[ RUN      ] SkipListTest.MultipleInsertAndRetrieve
[       OK ] SkipListTest.MultipleInsertAndRetrieve (0 ms)
[ RUN      ] SkipListTest.RandomOperations
[       OK ] SkipListTest.RandomOperations (0 ms)
[ RUN      ] SkipListTest.ConcurrentReadWrite
[       OK ] SkipListTest.ConcurrentReadWrite (3 ms)
[----------] 4 tests from SkipListTest (3 ms total)

[----------] Global test environment tear-down
[==========] 4 tests from 1 test suite ran. (3 ms total)
[  PASSED  ] 4 tests.
i
[==========] Running 4 tests from 1 test suite.
[----------] Global test environment set-up.
[----------] 4 tests from SkipListTest
[ RUN      ] SkipListTest.PutAndGet
[       OK ] SkipListTest.PutAndGet (0 ms)
[ RUN      ] SkipListTest.MultipleInsertAndRetrieve
[       OK ] SkipListTest.MultipleInsertAndRetrieve (0 ms)
[ RUN      ] SkipListTest.RandomOperations
[       OK ] SkipListTest.RandomOperations (0 ms)
[ RUN      ] SkipListTest.ConcurrentReadWrite
[       OK ] SkipListTest.ConcurrentReadWrite (3 ms)
[----------] 4 tests from SkipListTest (3 ms total)

[----------] Global test environment tear-down
[==========] 4 tests from 1 test suite ran. (3 ms total)
[  PASSED  ] 4 tests.
i
[==========] Running 4 tests from 1 test suite.
[----------] Global test environment set-up.
[----------] 4 tests from SkipListTest
[ RUN      ] SkipListTest.PutAndGet
[       OK ] SkipListTest.PutAndGet (0 ms)
[ RUN      ] SkipListTest.MultipleInsertAndRetrieve
[       OK ] SkipListTest.MultipleInsertAndRetrieve (0 ms)
[ RUN      ] SkipListTest.RandomOperations
[       OK ] SkipListTest.RandomOperations (0 ms)
[ RUN      ] SkipListTest.ConcurrentReadWrite
[       OK ] SkipListTest.ConcurrentReadWrite (3 ms)
[----------] 4 tests from SkipListTest (3 ms total)

[----------] Global test environment tear-down
[==========] 4 tests from 1 test suite ran. (3 ms total)
[  PASSED  ] 4 tests.
i
[==========] Running 4 tests from 1 test suite.
[----------] Global test environment set-up.
[----------] 4 tests from SkipListTest
[ RUN      ] SkipListTest.PutAndGet
[       OK ] SkipListTest.PutAndGet (0 ms)
[ RUN      ] SkipListTest.MultipleInsertAndRetrieve
[       OK ] SkipListTest.MultipleInsertAndRetrieve (0 ms)
[ RUN      ] SkipListTest.RandomOperations
[       OK ] SkipListTest.RandomOperations (0 ms)
[ RUN      ] SkipListTest.ConcurrentReadWrite
[       OK ] SkipListTest.ConcurrentReadWrite (3 ms)
[----------] 4 tests from SkipListTest (3 ms total)

[----------] Global test environment tear-down
[==========] 4 tests from 1 test suite ran. (3 ms total)
[  PASSED  ] 4 tests.
i
[==========] Running 4 tests from 1 test suite.
[----------] Global test environment set-up.
[----------] 4 tests from SkipListTest
[ RUN      ] SkipListTest.PutAndGet
[       OK ] SkipListTest.PutAndGet (0 ms)
[ RUN      ] SkipListTest.MultipleInsertAndRetrieve
[       OK ] SkipListTest.MultipleInsertAndRetrieve (0 ms)
[ RUN      ] SkipListTest.RandomOperations
[       OK ] SkipListTest.RandomOperations (0 ms)
[ RUN      ] SkipListTest.ConcurrentReadWrite
[       OK ] SkipListTest.ConcurrentReadWrite (3 ms)
[----------] 4 tests from SkipListTest (3 ms total)

[----------] Global test environment tear-down
[==========] 4 tests from 1 test suite ran. (3 ms total)
[  PASSED  ] 4 tests.
i
[==========] Running 4 tests from 1 test suite.
[----------] Global test environment set-up.
[----------] 4 tests from SkipListTest
[ RUN      ] SkipListTest.PutAndGet
[       OK ] SkipListTest.PutAndGet (0 ms)
[ RUN      ] SkipListTest.MultipleInsertAndRetrieve
[       OK ] SkipListTest.MultipleInsertAndRetrieve (0 ms)
[ RUN      ] SkipListTest.RandomOperations
[       OK ] SkipListTest.RandomOperations (0 ms)
[ RUN      ] SkipListTest.ConcurrentReadWrite
[       OK ] SkipListTest.ConcurrentReadWrite (3 ms)
[----------] 4 tests from SkipListTest (3 ms total)

[----------] Global test environment tear-down
[==========] 4 tests from 1 test suite ran. (3 ms total)
[  PASSED  ] 4 tests.
i
[==========] Running 4 tests from 1 test suite.
[----------] Global test environment set-up.
[----------] 4 tests from SkipListTest
[ RUN      ] SkipListTest.PutAndGet
[       OK ] SkipListTest.PutAndGet (0 ms)
[ RUN      ] SkipListTest.MultipleInsertAndRetrieve
[       OK ] SkipListTest.MultipleInsertAndRetrieve (0 ms)
[ RUN      ] SkipListTest.RandomOperations
[       OK ] SkipListTest.RandomOperations (0 ms)
[ RUN      ] SkipListTest.ConcurrentReadWrite
[       OK ] SkipListTest.ConcurrentReadWrite (3 ms)
[----------] 4 tests from SkipListTest (3 ms total)

[----------] Global test environment tear-down
[==========] 4 tests from 1 test suite ran. (3 ms total)
[  PASSED  ] 4 tests.
i
[==========] Running 4 tests from 1 test suite.
[----------] Global test environment set-up.
[----------] 4 tests from SkipListTest
[ RUN      ] SkipListTest.PutAndGet
[       OK ] SkipListTest.PutAndGet (0 ms)
[ RUN      ] SkipListTest.MultipleInsertAndRetrieve
[       OK ] SkipListTest.MultipleInsertAndRetrieve (0 ms)
[ RUN      ] SkipListTest.RandomOperations
[       OK ] SkipListTest.RandomOperations (0 ms)
[ RUN      ] SkipListTest.ConcurrentReadWrite
[       OK ] SkipListTest.ConcurrentReadWrite (3 ms)
[----------] 4 tests from SkipListTest (3 ms total)

[----------] Global test environment tear-down
[==========] 4 tests from 1 test suite ran. (3 ms total)
[  PASSED  ] 4 tests.
i
[==========] Running 4 tests from 1 test suite.
[----------] Global test environment set-up.
[----------] 4 tests from SkipListTest
[ RUN      ] SkipListTest.PutAndGet
[       OK ] SkipListTest.PutAndGet (0 ms)
[ RUN      ] SkipListTest.MultipleInsertAndRetrieve
[       OK ] SkipListTest.MultipleInsertAndRetrieve (0 ms)
[ RUN      ] SkipListTest.RandomOperations
[       OK ] SkipListTest.RandomOperations (0 ms)
[ RUN      ] SkipListTest.ConcurrentReadWrite
[       OK ] SkipListTest.ConcurrentReadWrite (3 ms)
[----------] 4 tests from SkipListTest (3 ms total)

[----------] Global test environment tear-down
[==========] 4 tests from 1 test suite ran. (3 ms total)
[  PASSED  ] 4 tests.
i
[==========] Running 4 tests from 1 test suite.
[----------] Global test environment set-up.
[----------] 4 tests from SkipListTest
[ RUN      ] SkipListTest.PutAndGet
[       OK ] SkipListTest.PutAndGet (0 ms)
[ RUN      ] SkipListTest.MultipleInsertAndRetrieve
[       OK ] SkipListTest.MultipleInsertAndRetrieve (0 ms)
[ RUN      ] SkipListTest.RandomOperations
[       OK ] SkipListTest.RandomOperations (0 ms)
[ RUN      ] SkipListTest.ConcurrentReadWrite
[       OK ] SkipListTest.ConcurrentReadWrite (3 ms)
[----------] 4 tests from SkipListTest (3 ms total)

[----------] Global test environment tear-down
[==========] 4 tests from 1 test suite ran. (3 ms total)
[  PASSED  ] 4 tests.
i
[==========] Running 4 tests from 1 test suite.
[----------] Global test environment set-up.
[----------] 4 tests from SkipListTest
[ RUN      ] SkipListTest.PutAndGet
[       OK ] SkipListTest.PutAndGet (0 ms)
[ RUN      ] SkipListTest.MultipleInsertAndRetrieve
[       OK ] SkipListTest.MultipleInsertAndRetrieve (0 ms)
[ RUN      ] SkipListTest.RandomOperations
[       OK ] SkipListTest.RandomOperations (0 ms)
[ RUN      ] SkipListTest.ConcurrentReadWrite
[       OK ] SkipListTest.ConcurrentReadWrite (3 ms)
[----------] 4 tests from SkipListTest (3 ms total)

[----------] Global test environment tear-down
[==========] 4 tests from 1 test suite ran. (3 ms total)
[  PASSED  ] 4 tests.
i
[==========] Running 4 tests from 1 test suite.
[----------] Global test environment set-up.
[----------] 4 tests from SkipListTest
[ RUN      ] SkipListTest.PutAndGet
[       OK ] SkipListTest.PutAndGet (0 ms)
[ RUN      ] SkipListTest.MultipleInsertAndRetrieve
[       OK ] SkipListTest.MultipleInsertAndRetrieve (0 ms)
[ RUN      ] SkipListTest.RandomOperations
[       OK ] SkipListTest.RandomOperations (0 ms)
[ RUN      ] SkipListTest.ConcurrentReadWrite
[       OK ] SkipListTest.ConcurrentReadWrite (3 ms)
[----------] 4 tests from SkipListTest (3 ms total)

[----------] Global test environment tear-down
[==========] 4 tests from 1 test suite ran. (3 ms total)
[  PASSED  ] 4 tests.
i
[==========] Running 4 tests from 1 test suite.
[----------] Global test environment set-up.
[----------] 4 tests from SkipListTest
[ RUN      ] SkipListTest.PutAndGet
[       OK ] SkipListTest.PutAndGet (0 ms)
[ RUN      ] SkipListTest.MultipleInsertAndRetrieve
[       OK ] SkipListTest.MultipleInsertAndRetrieve (0 ms)
[ RUN      ] SkipListTest.RandomOperations
[       OK ] SkipListTest.RandomOperations (0 ms)
[ RUN      ] SkipListTest.ConcurrentReadWrite
[       OK ] SkipListTest.ConcurrentReadWrite (3 ms)
[----------] 4 tests from SkipListTest (3 ms total)

[----------] Global test environment tear-down
[==========] 4 tests from 1 test suite ran. (3 ms total)
[  PASSED  ] 4 tests.
i
[==========] Running 4 tests from 1 test suite.
[----------] Global test environment set-up.
[----------] 4 tests from SkipListTest
[ RUN      ] SkipListTest.PutAndGet
[       OK ] SkipListTest.PutAndGet (0 ms)
[ RUN      ] SkipListTest.MultipleInsertAndRetrieve
[       OK ] SkipListTest.MultipleInsertAndRetrieve (0 ms)
[ RUN      ] SkipListTest.RandomOperations
[       OK ] SkipListTest.RandomOperations (0 ms)
[ RUN      ] SkipListTest.ConcurrentReadWrite
[       OK ] SkipListTest.ConcurrentReadWrite (3 ms)
[----------] 4 tests from SkipListTest (3 ms total)

[----------] Global test environment tear-down
[==========] 4 tests from 1 test suite ran. (3 ms total)
[  PASSED  ] 4 tests.
i
[==========] Running 4 tests from 1 test suite.
[----------] Global test environment set-up.
[----------] 4 tests from SkipListTest
[ RUN      ] SkipListTest.PutAndGet
[       OK ] SkipListTest.PutAndGet (0 ms)
[ RUN      ] SkipListTest.MultipleInsertAndRetrieve
[       OK ] SkipListTest.MultipleInsertAndRetrieve (0 ms)
[ RUN      ] SkipListTest.RandomOperations
[       OK ] SkipListTest.RandomOperations (0 ms)
[ RUN      ] SkipListTest.ConcurrentReadWrite
[       OK ] SkipListTest.ConcurrentReadWrite (3 ms)
[----------] 4 tests from SkipListTest (3 ms total)

[----------] Global test environment tear-down
[==========] 4 tests from 1 test suite ran. (3 ms total)
[  PASSED  ] 4 tests.
i
[==========] Running 4 tests from 1 test suite.
[----------] Global test environment set-up.
[----------] 4 tests from SkipListTest
[ RUN      ] SkipListTest.PutAndGet
[       OK ] SkipListTest.PutAndGet (0 ms)
[ RUN      ] SkipListTest.MultipleInsertAndRetrieve
[       OK ] SkipListTest.MultipleInsertAndRetrieve (0 ms)
[ RUN      ] SkipListTest.RandomOperations
[       OK ] SkipListTest.RandomOperations (0 ms)
[ RUN      ] SkipListTest.ConcurrentReadWrite
[       OK ] SkipListTest.ConcurrentReadWrite (3 ms)
[----------] 4 tests from SkipListTest (3 ms total)

[----------] Global test environment tear-down
[==========] 4 tests from 1 test suite ran. (3 ms total)
[  PASSED  ] 4 tests.
i
[==========] Running 4 tests from 1 test suite.
[----------] Global test environment set-up.
[----------] 4 tests from SkipListTest
[ RUN      ] SkipListTest.PutAndGet
[       OK ] SkipListTest.PutAndGet (0 ms)
[ RUN      ] SkipListTest.MultipleInsertAndRetrieve
[       OK ] SkipListTest.MultipleInsertAndRetrieve (0 ms)
[ RUN      ] SkipListTest.RandomOperations
[       OK ] SkipListTest.RandomOperations (0 ms)
[ RUN      ] SkipListTest.ConcurrentReadWrite
[       OK ] SkipListTest.ConcurrentReadWrite (3 ms)
[----------] 4 tests from SkipListTest (3 ms total)

[----------] Global test environment tear-down
[==========] 4 tests from 1 test suite ran. (3 ms total)
[  PASSED  ] 4 tests.
i
[==========] Running 4 tests from 1 test suite.
[----------] Global test environment set-up.
[----------] 4 tests from SkipListTest
[ RUN      ] SkipListTest.PutAndGet
[       OK ] SkipListTest.PutAndGet (0 ms)
[ RUN      ] SkipListTest.MultipleInsertAndRetrieve
[       OK ] SkipListTest.MultipleInsertAndRetrieve (0 ms)
[ RUN      ] SkipListTest.RandomOperations
[       OK ] SkipListTest.RandomOperations (0 ms)
[ RUN      ] SkipListTest.ConcurrentReadWrite
[       OK ] SkipListTest.ConcurrentReadWrite (3 ms)
[----------] 4 tests from SkipListTest (3 ms total)

[----------] Global test environment tear-down
[==========] 4 tests from 1 test suite ran. (3 ms total)
[  PASSED  ] 4 tests.
i
[==========] Running 4 tests from 1 test suite.
[----------] Global test environment set-up.
[----------] 4 tests from SkipListTest
[ RUN      ] SkipListTest.PutAndGet
[       OK ] SkipListTest.PutAndGet (0 ms)
[ RUN      ] SkipListTest.MultipleInsertAndRetrieve
[       OK ] SkipListTest.MultipleInsertAndRetrieve (0 ms)
[ RUN      ] SkipListTest.RandomOperations
[       OK ] SkipListTest.RandomOperations (0 ms)
[ RUN      ] SkipListTest.ConcurrentReadWrite
[       OK ] SkipListTest.ConcurrentReadWrite (3 ms)
[----------] 4 tests from SkipListTest (3 ms total)

[----------] Global test environment tear-down
[==========] 4 tests from 1 test suite ran. (3 ms total)
[  PASSED  ] 4 tests.
i
[==========] Running 4 tests from 1 test suite.
[----------] Global test environment set-up.
[----------] 4 tests from SkipListTest
[ RUN      ] SkipListTest.PutAndGet
[       OK ] SkipListTest.PutAndGet (0 ms)
[ RUN      ] SkipListTest.MultipleInsertAndRetrieve
[       OK ] SkipListTest.MultipleInsertAndRetrieve (0 ms)
[ RUN      ] SkipListTest.RandomOperations
[       OK ] SkipListTest.RandomOperations (0 ms)
[ RUN      ] SkipListTest.ConcurrentReadWrite
[       OK ] SkipListTest.ConcurrentReadWrite (3 ms)
[----------] 4 tests from SkipListTest (3 ms total)

[----------] Global test environment tear-down
[==========] 4 tests from 1 test suite ran. (3 ms total)
[  PASSED  ] 4 tests.
i
[==========] Running 4 tests from 1 test suite.
[----------] Global test environment set-up.
[----------] 4 tests from SkipListTest
[ RUN      ] SkipListTest.PutAndGet
[       OK ] SkipListTest.PutAndGet (0 ms)
[ RUN      ] SkipListTest.MultipleInsertAndRetrieve
[       OK ] SkipListTest.MultipleInsertAndRetrieve (0 ms)
[ RUN      ] SkipListTest.RandomOperations
[       OK ] SkipListTest.RandomOperations (0 ms)
[ RUN      ] SkipListTest.ConcurrentReadWrite
[       OK ] SkipListTest.ConcurrentReadWrite (3 ms)
[----------] 4 tests from SkipListTest (3 ms total)

[----------] Global test environment tear-down
[==========] 4 tests from 1 test suite ran. (3 ms total)
[  PASSED  ] 4 tests.
i
[==========] Running 4 tests from 1 test suite.
[----------] Global test environment set-up.
[----------] 4 tests from SkipListTest
[ RUN      ] SkipListTest.PutAndGet
[       OK ] SkipListTest.PutAndGet (0 ms)
[ RUN      ] SkipListTest.MultipleInsertAndRetrieve
[       OK ] SkipListTest.MultipleInsertAndRetrieve (0 ms)
[ RUN      ] SkipListTest.RandomOperations
[       OK ] SkipListTest.RandomOperations (0 ms)
[ RUN      ] SkipListTest.ConcurrentReadWrite
[       OK ] SkipListTest.ConcurrentReadWrite (3 ms)
[----------] 4 tests from SkipListTest (3 ms total)

[----------] Global test environment tear-down
[==========] 4 tests from 1 test suite ran. (3 ms total)
[  PASSED  ] 4 tests.
i
[==========] Running 4 tests from 1 test suite.
[----------] Global test environment set-up.
[----------] 4 tests from SkipListTest
[ RUN      ] SkipListTest.PutAndGet
[       OK ] SkipListTest.PutAndGet (0 ms)
[ RUN      ] SkipListTest.MultipleInsertAndRetrieve
[       OK ] SkipListTest.MultipleInsertAndRetrieve (0 ms)
[ RUN      ] SkipListTest.RandomOperations
[       OK ] SkipListTest.RandomOperations (0 ms)
[ RUN      ] SkipListTest.ConcurrentReadWrite
[       OK ] SkipListTest.ConcurrentReadWrite (3 ms)
[----------] 4 tests from SkipListTest (3 ms total)

[----------] Global test environment tear-down
[==========] 4 tests from 1 test suite ran. (3 ms total)
[  PASSED  ] 4 tests.
i
[==========] Running 4 tests from 1 test suite.
[----------] Global test environment set-up.
[----------] 4 tests from SkipListTest
[ RUN      ] SkipListTest.PutAndGet
[       OK ] SkipListTest.PutAndGet (0 ms)
[ RUN      ] SkipListTest.MultipleInsertAndRetrieve
[       OK ] SkipListTest.MultipleInsertAndRetrieve (0 ms)
[ RUN      ] SkipListTest.RandomOperations
[       OK ] SkipListTest.RandomOperations (0 ms)
[ RUN      ] SkipListTest.ConcurrentReadWrite
[       OK ] SkipListTest.ConcurrentReadWrite (3 ms)
[----------] 4 tests from SkipListTest (3 ms total)

[----------] Global test environment tear-down
[==========] 4 tests from 1 test suite ran. (3 ms total)
[  PASSED  ] 4 tests.
i
[==========] Running 4 tests from 1 test suite.
[----------] Global test environment set-up.
[----------] 4 tests from SkipListTest
[ RUN      ] SkipListTest.PutAndGet
[       OK ] SkipListTest.PutAndGet (0 ms)
[ RUN      ] SkipListTest.MultipleInsertAndRetrieve
[       OK ] SkipListTest.MultipleInsertAndRetrieve (0 ms)
[ RUN      ] SkipListTest.RandomOperations
[       OK ] SkipListTest.RandomOperations (0 ms)
[ RUN      ] SkipListTest.ConcurrentReadWrite
[       OK ] SkipListTest.ConcurrentReadWrite (3 ms)
[----------] 4 tests from SkipListTest (3 ms total)

[----------] Global test environment tear-down
[==========] 4 tests from 1 test suite ran. (3 ms total)
[  PASSED  ] 4 tests.
i
[==========] Running 4 tests from 1 test suite.
[----------] Global test environment set-up.
[----------] 4 tests from SkipListTest
[ RUN      ] SkipListTest.PutAndGet
[       OK ] SkipListTest.PutAndGet (0 ms)
[ RUN      ] SkipListTest.MultipleInsertAndRetrieve
[       OK ] SkipListTest.MultipleInsertAndRetrieve (0 ms)
[ RUN      ] SkipListTest.RandomOperations
[       OK ] SkipListTest.RandomOperations (0 ms)
[ RUN      ] SkipListTest.ConcurrentReadWrite
[       OK ] SkipListTest.ConcurrentReadWrite (3 ms)
[----------] 4 tests from SkipListTest (3 ms total)

[----------] Global test environment tear-down
[==========] 4 tests from 1 test suite ran. (3 ms total)
[  PASSED  ] 4 tests.
i
[==========] Running 4 tests from 1 test suite.
[----------] Global test environment set-up.
[----------] 4 tests from SkipListTest
[ RUN      ] SkipListTest.PutAndGet
[       OK ] SkipListTest.PutAndGet (0 ms)
[ RUN      ] SkipListTest.MultipleInsertAndRetrieve
[       OK ] SkipListTest.MultipleInsertAndRetrieve (0 ms)
[ RUN      ] SkipListTest.RandomOperations
[       OK ] SkipListTest.RandomOperations (0 ms)
[ RUN      ] SkipListTest.ConcurrentReadWrite
[       OK ] SkipListTest.ConcurrentReadWrite (4 ms)
[----------] 4 tests from SkipListTest (4 ms total)

[----------] Global test environment tear-down
[==========] 4 tests from 1 test suite ran. (4 ms total)
[  PASSED  ] 4 tests.
i
[==========] Running 4 tests from 1 test suite.
[----------] Global test environment set-up.
[----------] 4 tests from SkipListTest
[ RUN      ] SkipListTest.PutAndGet
[       OK ] SkipListTest.PutAndGet (0 ms)
[ RUN      ] SkipListTest.MultipleInsertAndRetrieve
[       OK ] SkipListTest.MultipleInsertAndRetrieve (0 ms)
[ RUN      ] SkipListTest.RandomOperations
[       OK ] SkipListTest.RandomOperations (0 ms)
[ RUN      ] SkipListTest.ConcurrentReadWrite
[       OK ] SkipListTest.ConcurrentReadWrite (3 ms)
[----------] 4 tests from SkipListTest (3 ms total)

[----------] Global test environment tear-down
[==========] 4 tests from 1 test suite ran. (3 ms total)
[  PASSED  ] 4 tests.
i
[==========] Running 4 tests from 1 test suite.
[----------] Global test environment set-up.
[----------] 4 tests from SkipListTest
[ RUN      ] SkipListTest.PutAndGet
[       OK ] SkipListTest.PutAndGet (0 ms)
[ RUN      ] SkipListTest.MultipleInsertAndRetrieve
[       OK ] SkipListTest.MultipleInsertAndRetrieve (0 ms)
[ RUN      ] SkipListTest.RandomOperations
[       OK ] SkipListTest.RandomOperations (0 ms)
[ RUN      ] SkipListTest.ConcurrentReadWrite
[       OK ] SkipListTest.ConcurrentReadWrite (3 ms)
[----------] 4 tests from SkipListTest (4 ms total)

[----------] Global test environment tear-down
[==========] 4 tests from 1 test suite ran. (4 ms total)
[  PASSED  ] 4 tests.
i
[==========] Running 4 tests from 1 test suite.
[----------] Global test environment set-up.
[----------] 4 tests from SkipListTest
[ RUN      ] SkipListTest.PutAndGet
[       OK ] SkipListTest.PutAndGet (0 ms)
[ RUN      ] SkipListTest.MultipleInsertAndRetrieve
[       OK ] SkipListTest.MultipleInsertAndRetrieve (0 ms)
[ RUN      ] SkipListTest.RandomOperations
[       OK ] SkipListTest.RandomOperations (0 ms)
[ RUN      ] SkipListTest.ConcurrentReadWrite
[       OK ] SkipListTest.ConcurrentReadWrite (3 ms)
[----------] 4 tests from SkipListTest (3 ms total)

[----------] Global test environment tear-down
[==========] 4 tests from 1 test suite ran. (3 ms total)
[  PASSED  ] 4 tests.
i
[==========] Running 4 tests from 1 test suite.
[----------] Global test environment set-up.
[----------] 4 tests from SkipListTest
[ RUN      ] SkipListTest.PutAndGet
[       OK ] SkipListTest.PutAndGet (0 ms)
[ RUN      ] SkipListTest.MultipleInsertAndRetrieve
[       OK ] SkipListTest.MultipleInsertAndRetrieve (0 ms)
[ RUN      ] SkipListTest.RandomOperations
[       OK ] SkipListTest.RandomOperations (0 ms)
[ RUN      ] SkipListTest.ConcurrentReadWrite
[       OK ] SkipListTest.ConcurrentReadWrite (3 ms)
[----------] 4 tests from SkipListTest (3 ms total)

[----------] Global test environment tear-down
[==========] 4 tests from 1 test suite ran. (3 ms total)
[  PASSED  ] 4 tests.
i
[==========] Running 4 tests from 1 test suite.
[----------] Global test environment set-up.
[----------] 4 tests from SkipListTest
[ RUN      ] SkipListTest.PutAndGet
[       OK ] SkipListTest.PutAndGet (0 ms)
[ RUN      ] SkipListTest.MultipleInsertAndRetrieve
[       OK ] SkipListTest.MultipleInsertAndRetrieve (0 ms)
[ RUN      ] SkipListTest.RandomOperations
[       OK ] SkipListTest.RandomOperations (0 ms)
[ RUN      ] SkipListTest.ConcurrentReadWrite
[       OK ] SkipListTest.ConcurrentReadWrite (3 ms)
[----------] 4 tests from SkipListTest (3 ms total)

[----------] Global test environment tear-down
[==========] 4 tests from 1 test suite ran. (4 ms total)
[  PASSED  ] 4 tests.
i
[==========] Running 4 tests from 1 test suite.
[----------] Global test environment set-up.
[----------] 4 tests from SkipListTest
[ RUN      ] SkipListTest.PutAndGet
[       OK ] SkipListTest.PutAndGet (0 ms)
[ RUN      ] SkipListTest.MultipleInsertAndRetrieve
[       OK ] SkipListTest.MultipleInsertAndRetrieve (0 ms)
[ RUN      ] SkipListTest.RandomOperations
[       OK ] SkipListTest.RandomOperations (0 ms)
[ RUN      ] SkipListTest.ConcurrentReadWrite
[       OK ] SkipListTest.ConcurrentReadWrite (3 ms)
[----------] 4 tests from SkipListTest (3 ms total)

[----------] Global test environment tear-down
[==========] 4 tests from 1 test suite ran. (3 ms total)
[  PASSED  ] 4 tests.
i
[==========] Running 4 tests from 1 test suite.
[----------] Global test environment set-up.
[----------] 4 tests from SkipListTest
[ RUN      ] SkipListTest.PutAndGet
[       OK ] SkipListTest.PutAndGet (0 ms)
[ RUN      ] SkipListTest.MultipleInsertAndRetrieve
[       OK ] SkipListTest.MultipleInsertAndRetrieve (0 ms)
[ RUN      ] SkipListTest.RandomOperations
[       OK ] SkipListTest.RandomOperations (0 ms)
[ RUN      ] SkipListTest.ConcurrentReadWrite
[       OK ] SkipListTest.ConcurrentReadWrite (3 ms)
[----------] 4 tests from SkipListTest (3 ms total)

[----------] Global test environment tear-down
[==========] 4 tests from 1 test suite ran. (3 ms total)
[  PASSED  ] 4 tests.
i
[==========] Running 4 tests from 1 test suite.
[----------] Global test environment set-up.
[----------] 4 tests from SkipListTest
[ RUN      ] SkipListTest.PutAndGet
[       OK ] SkipListTest.PutAndGet (0 ms)
[ RUN      ] SkipListTest.MultipleInsertAndRetrieve
[       OK ] SkipListTest.MultipleInsertAndRetrieve (0 ms)
[ RUN      ] SkipListTest.RandomOperations
[       OK ] SkipListTest.RandomOperations (0 ms)
[ RUN      ] SkipListTest.ConcurrentReadWrite
[       OK ] SkipListTest.ConcurrentReadWrite (3 ms)
[----------] 4 tests from SkipListTest (4 ms total)

[----------] Global test environment tear-down
[==========] 4 tests from 1 test suite ran. (4 ms total)
[  PASSED  ] 4 tests.
i
[==========] Running 4 tests from 1 test suite.
[----------] Global test environment set-up.
[----------] 4 tests from SkipListTest
[ RUN      ] SkipListTest.PutAndGet
[       OK ] SkipListTest.PutAndGet (0 ms)
[ RUN      ] SkipListTest.MultipleInsertAndRetrieve
[       OK ] SkipListTest.MultipleInsertAndRetrieve (0 ms)
[ RUN      ] SkipListTest.RandomOperations
[       OK ] SkipListTest.RandomOperations (0 ms)
[ RUN      ] SkipListTest.ConcurrentReadWrite
[       OK ] SkipListTest.ConcurrentReadWrite (3 ms)
[----------] 4 tests from SkipListTest (3 ms total)

[----------] Global test environment tear-down
[==========] 4 tests from 1 test suite ran. (3 ms total)
[  PASSED  ] 4 tests.
i
[==========] Running 4 tests from 1 test suite.
[----------] Global test environment set-up.
[----------] 4 tests from SkipListTest
[ RUN      ] SkipListTest.PutAndGet
[       OK ] SkipListTest.PutAndGet (0 ms)
[ RUN      ] SkipListTest.MultipleInsertAndRetrieve
[       OK ] SkipListTest.MultipleInsertAndRetrieve (0 ms)
[ RUN      ] SkipListTest.RandomOperations
[       OK ] SkipListTest.RandomOperations (0 ms)
[ RUN      ] SkipListTest.ConcurrentReadWrite
[       OK ] SkipListTest.ConcurrentReadWrite (3 ms)
[----------] 4 tests from SkipListTest (3 ms total)

[----------] Global test environment tear-down
[==========] 4 tests from 1 test suite ran. (3 ms total)
[  PASSED  ] 4 tests.
i
[==========] Running 4 tests from 1 test suite.
[----------] Global test environment set-up.
[----------] 4 tests from SkipListTest
[ RUN      ] SkipListTest.PutAndGet
[       OK ] SkipListTest.PutAndGet (0 ms)
[ RUN      ] SkipListTest.MultipleInsertAndRetrieve
[       OK ] SkipListTest.MultipleInsertAndRetrieve (0 ms)
[ RUN      ] SkipListTest.RandomOperations
[       OK ] SkipListTest.RandomOperations (0 ms)
[ RUN      ] SkipListTest.ConcurrentReadWrite
[       OK ] SkipListTest.ConcurrentReadWrite (3 ms)
[----------] 4 tests from SkipListTest (3 ms total)

[----------] Global test environment tear-down
[==========] 4 tests from 1 test suite ran. (3 ms total)
[  PASSED  ] 4 tests.
i
[==========] Running 4 tests from 1 test suite.
[----------] Global test environment set-up.
[----------] 4 tests from SkipListTest
[ RUN      ] SkipListTest.PutAndGet
[       OK ] SkipListTest.PutAndGet (0 ms)
[ RUN      ] SkipListTest.MultipleInsertAndRetrieve
[       OK ] SkipListTest.MultipleInsertAndRetrieve (0 ms)
[ RUN      ] SkipListTest.RandomOperations
[       OK ] SkipListTest.RandomOperations (0 ms)
[ RUN      ] SkipListTest.ConcurrentReadWrite
[       OK ] SkipListTest.ConcurrentReadWrite (3 ms)
[----------] 4 tests from SkipListTest (3 ms total)

[----------] Global test environment tear-down
[==========] 4 tests from 1 test suite ran. (3 ms total)
[  PASSED  ] 4 tests.
i
[==========] Running 4 tests from 1 test suite.
[----------] Global test environment set-up.
[----------] 4 tests from SkipListTest
[ RUN      ] SkipListTest.PutAndGet
[       OK ] SkipListTest.PutAndGet (0 ms)
[ RUN      ] SkipListTest.MultipleInsertAndRetrieve
[       OK ] SkipListTest.MultipleInsertAndRetrieve (0 ms)
[ RUN      ] SkipListTest.RandomOperations
[       OK ] SkipListTest.RandomOperations (0 ms)
[ RUN      ] SkipListTest.ConcurrentReadWrite
[       OK ] SkipListTest.ConcurrentReadWrite (3 ms)
[----------] 4 tests from SkipListTest (3 ms total)

[----------] Global test environment tear-down
[==========] 4 tests from 1 test suite ran. (3 ms total)
[  PASSED  ] 4 tests.
i
[==========] Running 4 tests from 1 test suite.
[----------] Global test environment set-up.
[----------] 4 tests from SkipListTest
[ RUN      ] SkipListTest.PutAndGet
[       OK ] SkipListTest.PutAndGet (0 ms)
[ RUN      ] SkipListTest.MultipleInsertAndRetrieve
[       OK ] SkipListTest.MultipleInsertAndRetrieve (0 ms)
[ RUN      ] SkipListTest.RandomOperations
[       OK ] SkipListTest.RandomOperations (0 ms)
[ RUN      ] SkipListTest.ConcurrentReadWrite
[       OK ] SkipListTest.ConcurrentReadWrite (3 ms)
[----------] 4 tests from SkipListTest (3 ms total)

[----------] Global test environment tear-down
[==========] 4 tests from 1 test suite ran. (4 ms total)
[  PASSED  ] 4 tests.
i
[==========] Running 4 tests from 1 test suite.
[----------] Global test environment set-up.
[----------] 4 tests from SkipListTest
[ RUN      ] SkipListTest.PutAndGet
[       OK ] SkipListTest.PutAndGet (0 ms)
[ RUN      ] SkipListTest.MultipleInsertAndRetrieve
[       OK ] SkipListTest.MultipleInsertAndRetrieve (0 ms)
[ RUN      ] SkipListTest.RandomOperations
[       OK ] SkipListTest.RandomOperations (0 ms)
[ RUN      ] SkipListTest.ConcurrentReadWrite
[       OK ] SkipListTest.ConcurrentReadWrite (3 ms)
[----------] 4 tests from SkipListTest (4 ms total)

[----------] Global test environment tear-down
[==========] 4 tests from 1 test suite ran. (4 ms total)
[  PASSED  ] 4 tests.
i
[==========] Running 4 tests from 1 test suite.
[----------] Global test environment set-up.
[----------] 4 tests from SkipListTest
[ RUN      ] SkipListTest.PutAndGet
[       OK ] SkipListTest.PutAndGet (0 ms)
[ RUN      ] SkipListTest.MultipleInsertAndRetrieve
[       OK ] SkipListTest.MultipleInsertAndRetrieve (0 ms)
[ RUN      ] SkipListTest.RandomOperations
[       OK ] SkipListTest.RandomOperations (0 ms)
[ RUN      ] SkipListTest.ConcurrentReadWrite
[       OK ] SkipListTest.ConcurrentReadWrite (3 ms)
[----------] 4 tests from SkipListTest (4 ms total)

[----------] Global test environment tear-down
[==========] 4 tests from 1 test suite ran. (4 ms total)
[  PASSED  ] 4 tests.
i
[==========] Running 4 tests from 1 test suite.
[----------] Global test environment set-up.
[----------] 4 tests from SkipListTest
[ RUN      ] SkipListTest.PutAndGet
[       OK ] SkipListTest.PutAndGet (0 ms)
[ RUN      ] SkipListTest.MultipleInsertAndRetrieve
[       OK ] SkipListTest.MultipleInsertAndRetrieve (0 ms)
[ RUN      ] SkipListTest.RandomOperations
[       OK ] SkipListTest.RandomOperations (0 ms)
[ RUN      ] SkipListTest.ConcurrentReadWrite
[       OK ] SkipListTest.ConcurrentReadWrite (3 ms)
[----------] 4 tests from SkipListTest (3 ms total)

[----------] Global test environment tear-down
[==========] 4 tests from 1 test suite ran. (4 ms total)
[  PASSED  ] 4 tests.
i
[==========] Running 4 tests from 1 test suite.
[----------] Global test environment set-up.
[----------] 4 tests from SkipListTest
[ RUN      ] SkipListTest.PutAndGet
[       OK ] SkipListTest.PutAndGet (0 ms)
[ RUN      ] SkipListTest.MultipleInsertAndRetrieve
[       OK ] SkipListTest.MultipleInsertAndRetrieve (0 ms)
[ RUN      ] SkipListTest.RandomOperations
[       OK ] SkipListTest.RandomOperations (0 ms)
[ RUN      ] SkipListTest.ConcurrentReadWrite
[       OK ] SkipListTest.ConcurrentReadWrite (3 ms)
[----------] 4 tests from SkipListTest (3 ms total)

[----------] Global test environment tear-down
[==========] 4 tests from 1 test suite ran. (3 ms total)
[  PASSED  ] 4 tests.
i
[==========] Running 4 tests from 1 test suite.
[----------] Global test environment set-up.
[----------] 4 tests from SkipListTest
[ RUN      ] SkipListTest.PutAndGet
[       OK ] SkipListTest.PutAndGet (0 ms)
[ RUN      ] SkipListTest.MultipleInsertAndRetrieve
[       OK ] SkipListTest.MultipleInsertAndRetrieve (0 ms)
[ RUN      ] SkipListTest.RandomOperations
[       OK ] SkipListTest.RandomOperations (0 ms)
[ RUN      ] SkipListTest.ConcurrentReadWrite
[       OK ] SkipListTest.ConcurrentReadWrite (3 ms)
[----------] 4 tests from SkipListTest (3 ms total)

[----------] Global test environment tear-down
[==========] 4 tests from 1 test suite ran. (4 ms total)
[  PASSED  ] 4 tests.
i
[==========] Running 4 tests from 1 test suite.
[----------] Global test environment set-up.
[----------] 4 tests from SkipListTest
[ RUN      ] SkipListTest.PutAndGet
[       OK ] SkipListTest.PutAndGet (0 ms)
[ RUN      ] SkipListTest.MultipleInsertAndRetrieve
[       OK ] SkipListTest.MultipleInsertAndRetrieve (0 ms)
[ RUN      ] SkipListTest.RandomOperations
[       OK ] SkipListTest.RandomOperations (0 ms)
[ RUN      ] SkipListTest.ConcurrentReadWrite
[       OK ] SkipListTest.ConcurrentReadWrite (3 ms)
[----------] 4 tests from SkipListTest (3 ms total)

[----------] Global test environment tear-down
[==========] 4 tests from 1 test suite ran. (3 ms total)
[  PASSED  ] 4 tests.
i
[==========] Running 4 tests from 1 test suite.
[----------] Global test environment set-up.
[----------] 4 tests from SkipListTest
[ RUN      ] SkipListTest.PutAndGet
[       OK ] SkipListTest.PutAndGet (0 ms)
[ RUN      ] SkipListTest.MultipleInsertAndRetrieve
[       OK ] SkipListTest.MultipleInsertAndRetrieve (0 ms)
[ RUN      ] SkipListTest.RandomOperations
[       OK ] SkipListTest.RandomOperations (0 ms)
[ RUN      ] SkipListTest.ConcurrentReadWrite
[       OK ] SkipListTest.ConcurrentReadWrite (3 ms)
[----------] 4 tests from SkipListTest (3 ms total)

[----------] Global test environment tear-down
[==========] 4 tests from 1 test suite ran. (3 ms total)
[  PASSED  ] 4 tests.
i
[==========] Running 4 tests from 1 test suite.
[----------] Global test environment set-up.
[----------] 4 tests from SkipListTest
[ RUN      ] SkipListTest.PutAndGet
[       OK ] SkipListTest.PutAndGet (0 ms)
[ RUN      ] SkipListTest.MultipleInsertAndRetrieve
[       OK ] SkipListTest.MultipleInsertAndRetrieve (0 ms)
[ RUN      ] SkipListTest.RandomOperations
[       OK ] SkipListTest.RandomOperations (0 ms)
[ RUN      ] SkipListTest.ConcurrentReadWrite
[       OK ] SkipListTest.ConcurrentReadWrite (3 ms)
[----------] 4 tests from SkipListTest (3 ms total)

[----------] Global test environment tear-down
[==========] 4 tests from 1 test suite ran. (3 ms total)
[  PASSED  ] 4 tests.
i
[==========] Running 4 tests from 1 test suite.
[----------] Global test environment set-up.
[----------] 4 tests from SkipListTest
[ RUN      ] SkipListTest.PutAndGet
[       OK ] SkipListTest.PutAndGet (0 ms)
[ RUN      ] SkipListTest.MultipleInsertAndRetrieve
[       OK ] SkipListTest.MultipleInsertAndRetrieve (0 ms)
[ RUN      ] SkipListTest.RandomOperations
[       OK ] SkipListTest.RandomOperations (0 ms)
[ RUN      ] SkipListTest.ConcurrentReadWrite
[       OK ] SkipListTest.ConcurrentReadWrite (3 ms)
[----------] 4 tests from SkipListTest (3 ms total)

[----------] Global test environment tear-down
[==========] 4 tests from 1 test suite ran. (3 ms total)
[  PASSED  ] 4 tests.
i
[==========] Running 4 tests from 1 test suite.
[----------] Global test environment set-up.
[----------] 4 tests from SkipListTest
[ RUN      ] SkipListTest.PutAndGet
[       OK ] SkipListTest.PutAndGet (0 ms)
[ RUN      ] SkipListTest.MultipleInsertAndRetrieve
[       OK ] SkipListTest.MultipleInsertAndRetrieve (0 ms)
[ RUN      ] SkipListTest.RandomOperations
[       OK ] SkipListTest.RandomOperations (0 ms)
[ RUN      ] SkipListTest.ConcurrentReadWrite
[       OK ] SkipListTest.ConcurrentReadWrite (3 ms)
[----------] 4 tests from SkipListTest (4 ms total)

[----------] Global test environment tear-down
[==========] 4 tests from 1 test suite ran. (4 ms total)
[  PASSED  ] 4 tests.
i
[==========] Running 4 tests from 1 test suite.
[----------] Global test environment set-up.
[----------] 4 tests from SkipListTest
[ RUN      ] SkipListTest.PutAndGet
[       OK ] SkipListTest.PutAndGet (0 ms)
[ RUN      ] SkipListTest.MultipleInsertAndRetrieve
[       OK ] SkipListTest.MultipleInsertAndRetrieve (0 ms)
[ RUN      ] SkipListTest.RandomOperations
[       OK ] SkipListTest.RandomOperations (0 ms)
[ RUN      ] SkipListTest.ConcurrentReadWrite
[       OK ] SkipListTest.ConcurrentReadWrite (3 ms)
[----------] 4 tests from SkipListTest (3 ms total)

[----------] Global test environment tear-down
[==========] 4 tests from 1 test suite ran. (3 ms total)
[  PASSED  ] 4 tests.
i
[==========] Running 4 tests from 1 test suite.
[----------] Global test environment set-up.
[----------] 4 tests from SkipListTest
[ RUN      ] SkipListTest.PutAndGet
[       OK ] SkipListTest.PutAndGet (0 ms)
[ RUN      ] SkipListTest.MultipleInsertAndRetrieve
[       OK ] SkipListTest.MultipleInsertAndRetrieve (0 ms)
[ RUN      ] SkipListTest.RandomOperations
[       OK ] SkipListTest.RandomOperations (0 ms)
[ RUN      ] SkipListTest.ConcurrentReadWrite
[       OK ] SkipListTest.ConcurrentReadWrite (3 ms)
[----------] 4 tests from SkipListTest (3 ms total)

[----------] Global test environment tear-down
[==========] 4 tests from 1 test suite ran. (3 ms total)
[  PASSED  ] 4 tests.
i
[==========] Running 4 tests from 1 test suite.
[----------] Global test environment set-up.
[----------] 4 tests from SkipListTest
[ RUN      ] SkipListTest.PutAndGet
[       OK ] SkipListTest.PutAndGet (0 ms)
[ RUN      ] SkipListTest.MultipleInsertAndRetrieve
[       OK ] SkipListTest.MultipleInsertAndRetrieve (0 ms)
[ RUN      ] SkipListTest.RandomOperations
[       OK ] SkipListTest.RandomOperations (0 ms)
[ RUN      ] SkipListTest.ConcurrentReadWrite
[       OK ] SkipListTest.ConcurrentReadWrite (4 ms)
[----------] 4 tests from SkipListTest (4 ms total)

[----------] Global test environment tear-down
[==========] 4 tests from 1 test suite ran. (4 ms total)
[  PASSED  ] 4 tests.
i
[==========] Running 4 tests from 1 test suite.
[----------] Global test environment set-up.
[----------] 4 tests from SkipListTest
[ RUN      ] SkipListTest.PutAndGet
[       OK ] SkipListTest.PutAndGet (0 ms)
[ RUN      ] SkipListTest.MultipleInsertAndRetrieve
[       OK ] SkipListTest.MultipleInsertAndRetrieve (0 ms)
[ RUN      ] SkipListTest.RandomOperations
[       OK ] SkipListTest.RandomOperations (0 ms)
[ RUN      ] SkipListTest.ConcurrentReadWrite
[       OK ] SkipListTest.ConcurrentReadWrite (3 ms)
[----------] 4 tests from SkipListTest (3 ms total)

[----------] Global test environment tear-down
[==========] 4 tests from 1 test suite ran. (3 ms total)
[  PASSED  ] 4 tests.
i
[==========] Running 4 tests from 1 test suite.
[----------] Global test environment set-up.
[----------] 4 tests from SkipListTest
[ RUN      ] SkipListTest.PutAndGet
[       OK ] SkipListTest.PutAndGet (0 ms)
[ RUN      ] SkipListTest.MultipleInsertAndRetrieve
[       OK ] SkipListTest.MultipleInsertAndRetrieve (0 ms)
[ RUN      ] SkipListTest.RandomOperations
[       OK ] SkipListTest.RandomOperations (0 ms)
[ RUN      ] SkipListTest.ConcurrentReadWrite
[       OK ] SkipListTest.ConcurrentReadWrite (3 ms)
[----------] 4 tests from SkipListTest (3 ms total)

[----------] Global test environment tear-down
[==========] 4 tests from 1 test suite ran. (3 ms total)
[  PASSED  ] 4 tests.
i
[==========] Running 4 tests from 1 test suite.
[----------] Global test environment set-up.
[----------] 4 tests from SkipListTest
[ RUN      ] SkipListTest.PutAndGet
[       OK ] SkipListTest.PutAndGet (0 ms)
[ RUN      ] SkipListTest.MultipleInsertAndRetrieve
[       OK ] SkipListTest.MultipleInsertAndRetrieve (0 ms)
[ RUN      ] SkipListTest.RandomOperations
[       OK ] SkipListTest.RandomOperations (0 ms)
[ RUN      ] SkipListTest.ConcurrentReadWrite
[       OK ] SkipListTest.ConcurrentReadWrite (3 ms)
[----------] 4 tests from SkipListTest (3 ms total)

[----------] Global test environment tear-down
[==========] 4 tests from 1 test suite ran. (3 ms total)
[  PASSED  ] 4 tests.
i
[==========] Running 4 tests from 1 test suite.
[----------] Global test environment set-up.
[----------] 4 tests from SkipListTest
[ RUN      ] SkipListTest.PutAndGet
[       OK ] SkipListTest.PutAndGet (0 ms)
[ RUN      ] SkipListTest.MultipleInsertAndRetrieve
[       OK ] SkipListTest.MultipleInsertAndRetrieve (0 ms)
[ RUN      ] SkipListTest.RandomOperations
[       OK ] SkipListTest.RandomOperations (0 ms)
[ RUN      ] SkipListTest.ConcurrentReadWrite
[       OK ] SkipListTest.ConcurrentReadWrite (3 ms)
[----------] 4 tests from SkipListTest (3 ms total)

[----------] Global test environment tear-down
[==========] 4 tests from 1 test suite ran. (3 ms total)
[  PASSED  ] 4 tests.
i
[==========] Running 4 tests from 1 test suite.
[----------] Global test environment set-up.
[----------] 4 tests from SkipListTest
[ RUN      ] SkipListTest.PutAndGet
[       OK ] SkipListTest.PutAndGet (0 ms)
[ RUN      ] SkipListTest.MultipleInsertAndRetrieve
[       OK ] SkipListTest.MultipleInsertAndRetrieve (0 ms)
[ RUN      ] SkipListTest.RandomOperations
[       OK ] SkipListTest.RandomOperations (0 ms)
[ RUN      ] SkipListTest.ConcurrentReadWrite
[       OK ] SkipListTest.ConcurrentReadWrite (3 ms)
[----------] 4 tests from SkipListTest (3 ms total)

[----------] Global test environment tear-down
[==========] 4 tests from 1 test suite ran. (3 ms total)
[  PASSED  ] 4 tests.
i
[==========] Running 4 tests from 1 test suite.
[----------] Global test environment set-up.
[----------] 4 tests from SkipListTest
[ RUN      ] SkipListTest.PutAndGet
[       OK ] SkipListTest.PutAndGet (0 ms)
[ RUN      ] SkipListTest.MultipleInsertAndRetrieve
[       OK ] SkipListTest.MultipleInsertAndRetrieve (0 ms)
[ RUN      ] SkipListTest.RandomOperations
[       OK ] SkipListTest.RandomOperations (0 ms)
[ RUN      ] SkipListTest.ConcurrentReadWrite
[       OK ] SkipListTest.ConcurrentReadWrite (3 ms)
[----------] 4 tests from SkipListTest (3 ms total)

[----------] Global test environment tear-down
[==========] 4 tests from 1 test suite ran. (3 ms total)
[  PASSED  ] 4 tests.
i
[==========] Running 4 tests from 1 test suite.
[----------] Global test environment set-up.
[----------] 4 tests from SkipListTest
[ RUN      ] SkipListTest.PutAndGet
[       OK ] SkipListTest.PutAndGet (0 ms)
[ RUN      ] SkipListTest.MultipleInsertAndRetrieve
[       OK ] SkipListTest.MultipleInsertAndRetrieve (0 ms)
[ RUN      ] SkipListTest.RandomOperations
[       OK ] SkipListTest.RandomOperations (0 ms)
[ RUN      ] SkipListTest.ConcurrentReadWrite
[       OK ] SkipListTest.ConcurrentReadWrite (3 ms)
[----------] 4 tests from SkipListTest (3 ms total)

[----------] Global test environment tear-down
[==========] 4 tests from 1 test suite ran. (3 ms total)
[  PASSED  ] 4 tests.
i
[==========] Running 4 tests from 1 test suite.
[----------] Global test environment set-up.
[----------] 4 tests from SkipListTest
[ RUN      ] SkipListTest.PutAndGet
[       OK ] SkipListTest.PutAndGet (0 ms)
[ RUN      ] SkipListTest.MultipleInsertAndRetrieve
[       OK ] SkipListTest.MultipleInsertAndRetrieve (0 ms)
[ RUN      ] SkipListTest.RandomOperations
[       OK ] SkipListTest.RandomOperations (0 ms)
[ RUN      ] SkipListTest.ConcurrentReadWrite
[       OK ] SkipListTest.ConcurrentReadWrite (3 ms)
[----------] 4 tests from SkipListTest (3 ms total)

[----------] Global test environment tear-down
[==========] 4 tests from 1 test suite ran. (3 ms total)
[  PASSED  ] 4 tests.
i
[==========] Running 4 tests from 1 test suite.
[----------] Global test environment set-up.
[----------] 4 tests from SkipListTest
[ RUN      ] SkipListTest.PutAndGet
[       OK ] SkipListTest.PutAndGet (0 ms)
[ RUN      ] SkipListTest.MultipleInsertAndRetrieve
[       OK ] SkipListTest.MultipleInsertAndRetrieve (0 ms)
[ RUN      ] SkipListTest.RandomOperations
[       OK ] SkipListTest.RandomOperations (0 ms)
[ RUN      ] SkipListTest.ConcurrentReadWrite
[       OK ] SkipListTest.ConcurrentReadWrite (3 ms)
[----------] 4 tests from SkipListTest (3 ms total)

[----------] Global test environment tear-down
[==========] 4 tests from 1 test suite ran. (3 ms total)
[  PASSED  ] 4 tests.
i
[==========] Running 4 tests from 1 test suite.
[----------] Global test environment set-up.
[----------] 4 tests from SkipListTest
[ RUN      ] SkipListTest.PutAndGet
[       OK ] SkipListTest.PutAndGet (0 ms)
[ RUN      ] SkipListTest.MultipleInsertAndRetrieve
[       OK ] SkipListTest.MultipleInsertAndRetrieve (0 ms)
[ RUN      ] SkipListTest.RandomOperations
[       OK ] SkipListTest.RandomOperations (0 ms)
[ RUN      ] SkipListTest.ConcurrentReadWrite
[       OK ] SkipListTest.ConcurrentReadWrite (3 ms)
[----------] 4 tests from SkipListTest (3 ms total)

[----------] Global test environment tear-down
[==========] 4 tests from 1 test suite ran. (3 ms total)
[  PASSED  ] 4 tests.
i
[==========] Running 4 tests from 1 test suite.
[----------] Global test environment set-up.
[----------] 4 tests from SkipListTest
[ RUN      ] SkipListTest.PutAndGet
[       OK ] SkipListTest.PutAndGet (0 ms)
[ RUN      ] SkipListTest.MultipleInsertAndRetrieve
[       OK ] SkipListTest.MultipleInsertAndRetrieve (0 ms)
[ RUN      ] SkipListTest.RandomOperations
[       OK ] SkipListTest.RandomOperations (0 ms)
[ RUN      ] SkipListTest.ConcurrentReadWrite
[       OK ] SkipListTest.ConcurrentReadWrite (3 ms)
[----------] 4 tests from SkipListTest (3 ms total)

[----------] Global test environment tear-down
[==========] 4 tests from 1 test suite ran. (3 ms total)
[  PASSED  ] 4 tests.
i
[==========] Running 4 tests from 1 test suite.
[----------] Global test environment set-up.
[----------] 4 tests from SkipListTest
[ RUN      ] SkipListTest.PutAndGet
[       OK ] SkipListTest.PutAndGet (0 ms)
[ RUN      ] SkipListTest.MultipleInsertAndRetrieve
[       OK ] SkipListTest.MultipleInsertAndRetrieve (0 ms)
[ RUN      ] SkipListTest.RandomOperations
[       OK ] SkipListTest.RandomOperations (0 ms)
[ RUN      ] SkipListTest.ConcurrentReadWrite
[       OK ] SkipListTest.ConcurrentReadWrite (3 ms)
[----------] 4 tests from SkipListTest (3 ms total)

[----------] Global test environment tear-down
[==========] 4 tests from 1 test suite ran. (3 ms total)
[  PASSED  ] 4 tests.
i
[==========] Running 4 tests from 1 test suite.
[----------] Global test environment set-up.
[----------] 4 tests from SkipListTest
[ RUN      ] SkipListTest.PutAndGet
[       OK ] SkipListTest.PutAndGet (0 ms)
[ RUN      ] SkipListTest.MultipleInsertAndRetrieve
[       OK ] SkipListTest.MultipleInsertAndRetrieve (0 ms)
[ RUN      ] SkipListTest.RandomOperations
[       OK ] SkipListTest.RandomOperations (0 ms)
[ RUN      ] SkipListTest.ConcurrentReadWrite
[       OK ] SkipListTest.ConcurrentReadWrite (3 ms)
[----------] 4 tests from SkipListTest (3 ms total)

[----------] Global test environment tear-down
[==========] 4 tests from 1 test suite ran. (3 ms total)
[  PASSED  ] 4 tests.
i
[==========] Running 4 tests from 1 test suite.
[----------] Global test environment set-up.
[----------] 4 tests from SkipListTest
[ RUN      ] SkipListTest.PutAndGet
[       OK ] SkipListTest.PutAndGet (0 ms)
[ RUN      ] SkipListTest.MultipleInsertAndRetrieve
[       OK ] SkipListTest.MultipleInsertAndRetrieve (0 ms)
[ RUN      ] SkipListTest.RandomOperations
[       OK ] SkipListTest.RandomOperations (0 ms)
[ RUN      ] SkipListTest.ConcurrentReadWrite
[       OK ] SkipListTest.ConcurrentReadWrite (3 ms)
[----------] 4 tests from SkipListTest (3 ms total)

[----------] Global test environment tear-down
[==========] 4 tests from 1 test suite ran. (3 ms total)
[  PASSED  ] 4 tests.
i
[==========] Running 4 tests from 1 test suite.
[----------] Global test environment set-up.
[----------] 4 tests from SkipListTest
[ RUN      ] SkipListTest.PutAndGet
[       OK ] SkipListTest.PutAndGet (0 ms)
[ RUN      ] SkipListTest.MultipleInsertAndRetrieve
[       OK ] SkipListTest.MultipleInsertAndRetrieve (0 ms)
[ RUN      ] SkipListTest.RandomOperations
[       OK ] SkipListTest.RandomOperations (0 ms)
[ RUN      ] SkipListTest.ConcurrentReadWrite
[       OK ] SkipListTest.ConcurrentReadWrite (3 ms)
[----------] 4 tests from SkipListTest (3 ms total)

[----------] Global test environment tear-down
[==========] 4 tests from 1 test suite ran. (3 ms total)
[  PASSED  ] 4 tests.
i
[==========] Running 4 tests from 1 test suite.
[----------] Global test environment set-up.
[----------] 4 tests from SkipListTest
[ RUN      ] SkipListTest.PutAndGet
[       OK ] SkipListTest.PutAndGet (0 ms)
[ RUN      ] SkipListTest.MultipleInsertAndRetrieve
[       OK ] SkipListTest.MultipleInsertAndRetrieve (0 ms)
[ RUN      ] SkipListTest.RandomOperations
[       OK ] SkipListTest.RandomOperations (0 ms)
[ RUN      ] SkipListTest.ConcurrentReadWrite
[       OK ] SkipListTest.ConcurrentReadWrite (4 ms)
[----------] 4 tests from SkipListTest (4 ms total)

[----------] Global test environment tear-down
[==========] 4 tests from 1 test suite ran. (4 ms total)
[  PASSED  ] 4 tests.
i
[==========] Running 4 tests from 1 test suite.
[----------] Global test environment set-up.
[----------] 4 tests from SkipListTest
[ RUN      ] SkipListTest.PutAndGet
[       OK ] SkipListTest.PutAndGet (0 ms)
[ RUN      ] SkipListTest.MultipleInsertAndRetrieve
[       OK ] SkipListTest.MultipleInsertAndRetrieve (0 ms)
[ RUN      ] SkipListTest.RandomOperations
[       OK ] SkipListTest.RandomOperations (0 ms)
[ RUN      ] SkipListTest.ConcurrentReadWrite
[       OK ] SkipListTest.ConcurrentReadWrite (3 ms)
[----------] 4 tests from SkipListTest (3 ms total)

[----------] Global test environment tear-down
[==========] 4 tests from 1 test suite ran. (3 ms total)
[  PASSED  ] 4 tests.
i
[==========] Running 4 tests from 1 test suite.
[----------] Global test environment set-up.
[----------] 4 tests from SkipListTest
[ RUN      ] SkipListTest.PutAndGet
[       OK ] SkipListTest.PutAndGet (0 ms)
[ RUN      ] SkipListTest.MultipleInsertAndRetrieve
[       OK ] SkipListTest.MultipleInsertAndRetrieve (0 ms)
[ RUN      ] SkipListTest.RandomOperations
[       OK ] SkipListTest.RandomOperations (0 ms)
[ RUN      ] SkipListTest.ConcurrentReadWrite
[       OK ] SkipListTest.ConcurrentReadWrite (3 ms)
[----------] 4 tests from SkipListTest (3 ms total)

[----------] Global test environment tear-down
[==========] 4 tests from 1 test suite ran. (3 ms total)
[  PASSED  ] 4 tests.
i
[==========] Running 4 tests from 1 test suite.
[----------] Global test environment set-up.
[----------] 4 tests from SkipListTest
[ RUN      ] SkipListTest.PutAndGet
[       OK ] SkipListTest.PutAndGet (0 ms)
[ RUN      ] SkipListTest.MultipleInsertAndRetrieve
[       OK ] SkipListTest.MultipleInsertAndRetrieve (0 ms)
[ RUN      ] SkipListTest.RandomOperations
[       OK ] SkipListTest.RandomOperations (0 ms)
[ RUN      ] SkipListTest.ConcurrentReadWrite
[       OK ] SkipListTest.ConcurrentReadWrite (3 ms)
[----------] 4 tests from SkipListTest (3 ms total)

[----------] Global test environment tear-down
[==========] 4 tests from 1 test suite ran. (3 ms total)
[  PASSED  ] 4 tests.
i
[==========] Running 4 tests from 1 test suite.
[----------] Global test environment set-up.
[----------] 4 tests from SkipListTest
[ RUN      ] SkipListTest.PutAndGet
[       OK ] SkipListTest.PutAndGet (0 ms)
[ RUN      ] SkipListTest.MultipleInsertAndRetrieve
[       OK ] SkipListTest.MultipleInsertAndRetrieve (0 ms)
[ RUN      ] SkipListTest.RandomOperations
[       OK ] SkipListTest.RandomOperations (0 ms)
[ RUN      ] SkipListTest.ConcurrentReadWrite
[       OK ] SkipListTest.ConcurrentReadWrite (3 ms)
[----------] 4 tests from SkipListTest (3 ms total)

[----------] Global test environment tear-down
[==========] 4 tests from 1 test suite ran. (3 ms total)
[  PASSED  ] 4 tests.
i
[==========] Running 4 tests from 1 test suite.
[----------] Global test environment set-up.
[----------] 4 tests from SkipListTest
[ RUN      ] SkipListTest.PutAndGet
[       OK ] SkipListTest.PutAndGet (0 ms)
[ RUN      ] SkipListTest.MultipleInsertAndRetrieve
[       OK ] SkipListTest.MultipleInsertAndRetrieve (0 ms)
[ RUN      ] SkipListTest.RandomOperations
[       OK ] SkipListTest.RandomOperations (0 ms)
[ RUN      ] SkipListTest.ConcurrentReadWrite
[       OK ] SkipListTest.ConcurrentReadWrite (3 ms)
[----------] 4 tests from SkipListTest (3 ms total)

[----------] Global test environment tear-down
[==========] 4 tests from 1 test suite ran. (3 ms total)
[  PASSED  ] 4 tests.
i
[==========] Running 4 tests from 1 test suite.
[----------] Global test environment set-up.
[----------] 4 tests from SkipListTest
[ RUN      ] SkipListTest.PutAndGet
[       OK ] SkipListTest.PutAndGet (0 ms)
[ RUN      ] SkipListTest.MultipleInsertAndRetrieve
[       OK ] SkipListTest.MultipleInsertAndRetrieve (0 ms)
[ RUN      ] SkipListTest.RandomOperations
[       OK ] SkipListTest.RandomOperations (0 ms)
[ RUN      ] SkipListTest.ConcurrentReadWrite
[       OK ] SkipListTest.ConcurrentReadWrite (3 ms)
[----------] 4 tests from SkipListTest (3 ms total)

[----------] Global test environment tear-down
[==========] 4 tests from 1 test suite ran. (3 ms total)
[  PASSED  ] 4 tests.
i
[==========] Running 4 tests from 1 test suite.
[----------] Global test environment set-up.
[----------] 4 tests from SkipListTest
[ RUN      ] SkipListTest.PutAndGet
[       OK ] SkipListTest.PutAndGet (0 ms)
[ RUN      ] SkipListTest.MultipleInsertAndRetrieve
[       OK ] SkipListTest.MultipleInsertAndRetrieve (0 ms)
[ RUN      ] SkipListTest.RandomOperations
[       OK ] SkipListTest.RandomOperations (0 ms)
[ RUN      ] SkipListTest.ConcurrentReadWrite
[       OK ] SkipListTest.ConcurrentReadWrite (3 ms)
[----------] 4 tests from SkipListTest (3 ms total)

[----------] Global test environment tear-down
[==========] 4 tests from 1 test suite ran. (3 ms total)
[  PASSED  ] 4 tests.
i
[==========] Running 4 tests from 1 test suite.
[----------] Global test environment set-up.
[----------] 4 tests from SkipListTest
[ RUN      ] SkipListTest.PutAndGet
[       OK ] SkipListTest.PutAndGet (0 ms)
[ RUN      ] SkipListTest.MultipleInsertAndRetrieve
[       OK ] SkipListTest.MultipleInsertAndRetrieve (0 ms)
[ RUN      ] SkipListTest.RandomOperations
[       OK ] SkipListTest.RandomOperations (0 ms)
[ RUN      ] SkipListTest.ConcurrentReadWrite
[       OK ] SkipListTest.ConcurrentReadWrite (3 ms)
[----------] 4 tests from SkipListTest (3 ms total)

[----------] Global test environment tear-down
[==========] 4 tests from 1 test suite ran. (3 ms total)
[  PASSED  ] 4 tests.
i
[==========] Running 4 tests from 1 test suite.
[----------] Global test environment set-up.
[----------] 4 tests from SkipListTest
[ RUN      ] SkipListTest.PutAndGet
[       OK ] SkipListTest.PutAndGet (0 ms)
[ RUN      ] SkipListTest.MultipleInsertAndRetrieve
[       OK ] SkipListTest.MultipleInsertAndRetrieve (0 ms)
[ RUN      ] SkipListTest.RandomOperations
[       OK ] SkipListTest.RandomOperations (0 ms)
[ RUN      ] SkipListTest.ConcurrentReadWrite
[       OK ] SkipListTest.ConcurrentReadWrite (3 ms)
[----------] 4 tests from SkipListTest (3 ms total)

[----------] Global test environment tear-down
[==========] 4 tests from 1 test suite ran. (3 ms total)
[  PASSED  ] 4 tests.
i
[==========] Running 4 tests from 1 test suite.
[----------] Global test environment set-up.
[----------] 4 tests from SkipListTest
[ RUN      ] SkipListTest.PutAndGet
[       OK ] SkipListTest.PutAndGet (0 ms)
[ RUN      ] SkipListTest.MultipleInsertAndRetrieve
[       OK ] SkipListTest.MultipleInsertAndRetrieve (0 ms)
[ RUN      ] SkipListTest.RandomOperations
[       OK ] SkipListTest.RandomOperations (0 ms)
[ RUN      ] SkipListTest.ConcurrentReadWrite
[       OK ] SkipListTest.ConcurrentReadWrite (3 ms)
[----------] 4 tests from SkipListTest (3 ms total)

[----------] Global test environment tear-down
[==========] 4 tests from 1 test suite ran. (3 ms total)
[  PASSED  ] 4 tests.
i
[==========] Running 4 tests from 1 test suite.
[----------] Global test environment set-up.
[----------] 4 tests from SkipListTest
[ RUN      ] SkipListTest.PutAndGet
[       OK ] SkipListTest.PutAndGet (0 ms)
[ RUN      ] SkipListTest.MultipleInsertAndRetrieve
[       OK ] SkipListTest.MultipleInsertAndRetrieve (0 ms)
[ RUN      ] SkipListTest.RandomOperations
[       OK ] SkipListTest.RandomOperations (0 ms)
[ RUN      ] SkipListTest.ConcurrentReadWrite
[       OK ] SkipListTest.ConcurrentReadWrite (3 ms)
[----------] 4 tests from SkipListTest (3 ms total)

[----------] Global test environment tear-down
[==========] 4 tests from 1 test suite ran. (3 ms total)
[  PASSED  ] 4 tests.
i
[==========] Running 4 tests from 1 test suite.
[----------] Global test environment set-up.
[----------] 4 tests from SkipListTest
[ RUN      ] SkipListTest.PutAndGet
[       OK ] SkipListTest.PutAndGet (0 ms)
[ RUN      ] SkipListTest.MultipleInsertAndRetrieve
[       OK ] SkipListTest.MultipleInsertAndRetrieve (0 ms)
[ RUN      ] SkipListTest.RandomOperations
[       OK ] SkipListTest.RandomOperations (0 ms)
[ RUN      ] SkipListTest.ConcurrentReadWrite
[       OK ] SkipListTest.ConcurrentReadWrite (3 ms)
[----------] 4 tests from SkipListTest (3 ms total)

[----------] Global test environment tear-down
[==========] 4 tests from 1 test suite ran. (3 ms total)
[  PASSED  ] 4 tests.
i
[==========] Running 4 tests from 1 test suite.
[----------] Global test environment set-up.
[----------] 4 tests from SkipListTest
[ RUN      ] SkipListTest.PutAndGet
[       OK ] SkipListTest.PutAndGet (0 ms)
[ RUN      ] SkipListTest.MultipleInsertAndRetrieve
[       OK ] SkipListTest.MultipleInsertAndRetrieve (0 ms)
[ RUN      ] SkipListTest.RandomOperations
[       OK ] SkipListTest.RandomOperations (0 ms)
[ RUN      ] SkipListTest.ConcurrentReadWrite
[       OK ] SkipListTest.ConcurrentReadWrite (3 ms)
[----------] 4 tests from SkipListTest (3 ms total)

[----------] Global test environment tear-down
[==========] 4 tests from 1 test suite ran. (3 ms total)
[  PASSED  ] 4 tests.
i
[==========] Running 4 tests from 1 test suite.
[----------] Global test environment set-up.
[----------] 4 tests from SkipListTest
[ RUN      ] SkipListTest.PutAndGet
[       OK ] SkipListTest.PutAndGet (0 ms)
[ RUN      ] SkipListTest.MultipleInsertAndRetrieve
[       OK ] SkipListTest.MultipleInsertAndRetrieve (0 ms)
[ RUN      ] SkipListTest.RandomOperations
[       OK ] SkipListTest.RandomOperations (0 ms)
[ RUN      ] SkipListTest.ConcurrentReadWrite
[       OK ] SkipListTest.ConcurrentReadWrite (3 ms)
[----------] 4 tests from SkipListTest (3 ms total)

[----------] Global test environment tear-down
[==========] 4 tests from 1 test suite ran. (3 ms total)
[  PASSED  ] 4 tests.
i
[==========] Running 4 tests from 1 test suite.
[----------] Global test environment set-up.
[----------] 4 tests from SkipListTest
[ RUN      ] SkipListTest.PutAndGet
[       OK ] SkipListTest.PutAndGet (0 ms)
[ RUN      ] SkipListTest.MultipleInsertAndRetrieve
[       OK ] SkipListTest.MultipleInsertAndRetrieve (0 ms)
[ RUN      ] SkipListTest.RandomOperations
[       OK ] SkipListTest.RandomOperations (0 ms)
[ RUN      ] SkipListTest.ConcurrentReadWrite
[       OK ] SkipListTest.ConcurrentReadWrite (3 ms)
[----------] 4 tests from SkipListTest (3 ms total)

[----------] Global test environment tear-down
[==========] 4 tests from 1 test suite ran. (3 ms total)
[  PASSED  ] 4 tests.
i
[==========] Running 4 tests from 1 test suite.
[----------] Global test environment set-up.
[----------] 4 tests from SkipListTest
[ RUN      ] SkipListTest.PutAndGet
[       OK ] SkipListTest.PutAndGet (0 ms)
[ RUN      ] SkipListTest.MultipleInsertAndRetrieve
[       OK ] SkipListTest.MultipleInsertAndRetrieve (0 ms)
[ RUN      ] SkipListTest.RandomOperations
[       OK ] SkipListTest.RandomOperations (0 ms)
[ RUN      ] SkipListTest.ConcurrentReadWrite
[       OK ] SkipListTest.ConcurrentReadWrite (3 ms)
[----------] 4 tests from SkipListTest (3 ms total)

[----------] Global test environment tear-down
[==========] 4 tests from 1 test suite ran. (3 ms total)
[  PASSED  ] 4 tests.
i
[==========] Running 4 tests from 1 test suite.
[----------] Global test environment set-up.
[----------] 4 tests from SkipListTest
[ RUN      ] SkipListTest.PutAndGet
[       OK ] SkipListTest.PutAndGet (0 ms)
[ RUN      ] SkipListTest.MultipleInsertAndRetrieve
[       OK ] SkipListTest.MultipleInsertAndRetrieve (0 ms)
[ RUN      ] SkipListTest.RandomOperations
[       OK ] SkipListTest.RandomOperations (0 ms)
[ RUN      ] SkipListTest.ConcurrentReadWrite
[       OK ] SkipListTest.ConcurrentReadWrite (3 ms)
[----------] 4 tests from SkipListTest (3 ms total)

[----------] Global test environment tear-down
[==========] 4 tests from 1 test suite ran. (3 ms total)
[  PASSED  ] 4 tests.
i
[==========] Running 4 tests from 1 test suite.
[----------] Global test environment set-up.
[----------] 4 tests from SkipListTest
[ RUN      ] SkipListTest.PutAndGet
[       OK ] SkipListTest.PutAndGet (0 ms)
[ RUN      ] SkipListTest.MultipleInsertAndRetrieve
[       OK ] SkipListTest.MultipleInsertAndRetrieve (0 ms)
[ RUN      ] SkipListTest.RandomOperations
[       OK ] SkipListTest.RandomOperations (0 ms)
[ RUN      ] SkipListTest.ConcurrentReadWrite
[       OK ] SkipListTest.ConcurrentReadWrite (3 ms)
[----------] 4 tests from SkipListTest (3 ms total)

[----------] Global test environment tear-down
[==========] 4 tests from 1 test suite ran. (3 ms total)
[  PASSED  ] 4 tests.
i
[==========] Running 4 tests from 1 test suite.
[----------] Global test environment set-up.
[----------] 4 tests from SkipListTest
[ RUN      ] SkipListTest.PutAndGet
[       OK ] SkipListTest.PutAndGet (0 ms)
[ RUN      ] SkipListTest.MultipleInsertAndRetrieve
[       OK ] SkipListTest.MultipleInsertAndRetrieve (0 ms)
[ RUN      ] SkipListTest.RandomOperations
[       OK ] SkipListTest.RandomOperations (0 ms)
[ RUN      ] SkipListTest.ConcurrentReadWrite
[       OK ] SkipListTest.ConcurrentReadWrite (3 ms)
[----------] 4 tests from SkipListTest (3 ms total)

[----------] Global test environment tear-down
[==========] 4 tests from 1 test suite ran. (3 ms total)
[  PASSED  ] 4 tests.
i
[==========] Running 4 tests from 1 test suite.
[----------] Global test environment set-up.
[----------] 4 tests from SkipListTest
[ RUN      ] SkipListTest.PutAndGet
[       OK ] SkipListTest.PutAndGet (0 ms)
[ RUN      ] SkipListTest.MultipleInsertAndRetrieve
[       OK ] SkipListTest.MultipleInsertAndRetrieve (0 ms)
[ RUN      ] SkipListTest.RandomOperations
[       OK ] SkipListTest.RandomOperations (0 ms)
[ RUN      ] SkipListTest.ConcurrentReadWrite
[       OK ] SkipListTest.ConcurrentReadWrite (3 ms)
[----------] 4 tests from SkipListTest (3 ms total)

[----------] Global test environment tear-down
[==========] 4 tests from 1 test suite ran. (3 ms total)
[  PASSED  ] 4 tests.
i
[==========] Running 4 tests from 1 test suite.
[----------] Global test environment set-up.
[----------] 4 tests from SkipListTest
[ RUN      ] SkipListTest.PutAndGet
[       OK ] SkipListTest.PutAndGet (0 ms)
[ RUN      ] SkipListTest.MultipleInsertAndRetrieve
[       OK ] SkipListTest.MultipleInsertAndRetrieve (0 ms)
[ RUN      ] SkipListTest.RandomOperations
[       OK ] SkipListTest.RandomOperations (0 ms)
[ RUN      ] SkipListTest.ConcurrentReadWrite
[       OK ] SkipListTest.ConcurrentReadWrite (3 ms)
[----------] 4 tests from SkipListTest (3 ms total)

[----------] Global test environment tear-down
[==========] 4 tests from 1 test suite ran. (3 ms total)
[  PASSED  ] 4 tests.
i
[==========] Running 4 tests from 1 test suite.
[----------] Global test environment set-up.
[----------] 4 tests from SkipListTest
[ RUN      ] SkipListTest.PutAndGet
[       OK ] SkipListTest.PutAndGet (0 ms)
[ RUN      ] SkipListTest.MultipleInsertAndRetrieve
[       OK ] SkipListTest.MultipleInsertAndRetrieve (0 ms)
[ RUN      ] SkipListTest.RandomOperations
[       OK ] SkipListTest.RandomOperations (0 ms)
[ RUN      ] SkipListTest.ConcurrentReadWrite
[       OK ] SkipListTest.ConcurrentReadWrite (3 ms)
[----------] 4 tests from SkipListTest (3 ms total)

[----------] Global test environment tear-down
[==========] 4 tests from 1 test suite ran. (3 ms total)
[  PASSED  ] 4 tests.
i
[==========] Running 4 tests from 1 test suite.
[----------] Global test environment set-up.
[----------] 4 tests from SkipListTest
[ RUN      ] SkipListTest.PutAndGet
[       OK ] SkipListTest.PutAndGet (0 ms)
[ RUN      ] SkipListTest.MultipleInsertAndRetrieve
[       OK ] SkipListTest.MultipleInsertAndRetrieve (0 ms)
[ RUN      ] SkipListTest.RandomOperations
[       OK ] SkipListTest.RandomOperations (0 ms)
[ RUN      ] SkipListTest.ConcurrentReadWrite
[       OK ] SkipListTest.ConcurrentReadWrite (3 ms)
[----------] 4 tests from SkipListTest (3 ms total)

[----------] Global test environment tear-down
[==========] 4 tests from 1 test suite ran. (3 ms total)
[  PASSED  ] 4 tests.
i
[==========] Running 4 tests from 1 test suite.
[----------] Global test environment set-up.
[----------] 4 tests from SkipListTest
[ RUN      ] SkipListTest.PutAndGet
[       OK ] SkipListTest.PutAndGet (0 ms)
[ RUN      ] SkipListTest.MultipleInsertAndRetrieve
[       OK ] SkipListTest.MultipleInsertAndRetrieve (0 ms)
[ RUN      ] SkipListTest.RandomOperations
[       OK ] SkipListTest.RandomOperations (0 ms)
[ RUN      ] SkipListTest.ConcurrentReadWrite
[       OK ] SkipListTest.ConcurrentReadWrite (3 ms)
[----------] 4 tests from SkipListTest (3 ms total)

[----------] Global test environment tear-down
[==========] 4 tests from 1 test suite ran. (3 ms total)
[  PASSED  ] 4 tests.
i
[==========] Running 4 tests from 1 test suite.
[----------] Global test environment set-up.
[----------] 4 tests from SkipListTest
[ RUN      ] SkipListTest.PutAndGet
[       OK ] SkipListTest.PutAndGet (0 ms)
[ RUN      ] SkipListTest.MultipleInsertAndRetrieve
[       OK ] SkipListTest.MultipleInsertAndRetrieve (0 ms)
[ RUN      ] SkipListTest.RandomOperations
[       OK ] SkipListTest.RandomOperations (0 ms)
[ RUN      ] SkipListTest.ConcurrentReadWrite
[       OK ] SkipListTest.ConcurrentReadWrite (3 ms)
[----------] 4 tests from SkipListTest (3 ms total)

[----------] Global test environment tear-down
[==========] 4 tests from 1 test suite ran. (3 ms total)
[  PASSED  ] 4 tests.
i
[==========] Running 4 tests from 1 test suite.
[----------] Global test environment set-up.
[----------] 4 tests from SkipListTest
[ RUN      ] SkipListTest.PutAndGet
[       OK ] SkipListTest.PutAndGet (0 ms)
[ RUN      ] SkipListTest.MultipleInsertAndRetrieve
[       OK ] SkipListTest.MultipleInsertAndRetrieve (0 ms)
[ RUN      ] SkipListTest.RandomOperations
[       OK ] SkipListTest.RandomOperations (0 ms)
[ RUN      ] SkipListTest.ConcurrentReadWrite
[       OK ] SkipListTest.ConcurrentReadWrite (3 ms)
[----------] 4 tests from SkipListTest (3 ms total)

[----------] Global test environment tear-down
[==========] 4 tests from 1 test suite ran. (3 ms total)
[  PASSED  ] 4 tests.
i
[==========] Running 4 tests from 1 test suite.
[----------] Global test environment set-up.
[----------] 4 tests from SkipListTest
[ RUN      ] SkipListTest.PutAndGet
[       OK ] SkipListTest.PutAndGet (0 ms)
[ RUN      ] SkipListTest.MultipleInsertAndRetrieve
[       OK ] SkipListTest.MultipleInsertAndRetrieve (0 ms)
[ RUN      ] SkipListTest.RandomOperations
[       OK ] SkipListTest.RandomOperations (0 ms)
[ RUN      ] SkipListTest.ConcurrentReadWrite
[       OK ] SkipListTest.ConcurrentReadWrite (3 ms)
[----------] 4 tests from SkipListTest (3 ms total)

[----------] Global test environment tear-down
[==========] 4 tests from 1 test suite ran. (3 ms total)
[  PASSED  ] 4 tests.
i
[==========] Running 4 tests from 1 test suite.
[----------] Global test environment set-up.
[----------] 4 tests from SkipListTest
[ RUN      ] SkipListTest.PutAndGet
[       OK ] SkipListTest.PutAndGet (0 ms)
[ RUN      ] SkipListTest.MultipleInsertAndRetrieve
[       OK ] SkipListTest.MultipleInsertAndRetrieve (0 ms)
[ RUN      ] SkipListTest.RandomOperations
[       OK ] SkipListTest.RandomOperations (0 ms)
[ RUN      ] SkipListTest.ConcurrentReadWrite
[       OK ] SkipListTest.ConcurrentReadWrite (3 ms)
[----------] 4 tests from SkipListTest (3 ms total)

[----------] Global test environment tear-down
[==========] 4 tests from 1 test suite ran. (3 ms total)
[  PASSED  ] 4 tests.
i
[==========] Running 4 tests from 1 test suite.
[----------] Global test environment set-up.
[----------] 4 tests from SkipListTest
[ RUN      ] SkipListTest.PutAndGet
[       OK ] SkipListTest.PutAndGet (0 ms)
[ RUN      ] SkipListTest.MultipleInsertAndRetrieve
[       OK ] SkipListTest.MultipleInsertAndRetrieve (0 ms)
[ RUN      ] SkipListTest.RandomOperations
[       OK ] SkipListTest.RandomOperations (0 ms)
[ RUN      ] SkipListTest.ConcurrentReadWrite
[       OK ] SkipListTest.ConcurrentReadWrite (3 ms)
[----------] 4 tests from SkipListTest (3 ms total)

[----------] Global test environment tear-down
[==========] 4 tests from 1 test suite ran. (3 ms total)
[  PASSED  ] 4 tests.
i
[==========] Running 4 tests from 1 test suite.
[----------] Global test environment set-up.
[----------] 4 tests from SkipListTest
[ RUN      ] SkipListTest.PutAndGet
[       OK ] SkipListTest.PutAndGet (0 ms)
[ RUN      ] SkipListTest.MultipleInsertAndRetrieve
[       OK ] SkipListTest.MultipleInsertAndRetrieve (0 ms)
[ RUN      ] SkipListTest.RandomOperations
[       OK ] SkipListTest.RandomOperations (0 ms)
[ RUN      ] SkipListTest.ConcurrentReadWrite
[       OK ] SkipListTest.ConcurrentReadWrite (3 ms)
[----------] 4 tests from SkipListTest (3 ms total)

[----------] Global test environment tear-down
[==========] 4 tests from 1 test suite ran. (3 ms total)
[  PASSED  ] 4 tests.
i
[==========] Running 4 tests from 1 test suite.
[----------] Global test environment set-up.
[----------] 4 tests from SkipListTest
[ RUN      ] SkipListTest.PutAndGet
[       OK ] SkipListTest.PutAndGet (0 ms)
[ RUN      ] SkipListTest.MultipleInsertAndRetrieve
[       OK ] SkipListTest.MultipleInsertAndRetrieve (0 ms)
[ RUN      ] SkipListTest.RandomOperations
[       OK ] SkipListTest.RandomOperations (0 ms)
[ RUN      ] SkipListTest.ConcurrentReadWrite
[       OK ] SkipListTest.ConcurrentReadWrite (3 ms)
[----------] 4 tests from SkipListTest (3 ms total)

[----------] Global test environment tear-down
[==========] 4 tests from 1 test suite ran. (3 ms total)
[  PASSED  ] 4 tests.
i
[==========] Running 4 tests from 1 test suite.
[----------] Global test environment set-up.
[----------] 4 tests from SkipListTest
[ RUN      ] SkipListTest.PutAndGet
[       OK ] SkipListTest.PutAndGet (0 ms)
[ RUN      ] SkipListTest.MultipleInsertAndRetrieve
[       OK ] SkipListTest.MultipleInsertAndRetrieve (0 ms)
[ RUN      ] SkipListTest.RandomOperations
[       OK ] SkipListTest.RandomOperations (0 ms)
[ RUN      ] SkipListTest.ConcurrentReadWrite
[       OK ] SkipListTest.ConcurrentReadWrite (3 ms)
[----------] 4 tests from SkipListTest (3 ms total)

[----------] Global test environment tear-down
[==========] 4 tests from 1 test suite ran. (3 ms total)
[  PASSED  ] 4 tests.
i
[==========] Running 4 tests from 1 test suite.
[----------] Global test environment set-up.
[----------] 4 tests from SkipListTest
[ RUN      ] SkipListTest.PutAndGet
[       OK ] SkipListTest.PutAndGet (0 ms)
[ RUN      ] SkipListTest.MultipleInsertAndRetrieve
[       OK ] SkipListTest.MultipleInsertAndRetrieve (0 ms)
[ RUN      ] SkipListTest.RandomOperations
[       OK ] SkipListTest.RandomOperations (0 ms)
[ RUN      ] SkipListTest.ConcurrentReadWrite
[       OK ] SkipListTest.ConcurrentReadWrite (3 ms)
[----------] 4 tests from SkipListTest (3 ms total)

[----------] Global test environment tear-down
[==========] 4 tests from 1 test suite ran. (3 ms total)
[  PASSED  ] 4 tests.
i
[==========] Running 4 tests from 1 test suite.
[----------] Global test environment set-up.
[----------] 4 tests from SkipListTest
[ RUN      ] SkipListTest.PutAndGet
[       OK ] SkipListTest.PutAndGet (0 ms)
[ RUN      ] SkipListTest.MultipleInsertAndRetrieve
[       OK ] SkipListTest.MultipleInsertAndRetrieve (0 ms)
[ RUN      ] SkipListTest.RandomOperations
[       OK ] SkipListTest.RandomOperations (0 ms)
[ RUN      ] SkipListTest.ConcurrentReadWrite
[       OK ] SkipListTest.ConcurrentReadWrite (3 ms)
[----------] 4 tests from SkipListTest (3 ms total)

[----------] Global test environment tear-down
[==========] 4 tests from 1 test suite ran. (3 ms total)
[  PASSED  ] 4 tests.
i
[==========] Running 4 tests from 1 test suite.
[----------] Global test environment set-up.
[----------] 4 tests from SkipListTest
[ RUN      ] SkipListTest.PutAndGet
[       OK ] SkipListTest.PutAndGet (0 ms)
[ RUN      ] SkipListTest.MultipleInsertAndRetrieve
[       OK ] SkipListTest.MultipleInsertAndRetrieve (0 ms)
[ RUN      ] SkipListTest.RandomOperations
[       OK ] SkipListTest.RandomOperations (0 ms)
[ RUN      ] SkipListTest.ConcurrentReadWrite
[       OK ] SkipListTest.ConcurrentReadWrite (3 ms)
[----------] 4 tests from SkipListTest (3 ms total)

[----------] Global test environment tear-down
[==========] 4 tests from 1 test suite ran. (3 ms total)
[  PASSED  ] 4 tests.
i
[==========] Running 4 tests from 1 test suite.
[----------] Global test environment set-up.
[----------] 4 tests from SkipListTest
[ RUN      ] SkipListTest.PutAndGet
[       OK ] SkipListTest.PutAndGet (0 ms)
[ RUN      ] SkipListTest.MultipleInsertAndRetrieve
[       OK ] SkipListTest.MultipleInsertAndRetrieve (0 ms)
[ RUN      ] SkipListTest.RandomOperations
[       OK ] SkipListTest.RandomOperations (0 ms)
[ RUN      ] SkipListTest.ConcurrentReadWrite
[       OK ] SkipListTest.ConcurrentReadWrite (3 ms)
[----------] 4 tests from SkipListTest (3 ms total)

[----------] Global test environment tear-down
[==========] 4 tests from 1 test suite ran. (3 ms total)
[  PASSED  ] 4 tests.
i
[==========] Running 4 tests from 1 test suite.
[----------] Global test environment set-up.
[----------] 4 tests from SkipListTest
[ RUN      ] SkipListTest.PutAndGet
[       OK ] SkipListTest.PutAndGet (0 ms)
[ RUN      ] SkipListTest.MultipleInsertAndRetrieve
[       OK ] SkipListTest.MultipleInsertAndRetrieve (0 ms)
[ RUN      ] SkipListTest.RandomOperations
[       OK ] SkipListTest.RandomOperations (0 ms)
[ RUN      ] SkipListTest.ConcurrentReadWrite
[       OK ] SkipListTest.ConcurrentReadWrite (3 ms)
[----------] 4 tests from SkipListTest (3 ms total)

[----------] Global test environment tear-down
[==========] 4 tests from 1 test suite ran. (3 ms total)
[  PASSED  ] 4 tests.
i
[==========] Running 4 tests from 1 test suite.
[----------] Global test environment set-up.
[----------] 4 tests from SkipListTest
[ RUN      ] SkipListTest.PutAndGet
[       OK ] SkipListTest.PutAndGet (0 ms)
[ RUN      ] SkipListTest.MultipleInsertAndRetrieve
[       OK ] SkipListTest.MultipleInsertAndRetrieve (0 ms)
[ RUN      ] SkipListTest.RandomOperations
[       OK ] SkipListTest.RandomOperations (0 ms)
[ RUN      ] SkipListTest.ConcurrentReadWrite
[       OK ] SkipListTest.ConcurrentReadWrite (2 ms)
[----------] 4 tests from SkipListTest (3 ms total)

[----------] Global test environment tear-down
[==========] 4 tests from 1 test suite ran. (3 ms total)
[  PASSED  ] 4 tests.
i
[==========] Running 4 tests from 1 test suite.
[----------] Global test environment set-up.
[----------] 4 tests from SkipListTest
[ RUN      ] SkipListTest.PutAndGet
[       OK ] SkipListTest.PutAndGet (0 ms)
[ RUN      ] SkipListTest.MultipleInsertAndRetrieve
[       OK ] SkipListTest.MultipleInsertAndRetrieve (0 ms)
[ RUN      ] SkipListTest.RandomOperations
[       OK ] SkipListTest.RandomOperations (0 ms)
[ RUN      ] SkipListTest.ConcurrentReadWrite
[       OK ] SkipListTest.ConcurrentReadWrite (3 ms)
[----------] 4 tests from SkipListTest (3 ms total)

[----------] Global test environment tear-down
[==========] 4 tests from 1 test suite ran. (3 ms total)
[  PASSED  ] 4 tests.
i
[==========] Running 4 tests from 1 test suite.
[----------] Global test environment set-up.
[----------] 4 tests from SkipListTest
[ RUN      ] SkipListTest.PutAndGet
[       OK ] SkipListTest.PutAndGet (0 ms)
[ RUN      ] SkipListTest.MultipleInsertAndRetrieve
[       OK ] SkipListTest.MultipleInsertAndRetrieve (0 ms)
[ RUN      ] SkipListTest.RandomOperations
[       OK ] SkipListTest.RandomOperations (0 ms)
[ RUN      ] SkipListTest.ConcurrentReadWrite
[       OK ] SkipListTest.ConcurrentReadWrite (3 ms)
[----------] 4 tests from SkipListTest (3 ms total)

[----------] Global test environment tear-down
[==========] 4 tests from 1 test suite ran. (3 ms total)
[  PASSED  ] 4 tests.
i
[==========] Running 4 tests from 1 test suite.
[----------] Global test environment set-up.
[----------] 4 tests from SkipListTest
[ RUN      ] SkipListTest.PutAndGet
[       OK ] SkipListTest.PutAndGet (0 ms)
[ RUN      ] SkipListTest.MultipleInsertAndRetrieve
[       OK ] SkipListTest.MultipleInsertAndRetrieve (0 ms)
[ RUN      ] SkipListTest.RandomOperations
[       OK ] SkipListTest.RandomOperations (0 ms)
[ RUN      ] SkipListTest.ConcurrentReadWrite
[       OK ] SkipListTest.ConcurrentReadWrite (3 ms)
[----------] 4 tests from SkipListTest (3 ms total)

[----------] Global test environment tear-down
[==========] 4 tests from 1 test suite ran. (3 ms total)
[  PASSED  ] 4 tests.
i
[==========] Running 4 tests from 1 test suite.
[----------] Global test environment set-up.
[----------] 4 tests from SkipListTest
[ RUN      ] SkipListTest.PutAndGet
[       OK ] SkipListTest.PutAndGet (0 ms)
[ RUN      ] SkipListTest.MultipleInsertAndRetrieve
[       OK ] SkipListTest.MultipleInsertAndRetrieve (0 ms)
[ RUN      ] SkipListTest.RandomOperations
[       OK ] SkipListTest.RandomOperations (0 ms)
[ RUN      ] SkipListTest.ConcurrentReadWrite
[       OK ] SkipListTest.ConcurrentReadWrite (3 ms)
[----------] 4 tests from SkipListTest (3 ms total)

[----------] Global test environment tear-down
[==========] 4 tests from 1 test suite ran. (3 ms total)
[  PASSED  ] 4 tests.
i
[==========] Running 4 tests from 1 test suite.
[----------] Global test environment set-up.
[----------] 4 tests from SkipListTest
[ RUN      ] SkipListTest.PutAndGet
[       OK ] SkipListTest.PutAndGet (0 ms)
[ RUN      ] SkipListTest.MultipleInsertAndRetrieve
[       OK ] SkipListTest.MultipleInsertAndRetrieve (0 ms)
[ RUN      ] SkipListTest.RandomOperations
[       OK ] SkipListTest.RandomOperations (0 ms)
[ RUN      ] SkipListTest.ConcurrentReadWrite
[       OK ] SkipListTest.ConcurrentReadWrite (3 ms)
[----------] 4 tests from SkipListTest (3 ms total)

[----------] Global test environment tear-down
[==========] 4 tests from 1 test suite ran. (3 ms total)
[  PASSED  ] 4 tests.
i
[==========] Running 4 tests from 1 test suite.
[----------] Global test environment set-up.
[----------] 4 tests from SkipListTest
[ RUN      ] SkipListTest.PutAndGet
[       OK ] SkipListTest.PutAndGet (0 ms)
[ RUN      ] SkipListTest.MultipleInsertAndRetrieve
[       OK ] SkipListTest.MultipleInsertAndRetrieve (0 ms)
[ RUN      ] SkipListTest.RandomOperations
[       OK ] SkipListTest.RandomOperations (0 ms)
[ RUN      ] SkipListTest.ConcurrentReadWrite
[       OK ] SkipListTest.ConcurrentReadWrite (3 ms)
[----------] 4 tests from SkipListTest (3 ms total)

[----------] Global test environment tear-down
[==========] 4 tests from 1 test suite ran. (3 ms total)
[  PASSED  ] 4 tests.
i
[==========] Running 4 tests from 1 test suite.
[----------] Global test environment set-up.
[----------] 4 tests from SkipListTest
[ RUN      ] SkipListTest.PutAndGet
[       OK ] SkipListTest.PutAndGet (0 ms)
[ RUN      ] SkipListTest.MultipleInsertAndRetrieve
[       OK ] SkipListTest.MultipleInsertAndRetrieve (0 ms)
[ RUN      ] SkipListTest.RandomOperations
[       OK ] SkipListTest.RandomOperations (0 ms)
[ RUN      ] SkipListTest.ConcurrentReadWrite
[       OK ] SkipListTest.ConcurrentReadWrite (3 ms)
[----------] 4 tests from SkipListTest (3 ms total)

[----------] Global test environment tear-down
[==========] 4 tests from 1 test suite ran. (3 ms total)
[  PASSED  ] 4 tests.
i
[==========] Running 4 tests from 1 test suite.
[----------] Global test environment set-up.
[----------] 4 tests from SkipListTest
[ RUN      ] SkipListTest.PutAndGet
[       OK ] SkipListTest.PutAndGet (0 ms)
[ RUN      ] SkipListTest.MultipleInsertAndRetrieve
[       OK ] SkipListTest.MultipleInsertAndRetrieve (0 ms)
[ RUN      ] SkipListTest.RandomOperations
[       OK ] SkipListTest.RandomOperations (0 ms)
[ RUN      ] SkipListTest.ConcurrentReadWrite
[       OK ] SkipListTest.ConcurrentReadWrite (3 ms)
[----------] 4 tests from SkipListTest (3 ms total)

[----------] Global test environment tear-down
[==========] 4 tests from 1 test suite ran. (3 ms total)
[  PASSED  ] 4 tests.
i
[==========] Running 4 tests from 1 test suite.
[----------] Global test environment set-up.
[----------] 4 tests from SkipListTest
[ RUN      ] SkipListTest.PutAndGet
[       OK ] SkipListTest.PutAndGet (0 ms)
[ RUN      ] SkipListTest.MultipleInsertAndRetrieve
[       OK ] SkipListTest.MultipleInsertAndRetrieve (0 ms)
[ RUN      ] SkipListTest.RandomOperations
[       OK ] SkipListTest.RandomOperations (0 ms)
[ RUN      ] SkipListTest.ConcurrentReadWrite
[       OK ] SkipListTest.ConcurrentReadWrite (3 ms)
[----------] 4 tests from SkipListTest (3 ms total)

[----------] Global test environment tear-down
[==========] 4 tests from 1 test suite ran. (3 ms total)
[  PASSED  ] 4 tests.
i
[==========] Running 4 tests from 1 test suite.
[----------] Global test environment set-up.
[----------] 4 tests from SkipListTest
[ RUN      ] SkipListTest.PutAndGet
[       OK ] SkipListTest.PutAndGet (0 ms)
[ RUN      ] SkipListTest.MultipleInsertAndRetrieve
[       OK ] SkipListTest.MultipleInsertAndRetrieve (0 ms)
[ RUN      ] SkipListTest.RandomOperations
[       OK ] SkipListTest.RandomOperations (0 ms)
[ RUN      ] SkipListTest.ConcurrentReadWrite
[       OK ] SkipListTest.ConcurrentReadWrite (3 ms)
[----------] 4 tests from SkipListTest (3 ms total)

[----------] Global test environment tear-down
[==========] 4 tests from 1 test suite ran. (3 ms total)
[  PASSED  ] 4 tests.
i
[==========] Running 4 tests from 1 test suite.
[----------] Global test environment set-up.
[----------] 4 tests from SkipListTest
[ RUN      ] SkipListTest.PutAndGet
[       OK ] SkipListTest.PutAndGet (0 ms)
[ RUN      ] SkipListTest.MultipleInsertAndRetrieve
[       OK ] SkipListTest.MultipleInsertAndRetrieve (0 ms)
[ RUN      ] SkipListTest.RandomOperations
[       OK ] SkipListTest.RandomOperations (0 ms)
[ RUN      ] SkipListTest.ConcurrentReadWrite
[       OK ] SkipListTest.ConcurrentReadWrite (3 ms)
[----------] 4 tests from SkipListTest (3 ms total)

[----------] Global test environment tear-down
[==========] 4 tests from 1 test suite ran. (3 ms total)
[  PASSED  ] 4 tests.
i
[==========] Running 4 tests from 1 test suite.
[----------] Global test environment set-up.
[----------] 4 tests from SkipListTest
[ RUN      ] SkipListTest.PutAndGet
[       OK ] SkipListTest.PutAndGet (0 ms)
[ RUN      ] SkipListTest.MultipleInsertAndRetrieve
[       OK ] SkipListTest.MultipleInsertAndRetrieve (0 ms)
[ RUN      ] SkipListTest.RandomOperations
[       OK ] SkipListTest.RandomOperations (0 ms)
[ RUN      ] SkipListTest.ConcurrentReadWrite
[       OK ] SkipListTest.ConcurrentReadWrite (3 ms)
[----------] 4 tests from SkipListTest (3 ms total)

[----------] Global test environment tear-down
[==========] 4 tests from 1 test suite ran. (3 ms total)
[  PASSED  ] 4 tests.
i
[==========] Running 4 tests from 1 test suite.
[----------] Global test environment set-up.
[----------] 4 tests from SkipListTest
[ RUN      ] SkipListTest.PutAndGet
[       OK ] SkipListTest.PutAndGet (0 ms)
[ RUN      ] SkipListTest.MultipleInsertAndRetrieve
[       OK ] SkipListTest.MultipleInsertAndRetrieve (0 ms)
[ RUN      ] SkipListTest.RandomOperations
[       OK ] SkipListTest.RandomOperations (0 ms)
[ RUN      ] SkipListTest.ConcurrentReadWrite
[       OK ] SkipListTest.ConcurrentReadWrite (3 ms)
[----------] 4 tests from SkipListTest (3 ms total)

[----------] Global test environment tear-down
[==========] 4 tests from 1 test suite ran. (3 ms total)
[  PASSED  ] 4 tests.
i
[==========] Running 4 tests from 1 test suite.
[----------] Global test environment set-up.
[----------] 4 tests from SkipListTest
[ RUN      ] SkipListTest.PutAndGet
[       OK ] SkipListTest.PutAndGet (0 ms)
[ RUN      ] SkipListTest.MultipleInsertAndRetrieve
[       OK ] SkipListTest.MultipleInsertAndRetrieve (0 ms)
[ RUN      ] SkipListTest.RandomOperations
[       OK ] SkipListTest.RandomOperations (0 ms)
[ RUN      ] SkipListTest.ConcurrentReadWrite
[       OK ] SkipListTest.ConcurrentReadWrite (3 ms)
[----------] 4 tests from SkipListTest (3 ms total)

[----------] Global test environment tear-down
[==========] 4 tests from 1 test suite ran. (3 ms total)
[  PASSED  ] 4 tests.
i
[==========] Running 4 tests from 1 test suite.
[----------] Global test environment set-up.
[----------] 4 tests from SkipListTest
[ RUN      ] SkipListTest.PutAndGet
[       OK ] SkipListTest.PutAndGet (0 ms)
[ RUN      ] SkipListTest.MultipleInsertAndRetrieve
[       OK ] SkipListTest.MultipleInsertAndRetrieve (0 ms)
[ RUN      ] SkipListTest.RandomOperations
[       OK ] SkipListTest.RandomOperations (0 ms)
[ RUN      ] SkipListTest.ConcurrentReadWrite
[       OK ] SkipListTest.ConcurrentReadWrite (3 ms)
[----------] 4 tests from SkipListTest (3 ms total)

[----------] Global test environment tear-down
[==========] 4 tests from 1 test suite ran. (3 ms total)
[  PASSED  ] 4 tests.
i
[==========] Running 4 tests from 1 test suite.
[----------] Global test environment set-up.
[----------] 4 tests from SkipListTest
[ RUN      ] SkipListTest.PutAndGet
[       OK ] SkipListTest.PutAndGet (0 ms)
[ RUN      ] SkipListTest.MultipleInsertAndRetrieve
[       OK ] SkipListTest.MultipleInsertAndRetrieve (0 ms)
[ RUN      ] SkipListTest.RandomOperations
[       OK ] SkipListTest.RandomOperations (0 ms)
[ RUN      ] SkipListTest.ConcurrentReadWrite
[       OK ] SkipListTest.ConcurrentReadWrite (3 ms)
[----------] 4 tests from SkipListTest (3 ms total)

[----------] Global test environment tear-down
[==========] 4 tests from 1 test suite ran. (3 ms total)
[  PASSED  ] 4 tests.
i
[==========] Running 4 tests from 1 test suite.
[----------] Global test environment set-up.
[----------] 4 tests from SkipListTest
[ RUN      ] SkipListTest.PutAndGet
[       OK ] SkipListTest.PutAndGet (0 ms)
[ RUN      ] SkipListTest.MultipleInsertAndRetrieve
[       OK ] SkipListTest.MultipleInsertAndRetrieve (0 ms)
[ RUN      ] SkipListTest.RandomOperations
[       OK ] SkipListTest.RandomOperations (0 ms)
[ RUN      ] SkipListTest.ConcurrentReadWrite
[       OK ] SkipListTest.ConcurrentReadWrite (3 ms)
[----------] 4 tests from SkipListTest (3 ms total)

[----------] Global test environment tear-down
[==========] 4 tests from 1 test suite ran. (3 ms total)
[  PASSED  ] 4 tests.
i
[==========] Running 4 tests from 1 test suite.
[----------] Global test environment set-up.
[----------] 4 tests from SkipListTest
[ RUN      ] SkipListTest.PutAndGet
[       OK ] SkipListTest.PutAndGet (0 ms)
[ RUN      ] SkipListTest.MultipleInsertAndRetrieve
[       OK ] SkipListTest.MultipleInsertAndRetrieve (0 ms)
[ RUN      ] SkipListTest.RandomOperations
[       OK ] SkipListTest.RandomOperations (0 ms)
[ RUN      ] SkipListTest.ConcurrentReadWrite
[       OK ] SkipListTest.ConcurrentReadWrite (3 ms)
[----------] 4 tests from SkipListTest (3 ms total)

[----------] Global test environment tear-down
[==========] 4 tests from 1 test suite ran. (3 ms total)
[  PASSED  ] 4 tests.
i
[==========] Running 4 tests from 1 test suite.
[----------] Global test environment set-up.
[----------] 4 tests from SkipListTest
[ RUN      ] SkipListTest.PutAndGet
[       OK ] SkipListTest.PutAndGet (0 ms)
[ RUN      ] SkipListTest.MultipleInsertAndRetrieve
[       OK ] SkipListTest.MultipleInsertAndRetrieve (0 ms)
[ RUN      ] SkipListTest.RandomOperations
[       OK ] SkipListTest.RandomOperations (0 ms)
[ RUN      ] SkipListTest.ConcurrentReadWrite
[       OK ] SkipListTest.ConcurrentReadWrite (3 ms)
[----------] 4 tests from SkipListTest (3 ms total)

[----------] Global test environment tear-down
[==========] 4 tests from 1 test suite ran. (3 ms total)
[  PASSED  ] 4 tests.
i
[==========] Running 4 tests from 1 test suite.
[----------] Global test environment set-up.
[----------] 4 tests from SkipListTest
[ RUN      ] SkipListTest.PutAndGet
[       OK ] SkipListTest.PutAndGet (0 ms)
[ RUN      ] SkipListTest.MultipleInsertAndRetrieve
[       OK ] SkipListTest.MultipleInsertAndRetrieve (0 ms)
[ RUN      ] SkipListTest.RandomOperations
[       OK ] SkipListTest.RandomOperations (0 ms)
[ RUN      ] SkipListTest.ConcurrentReadWrite
[       OK ] SkipListTest.ConcurrentReadWrite (3 ms)
[----------] 4 tests from SkipListTest (3 ms total)

[----------] Global test environment tear-down
[==========] 4 tests from 1 test suite ran. (3 ms total)
[  PASSED  ] 4 tests.
i
[==========] Running 4 tests from 1 test suite.
[----------] Global test environment set-up.
[----------] 4 tests from SkipListTest
[ RUN      ] SkipListTest.PutAndGet
[       OK ] SkipListTest.PutAndGet (0 ms)
[ RUN      ] SkipListTest.MultipleInsertAndRetrieve
[       OK ] SkipListTest.MultipleInsertAndRetrieve (0 ms)
[ RUN      ] SkipListTest.RandomOperations
[       OK ] SkipListTest.RandomOperations (0 ms)
[ RUN      ] SkipListTest.ConcurrentReadWrite
[       OK ] SkipListTest.ConcurrentReadWrite (3 ms)
[----------] 4 tests from SkipListTest (3 ms total)

[----------] Global test environment tear-down
[==========] 4 tests from 1 test suite ran. (3 ms total)
[  PASSED  ] 4 tests.
i
[==========] Running 4 tests from 1 test suite.
[----------] Global test environment set-up.
[----------] 4 tests from SkipListTest
[ RUN      ] SkipListTest.PutAndGet
[       OK ] SkipListTest.PutAndGet (0 ms)
[ RUN      ] SkipListTest.MultipleInsertAndRetrieve
[       OK ] SkipListTest.MultipleInsertAndRetrieve (0 ms)
[ RUN      ] SkipListTest.RandomOperations
[       OK ] SkipListTest.RandomOperations (0 ms)
[ RUN      ] SkipListTest.ConcurrentReadWrite
[       OK ] SkipListTest.ConcurrentReadWrite (3 ms)
[----------] 4 tests from SkipListTest (3 ms total)

[----------] Global test environment tear-down
[==========] 4 tests from 1 test suite ran. (3 ms total)
[  PASSED  ] 4 tests.
i
[==========] Running 4 tests from 1 test suite.
[----------] Global test environment set-up.
[----------] 4 tests from SkipListTest
[ RUN      ] SkipListTest.PutAndGet
[       OK ] SkipListTest.PutAndGet (0 ms)
[ RUN      ] SkipListTest.MultipleInsertAndRetrieve
[       OK ] SkipListTest.MultipleInsertAndRetrieve (0 ms)
[ RUN      ] SkipListTest.RandomOperations
[       OK ] SkipListTest.RandomOperations (0 ms)
[ RUN      ] SkipListTest.ConcurrentReadWrite
[       OK ] SkipListTest.ConcurrentReadWrite (3 ms)
[----------] 4 tests from SkipListTest (3 ms total)

[----------] Global test environment tear-down
[==========] 4 tests from 1 test suite ran. (3 ms total)
[  PASSED  ] 4 tests.
i
[==========] Running 4 tests from 1 test suite.
[----------] Global test environment set-up.
[----------] 4 tests from SkipListTest
[ RUN      ] SkipListTest.PutAndGet
[       OK ] SkipListTest.PutAndGet (0 ms)
[ RUN      ] SkipListTest.MultipleInsertAndRetrieve
[       OK ] SkipListTest.MultipleInsertAndRetrieve (0 ms)
[ RUN      ] SkipListTest.RandomOperations
[       OK ] SkipListTest.RandomOperations (0 ms)
[ RUN      ] SkipListTest.ConcurrentReadWrite
[       OK ] SkipListTest.ConcurrentReadWrite (3 ms)
[----------] 4 tests from SkipListTest (3 ms total)

[----------] Global test environment tear-down
[==========] 4 tests from 1 test suite ran. (3 ms total)
[  PASSED  ] 4 tests.
i
[==========] Running 4 tests from 1 test suite.
[----------] Global test environment set-up.
[----------] 4 tests from SkipListTest
[ RUN      ] SkipListTest.PutAndGet
[       OK ] SkipListTest.PutAndGet (0 ms)
[ RUN      ] SkipListTest.MultipleInsertAndRetrieve
[       OK ] SkipListTest.MultipleInsertAndRetrieve (0 ms)
[ RUN      ] SkipListTest.RandomOperations
[       OK ] SkipListTest.RandomOperations (0 ms)
[ RUN      ] SkipListTest.ConcurrentReadWrite
[       OK ] SkipListTest.ConcurrentReadWrite (3 ms)
[----------] 4 tests from SkipListTest (3 ms total)

[----------] Global test environment tear-down
[==========] 4 tests from 1 test suite ran. (3 ms total)
[  PASSED  ] 4 tests.
i
[==========] Running 4 tests from 1 test suite.
[----------] Global test environment set-up.
[----------] 4 tests from SkipListTest
[ RUN      ] SkipListTest.PutAndGet
[       OK ] SkipListTest.PutAndGet (0 ms)
[ RUN      ] SkipListTest.MultipleInsertAndRetrieve
[       OK ] SkipListTest.MultipleInsertAndRetrieve (0 ms)
[ RUN      ] SkipListTest.RandomOperations
[       OK ] SkipListTest.RandomOperations (0 ms)
[ RUN      ] SkipListTest.ConcurrentReadWrite
[       OK ] SkipListTest.ConcurrentReadWrite (3 ms)
[----------] 4 tests from SkipListTest (3 ms total)

[----------] Global test environment tear-down
[==========] 4 tests from 1 test suite ran. (3 ms total)
[  PASSED  ] 4 tests.
i
[==========] Running 4 tests from 1 test suite.
[----------] Global test environment set-up.
[----------] 4 tests from SkipListTest
[ RUN      ] SkipListTest.PutAndGet
[       OK ] SkipListTest.PutAndGet (0 ms)
[ RUN      ] SkipListTest.MultipleInsertAndRetrieve
[       OK ] SkipListTest.MultipleInsertAndRetrieve (0 ms)
[ RUN      ] SkipListTest.RandomOperations
[       OK ] SkipListTest.RandomOperations (0 ms)
[ RUN      ] SkipListTest.ConcurrentReadWrite
[       OK ] SkipListTest.ConcurrentReadWrite (3 ms)
[----------] 4 tests from SkipListTest (3 ms total)

[----------] Global test environment tear-down
[==========] 4 tests from 1 test suite ran. (3 ms total)
[  PASSED  ] 4 tests.
i
[==========] Running 4 tests from 1 test suite.
[----------] Global test environment set-up.
[----------] 4 tests from SkipListTest
[ RUN      ] SkipListTest.PutAndGet
[       OK ] SkipListTest.PutAndGet (0 ms)
[ RUN      ] SkipListTest.MultipleInsertAndRetrieve
[       OK ] SkipListTest.MultipleInsertAndRetrieve (0 ms)
[ RUN      ] SkipListTest.RandomOperations
[       OK ] SkipListTest.RandomOperations (0 ms)
[ RUN      ] SkipListTest.ConcurrentReadWrite
[       OK ] SkipListTest.ConcurrentReadWrite (3 ms)
[----------] 4 tests from SkipListTest (3 ms total)

[----------] Global test environment tear-down
[==========] 4 tests from 1 test suite ran. (3 ms total)
[  PASSED  ] 4 tests.
i
[==========] Running 4 tests from 1 test suite.
[----------] Global test environment set-up.
[----------] 4 tests from SkipListTest
[ RUN      ] SkipListTest.PutAndGet
[       OK ] SkipListTest.PutAndGet (0 ms)
[ RUN      ] SkipListTest.MultipleInsertAndRetrieve
[       OK ] SkipListTest.MultipleInsertAndRetrieve (0 ms)
[ RUN      ] SkipListTest.RandomOperations
[       OK ] SkipListTest.RandomOperations (0 ms)
[ RUN      ] SkipListTest.ConcurrentReadWrite
[       OK ] SkipListTest.ConcurrentReadWrite (3 ms)
[----------] 4 tests from SkipListTest (3 ms total)

[----------] Global test environment tear-down
[==========] 4 tests from 1 test suite ran. (3 ms total)
[  PASSED  ] 4 tests.
i
[==========] Running 4 tests from 1 test suite.
[----------] Global test environment set-up.
[----------] 4 tests from SkipListTest
[ RUN      ] SkipListTest.PutAndGet
[       OK ] SkipListTest.PutAndGet (0 ms)
[ RUN      ] SkipListTest.MultipleInsertAndRetrieve
[       OK ] SkipListTest.MultipleInsertAndRetrieve (0 ms)
[ RUN      ] SkipListTest.RandomOperations
[       OK ] SkipListTest.RandomOperations (0 ms)
[ RUN      ] SkipListTest.ConcurrentReadWrite
[       OK ] SkipListTest.ConcurrentReadWrite (3 ms)
[----------] 4 tests from SkipListTest (3 ms total)

[----------] Global test environment tear-down
[==========] 4 tests from 1 test suite ran. (3 ms total)
[  PASSED  ] 4 tests.
i
[==========] Running 4 tests from 1 test suite.
[----------] Global test environment set-up.
[----------] 4 tests from SkipListTest
[ RUN      ] SkipListTest.PutAndGet
[       OK ] SkipListTest.PutAndGet (0 ms)
[ RUN      ] SkipListTest.MultipleInsertAndRetrieve
[       OK ] SkipListTest.MultipleInsertAndRetrieve (0 ms)
[ RUN      ] SkipListTest.RandomOperations
[       OK ] SkipListTest.RandomOperations (0 ms)
[ RUN      ] SkipListTest.ConcurrentReadWrite
[       OK ] SkipListTest.ConcurrentReadWrite (3 ms)
[----------] 4 tests from SkipListTest (3 ms total)

[----------] Global test environment tear-down
[==========] 4 tests from 1 test suite ran. (3 ms total)
[  PASSED  ] 4 tests.
i
[==========] Running 4 tests from 1 test suite.
[----------] Global test environment set-up.
[----------] 4 tests from SkipListTest
[ RUN      ] SkipListTest.PutAndGet
[       OK ] SkipListTest.PutAndGet (0 ms)
[ RUN      ] SkipListTest.MultipleInsertAndRetrieve
[       OK ] SkipListTest.MultipleInsertAndRetrieve (0 ms)
[ RUN      ] SkipListTest.RandomOperations
[       OK ] SkipListTest.RandomOperations (0 ms)
[ RUN      ] SkipListTest.ConcurrentReadWrite
[       OK ] SkipListTest.ConcurrentReadWrite (3 ms)
[----------] 4 tests from SkipListTest (3 ms total)

[----------] Global test environment tear-down
[==========] 4 tests from 1 test suite ran. (3 ms total)
[  PASSED  ] 4 tests.
i
[==========] Running 4 tests from 1 test suite.
[----------] Global test environment set-up.
[----------] 4 tests from SkipListTest
[ RUN      ] SkipListTest.PutAndGet
[       OK ] SkipListTest.PutAndGet (0 ms)
[ RUN      ] SkipListTest.MultipleInsertAndRetrieve
[       OK ] SkipListTest.MultipleInsertAndRetrieve (0 ms)
[ RUN      ] SkipListTest.RandomOperations
[       OK ] SkipListTest.RandomOperations (0 ms)
[ RUN      ] SkipListTest.ConcurrentReadWrite
[       OK ] SkipListTest.ConcurrentReadWrite (3 ms)
[----------] 4 tests from SkipListTest (3 ms total)

[----------] Global test environment tear-down
[==========] 4 tests from 1 test suite ran. (3 ms total)
[  PASSED  ] 4 tests.
i
[==========] Running 4 tests from 1 test suite.
[----------] Global test environment set-up.
[----------] 4 tests from SkipListTest
[ RUN      ] SkipListTest.PutAndGet
[       OK ] SkipListTest.PutAndGet (0 ms)
[ RUN      ] SkipListTest.MultipleInsertAndRetrieve
[       OK ] SkipListTest.MultipleInsertAndRetrieve (0 ms)
[ RUN      ] SkipListTest.RandomOperations
[       OK ] SkipListTest.RandomOperations (0 ms)
[ RUN      ] SkipListTest.ConcurrentReadWrite
[       OK ] SkipListTest.ConcurrentReadWrite (3 ms)
[----------] 4 tests from SkipListTest (3 ms total)

[----------] Global test environment tear-down
[==========] 4 tests from 1 test suite ran. (3 ms total)
[  PASSED  ] 4 tests.
i
[==========] Running 4 tests from 1 test suite.
[----------] Global test environment set-up.
[----------] 4 tests from SkipListTest
[ RUN      ] SkipListTest.PutAndGet
[       OK ] SkipListTest.PutAndGet (0 ms)
[ RUN      ] SkipListTest.MultipleInsertAndRetrieve
[       OK ] SkipListTest.MultipleInsertAndRetrieve (0 ms)
[ RUN      ] SkipListTest.RandomOperations
[       OK ] SkipListTest.RandomOperations (0 ms)
[ RUN      ] SkipListTest.ConcurrentReadWrite
[       OK ] SkipListTest.ConcurrentReadWrite (3 ms)
[----------] 4 tests from SkipListTest (3 ms total)

[----------] Global test environment tear-down
[==========] 4 tests from 1 test suite ran. (3 ms total)
[  PASSED  ] 4 tests.
i
[==========] Running 4 tests from 1 test suite.
[----------] Global test environment set-up.
[----------] 4 tests from SkipListTest
[ RUN      ] SkipListTest.PutAndGet
[       OK ] SkipListTest.PutAndGet (0 ms)
[ RUN      ] SkipListTest.MultipleInsertAndRetrieve
[       OK ] SkipListTest.MultipleInsertAndRetrieve (0 ms)
[ RUN      ] SkipListTest.RandomOperations
[       OK ] SkipListTest.RandomOperations (0 ms)
[ RUN      ] SkipListTest.ConcurrentReadWrite
[       OK ] SkipListTest.ConcurrentReadWrite (3 ms)
[----------] 4 tests from SkipListTest (3 ms total)

[----------] Global test environment tear-down
[==========] 4 tests from 1 test suite ran. (3 ms total)
[  PASSED  ] 4 tests.
i
[==========] Running 4 tests from 1 test suite.
[----------] Global test environment set-up.
[----------] 4 tests from SkipListTest
[ RUN      ] SkipListTest.PutAndGet
[       OK ] SkipListTest.PutAndGet (0 ms)
[ RUN      ] SkipListTest.MultipleInsertAndRetrieve
[       OK ] SkipListTest.MultipleInsertAndRetrieve (0 ms)
[ RUN      ] SkipListTest.RandomOperations
[       OK ] SkipListTest.RandomOperations (0 ms)
[ RUN      ] SkipListTest.ConcurrentReadWrite
[       OK ] SkipListTest.ConcurrentReadWrite (3 ms)
[----------] 4 tests from SkipListTest (3 ms total)

[----------] Global test environment tear-down
[==========] 4 tests from 1 test suite ran. (3 ms total)
[  PASSED  ] 4 tests.
i
[==========] Running 4 tests from 1 test suite.
[----------] Global test environment set-up.
[----------] 4 tests from SkipListTest
[ RUN      ] SkipListTest.PutAndGet
[       OK ] SkipListTest.PutAndGet (0 ms)
[ RUN      ] SkipListTest.MultipleInsertAndRetrieve
[       OK ] SkipListTest.MultipleInsertAndRetrieve (0 ms)
[ RUN      ] SkipListTest.RandomOperations
[       OK ] SkipListTest.RandomOperations (0 ms)
[ RUN      ] SkipListTest.ConcurrentReadWrite
[       OK ] SkipListTest.ConcurrentReadWrite (3 ms)
[----------] 4 tests from SkipListTest (3 ms total)

[----------] Global test environment tear-down
[==========] 4 tests from 1 test suite ran. (3 ms total)
[  PASSED  ] 4 tests.
i
[==========] Running 4 tests from 1 test suite.
[----------] Global test environment set-up.
[----------] 4 tests from SkipListTest
[ RUN      ] SkipListTest.PutAndGet
[       OK ] SkipListTest.PutAndGet (0 ms)
[ RUN      ] SkipListTest.MultipleInsertAndRetrieve
[       OK ] SkipListTest.MultipleInsertAndRetrieve (0 ms)
[ RUN      ] SkipListTest.RandomOperations
[       OK ] SkipListTest.RandomOperations (0 ms)
[ RUN      ] SkipListTest.ConcurrentReadWrite
[       OK ] SkipListTest.ConcurrentReadWrite (3 ms)
[----------] 4 tests from SkipListTest (3 ms total)

[----------] Global test environment tear-down
[==========] 4 tests from 1 test suite ran. (3 ms total)
[  PASSED  ] 4 tests.
i
[==========] Running 4 tests from 1 test suite.
[----------] Global test environment set-up.
[----------] 4 tests from SkipListTest
[ RUN      ] SkipListTest.PutAndGet
[       OK ] SkipListTest.PutAndGet (0 ms)
[ RUN      ] SkipListTest.MultipleInsertAndRetrieve
[       OK ] SkipListTest.MultipleInsertAndRetrieve (0 ms)
[ RUN      ] SkipListTest.RandomOperations
[       OK ] SkipListTest.RandomOperations (0 ms)
[ RUN      ] SkipListTest.ConcurrentReadWrite
[       OK ] SkipListTest.ConcurrentReadWrite (3 ms)
[----------] 4 tests from SkipListTest (3 ms total)

[----------] Global test environment tear-down
[==========] 4 tests from 1 test suite ran. (3 ms total)
[  PASSED  ] 4 tests.
i
[==========] Running 4 tests from 1 test suite.
[----------] Global test environment set-up.
[----------] 4 tests from SkipListTest
[ RUN      ] SkipListTest.PutAndGet
[       OK ] SkipListTest.PutAndGet (0 ms)
[ RUN      ] SkipListTest.MultipleInsertAndRetrieve
[       OK ] SkipListTest.MultipleInsertAndRetrieve (0 ms)
[ RUN      ] SkipListTest.RandomOperations
[       OK ] SkipListTest.RandomOperations (0 ms)
[ RUN      ] SkipListTest.ConcurrentReadWrite
[       OK ] SkipListTest.ConcurrentReadWrite (3 ms)
[----------] 4 tests from SkipListTest (3 ms total)

[----------] Global test environment tear-down
[==========] 4 tests from 1 test suite ran. (3 ms total)
[  PASSED  ] 4 tests.
i
[==========] Running 4 tests from 1 test suite.
[----------] Global test environment set-up.
[----------] 4 tests from SkipListTest
[ RUN      ] SkipListTest.PutAndGet
[       OK ] SkipListTest.PutAndGet (0 ms)
[ RUN      ] SkipListTest.MultipleInsertAndRetrieve
[       OK ] SkipListTest.MultipleInsertAndRetrieve (0 ms)
[ RUN      ] SkipListTest.RandomOperations
[       OK ] SkipListTest.RandomOperations (0 ms)
[ RUN      ] SkipListTest.ConcurrentReadWrite
[       OK ] SkipListTest.ConcurrentReadWrite (3 ms)
[----------] 4 tests from SkipListTest (3 ms total)

[----------] Global test environment tear-down
[==========] 4 tests from 1 test suite ran. (3 ms total)
[  PASSED  ] 4 tests.
i
[==========] Running 4 tests from 1 test suite.
[----------] Global test environment set-up.
[----------] 4 tests from SkipListTest
[ RUN      ] SkipListTest.PutAndGet
[       OK ] SkipListTest.PutAndGet (0 ms)
[ RUN      ] SkipListTest.MultipleInsertAndRetrieve
[       OK ] SkipListTest.MultipleInsertAndRetrieve (0 ms)
[ RUN      ] SkipListTest.RandomOperations
[       OK ] SkipListTest.RandomOperations (0 ms)
[ RUN      ] SkipListTest.ConcurrentReadWrite
[       OK ] SkipListTest.ConcurrentReadWrite (3 ms)
[----------] 4 tests from SkipListTest (3 ms total)

[----------] Global test environment tear-down
[==========] 4 tests from 1 test suite ran. (3 ms total)
[  PASSED  ] 4 tests.
i
[==========] Running 4 tests from 1 test suite.
[----------] Global test environment set-up.
[----------] 4 tests from SkipListTest
[ RUN      ] SkipListTest.PutAndGet
[       OK ] SkipListTest.PutAndGet (0 ms)
[ RUN      ] SkipListTest.MultipleInsertAndRetrieve
[       OK ] SkipListTest.MultipleInsertAndRetrieve (0 ms)
[ RUN      ] SkipListTest.RandomOperations
[       OK ] SkipListTest.RandomOperations (0 ms)
[ RUN      ] SkipListTest.ConcurrentReadWrite
[       OK ] SkipListTest.ConcurrentReadWrite (3 ms)
[----------] 4 tests from SkipListTest (3 ms total)

[----------] Global test environment tear-down
[==========] 4 tests from 1 test suite ran. (3 ms total)
[  PASSED  ] 4 tests.
i
[==========] Running 4 tests from 1 test suite.
[----------] Global test environment set-up.
[----------] 4 tests from SkipListTest
[ RUN      ] SkipListTest.PutAndGet
[       OK ] SkipListTest.PutAndGet (0 ms)
[ RUN      ] SkipListTest.MultipleInsertAndRetrieve
[       OK ] SkipListTest.MultipleInsertAndRetrieve (0 ms)
[ RUN      ] SkipListTest.RandomOperations
[       OK ] SkipListTest.RandomOperations (0 ms)
[ RUN      ] SkipListTest.ConcurrentReadWrite
[       OK ] SkipListTest.ConcurrentReadWrite (3 ms)
[----------] 4 tests from SkipListTest (3 ms total)

[----------] Global test environment tear-down
[==========] 4 tests from 1 test suite ran. (3 ms total)
[  PASSED  ] 4 tests.
i
[==========] Running 4 tests from 1 test suite.
[----------] Global test environment set-up.
[----------] 4 tests from SkipListTest
[ RUN      ] SkipListTest.PutAndGet
[       OK ] SkipListTest.PutAndGet (0 ms)
[ RUN      ] SkipListTest.MultipleInsertAndRetrieve
[       OK ] SkipListTest.MultipleInsertAndRetrieve (0 ms)
[ RUN      ] SkipListTest.RandomOperations
[       OK ] SkipListTest.RandomOperations (0 ms)
[ RUN      ] SkipListTest.ConcurrentReadWrite
[       OK ] SkipListTest.ConcurrentReadWrite (3 ms)
[----------] 4 tests from SkipListTest (3 ms total)

[----------] Global test environment tear-down
[==========] 4 tests from 1 test suite ran. (3 ms total)
[  PASSED  ] 4 tests.
i
[==========] Running 4 tests from 1 test suite.
[----------] Global test environment set-up.
[----------] 4 tests from SkipListTest
[ RUN      ] SkipListTest.PutAndGet
[       OK ] SkipListTest.PutAndGet (0 ms)
[ RUN      ] SkipListTest.MultipleInsertAndRetrieve
[       OK ] SkipListTest.MultipleInsertAndRetrieve (0 ms)
[ RUN      ] SkipListTest.RandomOperations
[       OK ] SkipListTest.RandomOperations (0 ms)
[ RUN      ] SkipListTest.ConcurrentReadWrite
[       OK ] SkipListTest.ConcurrentReadWrite (3 ms)
[----------] 4 tests from SkipListTest (3 ms total)

[----------] Global test environment tear-down
[==========] 4 tests from 1 test suite ran. (3 ms total)
[  PASSED  ] 4 tests.
i
[==========] Running 4 tests from 1 test suite.
[----------] Global test environment set-up.
[----------] 4 tests from SkipListTest
[ RUN      ] SkipListTest.PutAndGet
[       OK ] SkipListTest.PutAndGet (0 ms)
[ RUN      ] SkipListTest.MultipleInsertAndRetrieve
[       OK ] SkipListTest.MultipleInsertAndRetrieve (0 ms)
[ RUN      ] SkipListTest.RandomOperations
[       OK ] SkipListTest.RandomOperations (0 ms)
[ RUN      ] SkipListTest.ConcurrentReadWrite
[       OK ] SkipListTest.ConcurrentReadWrite (3 ms)
[----------] 4 tests from SkipListTest (3 ms total)

[----------] Global test environment tear-down
[==========] 4 tests from 1 test suite ran. (3 ms total)
[  PASSED  ] 4 tests.
i
[==========] Running 4 tests from 1 test suite.
[----------] Global test environment set-up.
[----------] 4 tests from SkipListTest
[ RUN      ] SkipListTest.PutAndGet
[       OK ] SkipListTest.PutAndGet (0 ms)
[ RUN      ] SkipListTest.MultipleInsertAndRetrieve
[       OK ] SkipListTest.MultipleInsertAndRetrieve (0 ms)
[ RUN      ] SkipListTest.RandomOperations
[       OK ] SkipListTest.RandomOperations (0 ms)
[ RUN      ] SkipListTest.ConcurrentReadWrite
[       OK ] SkipListTest.ConcurrentReadWrite (3 ms)
[----------] 4 tests from SkipListTest (3 ms total)

[----------] Global test environment tear-down
[==========] 4 tests from 1 test suite ran. (3 ms total)
[  PASSED  ] 4 tests.
i
[==========] Running 4 tests from 1 test suite.
[----------] Global test environment set-up.
[----------] 4 tests from SkipListTest
[ RUN      ] SkipListTest.PutAndGet
[       OK ] SkipListTest.PutAndGet (0 ms)
[ RUN      ] SkipListTest.MultipleInsertAndRetrieve
[       OK ] SkipListTest.MultipleInsertAndRetrieve (0 ms)
[ RUN      ] SkipListTest.RandomOperations
[       OK ] SkipListTest.RandomOperations (0 ms)
[ RUN      ] SkipListTest.ConcurrentReadWrite
[       OK ] SkipListTest.ConcurrentReadWrite (3 ms)
[----------] 4 tests from SkipListTest (3 ms total)

[----------] Global test environment tear-down
[==========] 4 tests from 1 test suite ran. (3 ms total)
[  PASSED  ] 4 tests.
i
[==========] Running 4 tests from 1 test suite.
[----------] Global test environment set-up.
[----------] 4 tests from SkipListTest
[ RUN      ] SkipListTest.PutAndGet
[       OK ] SkipListTest.PutAndGet (0 ms)
[ RUN      ] SkipListTest.MultipleInsertAndRetrieve
[       OK ] SkipListTest.MultipleInsertAndRetrieve (0 ms)
[ RUN      ] SkipListTest.RandomOperations
[       OK ] SkipListTest.RandomOperations (0 ms)
[ RUN      ] SkipListTest.ConcurrentReadWrite
[       OK ] SkipListTest.ConcurrentReadWrite (3 ms)
[----------] 4 tests from SkipListTest (3 ms total)

[----------] Global test environment tear-down
[==========] 4 tests from 1 test suite ran. (3 ms total)
[  PASSED  ] 4 tests.
i
[==========] Running 4 tests from 1 test suite.
[----------] Global test environment set-up.
[----------] 4 tests from SkipListTest
[ RUN      ] SkipListTest.PutAndGet
[       OK ] SkipListTest.PutAndGet (0 ms)
[ RUN      ] SkipListTest.MultipleInsertAndRetrieve
[       OK ] SkipListTest.MultipleInsertAndRetrieve (0 ms)
[ RUN      ] SkipListTest.RandomOperations
[       OK ] SkipListTest.RandomOperations (0 ms)
[ RUN      ] SkipListTest.ConcurrentReadWrite
[       OK ] SkipListTest.ConcurrentReadWrite (3 ms)
[----------] 4 tests from SkipListTest (3 ms total)

[----------] Global test environment tear-down
[==========] 4 tests from 1 test suite ran. (3 ms total)
[  PASSED  ] 4 tests.
i
[==========] Running 4 tests from 1 test suite.
[----------] Global test environment set-up.
[----------] 4 tests from SkipListTest
[ RUN      ] SkipListTest.PutAndGet
[       OK ] SkipListTest.PutAndGet (0 ms)
[ RUN      ] SkipListTest.MultipleInsertAndRetrieve
[       OK ] SkipListTest.MultipleInsertAndRetrieve (0 ms)
[ RUN      ] SkipListTest.RandomOperations
[       OK ] SkipListTest.RandomOperations (0 ms)
[ RUN      ] SkipListTest.ConcurrentReadWrite
[       OK ] SkipListTest.ConcurrentReadWrite (3 ms)
[----------] 4 tests from SkipListTest (3 ms total)

[----------] Global test environment tear-down
[==========] 4 tests from 1 test suite ran. (3 ms total)
[  PASSED  ] 4 tests.
i
[==========] Running 4 tests from 1 test suite.
[----------] Global test environment set-up.
[----------] 4 tests from SkipListTest
[ RUN      ] SkipListTest.PutAndGet
[       OK ] SkipListTest.PutAndGet (0 ms)
[ RUN      ] SkipListTest.MultipleInsertAndRetrieve
[       OK ] SkipListTest.MultipleInsertAndRetrieve (0 ms)
[ RUN      ] SkipListTest.RandomOperations
[       OK ] SkipListTest.RandomOperations (0 ms)
[ RUN      ] SkipListTest.ConcurrentReadWrite
[       OK ] SkipListTest.ConcurrentReadWrite (3 ms)
[----------] 4 tests from SkipListTest (3 ms total)

[----------] Global test environment tear-down
[==========] 4 tests from 1 test suite ran. (3 ms total)
[  PASSED  ] 4 tests.
i
[==========] Running 4 tests from 1 test suite.
[----------] Global test environment set-up.
[----------] 4 tests from SkipListTest
[ RUN      ] SkipListTest.PutAndGet
[       OK ] SkipListTest.PutAndGet (0 ms)
[ RUN      ] SkipListTest.MultipleInsertAndRetrieve
[       OK ] SkipListTest.MultipleInsertAndRetrieve (0 ms)
[ RUN      ] SkipListTest.RandomOperations
[       OK ] SkipListTest.RandomOperations (0 ms)
[ RUN      ] SkipListTest.ConcurrentReadWrite
[       OK ] SkipListTest.ConcurrentReadWrite (3 ms)
[----------] 4 tests from SkipListTest (3 ms total)

[----------] Global test environment tear-down
[==========] 4 tests from 1 test suite ran. (3 ms total)
[  PASSED  ] 4 tests.
i
[==========] Running 4 tests from 1 test suite.
[----------] Global test environment set-up.
[----------] 4 tests from SkipListTest
[ RUN      ] SkipListTest.PutAndGet
[       OK ] SkipListTest.PutAndGet (0 ms)
[ RUN      ] SkipListTest.MultipleInsertAndRetrieve
[       OK ] SkipListTest.MultipleInsertAndRetrieve (0 ms)
[ RUN      ] SkipListTest.RandomOperations
[       OK ] SkipListTest.RandomOperations (0 ms)
[ RUN      ] SkipListTest.ConcurrentReadWrite
[       OK ] SkipListTest.ConcurrentReadWrite (3 ms)
[----------] 4 tests from SkipListTest (3 ms total)

[----------] Global test environment tear-down
[==========] 4 tests from 1 test suite ran. (3 ms total)
[  PASSED  ] 4 tests.
i
[==========] Running 4 tests from 1 test suite.
[----------] Global test environment set-up.
[----------] 4 tests from SkipListTest
[ RUN      ] SkipListTest.PutAndGet
[       OK ] SkipListTest.PutAndGet (0 ms)
[ RUN      ] SkipListTest.MultipleInsertAndRetrieve
[       OK ] SkipListTest.MultipleInsertAndRetrieve (0 ms)
[ RUN      ] SkipListTest.RandomOperations
[       OK ] SkipListTest.RandomOperations (0 ms)
[ RUN      ] SkipListTest.ConcurrentReadWrite
[       OK ] SkipListTest.ConcurrentReadWrite (3 ms)
[----------] 4 tests from SkipListTest (3 ms total)

[----------] Global test environment tear-down
[==========] 4 tests from 1 test suite ran. (3 ms total)
[  PASSED  ] 4 tests.
i
[==========] Running 4 tests from 1 test suite.
[----------] Global test environment set-up.
[----------] 4 tests from SkipListTest
[ RUN      ] SkipListTest.PutAndGet
[       OK ] SkipListTest.PutAndGet (0 ms)
[ RUN      ] SkipListTest.MultipleInsertAndRetrieve
[       OK ] SkipListTest.MultipleInsertAndRetrieve (0 ms)
[ RUN      ] SkipListTest.RandomOperations
[       OK ] SkipListTest.RandomOperations (0 ms)
[ RUN      ] SkipListTest.ConcurrentReadWrite
[       OK ] SkipListTest.ConcurrentReadWrite (3 ms)
[----------] 4 tests from SkipListTest (3 ms total)

[----------] Global test environment tear-down
[==========] 4 tests from 1 test suite ran. (3 ms total)
[  PASSED  ] 4 tests.
i
[==========] Running 4 tests from 1 test suite.
[----------] Global test environment set-up.
[----------] 4 tests from SkipListTest
[ RUN      ] SkipListTest.PutAndGet
[       OK ] SkipListTest.PutAndGet (0 ms)
[ RUN      ] SkipListTest.MultipleInsertAndRetrieve
[       OK ] SkipListTest.MultipleInsertAndRetrieve (0 ms)
[ RUN      ] SkipListTest.RandomOperations
[       OK ] SkipListTest.RandomOperations (0 ms)
[ RUN      ] SkipListTest.ConcurrentReadWrite
[       OK ] SkipListTest.ConcurrentReadWrite (3 ms)
[----------] 4 tests from SkipListTest (3 ms total)

[----------] Global test environment tear-down
[==========] 4 tests from 1 test suite ran. (3 ms total)
[  PASSED  ] 4 tests.
i
[==========] Running 4 tests from 1 test suite.
[----------] Global test environment set-up.
[----------] 4 tests from SkipListTest
[ RUN      ] SkipListTest.PutAndGet
[       OK ] SkipListTest.PutAndGet (0 ms)
[ RUN      ] SkipListTest.MultipleInsertAndRetrieve
[       OK ] SkipListTest.MultipleInsertAndRetrieve (0 ms)
[ RUN      ] SkipListTest.RandomOperations
[       OK ] SkipListTest.RandomOperations (0 ms)
[ RUN      ] SkipListTest.ConcurrentReadWrite
[       OK ] SkipListTest.ConcurrentReadWrite (3 ms)
[----------] 4 tests from SkipListTest (3 ms total)

[----------] Global test environment tear-down
[==========] 4 tests from 1 test suite ran. (3 ms total)
[  PASSED  ] 4 tests.
i
[==========] Running 4 tests from 1 test suite.
[----------] Global test environment set-up.
[----------] 4 tests from SkipListTest
[ RUN      ] SkipListTest.PutAndGet
[       OK ] SkipListTest.PutAndGet (0 ms)
[ RUN      ] SkipListTest.MultipleInsertAndRetrieve
[       OK ] SkipListTest.MultipleInsertAndRetrieve (0 ms)
[ RUN      ] SkipListTest.RandomOperations
[       OK ] SkipListTest.RandomOperations (0 ms)
[ RUN      ] SkipListTest.ConcurrentReadWrite
[       OK ] SkipListTest.ConcurrentReadWrite (3 ms)
[----------] 4 tests from SkipListTest (3 ms total)

[----------] Global test environment tear-down
[==========] 4 tests from 1 test suite ran. (3 ms total)
[  PASSED  ] 4 tests.
i
[==========] Running 4 tests from 1 test suite.
[----------] Global test environment set-up.
[----------] 4 tests from SkipListTest
[ RUN      ] SkipListTest.PutAndGet
[       OK ] SkipListTest.PutAndGet (0 ms)
[ RUN      ] SkipListTest.MultipleInsertAndRetrieve
[       OK ] SkipListTest.MultipleInsertAndRetrieve (0 ms)
[ RUN      ] SkipListTest.RandomOperations
[       OK ] SkipListTest.RandomOperations (0 ms)
[ RUN      ] SkipListTest.ConcurrentReadWrite
[       OK ] SkipListTest.ConcurrentReadWrite (3 ms)
[----------] 4 tests from SkipListTest (3 ms total)

[----------] Global test environment tear-down
[==========] 4 tests from 1 test suite ran. (3 ms total)
[  PASSED  ] 4 tests.
i
[==========] Running 4 tests from 1 test suite.
[----------] Global test environment set-up.
[----------] 4 tests from SkipListTest
[ RUN      ] SkipListTest.PutAndGet
[       OK ] SkipListTest.PutAndGet (0 ms)
[ RUN      ] SkipListTest.MultipleInsertAndRetrieve
[       OK ] SkipListTest.MultipleInsertAndRetrieve (0 ms)
[ RUN      ] SkipListTest.RandomOperations
[       OK ] SkipListTest.RandomOperations (0 ms)
[ RUN      ] SkipListTest.ConcurrentReadWrite
[       OK ] SkipListTest.ConcurrentReadWrite (3 ms)
[----------] 4 tests from SkipListTest (3 ms total)

[----------] Global test environment tear-down
[==========] 4 tests from 1 test suite ran. (3 ms total)
[  PASSED  ] 4 tests.
i
[==========] Running 4 tests from 1 test suite.
[----------] Global test environment set-up.
[----------] 4 tests from SkipListTest
[ RUN      ] SkipListTest.PutAndGet
[       OK ] SkipListTest.PutAndGet (0 ms)
[ RUN      ] SkipListTest.MultipleInsertAndRetrieve
[       OK ] SkipListTest.MultipleInsertAndRetrieve (0 ms)
[ RUN      ] SkipListTest.RandomOperations
[       OK ] SkipListTest.RandomOperations (0 ms)
[ RUN      ] SkipListTest.ConcurrentReadWrite
[       OK ] SkipListTest.ConcurrentReadWrite (3 ms)
[----------] 4 tests from SkipListTest (3 ms total)

[----------] Global test environment tear-down
[==========] 4 tests from 1 test suite ran. (3 ms total)
[  PASSED  ] 4 tests.
i
[==========] Running 4 tests from 1 test suite.
[----------] Global test environment set-up.
[----------] 4 tests from SkipListTest
[ RUN      ] SkipListTest.PutAndGet
[       OK ] SkipListTest.PutAndGet (0 ms)
[ RUN      ] SkipListTest.MultipleInsertAndRetrieve
[       OK ] SkipListTest.MultipleInsertAndRetrieve (0 ms)
[ RUN      ] SkipListTest.RandomOperations
[       OK ] SkipListTest.RandomOperations (0 ms)
[ RUN      ] SkipListTest.ConcurrentReadWrite
[       OK ] SkipListTest.ConcurrentReadWrite (3 ms)
[----------] 4 tests from SkipListTest (3 ms total)

[----------] Global test environment tear-down
[==========] 4 tests from 1 test suite ran. (3 ms total)
[  PASSED  ] 4 tests.
i
[==========] Running 4 tests from 1 test suite.
[----------] Global test environment set-up.
[----------] 4 tests from SkipListTest
[ RUN      ] SkipListTest.PutAndGet
[       OK ] SkipListTest.PutAndGet (0 ms)
[ RUN      ] SkipListTest.MultipleInsertAndRetrieve
[       OK ] SkipListTest.MultipleInsertAndRetrieve (0 ms)
[ RUN      ] SkipListTest.RandomOperations
[       OK ] SkipListTest.RandomOperations (0 ms)
[ RUN      ] SkipListTest.ConcurrentReadWrite
[       OK ] SkipListTest.ConcurrentReadWrite (3 ms)
[----------] 4 tests from SkipListTest (3 ms total)

[----------] Global test environment tear-down
[==========] 4 tests from 1 test suite ran. (3 ms total)
[  PASSED  ] 4 tests.
i
[==========] Running 4 tests from 1 test suite.
[----------] Global test environment set-up.
[----------] 4 tests from SkipListTest
[ RUN      ] SkipListTest.PutAndGet
[       OK ] SkipListTest.PutAndGet (0 ms)
[ RUN      ] SkipListTest.MultipleInsertAndRetrieve
[       OK ] SkipListTest.MultipleInsertAndRetrieve (0 ms)
[ RUN      ] SkipListTest.RandomOperations
[       OK ] SkipListTest.RandomOperations (0 ms)
[ RUN      ] SkipListTest.ConcurrentReadWrite
[       OK ] SkipListTest.ConcurrentReadWrite (3 ms)
[----------] 4 tests from SkipListTest (3 ms total)

[----------] Global test environment tear-down
[==========] 4 tests from 1 test suite ran. (3 ms total)
[  PASSED  ] 4 tests.
i
[==========] Running 4 tests from 1 test suite.
[----------] Global test environment set-up.
[----------] 4 tests from SkipListTest
[ RUN      ] SkipListTest.PutAndGet
[       OK ] SkipListTest.PutAndGet (0 ms)
[ RUN      ] SkipListTest.MultipleInsertAndRetrieve
[       OK ] SkipListTest.MultipleInsertAndRetrieve (0 ms)
[ RUN      ] SkipListTest.RandomOperations
[       OK ] SkipListTest.RandomOperations (0 ms)
[ RUN      ] SkipListTest.ConcurrentReadWrite
[       OK ] SkipListTest.ConcurrentReadWrite (3 ms)
[----------] 4 tests from SkipListTest (3 ms total)

[----------] Global test environment tear-down
[==========] 4 tests from 1 test suite ran. (3 ms total)
[  PASSED  ] 4 tests.
i
[==========] Running 4 tests from 1 test suite.
[----------] Global test environment set-up.
[----------] 4 tests from SkipListTest
[ RUN      ] SkipListTest.PutAndGet
[       OK ] SkipListTest.PutAndGet (0 ms)
[ RUN      ] SkipListTest.MultipleInsertAndRetrieve
[       OK ] SkipListTest.MultipleInsertAndRetrieve (0 ms)
[ RUN      ] SkipListTest.RandomOperations
[       OK ] SkipListTest.RandomOperations (0 ms)
[ RUN      ] SkipListTest.ConcurrentReadWrite
[       OK ] SkipListTest.ConcurrentReadWrite (3 ms)
[----------] 4 tests from SkipListTest (3 ms total)

[----------] Global test environment tear-down
[==========] 4 tests from 1 test suite ran. (3 ms total)
[  PASSED  ] 4 tests.
i
[==========] Running 4 tests from 1 test suite.
[----------] Global test environment set-up.
[----------] 4 tests from SkipListTest
[ RUN      ] SkipListTest.PutAndGet
[       OK ] SkipListTest.PutAndGet (0 ms)
[ RUN      ] SkipListTest.MultipleInsertAndRetrieve
[       OK ] SkipListTest.MultipleInsertAndRetrieve (0 ms)
[ RUN      ] SkipListTest.RandomOperations
[       OK ] SkipListTest.RandomOperations (0 ms)
[ RUN      ] SkipListTest.ConcurrentReadWrite
[       OK ] SkipListTest.ConcurrentReadWrite (3 ms)
[----------] 4 tests from SkipListTest (3 ms total)

[----------] Global test environment tear-down
[==========] 4 tests from 1 test suite ran. (3 ms total)
[  PASSED  ] 4 tests.
i
[==========] Running 4 tests from 1 test suite.
[----------] Global test environment set-up.
[----------] 4 tests from SkipListTest
[ RUN      ] SkipListTest.PutAndGet
[       OK ] SkipListTest.PutAndGet (0 ms)
[ RUN      ] SkipListTest.MultipleInsertAndRetrieve
[       OK ] SkipListTest.MultipleInsertAndRetrieve (0 ms)
[ RUN      ] SkipListTest.RandomOperations
[       OK ] SkipListTest.RandomOperations (0 ms)
[ RUN      ] SkipListTest.ConcurrentReadWrite
[       OK ] SkipListTest.ConcurrentReadWrite (3 ms)
[----------] 4 tests from SkipListTest (3 ms total)

[----------] Global test environment tear-down
[==========] 4 tests from 1 test suite ran. (3 ms total)
[  PASSED  ] 4 tests.
i
[==========] Running 4 tests from 1 test suite.
[----------] Global test environment set-up.
[----------] 4 tests from SkipListTest
[ RUN      ] SkipListTest.PutAndGet
[       OK ] SkipListTest.PutAndGet (0 ms)
[ RUN      ] SkipListTest.MultipleInsertAndRetrieve
[       OK ] SkipListTest.MultipleInsertAndRetrieve (0 ms)
[ RUN      ] SkipListTest.RandomOperations
[       OK ] SkipListTest.RandomOperations (0 ms)
[ RUN      ] SkipListTest.ConcurrentReadWrite
[       OK ] SkipListTest.ConcurrentReadWrite (3 ms)
[----------] 4 tests from SkipListTest (3 ms total)

[----------] Global test environment tear-down
[==========] 4 tests from 1 test suite ran. (3 ms total)
[  PASSED  ] 4 tests.
i
[==========] Running 4 tests from 1 test suite.
[----------] Global test environment set-up.
[----------] 4 tests from SkipListTest
[ RUN      ] SkipListTest.PutAndGet
[       OK ] SkipListTest.PutAndGet (0 ms)
[ RUN      ] SkipListTest.MultipleInsertAndRetrieve
[       OK ] SkipListTest.MultipleInsertAndRetrieve (0 ms)
[ RUN      ] SkipListTest.RandomOperations
[       OK ] SkipListTest.RandomOperations (0 ms)
[ RUN      ] SkipListTest.ConcurrentReadWrite
[       OK ] SkipListTest.ConcurrentReadWrite (3 ms)
[----------] 4 tests from SkipListTest (3 ms total)

[----------] Global test environment tear-down
[==========] 4 tests from 1 test suite ran. (3 ms total)
[  PASSED  ] 4 tests.
i
[==========] Running 4 tests from 1 test suite.
[----------] Global test environment set-up.
[----------] 4 tests from SkipListTest
[ RUN      ] SkipListTest.PutAndGet
[       OK ] SkipListTest.PutAndGet (0 ms)
[ RUN      ] SkipListTest.MultipleInsertAndRetrieve
[       OK ] SkipListTest.MultipleInsertAndRetrieve (0 ms)
[ RUN      ] SkipListTest.RandomOperations
[       OK ] SkipListTest.RandomOperations (0 ms)
[ RUN      ] SkipListTest.ConcurrentReadWrite
[       OK ] SkipListTest.ConcurrentReadWrite (3 ms)
[----------] 4 tests from SkipListTest (3 ms total)

[----------] Global test environment tear-down
[==========] 4 tests from 1 test suite ran. (3 ms total)
[  PASSED  ] 4 tests.
i
[==========] Running 4 tests from 1 test suite.
[----------] Global test environment set-up.
[----------] 4 tests from SkipListTest
[ RUN      ] SkipListTest.PutAndGet
[       OK ] SkipListTest.PutAndGet (0 ms)
[ RUN      ] SkipListTest.MultipleInsertAndRetrieve
[       OK ] SkipListTest.MultipleInsertAndRetrieve (0 ms)
[ RUN      ] SkipListTest.RandomOperations
[       OK ] SkipListTest.RandomOperations (0 ms)
[ RUN      ] SkipListTest.ConcurrentReadWrite
[       OK ] SkipListTest.ConcurrentReadWrite (3 ms)
[----------] 4 tests from SkipListTest (3 ms total)

[----------] Global test environment tear-down
[==========] 4 tests from 1 test suite ran. (4 ms total)
[  PASSED  ] 4 tests.
i
[==========] Running 4 tests from 1 test suite.
[----------] Global test environment set-up.
[----------] 4 tests from SkipListTest
[ RUN      ] SkipListTest.PutAndGet
[       OK ] SkipListTest.PutAndGet (0 ms)
[ RUN      ] SkipListTest.MultipleInsertAndRetrieve
[       OK ] SkipListTest.MultipleInsertAndRetrieve (0 ms)
[ RUN      ] SkipListTest.RandomOperations
[       OK ] SkipListTest.RandomOperations (0 ms)
[ RUN      ] SkipListTest.ConcurrentReadWrite
[       OK ] SkipListTest.ConcurrentReadWrite (3 ms)
[----------] 4 tests from SkipListTest (4 ms total)

[----------] Global test environment tear-down
[==========] 4 tests from 1 test suite ran. (4 ms total)
[  PASSED  ] 4 tests.
i
[==========] Running 4 tests from 1 test suite.
[----------] Global test environment set-up.
[----------] 4 tests from SkipListTest
[ RUN      ] SkipListTest.PutAndGet
[       OK ] SkipListTest.PutAndGet (0 ms)
[ RUN      ] SkipListTest.MultipleInsertAndRetrieve
[       OK ] SkipListTest.MultipleInsertAndRetrieve (0 ms)
[ RUN      ] SkipListTest.RandomOperations
[       OK ] SkipListTest.RandomOperations (0 ms)
[ RUN      ] SkipListTest.ConcurrentReadWrite
[       OK ] SkipListTest.ConcurrentReadWrite (3 ms)
[----------] 4 tests from SkipListTest (3 ms total)

[----------] Global test environment tear-down
[==========] 4 tests from 1 test suite ran. (3 ms total)
[  PASSED  ] 4 tests.
i
[==========] Running 4 tests from 1 test suite.
[----------] Global test environment set-up.
[----------] 4 tests from SkipListTest
[ RUN      ] SkipListTest.PutAndGet
[       OK ] SkipListTest.PutAndGet (0 ms)
[ RUN      ] SkipListTest.MultipleInsertAndRetrieve
[       OK ] SkipListTest.MultipleInsertAndRetrieve (0 ms)
[ RUN      ] SkipListTest.RandomOperations
[       OK ] SkipListTest.RandomOperations (0 ms)
[ RUN      ] SkipListTest.ConcurrentReadWrite
[       OK ] SkipListTest.ConcurrentReadWrite (3 ms)
[----------] 4 tests from SkipListTest (3 ms total)

[----------] Global test environment tear-down
[==========] 4 tests from 1 test suite ran. (3 ms total)
[  PASSED  ] 4 tests.
i
[==========] Running 4 tests from 1 test suite.
[----------] Global test environment set-up.
[----------] 4 tests from SkipListTest
[ RUN      ] SkipListTest.PutAndGet
[       OK ] SkipListTest.PutAndGet (0 ms)
[ RUN      ] SkipListTest.MultipleInsertAndRetrieve
[       OK ] SkipListTest.MultipleInsertAndRetrieve (0 ms)
[ RUN      ] SkipListTest.RandomOperations
[       OK ] SkipListTest.RandomOperations (0 ms)
[ RUN      ] SkipListTest.ConcurrentReadWrite
[       OK ] SkipListTest.ConcurrentReadWrite (3 ms)
[----------] 4 tests from SkipListTest (3 ms total)

[----------] Global test environment tear-down
[==========] 4 tests from 1 test suite ran. (3 ms total)
[  PASSED  ] 4 tests.
i
[==========] Running 4 tests from 1 test suite.
[----------] Global test environment set-up.
[----------] 4 tests from SkipListTest
[ RUN      ] SkipListTest.PutAndGet
[       OK ] SkipListTest.PutAndGet (0 ms)
[ RUN      ] SkipListTest.MultipleInsertAndRetrieve
[       OK ] SkipListTest.MultipleInsertAndRetrieve (0 ms)
[ RUN      ] SkipListTest.RandomOperations
[       OK ] SkipListTest.RandomOperations (0 ms)
[ RUN      ] SkipListTest.ConcurrentReadWrite
[       OK ] SkipListTest.ConcurrentReadWrite (3 ms)
[----------] 4 tests from SkipListTest (3 ms total)

[----------] Global test environment tear-down
[==========] 4 tests from 1 test suite ran. (3 ms total)
[  PASSED  ] 4 tests.
i
[==========] Running 4 tests from 1 test suite.
[----------] Global test environment set-up.
[----------] 4 tests from SkipListTest
[ RUN      ] SkipListTest.PutAndGet
[       OK ] SkipListTest.PutAndGet (0 ms)
[ RUN      ] SkipListTest.MultipleInsertAndRetrieve
[       OK ] SkipListTest.MultipleInsertAndRetrieve (0 ms)
[ RUN      ] SkipListTest.RandomOperations
[       OK ] SkipListTest.RandomOperations (0 ms)
[ RUN      ] SkipListTest.ConcurrentReadWrite
[       OK ] SkipListTest.ConcurrentReadWrite (3 ms)
[----------] 4 tests from SkipListTest (3 ms total)

[----------] Global test environment tear-down
[==========] 4 tests from 1 test suite ran. (3 ms total)
[  PASSED  ] 4 tests.
i
[==========] Running 4 tests from 1 test suite.
[----------] Global test environment set-up.
[----------] 4 tests from SkipListTest
[ RUN      ] SkipListTest.PutAndGet
[       OK ] SkipListTest.PutAndGet (0 ms)
[ RUN      ] SkipListTest.MultipleInsertAndRetrieve
[       OK ] SkipListTest.MultipleInsertAndRetrieve (0 ms)
[ RUN      ] SkipListTest.RandomOperations
[       OK ] SkipListTest.RandomOperations (0 ms)
[ RUN      ] SkipListTest.ConcurrentReadWrite
[       OK ] SkipListTest.ConcurrentReadWrite (3 ms)
[----------] 4 tests from SkipListTest (3 ms total)

[----------] Global test environment tear-down
[==========] 4 tests from 1 test suite ran. (3 ms total)
[  PASSED  ] 4 tests.
i
[==========] Running 4 tests from 1 test suite.
[----------] Global test environment set-up.
[----------] 4 tests from SkipListTest
[ RUN      ] SkipListTest.PutAndGet
[       OK ] SkipListTest.PutAndGet (0 ms)
[ RUN      ] SkipListTest.MultipleInsertAndRetrieve
[       OK ] SkipListTest.MultipleInsertAndRetrieve (0 ms)
[ RUN      ] SkipListTest.RandomOperations
[       OK ] SkipListTest.RandomOperations (0 ms)
[ RUN      ] SkipListTest.ConcurrentReadWrite
[       OK ] SkipListTest.ConcurrentReadWrite (3 ms)
[----------] 4 tests from SkipListTest (3 ms total)

[----------] Global test environment tear-down
[==========] 4 tests from 1 test suite ran. (3 ms total)
[  PASSED  ] 4 tests.
i
[==========] Running 4 tests from 1 test suite.
[----------] Global test environment set-up.
[----------] 4 tests from SkipListTest
[ RUN      ] SkipListTest.PutAndGet
[       OK ] SkipListTest.PutAndGet (0 ms)
[ RUN      ] SkipListTest.MultipleInsertAndRetrieve
[       OK ] SkipListTest.MultipleInsertAndRetrieve (0 ms)
[ RUN      ] SkipListTest.RandomOperations
[       OK ] SkipListTest.RandomOperations (0 ms)
[ RUN      ] SkipListTest.ConcurrentReadWrite
[       OK ] SkipListTest.ConcurrentReadWrite (3 ms)
[----------] 4 tests from SkipListTest (3 ms total)

[----------] Global test environment tear-down
[==========] 4 tests from 1 test suite ran. (3 ms total)
[  PASSED  ] 4 tests.
i
[==========] Running 4 tests from 1 test suite.
[----------] Global test environment set-up.
[----------] 4 tests from SkipListTest
[ RUN      ] SkipListTest.PutAndGet
[       OK ] SkipListTest.PutAndGet (0 ms)
[ RUN      ] SkipListTest.MultipleInsertAndRetrieve
[       OK ] SkipListTest.MultipleInsertAndRetrieve (0 ms)
[ RUN      ] SkipListTest.RandomOperations
[       OK ] SkipListTest.RandomOperations (0 ms)
[ RUN      ] SkipListTest.ConcurrentReadWrite
[       OK ] SkipListTest.ConcurrentReadWrite (3 ms)
[----------] 4 tests from SkipListTest (3 ms total)

[----------] Global test environment tear-down
[==========] 4 tests from 1 test suite ran. (3 ms total)
[  PASSED  ] 4 tests.
i
[==========] Running 4 tests from 1 test suite.
[----------] Global test environment set-up.
[----------] 4 tests from SkipListTest
[ RUN      ] SkipListTest.PutAndGet
[       OK ] SkipListTest.PutAndGet (0 ms)
[ RUN      ] SkipListTest.MultipleInsertAndRetrieve
[       OK ] SkipListTest.MultipleInsertAndRetrieve (0 ms)
[ RUN      ] SkipListTest.RandomOperations
[       OK ] SkipListTest.RandomOperations (0 ms)
[ RUN      ] SkipListTest.ConcurrentReadWrite
[       OK ] SkipListTest.ConcurrentReadWrite (3 ms)
[----------] 4 tests from SkipListTest (3 ms total)

[----------] Global test environment tear-down
[==========] 4 tests from 1 test suite ran. (3 ms total)
[  PASSED  ] 4 tests.
i
[==========] Running 4 tests from 1 test suite.
[----------] Global test environment set-up.
[----------] 4 tests from SkipListTest
[ RUN      ] SkipListTest.PutAndGet
[       OK ] SkipListTest.PutAndGet (0 ms)
[ RUN      ] SkipListTest.MultipleInsertAndRetrieve
[       OK ] SkipListTest.MultipleInsertAndRetrieve (0 ms)
[ RUN      ] SkipListTest.RandomOperations
[       OK ] SkipListTest.RandomOperations (0 ms)
[ RUN      ] SkipListTest.ConcurrentReadWrite
[       OK ] SkipListTest.ConcurrentReadWrite (3 ms)
[----------] 4 tests from SkipListTest (3 ms total)

[----------] Global test environment tear-down
[==========] 4 tests from 1 test suite ran. (3 ms total)
[  PASSED  ] 4 tests.
i
[==========] Running 4 tests from 1 test suite.
[----------] Global test environment set-up.
[----------] 4 tests from SkipListTest
[ RUN      ] SkipListTest.PutAndGet
[       OK ] SkipListTest.PutAndGet (0 ms)
[ RUN      ] SkipListTest.MultipleInsertAndRetrieve
[       OK ] SkipListTest.MultipleInsertAndRetrieve (0 ms)
[ RUN      ] SkipListTest.RandomOperations
[       OK ] SkipListTest.RandomOperations (0 ms)
[ RUN      ] SkipListTest.ConcurrentReadWrite
[       OK ] SkipListTest.ConcurrentReadWrite (3 ms)
[----------] 4 tests from SkipListTest (3 ms total)

[----------] Global test environment tear-down
[==========] 4 tests from 1 test suite ran. (3 ms total)
[  PASSED  ] 4 tests.
i
[==========] Running 4 tests from 1 test suite.
[----------] Global test environment set-up.
[----------] 4 tests from SkipListTest
[ RUN      ] SkipListTest.PutAndGet
[       OK ] SkipListTest.PutAndGet (0 ms)
[ RUN      ] SkipListTest.MultipleInsertAndRetrieve
[       OK ] SkipListTest.MultipleInsertAndRetrieve (0 ms)
[ RUN      ] SkipListTest.RandomOperations
[       OK ] SkipListTest.RandomOperations (0 ms)
[ RUN      ] SkipListTest.ConcurrentReadWrite
[       OK ] SkipListTest.ConcurrentReadWrite (3 ms)
[----------] 4 tests from SkipListTest (3 ms total)

[----------] Global test environment tear-down
[==========] 4 tests from 1 test suite ran. (3 ms total)
[  PASSED  ] 4 tests.
i
[==========] Running 4 tests from 1 test suite.
[----------] Global test environment set-up.
[----------] 4 tests from SkipListTest
[ RUN      ] SkipListTest.PutAndGet
[       OK ] SkipListTest.PutAndGet (0 ms)
[ RUN      ] SkipListTest.MultipleInsertAndRetrieve
[       OK ] SkipListTest.MultipleInsertAndRetrieve (0 ms)
[ RUN      ] SkipListTest.RandomOperations
[       OK ] SkipListTest.RandomOperations (0 ms)
[ RUN      ] SkipListTest.ConcurrentReadWrite
[       OK ] SkipListTest.ConcurrentReadWrite (3 ms)
[----------] 4 tests from SkipListTest (3 ms total)

[----------] Global test environment tear-down
[==========] 4 tests from 1 test suite ran. (3 ms total)
[  PASSED  ] 4 tests.
i
[==========] Running 4 tests from 1 test suite.
[----------] Global test environment set-up.
[----------] 4 tests from SkipListTest
[ RUN      ] SkipListTest.PutAndGet
[       OK ] SkipListTest.PutAndGet (0 ms)
[ RUN      ] SkipListTest.MultipleInsertAndRetrieve
[       OK ] SkipListTest.MultipleInsertAndRetrieve (0 ms)
[ RUN      ] SkipListTest.RandomOperations
[       OK ] SkipListTest.RandomOperations (0 ms)
[ RUN      ] SkipListTest.ConcurrentReadWrite
[       OK ] SkipListTest.ConcurrentReadWrite (3 ms)
[----------] 4 tests from SkipListTest (3 ms total)

[----------] Global test environment tear-down
[==========] 4 tests from 1 test suite ran. (3 ms total)
[  PASSED  ] 4 tests.
i
[==========] Running 4 tests from 1 test suite.
[----------] Global test environment set-up.
[----------] 4 tests from SkipListTest
[ RUN      ] SkipListTest.PutAndGet
[       OK ] SkipListTest.PutAndGet (0 ms)
[ RUN      ] SkipListTest.MultipleInsertAndRetrieve
[       OK ] SkipListTest.MultipleInsertAndRetrieve (0 ms)
[ RUN      ] SkipListTest.RandomOperations
[       OK ] SkipListTest.RandomOperations (0 ms)
[ RUN      ] SkipListTest.ConcurrentReadWrite
[       OK ] SkipListTest.ConcurrentReadWrite (3 ms)
[----------] 4 tests from SkipListTest (3 ms total)

[----------] Global test environment tear-down
[==========] 4 tests from 1 test suite ran. (3 ms total)
[  PASSED  ] 4 tests.
i
[==========] Running 4 tests from 1 test suite.
[----------] Global test environment set-up.
[----------] 4 tests from SkipListTest
[ RUN      ] SkipListTest.PutAndGet
[       OK ] SkipListTest.PutAndGet (0 ms)
[ RUN      ] SkipListTest.MultipleInsertAndRetrieve
[       OK ] SkipListTest.MultipleInsertAndRetrieve (0 ms)
[ RUN      ] SkipListTest.RandomOperations
[       OK ] SkipListTest.RandomOperations (0 ms)
[ RUN      ] SkipListTest.ConcurrentReadWrite
[       OK ] SkipListTest.ConcurrentReadWrite (3 ms)
[----------] 4 tests from SkipListTest (3 ms total)

[----------] Global test environment tear-down
[==========] 4 tests from 1 test suite ran. (3 ms total)
[  PASSED  ] 4 tests.
i
[==========] Running 4 tests from 1 test suite.
[----------] Global test environment set-up.
[----------] 4 tests from SkipListTest
[ RUN      ] SkipListTest.PutAndGet
[       OK ] SkipListTest.PutAndGet (0 ms)
[ RUN      ] SkipListTest.MultipleInsertAndRetrieve
[       OK ] SkipListTest.MultipleInsertAndRetrieve (0 ms)
[ RUN      ] SkipListTest.RandomOperations
[       OK ] SkipListTest.RandomOperations (0 ms)
[ RUN      ] SkipListTest.ConcurrentReadWrite
[       OK ] SkipListTest.ConcurrentReadWrite (3 ms)
[----------] 4 tests from SkipListTest (3 ms total)

[----------] Global test environment tear-down
[==========] 4 tests from 1 test suite ran. (3 ms total)
[  PASSED  ] 4 tests.
i
[==========] Running 4 tests from 1 test suite.
[----------] Global test environment set-up.
[----------] 4 tests from SkipListTest
[ RUN      ] SkipListTest.PutAndGet
[       OK ] SkipListTest.PutAndGet (0 ms)
[ RUN      ] SkipListTest.MultipleInsertAndRetrieve
[       OK ] SkipListTest.MultipleInsertAndRetrieve (0 ms)
[ RUN      ] SkipListTest.RandomOperations
[       OK ] SkipListTest.RandomOperations (0 ms)
[ RUN      ] SkipListTest.ConcurrentReadWrite
[       OK ] SkipListTest.ConcurrentReadWrite (3 ms)
[----------] 4 tests from SkipListTest (3 ms total)

[----------] Global test environment tear-down
[==========] 4 tests from 1 test suite ran. (3 ms total)
[  PASSED  ] 4 tests.
i
[==========] Running 4 tests from 1 test suite.
[----------] Global test environment set-up.
[----------] 4 tests from SkipListTest
[ RUN      ] SkipListTest.PutAndGet
[       OK ] SkipListTest.PutAndGet (0 ms)
[ RUN      ] SkipListTest.MultipleInsertAndRetrieve
[       OK ] SkipListTest.MultipleInsertAndRetrieve (0 ms)
[ RUN      ] SkipListTest.RandomOperations
[       OK ] SkipListTest.RandomOperations (0 ms)
[ RUN      ] SkipListTest.ConcurrentReadWrite
[       OK ] SkipListTest.ConcurrentReadWrite (3 ms)
[----------] 4 tests from SkipListTest (3 ms total)

[----------] Global test environment tear-down
[==========] 4 tests from 1 test suite ran. (3 ms total)
[  PASSED  ] 4 tests.
i
[==========] Running 4 tests from 1 test suite.
[----------] Global test environment set-up.
[----------] 4 tests from SkipListTest
[ RUN      ] SkipListTest.PutAndGet
[       OK ] SkipListTest.PutAndGet (0 ms)
[ RUN      ] SkipListTest.MultipleInsertAndRetrieve
[       OK ] SkipListTest.MultipleInsertAndRetrieve (0 ms)
[ RUN      ] SkipListTest.RandomOperations
[       OK ] SkipListTest.RandomOperations (0 ms)
[ RUN      ] SkipListTest.ConcurrentReadWrite
[       OK ] SkipListTest.ConcurrentReadWrite (3 ms)
[----------] 4 tests from SkipListTest (3 ms total)

[----------] Global test environment tear-down
[==========] 4 tests from 1 test suite ran. (3 ms total)
[  PASSED  ] 4 tests.
i
[==========] Running 4 tests from 1 test suite.
[----------] Global test environment set-up.
[----------] 4 tests from SkipListTest
[ RUN      ] SkipListTest.PutAndGet
[       OK ] SkipListTest.PutAndGet (0 ms)
[ RUN      ] SkipListTest.MultipleInsertAndRetrieve
[       OK ] SkipListTest.MultipleInsertAndRetrieve (0 ms)
[ RUN      ] SkipListTest.RandomOperations
[       OK ] SkipListTest.RandomOperations (0 ms)
[ RUN      ] SkipListTest.ConcurrentReadWrite
[       OK ] SkipListTest.ConcurrentReadWrite (3 ms)
[----------] 4 tests from SkipListTest (3 ms total)

[----------] Global test environment tear-down
[==========] 4 tests from 1 test suite ran. (3 ms total)
[  PASSED  ] 4 tests.
i
[==========] Running 4 tests from 1 test suite.
[----------] Global test environment set-up.
[----------] 4 tests from SkipListTest
[ RUN      ] SkipListTest.PutAndGet
[       OK ] SkipListTest.PutAndGet (0 ms)
[ RUN      ] SkipListTest.MultipleInsertAndRetrieve
[       OK ] SkipListTest.MultipleInsertAndRetrieve (0 ms)
[ RUN      ] SkipListTest.RandomOperations
[       OK ] SkipListTest.RandomOperations (0 ms)
[ RUN      ] SkipListTest.ConcurrentReadWrite
[       OK ] SkipListTest.ConcurrentReadWrite (3 ms)
[----------] 4 tests from SkipListTest (3 ms total)

[----------] Global test environment tear-down
[==========] 4 tests from 1 test suite ran. (3 ms total)
[  PASSED  ] 4 tests.
i
[==========] Running 4 tests from 1 test suite.
[----------] Global test environment set-up.
[----------] 4 tests from SkipListTest
[ RUN      ] SkipListTest.PutAndGet
[       OK ] SkipListTest.PutAndGet (0 ms)
[ RUN      ] SkipListTest.MultipleInsertAndRetrieve
[       OK ] SkipListTest.MultipleInsertAndRetrieve (0 ms)
[ RUN      ] SkipListTest.RandomOperations
[       OK ] SkipListTest.RandomOperations (0 ms)
[ RUN      ] SkipListTest.ConcurrentReadWrite
[       OK ] SkipListTest.ConcurrentReadWrite (3 ms)
[----------] 4 tests from SkipListTest (3 ms total)

[----------] Global test environment tear-down
[==========] 4 tests from 1 test suite ran. (3 ms total)
[  PASSED  ] 4 tests.
i
[==========] Running 4 tests from 1 test suite.
[----------] Global test environment set-up.
[----------] 4 tests from SkipListTest
[ RUN      ] SkipListTest.PutAndGet
[       OK ] SkipListTest.PutAndGet (0 ms)
[ RUN      ] SkipListTest.MultipleInsertAndRetrieve
[       OK ] SkipListTest.MultipleInsertAndRetrieve (0 ms)
[ RUN      ] SkipListTest.RandomOperations
[       OK ] SkipListTest.RandomOperations (0 ms)
[ RUN      ] SkipListTest.ConcurrentReadWrite
[       OK ] SkipListTest.ConcurrentReadWrite (3 ms)
[----------] 4 tests from SkipListTest (3 ms total)

[----------] Global test environment tear-down
[==========] 4 tests from 1 test suite ran. (3 ms total)
[  PASSED  ] 4 tests.
i
[==========] Running 4 tests from 1 test suite.
[----------] Global test environment set-up.
[----------] 4 tests from SkipListTest
[ RUN      ] SkipListTest.PutAndGet
[       OK ] SkipListTest.PutAndGet (0 ms)
[ RUN      ] SkipListTest.MultipleInsertAndRetrieve
[       OK ] SkipListTest.MultipleInsertAndRetrieve (0 ms)
[ RUN      ] SkipListTest.RandomOperations
[       OK ] SkipListTest.RandomOperations (0 ms)
[ RUN      ] SkipListTest.ConcurrentReadWrite
[       OK ] SkipListTest.ConcurrentReadWrite (3 ms)
[----------] 4 tests from SkipListTest (3 ms total)

[----------] Global test environment tear-down
[==========] 4 tests from 1 test suite ran. (3 ms total)
[  PASSED  ] 4 tests.
i
[==========] Running 4 tests from 1 test suite.
[----------] Global test environment set-up.
[----------] 4 tests from SkipListTest
[ RUN      ] SkipListTest.PutAndGet
[       OK ] SkipListTest.PutAndGet (0 ms)
[ RUN      ] SkipListTest.MultipleInsertAndRetrieve
[       OK ] SkipListTest.MultipleInsertAndRetrieve (0 ms)
[ RUN      ] SkipListTest.RandomOperations
[       OK ] SkipListTest.RandomOperations (0 ms)
[ RUN      ] SkipListTest.ConcurrentReadWrite
[       OK ] SkipListTest.ConcurrentReadWrite (3 ms)
[----------] 4 tests from SkipListTest (3 ms total)

[----------] Global test environment tear-down
[==========] 4 tests from 1 test suite ran. (3 ms total)
[  PASSED  ] 4 tests.
i
[==========] Running 4 tests from 1 test suite.
[----------] Global test environment set-up.
[----------] 4 tests from SkipListTest
[ RUN      ] SkipListTest.PutAndGet
[       OK ] SkipListTest.PutAndGet (0 ms)
[ RUN      ] SkipListTest.MultipleInsertAndRetrieve
[       OK ] SkipListTest.MultipleInsertAndRetrieve (0 ms)
[ RUN      ] SkipListTest.RandomOperations
[       OK ] SkipListTest.RandomOperations (0 ms)
[ RUN      ] SkipListTest.ConcurrentReadWrite
[       OK ] SkipListTest.ConcurrentReadWrite (3 ms)
[----------] 4 tests from SkipListTest (3 ms total)

[----------] Global test environment tear-down
[==========] 4 tests from 1 test suite ran. (3 ms total)
[  PASSED  ] 4 tests.
i
[==========] Running 4 tests from 1 test suite.
[----------] Global test environment set-up.
[----------] 4 tests from SkipListTest
[ RUN      ] SkipListTest.PutAndGet
[       OK ] SkipListTest.PutAndGet (0 ms)
[ RUN      ] SkipListTest.MultipleInsertAndRetrieve
[       OK ] SkipListTest.MultipleInsertAndRetrieve (0 ms)
[ RUN      ] SkipListTest.RandomOperations
[       OK ] SkipListTest.RandomOperations (0 ms)
[ RUN      ] SkipListTest.ConcurrentReadWrite
[       OK ] SkipListTest.ConcurrentReadWrite (3 ms)
[----------] 4 tests from SkipListTest (3 ms total)

[----------] Global test environment tear-down
[==========] 4 tests from 1 test suite ran. (3 ms total)
[  PASSED  ] 4 tests.
i
[==========] Running 4 tests from 1 test suite.
[----------] Global test environment set-up.
[----------] 4 tests from SkipListTest
[ RUN      ] SkipListTest.PutAndGet
[       OK ] SkipListTest.PutAndGet (0 ms)
[ RUN      ] SkipListTest.MultipleInsertAndRetrieve
[       OK ] SkipListTest.MultipleInsertAndRetrieve (0 ms)
[ RUN      ] SkipListTest.RandomOperations
[       OK ] SkipListTest.RandomOperations (0 ms)
[ RUN      ] SkipListTest.ConcurrentReadWrite
[       OK ] SkipListTest.ConcurrentReadWrite (3 ms)
[----------] 4 tests from SkipListTest (3 ms total)

[----------] Global test environment tear-down
[==========] 4 tests from 1 test suite ran. (3 ms total)
[  PASSED  ] 4 tests.
i
[==========] Running 4 tests from 1 test suite.
[----------] Global test environment set-up.
[----------] 4 tests from SkipListTest
[ RUN      ] SkipListTest.PutAndGet
[       OK ] SkipListTest.PutAndGet (0 ms)
[ RUN      ] SkipListTest.MultipleInsertAndRetrieve
[       OK ] SkipListTest.MultipleInsertAndRetrieve (0 ms)
[ RUN      ] SkipListTest.RandomOperations
[       OK ] SkipListTest.RandomOperations (0 ms)
[ RUN      ] SkipListTest.ConcurrentReadWrite
[       OK ] SkipListTest.ConcurrentReadWrite (3 ms)
[----------] 4 tests from SkipListTest (3 ms total)

[----------] Global test environment tear-down
[==========] 4 tests from 1 test suite ran. (3 ms total)
[  PASSED  ] 4 tests.
i
[==========] Running 4 tests from 1 test suite.
[----------] Global test environment set-up.
[----------] 4 tests from SkipListTest
[ RUN      ] SkipListTest.PutAndGet
[       OK ] SkipListTest.PutAndGet (0 ms)
[ RUN      ] SkipListTest.MultipleInsertAndRetrieve
[       OK ] SkipListTest.MultipleInsertAndRetrieve (0 ms)
[ RUN      ] SkipListTest.RandomOperations
[       OK ] SkipListTest.RandomOperations (0 ms)
[ RUN      ] SkipListTest.ConcurrentReadWrite
[       OK ] SkipListTest.ConcurrentReadWrite (3 ms)
[----------] 4 tests from SkipListTest (3 ms total)

[----------] Global test environment tear-down
[==========] 4 tests from 1 test suite ran. (3 ms total)
[  PASSED  ] 4 tests.
i
[==========] Running 4 tests from 1 test suite.
[----------] Global test environment set-up.
[----------] 4 tests from SkipListTest
[ RUN      ] SkipListTest.PutAndGet
[       OK ] SkipListTest.PutAndGet (0 ms)
[ RUN      ] SkipListTest.MultipleInsertAndRetrieve
[       OK ] SkipListTest.MultipleInsertAndRetrieve (0 ms)
[ RUN      ] SkipListTest.RandomOperations
[       OK ] SkipListTest.RandomOperations (0 ms)
[ RUN      ] SkipListTest.ConcurrentReadWrite
[       OK ] SkipListTest.ConcurrentReadWrite (3 ms)
[----------] 4 tests from SkipListTest (3 ms total)

[----------] Global test environment tear-down
[==========] 4 tests from 1 test suite ran. (3 ms total)
[  PASSED  ] 4 tests.
i
[==========] Running 4 tests from 1 test suite.
[----------] Global test environment set-up.
[----------] 4 tests from SkipListTest
[ RUN      ] SkipListTest.PutAndGet
[       OK ] SkipListTest.PutAndGet (0 ms)
[ RUN      ] SkipListTest.MultipleInsertAndRetrieve
[       OK ] SkipListTest.MultipleInsertAndRetrieve (0 ms)
[ RUN      ] SkipListTest.RandomOperations
[       OK ] SkipListTest.RandomOperations (0 ms)
[ RUN      ] SkipListTest.ConcurrentReadWrite
[       OK ] SkipListTest.ConcurrentReadWrite (3 ms)
[----------] 4 tests from SkipListTest (3 ms total)

[----------] Global test environment tear-down
[==========] 4 tests from 1 test suite ran. (3 ms total)
[  PASSED  ] 4 tests.
i
[==========] Running 4 tests from 1 test suite.
[----------] Global test environment set-up.
[----------] 4 tests from SkipListTest
[ RUN      ] SkipListTest.PutAndGet
[       OK ] SkipListTest.PutAndGet (0 ms)
[ RUN      ] SkipListTest.MultipleInsertAndRetrieve
[       OK ] SkipListTest.MultipleInsertAndRetrieve (0 ms)
[ RUN      ] SkipListTest.RandomOperations
[       OK ] SkipListTest.RandomOperations (0 ms)
[ RUN      ] SkipListTest.ConcurrentReadWrite
[       OK ] SkipListTest.ConcurrentReadWrite (3 ms)
[----------] 4 tests from SkipListTest (3 ms total)

[----------] Global test environment tear-down
[==========] 4 tests from 1 test suite ran. (3 ms total)
[  PASSED  ] 4 tests.
i
[==========] Running 4 tests from 1 test suite.
[----------] Global test environment set-up.
[----------] 4 tests from SkipListTest
[ RUN      ] SkipListTest.PutAndGet
[       OK ] SkipListTest.PutAndGet (0 ms)
[ RUN      ] SkipListTest.MultipleInsertAndRetrieve
[       OK ] SkipListTest.MultipleInsertAndRetrieve (0 ms)
[ RUN      ] SkipListTest.RandomOperations
[       OK ] SkipListTest.RandomOperations (0 ms)
[ RUN      ] SkipListTest.ConcurrentReadWrite
[       OK ] SkipListTest.ConcurrentReadWrite (3 ms)
[----------] 4 tests from SkipListTest (3 ms total)

[----------] Global test environment tear-down
[==========] 4 tests from 1 test suite ran. (3 ms total)
[  PASSED  ] 4 tests.
i
[==========] Running 4 tests from 1 test suite.
[----------] Global test environment set-up.
[----------] 4 tests from SkipListTest
[ RUN      ] SkipListTest.PutAndGet
[       OK ] SkipListTest.PutAndGet (0 ms)
[ RUN      ] SkipListTest.MultipleInsertAndRetrieve
[       OK ] SkipListTest.MultipleInsertAndRetrieve (0 ms)
[ RUN      ] SkipListTest.RandomOperations
[       OK ] SkipListTest.RandomOperations (0 ms)
[ RUN      ] SkipListTest.ConcurrentReadWrite
[       OK ] SkipListTest.ConcurrentReadWrite (3 ms)
[----------] 4 tests from SkipListTest (3 ms total)

[----------] Global test environment tear-down
[==========] 4 tests from 1 test suite ran. (3 ms total)
[  PASSED  ] 4 tests.
i
[==========] Running 4 tests from 1 test suite.
[----------] Global test environment set-up.
[----------] 4 tests from SkipListTest
[ RUN      ] SkipListTest.PutAndGet
[       OK ] SkipListTest.PutAndGet (0 ms)
[ RUN      ] SkipListTest.MultipleInsertAndRetrieve
[       OK ] SkipListTest.MultipleInsertAndRetrieve (0 ms)
[ RUN      ] SkipListTest.RandomOperations
[       OK ] SkipListTest.RandomOperations (0 ms)
[ RUN      ] SkipListTest.ConcurrentReadWrite
[       OK ] SkipListTest.ConcurrentReadWrite (3 ms)
[----------] 4 tests from SkipListTest (3 ms total)

[----------] Global test environment tear-down
[==========] 4 tests from 1 test suite ran. (3 ms total)
[  PASSED  ] 4 tests.
i
[==========] Running 4 tests from 1 test suite.
[----------] Global test environment set-up.
[----------] 4 tests from SkipListTest
[ RUN      ] SkipListTest.PutAndGet
[       OK ] SkipListTest.PutAndGet (0 ms)
[ RUN      ] SkipListTest.MultipleInsertAndRetrieve
[       OK ] SkipListTest.MultipleInsertAndRetrieve (0 ms)
[ RUN      ] SkipListTest.RandomOperations
[       OK ] SkipListTest.RandomOperations (0 ms)
[ RUN      ] SkipListTest.ConcurrentReadWrite
[       OK ] SkipListTest.ConcurrentReadWrite (3 ms)
[----------] 4 tests from SkipListTest (3 ms total)

[----------] Global test environment tear-down
[==========] 4 tests from 1 test suite ran. (3 ms total)
[  PASSED  ] 4 tests.
i
[==========] Running 4 tests from 1 test suite.
[----------] Global test environment set-up.
[----------] 4 tests from SkipListTest
[ RUN      ] SkipListTest.PutAndGet
[       OK ] SkipListTest.PutAndGet (0 ms)
[ RUN      ] SkipListTest.MultipleInsertAndRetrieve
[       OK ] SkipListTest.MultipleInsertAndRetrieve (0 ms)
[ RUN      ] SkipListTest.RandomOperations
[       OK ] SkipListTest.RandomOperations (0 ms)
[ RUN      ] SkipListTest.ConcurrentReadWrite
[       OK ] SkipListTest.ConcurrentReadWrite (3 ms)
[----------] 4 tests from SkipListTest (3 ms total)

[----------] Global test environment tear-down
[==========] 4 tests from 1 test suite ran. (3 ms total)
[  PASSED  ] 4 tests.
i
[==========] Running 4 tests from 1 test suite.
[----------] Global test environment set-up.
[----------] 4 tests from SkipListTest
[ RUN      ] SkipListTest.PutAndGet
[       OK ] SkipListTest.PutAndGet (0 ms)
[ RUN      ] SkipListTest.MultipleInsertAndRetrieve
[       OK ] SkipListTest.MultipleInsertAndRetrieve (0 ms)
[ RUN      ] SkipListTest.RandomOperations
[       OK ] SkipListTest.RandomOperations (0 ms)
[ RUN      ] SkipListTest.ConcurrentReadWrite
[       OK ] SkipListTest.ConcurrentReadWrite (3 ms)
[----------] 4 tests from SkipListTest (3 ms total)

[----------] Global test environment tear-down
[==========] 4 tests from 1 test suite ran. (3 ms total)
[  PASSED  ] 4 tests.
i
[==========] Running 4 tests from 1 test suite.
[----------] Global test environment set-up.
[----------] 4 tests from SkipListTest
[ RUN      ] SkipListTest.PutAndGet
[       OK ] SkipListTest.PutAndGet (0 ms)
[ RUN      ] SkipListTest.MultipleInsertAndRetrieve
[       OK ] SkipListTest.MultipleInsertAndRetrieve (0 ms)
[ RUN      ] SkipListTest.RandomOperations
[       OK ] SkipListTest.RandomOperations (0 ms)
[ RUN      ] SkipListTest.ConcurrentReadWrite
[       OK ] SkipListTest.ConcurrentReadWrite (3 ms)
[----------] 4 tests from SkipListTest (3 ms total)

[----------] Global test environment tear-down
[==========] 4 tests from 1 test suite ran. (3 ms total)
[  PASSED  ] 4 tests.
i
[==========] Running 4 tests from 1 test suite.
[----------] Global test environment set-up.
[----------] 4 tests from SkipListTest
[ RUN      ] SkipListTest.PutAndGet
[       OK ] SkipListTest.PutAndGet (0 ms)
[ RUN      ] SkipListTest.MultipleInsertAndRetrieve
[       OK ] SkipListTest.MultipleInsertAndRetrieve (0 ms)
[ RUN      ] SkipListTest.RandomOperations
[       OK ] SkipListTest.RandomOperations (0 ms)
[ RUN      ] SkipListTest.ConcurrentReadWrite
[       OK ] SkipListTest.ConcurrentReadWrite (3 ms)
[----------] 4 tests from SkipListTest (3 ms total)

[----------] Global test environment tear-down
[==========] 4 tests from 1 test suite ran. (3 ms total)
[  PASSED  ] 4 tests.
i
[==========] Running 4 tests from 1 test suite.
[----------] Global test environment set-up.
[----------] 4 tests from SkipListTest
[ RUN      ] SkipListTest.PutAndGet
[       OK ] SkipListTest.PutAndGet (0 ms)
[ RUN      ] SkipListTest.MultipleInsertAndRetrieve
[       OK ] SkipListTest.MultipleInsertAndRetrieve (0 ms)
[ RUN      ] SkipListTest.RandomOperations
[       OK ] SkipListTest.RandomOperations (0 ms)
[ RUN      ] SkipListTest.ConcurrentReadWrite
[       OK ] SkipListTest.ConcurrentReadWrite (3 ms)
[----------] 4 tests from SkipListTest (3 ms total)

[----------] Global test environment tear-down
[==========] 4 tests from 1 test suite ran. (3 ms total)
[  PASSED  ] 4 tests.
i
[==========] Running 4 tests from 1 test suite.
[----------] Global test environment set-up.
[----------] 4 tests from SkipListTest
[ RUN      ] SkipListTest.PutAndGet
[       OK ] SkipListTest.PutAndGet (0 ms)
[ RUN      ] SkipListTest.MultipleInsertAndRetrieve
[       OK ] SkipListTest.MultipleInsertAndRetrieve (0 ms)
[ RUN      ] SkipListTest.RandomOperations
[       OK ] SkipListTest.RandomOperations (0 ms)
[ RUN      ] SkipListTest.ConcurrentReadWrite
[       OK ] SkipListTest.ConcurrentReadWrite (3 ms)
[----------] 4 tests from SkipListTest (3 ms total)

[----------] Global test environment tear-down
[==========] 4 tests from 1 test suite ran. (3 ms total)
[  PASSED  ] 4 tests.
i
[==========] Running 4 tests from 1 test suite.
[----------] Global test environment set-up.
[----------] 4 tests from SkipListTest
[ RUN      ] SkipListTest.PutAndGet
[       OK ] SkipListTest.PutAndGet (0 ms)
[ RUN      ] SkipListTest.MultipleInsertAndRetrieve
[       OK ] SkipListTest.MultipleInsertAndRetrieve (0 ms)
[ RUN      ] SkipListTest.RandomOperations
[       OK ] SkipListTest.RandomOperations (0 ms)
[ RUN      ] SkipListTest.ConcurrentReadWrite
[       OK ] SkipListTest.ConcurrentReadWrite (3 ms)
[----------] 4 tests from SkipListTest (3 ms total)

[----------] Global test environment tear-down
[==========] 4 tests from 1 test suite ran. (3 ms total)
[  PASSED  ] 4 tests.
i
[==========] Running 4 tests from 1 test suite.
[----------] Global test environment set-up.
[----------] 4 tests from SkipListTest
[ RUN      ] SkipListTest.PutAndGet
[       OK ] SkipListTest.PutAndGet (0 ms)
[ RUN      ] SkipListTest.MultipleInsertAndRetrieve
[       OK ] SkipListTest.MultipleInsertAndRetrieve (0 ms)
[ RUN      ] SkipListTest.RandomOperations
[       OK ] SkipListTest.RandomOperations (0 ms)
[ RUN      ] SkipListTest.ConcurrentReadWrite
[       OK ] SkipListTest.ConcurrentReadWrite (3 ms)
[----------] 4 tests from SkipListTest (3 ms total)

[----------] Global test environment tear-down
[==========] 4 tests from 1 test suite ran. (3 ms total)
[  PASSED  ] 4 tests.
i
[==========] Running 4 tests from 1 test suite.
[----------] Global test environment set-up.
[----------] 4 tests from SkipListTest
[ RUN      ] SkipListTest.PutAndGet
[       OK ] SkipListTest.PutAndGet (0 ms)
[ RUN      ] SkipListTest.MultipleInsertAndRetrieve
[       OK ] SkipListTest.MultipleInsertAndRetrieve (0 ms)
[ RUN      ] SkipListTest.RandomOperations
[       OK ] SkipListTest.RandomOperations (0 ms)
[ RUN      ] SkipListTest.ConcurrentReadWrite
[       OK ] SkipListTest.ConcurrentReadWrite (3 ms)
[----------] 4 tests from SkipListTest (3 ms total)

[----------] Global test environment tear-down
[==========] 4 tests from 1 test suite ran. (3 ms total)
[  PASSED  ] 4 tests.
i
[==========] Running 4 tests from 1 test suite.
[----------] Global test environment set-up.
[----------] 4 tests from SkipListTest
[ RUN      ] SkipListTest.PutAndGet
[       OK ] SkipListTest.PutAndGet (0 ms)
[ RUN      ] SkipListTest.MultipleInsertAndRetrieve
[       OK ] SkipListTest.MultipleInsertAndRetrieve (0 ms)
[ RUN      ] SkipListTest.RandomOperations
[       OK ] SkipListTest.RandomOperations (0 ms)
[ RUN      ] SkipListTest.ConcurrentReadWrite
[       OK ] SkipListTest.ConcurrentReadWrite (3 ms)
[----------] 4 tests from SkipListTest (3 ms total)

[----------] Global test environment tear-down
[==========] 4 tests from 1 test suite ran. (3 ms total)
[  PASSED  ] 4 tests.
i
[==========] Running 4 tests from 1 test suite.
[----------] Global test environment set-up.
[----------] 4 tests from SkipListTest
[ RUN      ] SkipListTest.PutAndGet
[       OK ] SkipListTest.PutAndGet (0 ms)
[ RUN      ] SkipListTest.MultipleInsertAndRetrieve
[       OK ] SkipListTest.MultipleInsertAndRetrieve (0 ms)
[ RUN      ] SkipListTest.RandomOperations
[       OK ] SkipListTest.RandomOperations (0 ms)
[ RUN      ] SkipListTest.ConcurrentReadWrite
[       OK ] SkipListTest.ConcurrentReadWrite (3 ms)
[----------] 4 tests from SkipListTest (3 ms total)

[----------] Global test environment tear-down
[==========] 4 tests from 1 test suite ran. (3 ms total)
[  PASSED  ] 4 tests.
i
[==========] Running 4 tests from 1 test suite.
[----------] Global test environment set-up.
[----------] 4 tests from SkipListTest
[ RUN      ] SkipListTest.PutAndGet
[       OK ] SkipListTest.PutAndGet (0 ms)
[ RUN      ] SkipListTest.MultipleInsertAndRetrieve
[       OK ] SkipListTest.MultipleInsertAndRetrieve (0 ms)
[ RUN      ] SkipListTest.RandomOperations
[       OK ] SkipListTest.RandomOperations (0 ms)
[ RUN      ] SkipListTest.ConcurrentReadWrite
[       OK ] SkipListTest.ConcurrentReadWrite (3 ms)
[----------] 4 tests from SkipListTest (3 ms total)

[----------] Global test environment tear-down
[==========] 4 tests from 1 test suite ran. (3 ms total)
[  PASSED  ] 4 tests.
i
[==========] Running 4 tests from 1 test suite.
[----------] Global test environment set-up.
[----------] 4 tests from SkipListTest
[ RUN      ] SkipListTest.PutAndGet
[       OK ] SkipListTest.PutAndGet (0 ms)
[ RUN      ] SkipListTest.MultipleInsertAndRetrieve
[       OK ] SkipListTest.MultipleInsertAndRetrieve (0 ms)
[ RUN      ] SkipListTest.RandomOperations
[       OK ] SkipListTest.RandomOperations (0 ms)
[ RUN      ] SkipListTest.ConcurrentReadWrite
[       OK ] SkipListTest.ConcurrentReadWrite (3 ms)
[----------] 4 tests from SkipListTest (3 ms total)

[----------] Global test environment tear-down
[==========] 4 tests from 1 test suite ran. (3 ms total)
[  PASSED  ] 4 tests.
i
[==========] Running 4 tests from 1 test suite.
[----------] Global test environment set-up.
[----------] 4 tests from SkipListTest
[ RUN      ] SkipListTest.PutAndGet
[       OK ] SkipListTest.PutAndGet (0 ms)
[ RUN      ] SkipListTest.MultipleInsertAndRetrieve
[       OK ] SkipListTest.MultipleInsertAndRetrieve (0 ms)
[ RUN      ] SkipListTest.RandomOperations
[       OK ] SkipListTest.RandomOperations (0 ms)
[ RUN      ] SkipListTest.ConcurrentReadWrite
[       OK ] SkipListTest.ConcurrentReadWrite (3 ms)
[----------] 4 tests from SkipListTest (3 ms total)

[----------] Global test environment tear-down
[==========] 4 tests from 1 test suite ran. (3 ms total)
[  PASSED  ] 4 tests.
i
[==========] Running 4 tests from 1 test suite.
[----------] Global test environment set-up.
[----------] 4 tests from SkipListTest
[ RUN      ] SkipListTest.PutAndGet
[       OK ] SkipListTest.PutAndGet (0 ms)
[ RUN      ] SkipListTest.MultipleInsertAndRetrieve
[       OK ] SkipListTest.MultipleInsertAndRetrieve (0 ms)
[ RUN      ] SkipListTest.RandomOperations
[       OK ] SkipListTest.RandomOperations (0 ms)
[ RUN      ] SkipListTest.ConcurrentReadWrite
[       OK ] SkipListTest.ConcurrentReadWrite (3 ms)
[----------] 4 tests from SkipListTest (3 ms total)

[----------] Global test environment tear-down
[==========] 4 tests from 1 test suite ran. (3 ms total)
[  PASSED  ] 4 tests.
i
[==========] Running 4 tests from 1 test suite.
[----------] Global test environment set-up.
[----------] 4 tests from SkipListTest
[ RUN      ] SkipListTest.PutAndGet
[       OK ] SkipListTest.PutAndGet (0 ms)
[ RUN      ] SkipListTest.MultipleInsertAndRetrieve
[       OK ] SkipListTest.MultipleInsertAndRetrieve (0 ms)
[ RUN      ] SkipListTest.RandomOperations
[       OK ] SkipListTest.RandomOperations (0 ms)
[ RUN      ] SkipListTest.ConcurrentReadWrite
[       OK ] SkipListTest.ConcurrentReadWrite (3 ms)
[----------] 4 tests from SkipListTest (3 ms total)

[----------] Global test environment tear-down
[==========] 4 tests from 1 test suite ran. (3 ms total)
[  PASSED  ] 4 tests.
i
[==========] Running 4 tests from 1 test suite.
[----------] Global test environment set-up.
[----------] 4 tests from SkipListTest
[ RUN      ] SkipListTest.PutAndGet
[       OK ] SkipListTest.PutAndGet (0 ms)
[ RUN      ] SkipListTest.MultipleInsertAndRetrieve
[       OK ] SkipListTest.MultipleInsertAndRetrieve (0 ms)
[ RUN      ] SkipListTest.RandomOperations
[       OK ] SkipListTest.RandomOperations (0 ms)
[ RUN      ] SkipListTest.ConcurrentReadWrite
[       OK ] SkipListTest.ConcurrentReadWrite (3 ms)
[----------] 4 tests from SkipListTest (3 ms total)

[----------] Global test environment tear-down
[==========] 4 tests from 1 test suite ran. (3 ms total)
[  PASSED  ] 4 tests.
i
[==========] Running 4 tests from 1 test suite.
[----------] Global test environment set-up.
[----------] 4 tests from SkipListTest
[ RUN      ] SkipListTest.PutAndGet
[       OK ] SkipListTest.PutAndGet (0 ms)
[ RUN      ] SkipListTest.MultipleInsertAndRetrieve
[       OK ] SkipListTest.MultipleInsertAndRetrieve (0 ms)
[ RUN      ] SkipListTest.RandomOperations
[       OK ] SkipListTest.RandomOperations (0 ms)
[ RUN      ] SkipListTest.ConcurrentReadWrite
[       OK ] SkipListTest.ConcurrentReadWrite (3 ms)
[----------] 4 tests from SkipListTest (3 ms total)

[----------] Global test environment tear-down
[==========] 4 tests from 1 test suite ran. (3 ms total)
[  PASSED  ] 4 tests.
i
[==========] Running 4 tests from 1 test suite.
[----------] Global test environment set-up.
[----------] 4 tests from SkipListTest
[ RUN      ] SkipListTest.PutAndGet
[       OK ] SkipListTest.PutAndGet (0 ms)
[ RUN      ] SkipListTest.MultipleInsertAndRetrieve
[       OK ] SkipListTest.MultipleInsertAndRetrieve (0 ms)
[ RUN      ] SkipListTest.RandomOperations
[       OK ] SkipListTest.RandomOperations (0 ms)
[ RUN      ] SkipListTest.ConcurrentReadWrite
[       OK ] SkipListTest.ConcurrentReadWrite (3 ms)
[----------] 4 tests from SkipListTest (3 ms total)

[----------] Global test environment tear-down
[==========] 4 tests from 1 test suite ran. (3 ms total)
[  PASSED  ] 4 tests.
i
[==========] Running 4 tests from 1 test suite.
[----------] Global test environment set-up.
[----------] 4 tests from SkipListTest
[ RUN      ] SkipListTest.PutAndGet
[       OK ] SkipListTest.PutAndGet (0 ms)
[ RUN      ] SkipListTest.MultipleInsertAndRetrieve
[       OK ] SkipListTest.MultipleInsertAndRetrieve (0 ms)
[ RUN      ] SkipListTest.RandomOperations
[       OK ] SkipListTest.RandomOperations (0 ms)
[ RUN      ] SkipListTest.ConcurrentReadWrite
[       OK ] SkipListTest.ConcurrentReadWrite (3 ms)
[----------] 4 tests from SkipListTest (3 ms total)

[----------] Global test environment tear-down
[==========] 4 tests from 1 test suite ran. (3 ms total)
[  PASSED  ] 4 tests.
i
[==========] Running 4 tests from 1 test suite.
[----------] Global test environment set-up.
[----------] 4 tests from SkipListTest
[ RUN      ] SkipListTest.PutAndGet
[       OK ] SkipListTest.PutAndGet (0 ms)
[ RUN      ] SkipListTest.MultipleInsertAndRetrieve
[       OK ] SkipListTest.MultipleInsertAndRetrieve (0 ms)
[ RUN      ] SkipListTest.RandomOperations
[       OK ] SkipListTest.RandomOperations (0 ms)
[ RUN      ] SkipListTest.ConcurrentReadWrite
[       OK ] SkipListTest.ConcurrentReadWrite (3 ms)
[----------] 4 tests from SkipListTest (3 ms total)

[----------] Global test environment tear-down
[==========] 4 tests from 1 test suite ran. (3 ms total)
[  PASSED  ] 4 tests.
i
[==========] Running 4 tests from 1 test suite.
[----------] Global test environment set-up.
[----------] 4 tests from SkipListTest
[ RUN      ] SkipListTest.PutAndGet
[       OK ] SkipListTest.PutAndGet (0 ms)
[ RUN      ] SkipListTest.MultipleInsertAndRetrieve
[       OK ] SkipListTest.MultipleInsertAndRetrieve (0 ms)
[ RUN      ] SkipListTest.RandomOperations
[       OK ] SkipListTest.RandomOperations (0 ms)
[ RUN      ] SkipListTest.ConcurrentReadWrite
[       OK ] SkipListTest.ConcurrentReadWrite (3 ms)
[----------] 4 tests from SkipListTest (3 ms total)

[----------] Global test environment tear-down
[==========] 4 tests from 1 test suite ran. (3 ms total)
[  PASSED  ] 4 tests.
i
[==========] Running 4 tests from 1 test suite.
[----------] Global test environment set-up.
[----------] 4 tests from SkipListTest
[ RUN      ] SkipListTest.PutAndGet
[       OK ] SkipListTest.PutAndGet (0 ms)
[ RUN      ] SkipListTest.MultipleInsertAndRetrieve
[       OK ] SkipListTest.MultipleInsertAndRetrieve (0 ms)
[ RUN      ] SkipListTest.RandomOperations
[       OK ] SkipListTest.RandomOperations (0 ms)
[ RUN      ] SkipListTest.ConcurrentReadWrite
[       OK ] SkipListTest.ConcurrentReadWrite (3 ms)
[----------] 4 tests from SkipListTest (3 ms total)

[----------] Global test environment tear-down
[==========] 4 tests from 1 test suite ran. (3 ms total)
[  PASSED  ] 4 tests.
i
[==========] Running 4 tests from 1 test suite.
[----------] Global test environment set-up.
[----------] 4 tests from SkipListTest
[ RUN      ] SkipListTest.PutAndGet
[       OK ] SkipListTest.PutAndGet (0 ms)
[ RUN      ] SkipListTest.MultipleInsertAndRetrieve
[       OK ] SkipListTest.MultipleInsertAndRetrieve (0 ms)
[ RUN      ] SkipListTest.RandomOperations
[       OK ] SkipListTest.RandomOperations (0 ms)
[ RUN      ] SkipListTest.ConcurrentReadWrite
[       OK ] SkipListTest.ConcurrentReadWrite (3 ms)
[----------] 4 tests from SkipListTest (3 ms total)

[----------] Global test environment tear-down
[==========] 4 tests from 1 test suite ran. (3 ms total)
[  PASSED  ] 4 tests.
i
[==========] Running 4 tests from 1 test suite.
[----------] Global test environment set-up.
[----------] 4 tests from SkipListTest
[ RUN      ] SkipListTest.PutAndGet
[       OK ] SkipListTest.PutAndGet (0 ms)
[ RUN      ] SkipListTest.MultipleInsertAndRetrieve
[       OK ] SkipListTest.MultipleInsertAndRetrieve (0 ms)
[ RUN      ] SkipListTest.RandomOperations
[       OK ] SkipListTest.RandomOperations (0 ms)
[ RUN      ] SkipListTest.ConcurrentReadWrite
[       OK ] SkipListTest.ConcurrentReadWrite (3 ms)
[----------] 4 tests from SkipListTest (3 ms total)

[----------] Global test environment tear-down
[==========] 4 tests from 1 test suite ran. (3 ms total)
[  PASSED  ] 4 tests.
i
[==========] Running 4 tests from 1 test suite.
[----------] Global test environment set-up.
[----------] 4 tests from SkipListTest
[ RUN      ] SkipListTest.PutAndGet
[       OK ] SkipListTest.PutAndGet (0 ms)
[ RUN      ] SkipListTest.MultipleInsertAndRetrieve
[       OK ] SkipListTest.MultipleInsertAndRetrieve (0 ms)
[ RUN      ] SkipListTest.RandomOperations
[       OK ] SkipListTest.RandomOperations (0 ms)
[ RUN      ] SkipListTest.ConcurrentReadWrite
[       OK ] SkipListTest.ConcurrentReadWrite (3 ms)
[----------] 4 tests from SkipListTest (3 ms total)

[----------] Global test environment tear-down
[==========] 4 tests from 1 test suite ran. (3 ms total)
[  PASSED  ] 4 tests.
i
[==========] Running 4 tests from 1 test suite.
[----------] Global test environment set-up.
[----------] 4 tests from SkipListTest
[ RUN      ] SkipListTest.PutAndGet
[       OK ] SkipListTest.PutAndGet (0 ms)
[ RUN      ] SkipListTest.MultipleInsertAndRetrieve
[       OK ] SkipListTest.MultipleInsertAndRetrieve (0 ms)
[ RUN      ] SkipListTest.RandomOperations
[       OK ] SkipListTest.RandomOperations (0 ms)
[ RUN      ] SkipListTest.ConcurrentReadWrite
[       OK ] SkipListTest.ConcurrentReadWrite (3 ms)
[----------] 4 tests from SkipListTest (3 ms total)

[----------] Global test environment tear-down
[==========] 4 tests from 1 test suite ran. (3 ms total)
[  PASSED  ] 4 tests.
i
[==========] Running 4 tests from 1 test suite.
[----------] Global test environment set-up.
[----------] 4 tests from SkipListTest
[ RUN      ] SkipListTest.PutAndGet
[       OK ] SkipListTest.PutAndGet (0 ms)
[ RUN      ] SkipListTest.MultipleInsertAndRetrieve
[       OK ] SkipListTest.MultipleInsertAndRetrieve (0 ms)
[ RUN      ] SkipListTest.RandomOperations
[       OK ] SkipListTest.RandomOperations (0 ms)
[ RUN      ] SkipListTest.ConcurrentReadWrite
[       OK ] SkipListTest.ConcurrentReadWrite (3 ms)
[----------] 4 tests from SkipListTest (3 ms total)

[----------] Global test environment tear-down
[==========] 4 tests from 1 test suite ran. (4 ms total)
[  PASSED  ] 4 tests.
i
[==========] Running 4 tests from 1 test suite.
[----------] Global test environment set-up.
[----------] 4 tests from SkipListTest
[ RUN      ] SkipListTest.PutAndGet
[       OK ] SkipListTest.PutAndGet (0 ms)
[ RUN      ] SkipListTest.MultipleInsertAndRetrieve
[       OK ] SkipListTest.MultipleInsertAndRetrieve (0 ms)
[ RUN      ] SkipListTest.RandomOperations
[       OK ] SkipListTest.RandomOperations (0 ms)
[ RUN      ] SkipListTest.ConcurrentReadWrite
[       OK ] SkipListTest.ConcurrentReadWrite (3 ms)
[----------] 4 tests from SkipListTest (3 ms total)

[----------] Global test environment tear-down
[==========] 4 tests from 1 test suite ran. (3 ms total)
[  PASSED  ] 4 tests.
i
[==========] Running 4 tests from 1 test suite.
[----------] Global test environment set-up.
[----------] 4 tests from SkipListTest
[ RUN      ] SkipListTest.PutAndGet
[       OK ] SkipListTest.PutAndGet (0 ms)
[ RUN      ] SkipListTest.MultipleInsertAndRetrieve
[       OK ] SkipListTest.MultipleInsertAndRetrieve (0 ms)
[ RUN      ] SkipListTest.RandomOperations
[       OK ] SkipListTest.RandomOperations (0 ms)
[ RUN      ] SkipListTest.ConcurrentReadWrite
[       OK ] SkipListTest.ConcurrentReadWrite (3 ms)
[----------] 4 tests from SkipListTest (3 ms total)

[----------] Global test environment tear-down
[==========] 4 tests from 1 test suite ran. (3 ms total)
[  PASSED  ] 4 tests.
i
[==========] Running 4 tests from 1 test suite.
[----------] Global test environment set-up.
[----------] 4 tests from SkipListTest
[ RUN      ] SkipListTest.PutAndGet
[       OK ] SkipListTest.PutAndGet (0 ms)
[ RUN      ] SkipListTest.MultipleInsertAndRetrieve
[       OK ] SkipListTest.MultipleInsertAndRetrieve (0 ms)
[ RUN      ] SkipListTest.RandomOperations
[       OK ] SkipListTest.RandomOperations (0 ms)
[ RUN      ] SkipListTest.ConcurrentReadWrite
[       OK ] SkipListTest.ConcurrentReadWrite (3 ms)
[----------] 4 tests from SkipListTest (3 ms total)

[----------] Global test environment tear-down
[==========] 4 tests from 1 test suite ran. (3 ms total)
[  PASSED  ] 4 tests.
i
[==========] Running 4 tests from 1 test suite.
[----------] Global test environment set-up.
[----------] 4 tests from SkipListTest
[ RUN      ] SkipListTest.PutAndGet
[       OK ] SkipListTest.PutAndGet (0 ms)
[ RUN      ] SkipListTest.MultipleInsertAndRetrieve
[       OK ] SkipListTest.MultipleInsertAndRetrieve (0 ms)
[ RUN      ] SkipListTest.RandomOperations
[       OK ] SkipListTest.RandomOperations (0 ms)
[ RUN      ] SkipListTest.ConcurrentReadWrite
[       OK ] SkipListTest.ConcurrentReadWrite (3 ms)
[----------] 4 tests from SkipListTest (3 ms total)

[----------] Global test environment tear-down
[==========] 4 tests from 1 test suite ran. (3 ms total)
[  PASSED  ] 4 tests.
i
[==========] Running 4 tests from 1 test suite.
[----------] Global test environment set-up.
[----------] 4 tests from SkipListTest
[ RUN      ] SkipListTest.PutAndGet
[       OK ] SkipListTest.PutAndGet (0 ms)
[ RUN      ] SkipListTest.MultipleInsertAndRetrieve
[       OK ] SkipListTest.MultipleInsertAndRetrieve (0 ms)
[ RUN      ] SkipListTest.RandomOperations
[       OK ] SkipListTest.RandomOperations (0 ms)
[ RUN      ] SkipListTest.ConcurrentReadWrite
[       OK ] SkipListTest.ConcurrentReadWrite (3 ms)
[----------] 4 tests from SkipListTest (3 ms total)

[----------] Global test environment tear-down
[==========] 4 tests from 1 test suite ran. (3 ms total)
[  PASSED  ] 4 tests.
i
[==========] Running 4 tests from 1 test suite.
[----------] Global test environment set-up.
[----------] 4 tests from SkipListTest
[ RUN      ] SkipListTest.PutAndGet
[       OK ] SkipListTest.PutAndGet (0 ms)
[ RUN      ] SkipListTest.MultipleInsertAndRetrieve
[       OK ] SkipListTest.MultipleInsertAndRetrieve (0 ms)
[ RUN      ] SkipListTest.RandomOperations
[       OK ] SkipListTest.RandomOperations (0 ms)
[ RUN      ] SkipListTest.ConcurrentReadWrite
[       OK ] SkipListTest.ConcurrentReadWrite (3 ms)
[----------] 4 tests from SkipListTest (3 ms total)

[----------] Global test environment tear-down
[==========] 4 tests from 1 test suite ran. (3 ms total)
[  PASSED  ] 4 tests.
i
[==========] Running 4 tests from 1 test suite.
[----------] Global test environment set-up.
[----------] 4 tests from SkipListTest
[ RUN      ] SkipListTest.PutAndGet
[       OK ] SkipListTest.PutAndGet (0 ms)
[ RUN      ] SkipListTest.MultipleInsertAndRetrieve
[       OK ] SkipListTest.MultipleInsertAndRetrieve (0 ms)
[ RUN      ] SkipListTest.RandomOperations
[       OK ] SkipListTest.RandomOperations (0 ms)
[ RUN      ] SkipListTest.ConcurrentReadWrite
[       OK ] SkipListTest.ConcurrentReadWrite (3 ms)
[----------] 4 tests from SkipListTest (3 ms total)

[----------] Global test environment tear-down
[==========] 4 tests from 1 test suite ran. (3 ms total)
[  PASSED  ] 4 tests.
i
[==========] Running 4 tests from 1 test suite.
[----------] Global test environment set-up.
[----------] 4 tests from SkipListTest
[ RUN      ] SkipListTest.PutAndGet
[       OK ] SkipListTest.PutAndGet (0 ms)
[ RUN      ] SkipListTest.MultipleInsertAndRetrieve
[       OK ] SkipListTest.MultipleInsertAndRetrieve (0 ms)
[ RUN      ] SkipListTest.RandomOperations
[       OK ] SkipListTest.RandomOperations (0 ms)
[ RUN      ] SkipListTest.ConcurrentReadWrite
[       OK ] SkipListTest.ConcurrentReadWrite (3 ms)
[----------] 4 tests from SkipListTest (3 ms total)

[----------] Global test environment tear-down
[==========] 4 tests from 1 test suite ran. (3 ms total)
[  PASSED  ] 4 tests.
i
[==========] Running 4 tests from 1 test suite.
[----------] Global test environment set-up.
[----------] 4 tests from SkipListTest
[ RUN      ] SkipListTest.PutAndGet
[       OK ] SkipListTest.PutAndGet (0 ms)
[ RUN      ] SkipListTest.MultipleInsertAndRetrieve
[       OK ] SkipListTest.MultipleInsertAndRetrieve (0 ms)
[ RUN      ] SkipListTest.RandomOperations
[       OK ] SkipListTest.RandomOperations (0 ms)
[ RUN      ] SkipListTest.ConcurrentReadWrite
[       OK ] SkipListTest.ConcurrentReadWrite (3 ms)
[----------] 4 tests from SkipListTest (3 ms total)

[----------] Global test environment tear-down
[==========] 4 tests from 1 test suite ran. (3 ms total)
[  PASSED  ] 4 tests.
i
[==========] Running 4 tests from 1 test suite.
[----------] Global test environment set-up.
[----------] 4 tests from SkipListTest
[ RUN      ] SkipListTest.PutAndGet
[       OK ] SkipListTest.PutAndGet (0 ms)
[ RUN      ] SkipListTest.MultipleInsertAndRetrieve
[       OK ] SkipListTest.MultipleInsertAndRetrieve (0 ms)
[ RUN      ] SkipListTest.RandomOperations
[       OK ] SkipListTest.RandomOperations (0 ms)
[ RUN      ] SkipListTest.ConcurrentReadWrite
[       OK ] SkipListTest.ConcurrentReadWrite (3 ms)
[----------] 4 tests from SkipListTest (3 ms total)

[----------] Global test environment tear-down
[==========] 4 tests from 1 test suite ran. (3 ms total)
[  PASSED  ] 4 tests.
i
[==========] Running 4 tests from 1 test suite.
[----------] Global test environment set-up.
[----------] 4 tests from SkipListTest
[ RUN      ] SkipListTest.PutAndGet
[       OK ] SkipListTest.PutAndGet (0 ms)
[ RUN      ] SkipListTest.MultipleInsertAndRetrieve
[       OK ] SkipListTest.MultipleInsertAndRetrieve (0 ms)
[ RUN      ] SkipListTest.RandomOperations
[       OK ] SkipListTest.RandomOperations (0 ms)
[ RUN      ] SkipListTest.ConcurrentReadWrite
[       OK ] SkipListTest.ConcurrentReadWrite (3 ms)
[----------] 4 tests from SkipListTest (3 ms total)

[----------] Global test environment tear-down
[==========] 4 tests from 1 test suite ran. (3 ms total)
[  PASSED  ] 4 tests.
i
[==========] Running 4 tests from 1 test suite.
[----------] Global test environment set-up.
[----------] 4 tests from SkipListTest
[ RUN      ] SkipListTest.PutAndGet
[       OK ] SkipListTest.PutAndGet (0 ms)
[ RUN      ] SkipListTest.MultipleInsertAndRetrieve
[       OK ] SkipListTest.MultipleInsertAndRetrieve (0 ms)
[ RUN      ] SkipListTest.RandomOperations
[       OK ] SkipListTest.RandomOperations (0 ms)
[ RUN      ] SkipListTest.ConcurrentReadWrite
[       OK ] SkipListTest.ConcurrentReadWrite (3 ms)
[----------] 4 tests from SkipListTest (3 ms total)

[----------] Global test environment tear-down
[==========] 4 tests from 1 test suite ran. (3 ms total)
[  PASSED  ] 4 tests.
i
[==========] Running 4 tests from 1 test suite.
[----------] Global test environment set-up.
[----------] 4 tests from SkipListTest
[ RUN      ] SkipListTest.PutAndGet
[       OK ] SkipListTest.PutAndGet (0 ms)
[ RUN      ] SkipListTest.MultipleInsertAndRetrieve
[       OK ] SkipListTest.MultipleInsertAndRetrieve (0 ms)
[ RUN      ] SkipListTest.RandomOperations
[       OK ] SkipListTest.RandomOperations (0 ms)
[ RUN      ] SkipListTest.ConcurrentReadWrite
[       OK ] SkipListTest.ConcurrentReadWrite (3 ms)
[----------] 4 tests from SkipListTest (3 ms total)

[----------] Global test environment tear-down
[==========] 4 tests from 1 test suite ran. (3 ms total)
[  PASSED  ] 4 tests.
i
[==========] Running 4 tests from 1 test suite.
[----------] Global test environment set-up.
[----------] 4 tests from SkipListTest
[ RUN      ] SkipListTest.PutAndGet
[       OK ] SkipListTest.PutAndGet (0 ms)
[ RUN      ] SkipListTest.MultipleInsertAndRetrieve
[       OK ] SkipListTest.MultipleInsertAndRetrieve (0 ms)
[ RUN      ] SkipListTest.RandomOperations
[       OK ] SkipListTest.RandomOperations (0 ms)
[ RUN      ] SkipListTest.ConcurrentReadWrite
[       OK ] SkipListTest.ConcurrentReadWrite (3 ms)
[----------] 4 tests from SkipListTest (3 ms total)

[----------] Global test environment tear-down
[==========] 4 tests from 1 test suite ran. (3 ms total)
[  PASSED  ] 4 tests.
i
[==========] Running 4 tests from 1 test suite.
[----------] Global test environment set-up.
[----------] 4 tests from SkipListTest
[ RUN      ] SkipListTest.PutAndGet
[       OK ] SkipListTest.PutAndGet (0 ms)
[ RUN      ] SkipListTest.MultipleInsertAndRetrieve
[       OK ] SkipListTest.MultipleInsertAndRetrieve (0 ms)
[ RUN      ] SkipListTest.RandomOperations
[       OK ] SkipListTest.RandomOperations (0 ms)
[ RUN      ] SkipListTest.ConcurrentReadWrite
[       OK ] SkipListTest.ConcurrentReadWrite (3 ms)
[----------] 4 tests from SkipListTest (3 ms total)

[----------] Global test environment tear-down
[==========] 4 tests from 1 test suite ran. (3 ms total)
[  PASSED  ] 4 tests.
i
[==========] Running 4 tests from 1 test suite.
[----------] Global test environment set-up.
[----------] 4 tests from SkipListTest
[ RUN      ] SkipListTest.PutAndGet
[       OK ] SkipListTest.PutAndGet (0 ms)
[ RUN      ] SkipListTest.MultipleInsertAndRetrieve
[       OK ] SkipListTest.MultipleInsertAndRetrieve (0 ms)
[ RUN      ] SkipListTest.RandomOperations
[       OK ] SkipListTest.RandomOperations (0 ms)
[ RUN      ] SkipListTest.ConcurrentReadWrite
[       OK ] SkipListTest.ConcurrentReadWrite (3 ms)
[----------] 4 tests from SkipListTest (3 ms total)

[----------] Global test environment tear-down
[==========] 4 tests from 1 test suite ran. (3 ms total)
[  PASSED  ] 4 tests.
i
[==========] Running 4 tests from 1 test suite.
[----------] Global test environment set-up.
[----------] 4 tests from SkipListTest
[ RUN      ] SkipListTest.PutAndGet
[       OK ] SkipListTest.PutAndGet (0 ms)
[ RUN      ] SkipListTest.MultipleInsertAndRetrieve
[       OK ] SkipListTest.MultipleInsertAndRetrieve (0 ms)
[ RUN      ] SkipListTest.RandomOperations
[       OK ] SkipListTest.RandomOperations (0 ms)
[ RUN      ] SkipListTest.ConcurrentReadWrite
[       OK ] SkipListTest.ConcurrentReadWrite (3 ms)
[----------] 4 tests from SkipListTest (3 ms total)

[----------] Global test environment tear-down
[==========] 4 tests from 1 test suite ran. (3 ms total)
[  PASSED  ] 4 tests.
i
[==========] Running 4 tests from 1 test suite.
[----------] Global test environment set-up.
[----------] 4 tests from SkipListTest
[ RUN      ] SkipListTest.PutAndGet
[       OK ] SkipListTest.PutAndGet (0 ms)
[ RUN      ] SkipListTest.MultipleInsertAndRetrieve
[       OK ] SkipListTest.MultipleInsertAndRetrieve (0 ms)
[ RUN      ] SkipListTest.RandomOperations
[       OK ] SkipListTest.RandomOperations (0 ms)
[ RUN      ] SkipListTest.ConcurrentReadWrite
[       OK ] SkipListTest.ConcurrentReadWrite (3 ms)
[----------] 4 tests from SkipListTest (3 ms total)

[----------] Global test environment tear-down
[==========] 4 tests from 1 test suite ran. (4 ms total)
[  PASSED  ] 4 tests.
i
[==========] Running 4 tests from 1 test suite.
[----------] Global test environment set-up.
[----------] 4 tests from SkipListTest
[ RUN      ] SkipListTest.PutAndGet
[       OK ] SkipListTest.PutAndGet (0 ms)
[ RUN      ] SkipListTest.MultipleInsertAndRetrieve
[       OK ] SkipListTest.MultipleInsertAndRetrieve (0 ms)
[ RUN      ] SkipListTest.RandomOperations
[       OK ] SkipListTest.RandomOperations (0 ms)
[ RUN      ] SkipListTest.ConcurrentReadWrite
[       OK ] SkipListTest.ConcurrentReadWrite (3 ms)
[----------] 4 tests from SkipListTest (3 ms total)

[----------] Global test environment tear-down
[==========] 4 tests from 1 test suite ran. (3 ms total)
[  PASSED  ] 4 tests.
i
[==========] Running 4 tests from 1 test suite.
[----------] Global test environment set-up.
[----------] 4 tests from SkipListTest
[ RUN      ] SkipListTest.PutAndGet
[       OK ] SkipListTest.PutAndGet (0 ms)
[ RUN      ] SkipListTest.MultipleInsertAndRetrieve
[       OK ] SkipListTest.MultipleInsertAndRetrieve (0 ms)
[ RUN      ] SkipListTest.RandomOperations
[       OK ] SkipListTest.RandomOperations (0 ms)
[ RUN      ] SkipListTest.ConcurrentReadWrite
[       OK ] SkipListTest.ConcurrentReadWrite (3 ms)
[----------] 4 tests from SkipListTest (3 ms total)

[----------] Global test environment tear-down
[==========] 4 tests from 1 test suite ran. (3 ms total)
[  PASSED  ] 4 tests.
i
[==========] Running 4 tests from 1 test suite.
[----------] Global test environment set-up.
[----------] 4 tests from SkipListTest
[ RUN      ] SkipListTest.PutAndGet
[       OK ] SkipListTest.PutAndGet (0 ms)
[ RUN      ] SkipListTest.MultipleInsertAndRetrieve
[       OK ] SkipListTest.MultipleInsertAndRetrieve (0 ms)
[ RUN      ] SkipListTest.RandomOperations
[       OK ] SkipListTest.RandomOperations (0 ms)
[ RUN      ] SkipListTest.ConcurrentReadWrite
[       OK ] SkipListTest.ConcurrentReadWrite (3 ms)
[----------] 4 tests from SkipListTest (3 ms total)

[----------] Global test environment tear-down
[==========] 4 tests from 1 test suite ran. (3 ms total)
[  PASSED  ] 4 tests.
i
[==========] Running 4 tests from 1 test suite.
[----------] Global test environment set-up.
[----------] 4 tests from SkipListTest
[ RUN      ] SkipListTest.PutAndGet
[       OK ] SkipListTest.PutAndGet (0 ms)
[ RUN      ] SkipListTest.MultipleInsertAndRetrieve
[       OK ] SkipListTest.MultipleInsertAndRetrieve (0 ms)
[ RUN      ] SkipListTest.RandomOperations
[       OK ] SkipListTest.RandomOperations (0 ms)
[ RUN      ] SkipListTest.ConcurrentReadWrite
[       OK ] SkipListTest.ConcurrentReadWrite (3 ms)
[----------] 4 tests from SkipListTest (3 ms total)

[----------] Global test environment tear-down
[==========] 4 tests from 1 test suite ran. (3 ms total)
[  PASSED  ] 4 tests.
i
[==========] Running 4 tests from 1 test suite.
[----------] Global test environment set-up.
[----------] 4 tests from SkipListTest
[ RUN      ] SkipListTest.PutAndGet
[       OK ] SkipListTest.PutAndGet (0 ms)
[ RUN      ] SkipListTest.MultipleInsertAndRetrieve
[       OK ] SkipListTest.MultipleInsertAndRetrieve (0 ms)
[ RUN      ] SkipListTest.RandomOperations
[       OK ] SkipListTest.RandomOperations (0 ms)
[ RUN      ] SkipListTest.ConcurrentReadWrite
[       OK ] SkipListTest.ConcurrentReadWrite (3 ms)
[----------] 4 tests from SkipListTest (3 ms total)

[----------] Global test environment tear-down
[==========] 4 tests from 1 test suite ran. (3 ms total)
[  PASSED  ] 4 tests.
i
[==========] Running 4 tests from 1 test suite.
[----------] Global test environment set-up.
[----------] 4 tests from SkipListTest
[ RUN      ] SkipListTest.PutAndGet
[       OK ] SkipListTest.PutAndGet (0 ms)
[ RUN      ] SkipListTest.MultipleInsertAndRetrieve
[       OK ] SkipListTest.MultipleInsertAndRetrieve (0 ms)
[ RUN      ] SkipListTest.RandomOperations
[       OK ] SkipListTest.RandomOperations (0 ms)
[ RUN      ] SkipListTest.ConcurrentReadWrite
[       OK ] SkipListTest.ConcurrentReadWrite (3 ms)
[----------] 4 tests from SkipListTest (3 ms total)

[----------] Global test environment tear-down
[==========] 4 tests from 1 test suite ran. (3 ms total)
[  PASSED  ] 4 tests.
i
[==========] Running 4 tests from 1 test suite.
[----------] Global test environment set-up.
[----------] 4 tests from SkipListTest
[ RUN      ] SkipListTest.PutAndGet
[       OK ] SkipListTest.PutAndGet (0 ms)
[ RUN      ] SkipListTest.MultipleInsertAndRetrieve
[       OK ] SkipListTest.MultipleInsertAndRetrieve (0 ms)
[ RUN      ] SkipListTest.RandomOperations
[       OK ] SkipListTest.RandomOperations (0 ms)
[ RUN      ] SkipListTest.ConcurrentReadWrite
[       OK ] SkipListTest.ConcurrentReadWrite (3 ms)
[----------] 4 tests from SkipListTest (3 ms total)

[----------] Global test environment tear-down
[==========] 4 tests from 1 test suite ran. (3 ms total)
[  PASSED  ] 4 tests.
i
[==========] Running 4 tests from 1 test suite.
[----------] Global test environment set-up.
[----------] 4 tests from SkipListTest
[ RUN      ] SkipListTest.PutAndGet
[       OK ] SkipListTest.PutAndGet (0 ms)
[ RUN      ] SkipListTest.MultipleInsertAndRetrieve
[       OK ] SkipListTest.MultipleInsertAndRetrieve (0 ms)
[ RUN      ] SkipListTest.RandomOperations
[       OK ] SkipListTest.RandomOperations (0 ms)
[ RUN      ] SkipListTest.ConcurrentReadWrite
[       OK ] SkipListTest.ConcurrentReadWrite (3 ms)
[----------] 4 tests from SkipListTest (3 ms total)

[----------] Global test environment tear-down
[==========] 4 tests from 1 test suite ran. (3 ms total)
[  PASSED  ] 4 tests.
i
[==========] Running 4 tests from 1 test suite.
[----------] Global test environment set-up.
[----------] 4 tests from SkipListTest
[ RUN      ] SkipListTest.PutAndGet
[       OK ] SkipListTest.PutAndGet (0 ms)
[ RUN      ] SkipListTest.MultipleInsertAndRetrieve
[       OK ] SkipListTest.MultipleInsertAndRetrieve (0 ms)
[ RUN      ] SkipListTest.RandomOperations
[       OK ] SkipListTest.RandomOperations (0 ms)
[ RUN      ] SkipListTest.ConcurrentReadWrite
[       OK ] SkipListTest.ConcurrentReadWrite (3 ms)
[----------] 4 tests from SkipListTest (3 ms total)

[----------] Global test environment tear-down
[==========] 4 tests from 1 test suite ran. (3 ms total)
[  PASSED  ] 4 tests.
i
[==========] Running 4 tests from 1 test suite.
[----------] Global test environment set-up.
[----------] 4 tests from SkipListTest
[ RUN      ] SkipListTest.PutAndGet
[       OK ] SkipListTest.PutAndGet (0 ms)
[ RUN      ] SkipListTest.MultipleInsertAndRetrieve
[       OK ] SkipListTest.MultipleInsertAndRetrieve (0 ms)
[ RUN      ] SkipListTest.RandomOperations
[       OK ] SkipListTest.RandomOperations (0 ms)
[ RUN      ] SkipListTest.ConcurrentReadWrite
[       OK ] SkipListTest.ConcurrentReadWrite (3 ms)
[----------] 4 tests from SkipListTest (3 ms total)

[----------] Global test environment tear-down
[==========] 4 tests from 1 test suite ran. (3 ms total)
[  PASSED  ] 4 tests.
i
[==========] Running 4 tests from 1 test suite.
[----------] Global test environment set-up.
[----------] 4 tests from SkipListTest
[ RUN      ] SkipListTest.PutAndGet
[       OK ] SkipListTest.PutAndGet (0 ms)
[ RUN      ] SkipListTest.MultipleInsertAndRetrieve
[       OK ] SkipListTest.MultipleInsertAndRetrieve (0 ms)
[ RUN      ] SkipListTest.RandomOperations
[       OK ] SkipListTest.RandomOperations (0 ms)
[ RUN      ] SkipListTest.ConcurrentReadWrite
[       OK ] SkipListTest.ConcurrentReadWrite (3 ms)
[----------] 4 tests from SkipListTest (3 ms total)

[----------] Global test environment tear-down
[==========] 4 tests from 1 test suite ran. (3 ms total)
[  PASSED  ] 4 tests.
i
[==========] Running 4 tests from 1 test suite.
[----------] Global test environment set-up.
[----------] 4 tests from SkipListTest
[ RUN      ] SkipListTest.PutAndGet
[       OK ] SkipListTest.PutAndGet (0 ms)
[ RUN      ] SkipListTest.MultipleInsertAndRetrieve
[       OK ] SkipListTest.MultipleInsertAndRetrieve (0 ms)
[ RUN      ] SkipListTest.RandomOperations
[       OK ] SkipListTest.RandomOperations (0 ms)
[ RUN      ] SkipListTest.ConcurrentReadWrite
[       OK ] SkipListTest.ConcurrentReadWrite (3 ms)
[----------] 4 tests from SkipListTest (3 ms total)

[----------] Global test environment tear-down
[==========] 4 tests from 1 test suite ran. (3 ms total)
[  PASSED  ] 4 tests.
i
[==========] Running 4 tests from 1 test suite.
[----------] Global test environment set-up.
[----------] 4 tests from SkipListTest
[ RUN      ] SkipListTest.PutAndGet
[       OK ] SkipListTest.PutAndGet (0 ms)
[ RUN      ] SkipListTest.MultipleInsertAndRetrieve
[       OK ] SkipListTest.MultipleInsertAndRetrieve (0 ms)
[ RUN      ] SkipListTest.RandomOperations
[       OK ] SkipListTest.RandomOperations (0 ms)
[ RUN      ] SkipListTest.ConcurrentReadWrite
[       OK ] SkipListTest.ConcurrentReadWrite (3 ms)
[----------] 4 tests from SkipListTest (3 ms total)

[----------] Global test environment tear-down
[==========] 4 tests from 1 test suite ran. (3 ms total)
[  PASSED  ] 4 tests.
i
[==========] Running 4 tests from 1 test suite.
[----------] Global test environment set-up.
[----------] 4 tests from SkipListTest
[ RUN      ] SkipListTest.PutAndGet
[       OK ] SkipListTest.PutAndGet (0 ms)
[ RUN      ] SkipListTest.MultipleInsertAndRetrieve
[       OK ] SkipListTest.MultipleInsertAndRetrieve (0 ms)
[ RUN      ] SkipListTest.RandomOperations
[       OK ] SkipListTest.RandomOperations (0 ms)
[ RUN      ] SkipListTest.ConcurrentReadWrite
[       OK ] SkipListTest.ConcurrentReadWrite (3 ms)
[----------] 4 tests from SkipListTest (3 ms total)

[----------] Global test environment tear-down
[==========] 4 tests from 1 test suite ran. (3 ms total)
[  PASSED  ] 4 tests.
i
[==========] Running 4 tests from 1 test suite.
[----------] Global test environment set-up.
[----------] 4 tests from SkipListTest
[ RUN      ] SkipListTest.PutAndGet
[       OK ] SkipListTest.PutAndGet (0 ms)
[ RUN      ] SkipListTest.MultipleInsertAndRetrieve
[       OK ] SkipListTest.MultipleInsertAndRetrieve (0 ms)
[ RUN      ] SkipListTest.RandomOperations
[       OK ] SkipListTest.RandomOperations (0 ms)
[ RUN      ] SkipListTest.ConcurrentReadWrite
[       OK ] SkipListTest.ConcurrentReadWrite (3 ms)
[----------] 4 tests from SkipListTest (3 ms total)

[----------] Global test environment tear-down
[==========] 4 tests from 1 test suite ran. (3 ms total)
[  PASSED  ] 4 tests.
i
[==========] Running 4 tests from 1 test suite.
[----------] Global test environment set-up.
[----------] 4 tests from SkipListTest
[ RUN      ] SkipListTest.PutAndGet
[       OK ] SkipListTest.PutAndGet (0 ms)
[ RUN      ] SkipListTest.MultipleInsertAndRetrieve
[       OK ] SkipListTest.MultipleInsertAndRetrieve (0 ms)
[ RUN      ] SkipListTest.RandomOperations
[       OK ] SkipListTest.RandomOperations (0 ms)
[ RUN      ] SkipListTest.ConcurrentReadWrite
[       OK ] SkipListTest.ConcurrentReadWrite (3 ms)
[----------] 4 tests from SkipListTest (3 ms total)

[----------] Global test environment tear-down
[==========] 4 tests from 1 test suite ran. (3 ms total)
[  PASSED  ] 4 tests.
i
[==========] Running 4 tests from 1 test suite.
[----------] Global test environment set-up.
[----------] 4 tests from SkipListTest
[ RUN      ] SkipListTest.PutAndGet
[       OK ] SkipListTest.PutAndGet (0 ms)
[ RUN      ] SkipListTest.MultipleInsertAndRetrieve
[       OK ] SkipListTest.MultipleInsertAndRetrieve (0 ms)
[ RUN      ] SkipListTest.RandomOperations
[       OK ] SkipListTest.RandomOperations (0 ms)
[ RUN      ] SkipListTest.ConcurrentReadWrite
[       OK ] SkipListTest.ConcurrentReadWrite (3 ms)
[----------] 4 tests from SkipListTest (3 ms total)

[----------] Global test environment tear-down
[==========] 4 tests from 1 test suite ran. (3 ms total)
[  PASSED  ] 4 tests.
i
[==========] Running 4 tests from 1 test suite.
[----------] Global test environment set-up.
[----------] 4 tests from SkipListTest
[ RUN      ] SkipListTest.PutAndGet
[       OK ] SkipListTest.PutAndGet (0 ms)
[ RUN      ] SkipListTest.MultipleInsertAndRetrieve
[       OK ] SkipListTest.MultipleInsertAndRetrieve (0 ms)
[ RUN      ] SkipListTest.RandomOperations
[       OK ] SkipListTest.RandomOperations (0 ms)
[ RUN      ] SkipListTest.ConcurrentReadWrite
[       OK ] SkipListTest.ConcurrentReadWrite (4 ms)
[----------] 4 tests from SkipListTest (4 ms total)

[----------] Global test environment tear-down
[==========] 4 tests from 1 test suite ran. (4 ms total)
[  PASSED  ] 4 tests.
i
[==========] Running 4 tests from 1 test suite.
[----------] Global test environment set-up.
[----------] 4 tests from SkipListTest
[ RUN      ] SkipListTest.PutAndGet
[       OK ] SkipListTest.PutAndGet (0 ms)
[ RUN      ] SkipListTest.MultipleInsertAndRetrieve
[       OK ] SkipListTest.MultipleInsertAndRetrieve (0 ms)
[ RUN      ] SkipListTest.RandomOperations
[       OK ] SkipListTest.RandomOperations (0 ms)
[ RUN      ] SkipListTest.ConcurrentReadWrite
[       OK ] SkipListTest.ConcurrentReadWrite (3 ms)
[----------] 4 tests from SkipListTest (3 ms total)

[----------] Global test environment tear-down
[==========] 4 tests from 1 test suite ran. (3 ms total)
[  PASSED  ] 4 tests.
i
[==========] Running 4 tests from 1 test suite.
[----------] Global test environment set-up.
[----------] 4 tests from SkipListTest
[ RUN      ] SkipListTest.PutAndGet
[       OK ] SkipListTest.PutAndGet (0 ms)
[ RUN      ] SkipListTest.MultipleInsertAndRetrieve
[       OK ] SkipListTest.MultipleInsertAndRetrieve (0 ms)
[ RUN      ] SkipListTest.RandomOperations
[       OK ] SkipListTest.RandomOperations (0 ms)
[ RUN      ] SkipListTest.ConcurrentReadWrite
[       OK ] SkipListTest.ConcurrentReadWrite (4 ms)
[----------] 4 tests from SkipListTest (4 ms total)

[----------] Global test environment tear-down
[==========] 4 tests from 1 test suite ran. (4 ms total)
[  PASSED  ] 4 tests.
i
[==========] Running 4 tests from 1 test suite.
[----------] Global test environment set-up.
[----------] 4 tests from SkipListTest
[ RUN      ] SkipListTest.PutAndGet
[       OK ] SkipListTest.PutAndGet (0 ms)
[ RUN      ] SkipListTest.MultipleInsertAndRetrieve
[       OK ] SkipListTest.MultipleInsertAndRetrieve (0 ms)
[ RUN      ] SkipListTest.RandomOperations
[       OK ] SkipListTest.RandomOperations (0 ms)
[ RUN      ] SkipListTest.ConcurrentReadWrite
[       OK ] SkipListTest.ConcurrentReadWrite (4 ms)
[----------] 4 tests from SkipListTest (4 ms total)

[----------] Global test environment tear-down
[==========] 4 tests from 1 test suite ran. (4 ms total)
[  PASSED  ] 4 tests.
i
[==========] Running 4 tests from 1 test suite.
[----------] Global test environment set-up.
[----------] 4 tests from SkipListTest
[ RUN      ] SkipListTest.PutAndGet
[       OK ] SkipListTest.PutAndGet (0 ms)
[ RUN      ] SkipListTest.MultipleInsertAndRetrieve
[       OK ] SkipListTest.MultipleInsertAndRetrieve (0 ms)
[ RUN      ] SkipListTest.RandomOperations
[       OK ] SkipListTest.RandomOperations (0 ms)
[ RUN      ] SkipListTest.ConcurrentReadWrite
[       OK ] SkipListTest.ConcurrentReadWrite (3 ms)
[----------] 4 tests from SkipListTest (3 ms total)

[----------] Global test environment tear-down
[==========] 4 tests from 1 test suite ran. (3 ms total)
[  PASSED  ] 4 tests.
i
[==========] Running 4 tests from 1 test suite.
[----------] Global test environment set-up.
[----------] 4 tests from SkipListTest
[ RUN      ] SkipListTest.PutAndGet
[       OK ] SkipListTest.PutAndGet (0 ms)
[ RUN      ] SkipListTest.MultipleInsertAndRetrieve
[       OK ] SkipListTest.MultipleInsertAndRetrieve (0 ms)
[ RUN      ] SkipListTest.RandomOperations
[       OK ] SkipListTest.RandomOperations (0 ms)
[ RUN      ] SkipListTest.ConcurrentReadWrite
[       OK ] SkipListTest.ConcurrentReadWrite (3 ms)
[----------] 4 tests from SkipListTest (3 ms total)

[----------] Global test environment tear-down
[==========] 4 tests from 1 test suite ran. (3 ms total)
[  PASSED  ] 4 tests.
i
[==========] Running 4 tests from 1 test suite.
[----------] Global test environment set-up.
[----------] 4 tests from SkipListTest
[ RUN      ] SkipListTest.PutAndGet
[       OK ] SkipListTest.PutAndGet (0 ms)
[ RUN      ] SkipListTest.MultipleInsertAndRetrieve
[       OK ] SkipListTest.MultipleInsertAndRetrieve (0 ms)
[ RUN      ] SkipListTest.RandomOperations
[       OK ] SkipListTest.RandomOperations (0 ms)
[ RUN      ] SkipListTest.ConcurrentReadWrite
[       OK ] SkipListTest.ConcurrentReadWrite (4 ms)
[----------] 4 tests from SkipListTest (4 ms total)

[----------] Global test environment tear-down
[==========] 4 tests from 1 test suite ran. (4 ms total)
[  PASSED  ] 4 tests.
i
[==========] Running 4 tests from 1 test suite.
[----------] Global test environment set-up.
[----------] 4 tests from SkipListTest
[ RUN      ] SkipListTest.PutAndGet
[       OK ] SkipListTest.PutAndGet (0 ms)
[ RUN      ] SkipListTest.MultipleInsertAndRetrieve
[       OK ] SkipListTest.MultipleInsertAndRetrieve (0 ms)
[ RUN      ] SkipListTest.RandomOperations
[       OK ] SkipListTest.RandomOperations (0 ms)
[ RUN      ] SkipListTest.ConcurrentReadWrite
[       OK ] SkipListTest.ConcurrentReadWrite (4 ms)
[----------] 4 tests from SkipListTest (4 ms total)

[----------] Global test environment tear-down
[==========] 4 tests from 1 test suite ran. (4 ms total)
[  PASSED  ] 4 tests.
i
[==========] Running 4 tests from 1 test suite.
[----------] Global test environment set-up.
[----------] 4 tests from SkipListTest
[ RUN      ] SkipListTest.PutAndGet
[       OK ] SkipListTest.PutAndGet (0 ms)
[ RUN      ] SkipListTest.MultipleInsertAndRetrieve
[       OK ] SkipListTest.MultipleInsertAndRetrieve (0 ms)
[ RUN      ] SkipListTest.RandomOperations
[       OK ] SkipListTest.RandomOperations (0 ms)
[ RUN      ] SkipListTest.ConcurrentReadWrite
[       OK ] SkipListTest.ConcurrentReadWrite (5 ms)
[----------] 4 tests from SkipListTest (5 ms total)

[----------] Global test environment tear-down
[==========] 4 tests from 1 test suite ran. (5 ms total)
[  PASSED  ] 4 tests.
i
[==========] Running 4 tests from 1 test suite.
[----------] Global test environment set-up.
[----------] 4 tests from SkipListTest
[ RUN      ] SkipListTest.PutAndGet
[       OK ] SkipListTest.PutAndGet (0 ms)
[ RUN      ] SkipListTest.MultipleInsertAndRetrieve
[       OK ] SkipListTest.MultipleInsertAndRetrieve (0 ms)
[ RUN      ] SkipListTest.RandomOperations
[       OK ] SkipListTest.RandomOperations (0 ms)
[ RUN      ] SkipListTest.ConcurrentReadWrite
[       OK ] SkipListTest.ConcurrentReadWrite (4 ms)
[----------] 4 tests from SkipListTest (4 ms total)

[----------] Global test environment tear-down
[==========] 4 tests from 1 test suite ran. (4 ms total)
[  PASSED  ] 4 tests.
i
[==========] Running 4 tests from 1 test suite.
[----------] Global test environment set-up.
[----------] 4 tests from SkipListTest
[ RUN      ] SkipListTest.PutAndGet
[       OK ] SkipListTest.PutAndGet (0 ms)
[ RUN      ] SkipListTest.MultipleInsertAndRetrieve
[       OK ] SkipListTest.MultipleInsertAndRetrieve (0 ms)
[ RUN      ] SkipListTest.RandomOperations
[       OK ] SkipListTest.RandomOperations (0 ms)
[ RUN      ] SkipListTest.ConcurrentReadWrite
[       OK ] SkipListTest.ConcurrentReadWrite (5 ms)
[----------] 4 tests from SkipListTest (5 ms total)

[----------] Global test environment tear-down
[==========] 4 tests from 1 test suite ran. (5 ms total)
[  PASSED  ] 4 tests.
i
[==========] Running 4 tests from 1 test suite.
[----------] Global test environment set-up.
[----------] 4 tests from SkipListTest
[ RUN      ] SkipListTest.PutAndGet
[       OK ] SkipListTest.PutAndGet (0 ms)
[ RUN      ] SkipListTest.MultipleInsertAndRetrieve
[       OK ] SkipListTest.MultipleInsertAndRetrieve (0 ms)
[ RUN      ] SkipListTest.RandomOperations
[       OK ] SkipListTest.RandomOperations (0 ms)
[ RUN      ] SkipListTest.ConcurrentReadWrite
[       OK ] SkipListTest.ConcurrentReadWrite (5 ms)
[----------] 4 tests from SkipListTest (5 ms total)

[----------] Global test environment tear-down
[==========] 4 tests from 1 test suite ran. (5 ms total)
[  PASSED  ] 4 tests.
i
[==========] Running 4 tests from 1 test suite.
[----------] Global test environment set-up.
[----------] 4 tests from SkipListTest
[ RUN      ] SkipListTest.PutAndGet
[       OK ] SkipListTest.PutAndGet (0 ms)
[ RUN      ] SkipListTest.MultipleInsertAndRetrieve
[       OK ] SkipListTest.MultipleInsertAndRetrieve (0 ms)
[ RUN      ] SkipListTest.RandomOperations
[       OK ] SkipListTest.RandomOperations (0 ms)
[ RUN      ] SkipListTest.ConcurrentReadWrite
[       OK ] SkipListTest.ConcurrentReadWrite (4 ms)
[----------] 4 tests from SkipListTest (4 ms total)

[----------] Global test environment tear-down
[==========] 4 tests from 1 test suite ran. (4 ms total)
[  PASSED  ] 4 tests.
i
[==========] Running 4 tests from 1 test suite.
[----------] Global test environment set-up.
[----------] 4 tests from SkipListTest
[ RUN      ] SkipListTest.PutAndGet
[       OK ] SkipListTest.PutAndGet (0 ms)
[ RUN      ] SkipListTest.MultipleInsertAndRetrieve
[       OK ] SkipListTest.MultipleInsertAndRetrieve (0 ms)
[ RUN      ] SkipListTest.RandomOperations
[       OK ] SkipListTest.RandomOperations (0 ms)
[ RUN      ] SkipListTest.ConcurrentReadWrite
[       OK ] SkipListTest.ConcurrentReadWrite (4 ms)
[----------] 4 tests from SkipListTest (4 ms total)

[----------] Global test environment tear-down
[==========] 4 tests from 1 test suite ran. (4 ms total)
[  PASSED  ] 4 tests.
i
[==========] Running 4 tests from 1 test suite.
[----------] Global test environment set-up.
[----------] 4 tests from SkipListTest
[ RUN      ] SkipListTest.PutAndGet
[       OK ] SkipListTest.PutAndGet (0 ms)
[ RUN      ] SkipListTest.MultipleInsertAndRetrieve
[       OK ] SkipListTest.MultipleInsertAndRetrieve (0 ms)
[ RUN      ] SkipListTest.RandomOperations
[       OK ] SkipListTest.RandomOperations (0 ms)
[ RUN      ] SkipListTest.ConcurrentReadWrite
[       OK ] SkipListTest.ConcurrentReadWrite (3 ms)
[----------] 4 tests from SkipListTest (3 ms total)

[----------] Global test environment tear-down
[==========] 4 tests from 1 test suite ran. (3 ms total)
[  PASSED  ] 4 tests.
i
[==========] Running 4 tests from 1 test suite.
[----------] Global test environment set-up.
[----------] 4 tests from SkipListTest
[ RUN      ] SkipListTest.PutAndGet
[       OK ] SkipListTest.PutAndGet (0 ms)
[ RUN      ] SkipListTest.MultipleInsertAndRetrieve
[       OK ] SkipListTest.MultipleInsertAndRetrieve (0 ms)
[ RUN      ] SkipListTest.RandomOperations
[       OK ] SkipListTest.RandomOperations (0 ms)
[ RUN      ] SkipListTest.ConcurrentReadWrite
[       OK ] SkipListTest.ConcurrentReadWrite (3 ms)
[----------] 4 tests from SkipListTest (3 ms total)

[----------] Global test environment tear-down
[==========] 4 tests from 1 test suite ran. (3 ms total)
[  PASSED  ] 4 tests.
i
[==========] Running 4 tests from 1 test suite.
[----------] Global test environment set-up.
[----------] 4 tests from SkipListTest
[ RUN      ] SkipListTest.PutAndGet
[       OK ] SkipListTest.PutAndGet (0 ms)
[ RUN      ] SkipListTest.MultipleInsertAndRetrieve
[       OK ] SkipListTest.MultipleInsertAndRetrieve (0 ms)
[ RUN      ] SkipListTest.RandomOperations
[       OK ] SkipListTest.RandomOperations (0 ms)
[ RUN      ] SkipListTest.ConcurrentReadWrite
[       OK ] SkipListTest.ConcurrentReadWrite (3 ms)
[----------] 4 tests from SkipListTest (3 ms total)

[----------] Global test environment tear-down
[==========] 4 tests from 1 test suite ran. (3 ms total)
[  PASSED  ] 4 tests.
i
[==========] Running 4 tests from 1 test suite.
[----------] Global test environment set-up.
[----------] 4 tests from SkipListTest
[ RUN      ] SkipListTest.PutAndGet
[       OK ] SkipListTest.PutAndGet (0 ms)
[ RUN      ] SkipListTest.MultipleInsertAndRetrieve
[       OK ] SkipListTest.MultipleInsertAndRetrieve (0 ms)
[ RUN      ] SkipListTest.RandomOperations
[       OK ] SkipListTest.RandomOperations (0 ms)
[ RUN      ] SkipListTest.ConcurrentReadWrite
[       OK ] SkipListTest.ConcurrentReadWrite (3 ms)
[----------] 4 tests from SkipListTest (3 ms total)

[----------] Global test environment tear-down
[==========] 4 tests from 1 test suite ran. (3 ms total)
[  PASSED  ] 4 tests.
i
[==========] Running 4 tests from 1 test suite.
[----------] Global test environment set-up.
[----------] 4 tests from SkipListTest
[ RUN      ] SkipListTest.PutAndGet
[       OK ] SkipListTest.PutAndGet (0 ms)
[ RUN      ] SkipListTest.MultipleInsertAndRetrieve
[       OK ] SkipListTest.MultipleInsertAndRetrieve (0 ms)
[ RUN      ] SkipListTest.RandomOperations
[       OK ] SkipListTest.RandomOperations (0 ms)
[ RUN      ] SkipListTest.ConcurrentReadWrite
[       OK ] SkipListTest.ConcurrentReadWrite (3 ms)
[----------] 4 tests from SkipListTest (3 ms total)

[----------] Global test environment tear-down
[==========] 4 tests from 1 test suite ran. (3 ms total)
[  PASSED  ] 4 tests.
i
[==========] Running 4 tests from 1 test suite.
[----------] Global test environment set-up.
[----------] 4 tests from SkipListTest
[ RUN      ] SkipListTest.PutAndGet
[       OK ] SkipListTest.PutAndGet (0 ms)
[ RUN      ] SkipListTest.MultipleInsertAndRetrieve
[       OK ] SkipListTest.MultipleInsertAndRetrieve (0 ms)
[ RUN      ] SkipListTest.RandomOperations
[       OK ] SkipListTest.RandomOperations (0 ms)
[ RUN      ] SkipListTest.ConcurrentReadWrite
[       OK ] SkipListTest.ConcurrentReadWrite (3 ms)
[----------] 4 tests from SkipListTest (3 ms total)

[----------] Global test environment tear-down
[==========] 4 tests from 1 test suite ran. (3 ms total)
[  PASSED  ] 4 tests.
i
[==========] Running 4 tests from 1 test suite.
[----------] Global test environment set-up.
[----------] 4 tests from SkipListTest
[ RUN      ] SkipListTest.PutAndGet
[       OK ] SkipListTest.PutAndGet (0 ms)
[ RUN      ] SkipListTest.MultipleInsertAndRetrieve
[       OK ] SkipListTest.MultipleInsertAndRetrieve (0 ms)
[ RUN      ] SkipListTest.RandomOperations
[       OK ] SkipListTest.RandomOperations (0 ms)
[ RUN      ] SkipListTest.ConcurrentReadWrite
[       OK ] SkipListTest.ConcurrentReadWrite (3 ms)
[----------] 4 tests from SkipListTest (3 ms total)

[----------] Global test environment tear-down
[==========] 4 tests from 1 test suite ran. (3 ms total)
[  PASSED  ] 4 tests.
i
[==========] Running 4 tests from 1 test suite.
[----------] Global test environment set-up.
[----------] 4 tests from SkipListTest
[ RUN      ] SkipListTest.PutAndGet
[       OK ] SkipListTest.PutAndGet (0 ms)
[ RUN      ] SkipListTest.MultipleInsertAndRetrieve
[       OK ] SkipListTest.MultipleInsertAndRetrieve (0 ms)
[ RUN      ] SkipListTest.RandomOperations
[       OK ] SkipListTest.RandomOperations (0 ms)
[ RUN      ] SkipListTest.ConcurrentReadWrite
[       OK ] SkipListTest.ConcurrentReadWrite (3 ms)
[----------] 4 tests from SkipListTest (3 ms total)

[----------] Global test environment tear-down
[==========] 4 tests from 1 test suite ran. (3 ms total)
[  PASSED  ] 4 tests.
i
[==========] Running 4 tests from 1 test suite.
[----------] Global test environment set-up.
[----------] 4 tests from SkipListTest
[ RUN      ] SkipListTest.PutAndGet
[       OK ] SkipListTest.PutAndGet (0 ms)
[ RUN      ] SkipListTest.MultipleInsertAndRetrieve
[       OK ] SkipListTest.MultipleInsertAndRetrieve (0 ms)
[ RUN      ] SkipListTest.RandomOperations
[       OK ] SkipListTest.RandomOperations (0 ms)
[ RUN      ] SkipListTest.ConcurrentReadWrite
[       OK ] SkipListTest.ConcurrentReadWrite (3 ms)
[----------] 4 tests from SkipListTest (3 ms total)

[----------] Global test environment tear-down
[==========] 4 tests from 1 test suite ran. (3 ms total)
[  PASSED  ] 4 tests.
i
[==========] Running 4 tests from 1 test suite.
[----------] Global test environment set-up.
[----------] 4 tests from SkipListTest
[ RUN      ] SkipListTest.PutAndGet
[       OK ] SkipListTest.PutAndGet (0 ms)
[ RUN      ] SkipListTest.MultipleInsertAndRetrieve
[       OK ] SkipListTest.MultipleInsertAndRetrieve (0 ms)
[ RUN      ] SkipListTest.RandomOperations
[       OK ] SkipListTest.RandomOperations (0 ms)
[ RUN      ] SkipListTest.ConcurrentReadWrite
[       OK ] SkipListTest.ConcurrentReadWrite (3 ms)
[----------] 4 tests from SkipListTest (3 ms total)

[----------] Global test environment tear-down
[==========] 4 tests from 1 test suite ran. (3 ms total)
[  PASSED  ] 4 tests.
i
[==========] Running 4 tests from 1 test suite.
[----------] Global test environment set-up.
[----------] 4 tests from SkipListTest
[ RUN      ] SkipListTest.PutAndGet
[       OK ] SkipListTest.PutAndGet (0 ms)
[ RUN      ] SkipListTest.MultipleInsertAndRetrieve
[       OK ] SkipListTest.MultipleInsertAndRetrieve (0 ms)
[ RUN      ] SkipListTest.RandomOperations
[       OK ] SkipListTest.RandomOperations (0 ms)
[ RUN      ] SkipListTest.ConcurrentReadWrite
[       OK ] SkipListTest.ConcurrentReadWrite (3 ms)
[----------] 4 tests from SkipListTest (3 ms total)

[----------] Global test environment tear-down
[==========] 4 tests from 1 test suite ran. (3 ms total)
[  PASSED  ] 4 tests.
i
[==========] Running 4 tests from 1 test suite.
[----------] Global test environment set-up.
[----------] 4 tests from SkipListTest
[ RUN      ] SkipListTest.PutAndGet
[       OK ] SkipListTest.PutAndGet (0 ms)
[ RUN      ] SkipListTest.MultipleInsertAndRetrieve
[       OK ] SkipListTest.MultipleInsertAndRetrieve (0 ms)
[ RUN      ] SkipListTest.RandomOperations
[       OK ] SkipListTest.RandomOperations (0 ms)
[ RUN      ] SkipListTest.ConcurrentReadWrite
[       OK ] SkipListTest.ConcurrentReadWrite (3 ms)
[----------] 4 tests from SkipListTest (3 ms total)

[----------] Global test environment tear-down
[==========] 4 tests from 1 test suite ran. (3 ms total)
[  PASSED  ] 4 tests.
i
[==========] Running 4 tests from 1 test suite.
[----------] Global test environment set-up.
[----------] 4 tests from SkipListTest
[ RUN      ] SkipListTest.PutAndGet
[       OK ] SkipListTest.PutAndGet (0 ms)
[ RUN      ] SkipListTest.MultipleInsertAndRetrieve
[       OK ] SkipListTest.MultipleInsertAndRetrieve (0 ms)
[ RUN      ] SkipListTest.RandomOperations
[       OK ] SkipListTest.RandomOperations (0 ms)
[ RUN      ] SkipListTest.ConcurrentReadWrite
[       OK ] SkipListTest.ConcurrentReadWrite (3 ms)
[----------] 4 tests from SkipListTest (3 ms total)

[----------] Global test environment tear-down
[==========] 4 tests from 1 test suite ran. (3 ms total)
[  PASSED  ] 4 tests.
i
[==========] Running 4 tests from 1 test suite.
[----------] Global test environment set-up.
[----------] 4 tests from SkipListTest
[ RUN      ] SkipListTest.PutAndGet
[       OK ] SkipListTest.PutAndGet (0 ms)
[ RUN      ] SkipListTest.MultipleInsertAndRetrieve
[       OK ] SkipListTest.MultipleInsertAndRetrieve (0 ms)
[ RUN      ] SkipListTest.RandomOperations
[       OK ] SkipListTest.RandomOperations (0 ms)
[ RUN      ] SkipListTest.ConcurrentReadWrite
[       OK ] SkipListTest.ConcurrentReadWrite (3 ms)
[----------] 4 tests from SkipListTest (3 ms total)

[----------] Global test environment tear-down
[==========] 4 tests from 1 test suite ran. (3 ms total)
[  PASSED  ] 4 tests.
i
[==========] Running 4 tests from 1 test suite.
[----------] Global test environment set-up.
[----------] 4 tests from SkipListTest
[ RUN      ] SkipListTest.PutAndGet
[       OK ] SkipListTest.PutAndGet (0 ms)
[ RUN      ] SkipListTest.MultipleInsertAndRetrieve
[       OK ] SkipListTest.MultipleInsertAndRetrieve (0 ms)
[ RUN      ] SkipListTest.RandomOperations
[       OK ] SkipListTest.RandomOperations (0 ms)
[ RUN      ] SkipListTest.ConcurrentReadWrite
[       OK ] SkipListTest.ConcurrentReadWrite (3 ms)
[----------] 4 tests from SkipListTest (3 ms total)

[----------] Global test environment tear-down
[==========] 4 tests from 1 test suite ran. (3 ms total)
[  PASSED  ] 4 tests.
i
[==========] Running 4 tests from 1 test suite.
[----------] Global test environment set-up.
[----------] 4 tests from SkipListTest
[ RUN      ] SkipListTest.PutAndGet
[       OK ] SkipListTest.PutAndGet (0 ms)
[ RUN      ] SkipListTest.MultipleInsertAndRetrieve
[       OK ] SkipListTest.MultipleInsertAndRetrieve (0 ms)
[ RUN      ] SkipListTest.RandomOperations
[       OK ] SkipListTest.RandomOperations (0 ms)
[ RUN      ] SkipListTest.ConcurrentReadWrite
[       OK ] SkipListTest.ConcurrentReadWrite (3 ms)
[----------] 4 tests from SkipListTest (3 ms total)

[----------] Global test environment tear-down
[==========] 4 tests from 1 test suite ran. (3 ms total)
[  PASSED  ] 4 tests.
i
[==========] Running 4 tests from 1 test suite.
[----------] Global test environment set-up.
[----------] 4 tests from SkipListTest
[ RUN      ] SkipListTest.PutAndGet
[       OK ] SkipListTest.PutAndGet (0 ms)
[ RUN      ] SkipListTest.MultipleInsertAndRetrieve
[       OK ] SkipListTest.MultipleInsertAndRetrieve (0 ms)
[ RUN      ] SkipListTest.RandomOperations
[       OK ] SkipListTest.RandomOperations (0 ms)
[ RUN      ] SkipListTest.ConcurrentReadWrite
[       OK ] SkipListTest.ConcurrentReadWrite (3 ms)
[----------] 4 tests from SkipListTest (3 ms total)

[----------] Global test environment tear-down
[==========] 4 tests from 1 test suite ran. (3 ms total)
[  PASSED  ] 4 tests.
i
[==========] Running 4 tests from 1 test suite.
[----------] Global test environment set-up.
[----------] 4 tests from SkipListTest
[ RUN      ] SkipListTest.PutAndGet
[       OK ] SkipListTest.PutAndGet (0 ms)
[ RUN      ] SkipListTest.MultipleInsertAndRetrieve
[       OK ] SkipListTest.MultipleInsertAndRetrieve (0 ms)
[ RUN      ] SkipListTest.RandomOperations
[       OK ] SkipListTest.RandomOperations (0 ms)
[ RUN      ] SkipListTest.ConcurrentReadWrite
[       OK ] SkipListTest.ConcurrentReadWrite (3 ms)
[----------] 4 tests from SkipListTest (3 ms total)

[----------] Global test environment tear-down
[==========] 4 tests from 1 test suite ran. (3 ms total)
[  PASSED  ] 4 tests.
i
[==========] Running 4 tests from 1 test suite.
[----------] Global test environment set-up.
[----------] 4 tests from SkipListTest
[ RUN      ] SkipListTest.PutAndGet
[       OK ] SkipListTest.PutAndGet (0 ms)
[ RUN      ] SkipListTest.MultipleInsertAndRetrieve
[       OK ] SkipListTest.MultipleInsertAndRetrieve (0 ms)
[ RUN      ] SkipListTest.RandomOperations
[       OK ] SkipListTest.RandomOperations (0 ms)
[ RUN      ] SkipListTest.ConcurrentReadWrite
[       OK ] SkipListTest.ConcurrentReadWrite (3 ms)
[----------] 4 tests from SkipListTest (3 ms total)

[----------] Global test environment tear-down
[==========] 4 tests from 1 test suite ran. (3 ms total)
[  PASSED  ] 4 tests.
i
[==========] Running 4 tests from 1 test suite.
[----------] Global test environment set-up.
[----------] 4 tests from SkipListTest
[ RUN      ] SkipListTest.PutAndGet
[       OK ] SkipListTest.PutAndGet (0 ms)
[ RUN      ] SkipListTest.MultipleInsertAndRetrieve
[       OK ] SkipListTest.MultipleInsertAndRetrieve (0 ms)
[ RUN      ] SkipListTest.RandomOperations
[       OK ] SkipListTest.RandomOperations (0 ms)
[ RUN      ] SkipListTest.ConcurrentReadWrite
[       OK ] SkipListTest.ConcurrentReadWrite (3 ms)
[----------] 4 tests from SkipListTest (3 ms total)

[----------] Global test environment tear-down
[==========] 4 tests from 1 test suite ran. (3 ms total)
[  PASSED  ] 4 tests.
i
[==========] Running 4 tests from 1 test suite.
[----------] Global test environment set-up.
[----------] 4 tests from SkipListTest
[ RUN      ] SkipListTest.PutAndGet
[       OK ] SkipListTest.PutAndGet (0 ms)
[ RUN      ] SkipListTest.MultipleInsertAndRetrieve
[       OK ] SkipListTest.MultipleInsertAndRetrieve (0 ms)
[ RUN      ] SkipListTest.RandomOperations
[       OK ] SkipListTest.RandomOperations (0 ms)
[ RUN      ] SkipListTest.ConcurrentReadWrite
[       OK ] SkipListTest.ConcurrentReadWrite (3 ms)
[----------] 4 tests from SkipListTest (3 ms total)

[----------] Global test environment tear-down
[==========] 4 tests from 1 test suite ran. (3 ms total)
[  PASSED  ] 4 tests.
i
[==========] Running 4 tests from 1 test suite.
[----------] Global test environment set-up.
[----------] 4 tests from SkipListTest
[ RUN      ] SkipListTest.PutAndGet
[       OK ] SkipListTest.PutAndGet (0 ms)
[ RUN      ] SkipListTest.MultipleInsertAndRetrieve
[       OK ] SkipListTest.MultipleInsertAndRetrieve (0 ms)
[ RUN      ] SkipListTest.RandomOperations
[       OK ] SkipListTest.RandomOperations (0 ms)
[ RUN      ] SkipListTest.ConcurrentReadWrite
[       OK ] SkipListTest.ConcurrentReadWrite (3 ms)
[----------] 4 tests from SkipListTest (3 ms total)

[----------] Global test environment tear-down
[==========] 4 tests from 1 test suite ran. (3 ms total)
[  PASSED  ] 4 tests.
i
[==========] Running 4 tests from 1 test suite.
[----------] Global test environment set-up.
[----------] 4 tests from SkipListTest
[ RUN      ] SkipListTest.PutAndGet
[       OK ] SkipListTest.PutAndGet (0 ms)
[ RUN      ] SkipListTest.MultipleInsertAndRetrieve
[       OK ] SkipListTest.MultipleInsertAndRetrieve (0 ms)
[ RUN      ] SkipListTest.RandomOperations
[       OK ] SkipListTest.RandomOperations (0 ms)
[ RUN      ] SkipListTest.ConcurrentReadWrite
[       OK ] SkipListTest.ConcurrentReadWrite (3 ms)
[----------] 4 tests from SkipListTest (3 ms total)

[----------] Global test environment tear-down
[==========] 4 tests from 1 test suite ran. (3 ms total)
[  PASSED  ] 4 tests.
i
[==========] Running 4 tests from 1 test suite.
[----------] Global test environment set-up.
[----------] 4 tests from SkipListTest
[ RUN      ] SkipListTest.PutAndGet
[       OK ] SkipListTest.PutAndGet (0 ms)
[ RUN      ] SkipListTest.MultipleInsertAndRetrieve
[       OK ] SkipListTest.MultipleInsertAndRetrieve (0 ms)
[ RUN      ] SkipListTest.RandomOperations
[       OK ] SkipListTest.RandomOperations (0 ms)
[ RUN      ] SkipListTest.ConcurrentReadWrite
[       OK ] SkipListTest.ConcurrentReadWrite (3 ms)
[----------] 4 tests from SkipListTest (3 ms total)

[----------] Global test environment tear-down
[==========] 4 tests from 1 test suite ran. (3 ms total)
[  PASSED  ] 4 tests.
i
[==========] Running 4 tests from 1 test suite.
[----------] Global test environment set-up.
[----------] 4 tests from SkipListTest
[ RUN      ] SkipListTest.PutAndGet
[       OK ] SkipListTest.PutAndGet (0 ms)
[ RUN      ] SkipListTest.MultipleInsertAndRetrieve
[       OK ] SkipListTest.MultipleInsertAndRetrieve (0 ms)
[ RUN      ] SkipListTest.RandomOperations
[       OK ] SkipListTest.RandomOperations (0 ms)
[ RUN      ] SkipListTest.ConcurrentReadWrite
[       OK ] SkipListTest.ConcurrentReadWrite (3 ms)
[----------] 4 tests from SkipListTest (3 ms total)

[----------] Global test environment tear-down
[==========] 4 tests from 1 test suite ran. (3 ms total)
[  PASSED  ] 4 tests.
i
[==========] Running 4 tests from 1 test suite.
[----------] Global test environment set-up.
[----------] 4 tests from SkipListTest
[ RUN      ] SkipListTest.PutAndGet
[       OK ] SkipListTest.PutAndGet (0 ms)
[ RUN      ] SkipListTest.MultipleInsertAndRetrieve
[       OK ] SkipListTest.MultipleInsertAndRetrieve (0 ms)
[ RUN      ] SkipListTest.RandomOperations
[       OK ] SkipListTest.RandomOperations (0 ms)
[ RUN      ] SkipListTest.ConcurrentReadWrite
[       OK ] SkipListTest.ConcurrentReadWrite (3 ms)
[----------] 4 tests from SkipListTest (3 ms total)

[----------] Global test environment tear-down
[==========] 4 tests from 1 test suite ran. (3 ms total)
[  PASSED  ] 4 tests.
i
[==========] Running 4 tests from 1 test suite.
[----------] Global test environment set-up.
[----------] 4 tests from SkipListTest
[ RUN      ] SkipListTest.PutAndGet
[       OK ] SkipListTest.PutAndGet (0 ms)
[ RUN      ] SkipListTest.MultipleInsertAndRetrieve
[       OK ] SkipListTest.MultipleInsertAndRetrieve (0 ms)
[ RUN      ] SkipListTest.RandomOperations
[       OK ] SkipListTest.RandomOperations (0 ms)
[ RUN      ] SkipListTest.ConcurrentReadWrite
[       OK ] SkipListTest.ConcurrentReadWrite (3 ms)
[----------] 4 tests from SkipListTest (3 ms total)

[----------] Global test environment tear-down
[==========] 4 tests from 1 test suite ran. (4 ms total)
[  PASSED  ] 4 tests.
i
[==========] Running 4 tests from 1 test suite.
[----------] Global test environment set-up.
[----------] 4 tests from SkipListTest
[ RUN      ] SkipListTest.PutAndGet
[       OK ] SkipListTest.PutAndGet (0 ms)
[ RUN      ] SkipListTest.MultipleInsertAndRetrieve
[       OK ] SkipListTest.MultipleInsertAndRetrieve (0 ms)
[ RUN      ] SkipListTest.RandomOperations
[       OK ] SkipListTest.RandomOperations (0 ms)
[ RUN      ] SkipListTest.ConcurrentReadWrite
[       OK ] SkipListTest.ConcurrentReadWrite (3 ms)
[----------] 4 tests from SkipListTest (4 ms total)

[----------] Global test environment tear-down
[==========] 4 tests from 1 test suite ran. (4 ms total)
[  PASSED  ] 4 tests.
i
[==========] Running 4 tests from 1 test suite.
[----------] Global test environment set-up.
[----------] 4 tests from SkipListTest
[ RUN      ] SkipListTest.PutAndGet
[       OK ] SkipListTest.PutAndGet (0 ms)
[ RUN      ] SkipListTest.MultipleInsertAndRetrieve
[       OK ] SkipListTest.MultipleInsertAndRetrieve (0 ms)
[ RUN      ] SkipListTest.RandomOperations
[       OK ] SkipListTest.RandomOperations (0 ms)
[ RUN      ] SkipListTest.ConcurrentReadWrite
[       OK ] SkipListTest.ConcurrentReadWrite (3 ms)
[----------] 4 tests from SkipListTest (3 ms total)

[----------] Global test environment tear-down
[==========] 4 tests from 1 test suite ran. (3 ms total)
[  PASSED  ] 4 tests.
i
[==========] Running 4 tests from 1 test suite.
[----------] Global test environment set-up.
[----------] 4 tests from SkipListTest
[ RUN      ] SkipListTest.PutAndGet
[       OK ] SkipListTest.PutAndGet (0 ms)
[ RUN      ] SkipListTest.MultipleInsertAndRetrieve
[       OK ] SkipListTest.MultipleInsertAndRetrieve (0 ms)
[ RUN      ] SkipListTest.RandomOperations
[       OK ] SkipListTest.RandomOperations (0 ms)
[ RUN      ] SkipListTest.ConcurrentReadWrite
[       OK ] SkipListTest.ConcurrentReadWrite (3 ms)
[----------] 4 tests from SkipListTest (3 ms total)

[----------] Global test environment tear-down
[==========] 4 tests from 1 test suite ran. (3 ms total)
[  PASSED  ] 4 tests.
i
[==========] Running 4 tests from 1 test suite.
[----------] Global test environment set-up.
[----------] 4 tests from SkipListTest
[ RUN      ] SkipListTest.PutAndGet
[       OK ] SkipListTest.PutAndGet (0 ms)
[ RUN      ] SkipListTest.MultipleInsertAndRetrieve
[       OK ] SkipListTest.MultipleInsertAndRetrieve (0 ms)
[ RUN      ] SkipListTest.RandomOperations
[       OK ] SkipListTest.RandomOperations (0 ms)
[ RUN      ] SkipListTest.ConcurrentReadWrite
[       OK ] SkipListTest.ConcurrentReadWrite (3 ms)
[----------] 4 tests from SkipListTest (3 ms total)

[----------] Global test environment tear-down
[==========] 4 tests from 1 test suite ran. (3 ms total)
[  PASSED  ] 4 tests.
i
[==========] Running 4 tests from 1 test suite.
[----------] Global test environment set-up.
[----------] 4 tests from SkipListTest
[ RUN      ] SkipListTest.PutAndGet
[       OK ] SkipListTest.PutAndGet (0 ms)
[ RUN      ] SkipListTest.MultipleInsertAndRetrieve
[       OK ] SkipListTest.MultipleInsertAndRetrieve (0 ms)
[ RUN      ] SkipListTest.RandomOperations
[       OK ] SkipListTest.RandomOperations (0 ms)
[ RUN      ] SkipListTest.ConcurrentReadWrite
[       OK ] SkipListTest.ConcurrentReadWrite (3 ms)
[----------] 4 tests from SkipListTest (3 ms total)

[----------] Global test environment tear-down
[==========] 4 tests from 1 test suite ran. (3 ms total)
[  PASSED  ] 4 tests.
i
[==========] Running 4 tests from 1 test suite.
[----------] Global test environment set-up.
[----------] 4 tests from SkipListTest
[ RUN      ] SkipListTest.PutAndGet
[       OK ] SkipListTest.PutAndGet (0 ms)
[ RUN      ] SkipListTest.MultipleInsertAndRetrieve
[       OK ] SkipListTest.MultipleInsertAndRetrieve (0 ms)
[ RUN      ] SkipListTest.RandomOperations
[       OK ] SkipListTest.RandomOperations (0 ms)
[ RUN      ] SkipListTest.ConcurrentReadWrite
[       OK ] SkipListTest.ConcurrentReadWrite (3 ms)
[----------] 4 tests from SkipListTest (3 ms total)

[----------] Global test environment tear-down
[==========] 4 tests from 1 test suite ran. (3 ms total)
[  PASSED  ] 4 tests.
i
[==========] Running 4 tests from 1 test suite.
[----------] Global test environment set-up.
[----------] 4 tests from SkipListTest
[ RUN      ] SkipListTest.PutAndGet
[       OK ] SkipListTest.PutAndGet (0 ms)
[ RUN      ] SkipListTest.MultipleInsertAndRetrieve
[       OK ] SkipListTest.MultipleInsertAndRetrieve (0 ms)
[ RUN      ] SkipListTest.RandomOperations
[       OK ] SkipListTest.RandomOperations (0 ms)
[ RUN      ] SkipListTest.ConcurrentReadWrite
[       OK ] SkipListTest.ConcurrentReadWrite (3 ms)
[----------] 4 tests from SkipListTest (3 ms total)

[----------] Global test environment tear-down
[==========] 4 tests from 1 test suite ran. (3 ms total)
[  PASSED  ] 4 tests.
i
[==========] Running 4 tests from 1 test suite.
[----------] Global test environment set-up.
[----------] 4 tests from SkipListTest
[ RUN      ] SkipListTest.PutAndGet
[       OK ] SkipListTest.PutAndGet (0 ms)
[ RUN      ] SkipListTest.MultipleInsertAndRetrieve
[       OK ] SkipListTest.MultipleInsertAndRetrieve (0 ms)
[ RUN      ] SkipListTest.RandomOperations
[       OK ] SkipListTest.RandomOperations (0 ms)
[ RUN      ] SkipListTest.ConcurrentReadWrite
[       OK ] SkipListTest.ConcurrentReadWrite (4 ms)
[----------] 4 tests from SkipListTest (5 ms total)

[----------] Global test environment tear-down
[==========] 4 tests from 1 test suite ran. (5 ms total)
[  PASSED  ] 4 tests.
i
[==========] Running 4 tests from 1 test suite.
[----------] Global test environment set-up.
[----------] 4 tests from SkipListTest
[ RUN      ] SkipListTest.PutAndGet
[       OK ] SkipListTest.PutAndGet (0 ms)
[ RUN      ] SkipListTest.MultipleInsertAndRetrieve
[       OK ] SkipListTest.MultipleInsertAndRetrieve (0 ms)
[ RUN      ] SkipListTest.RandomOperations
[       OK ] SkipListTest.RandomOperations (0 ms)
[ RUN      ] SkipListTest.ConcurrentReadWrite
[       OK ] SkipListTest.ConcurrentReadWrite (3 ms)
[----------] 4 tests from SkipListTest (3 ms total)

[----------] Global test environment tear-down
[==========] 4 tests from 1 test suite ran. (3 ms total)
[  PASSED  ] 4 tests.
i
[==========] Running 4 tests from 1 test suite.
[----------] Global test environment set-up.
[----------] 4 tests from SkipListTest
[ RUN      ] SkipListTest.PutAndGet
[       OK ] SkipListTest.PutAndGet (0 ms)
[ RUN      ] SkipListTest.MultipleInsertAndRetrieve
[       OK ] SkipListTest.MultipleInsertAndRetrieve (0 ms)
[ RUN      ] SkipListTest.RandomOperations
[       OK ] SkipListTest.RandomOperations (0 ms)
[ RUN      ] SkipListTest.ConcurrentReadWrite
[       OK ] SkipListTest.ConcurrentReadWrite (4 ms)
[----------] 4 tests from SkipListTest (4 ms total)

[----------] Global test environment tear-down
[==========] 4 tests from 1 test suite ran. (4 ms total)
[  PASSED  ] 4 tests.
i
[==========] Running 4 tests from 1 test suite.
[----------] Global test environment set-up.
[----------] 4 tests from SkipListTest
[ RUN      ] SkipListTest.PutAndGet
[       OK ] SkipListTest.PutAndGet (0 ms)
[ RUN      ] SkipListTest.MultipleInsertAndRetrieve
[       OK ] SkipListTest.MultipleInsertAndRetrieve (0 ms)
[ RUN      ] SkipListTest.RandomOperations
[       OK ] SkipListTest.RandomOperations (0 ms)
[ RUN      ] SkipListTest.ConcurrentReadWrite
[       OK ] SkipListTest.ConcurrentReadWrite (3 ms)
[----------] 4 tests from SkipListTest (3 ms total)

[----------] Global test environment tear-down
[==========] 4 tests from 1 test suite ran. (3 ms total)
[  PASSED  ] 4 tests.
i
[==========] Running 4 tests from 1 test suite.
[----------] Global test environment set-up.
[----------] 4 tests from SkipListTest
[ RUN      ] SkipListTest.PutAndGet
[       OK ] SkipListTest.PutAndGet (0 ms)
[ RUN      ] SkipListTest.MultipleInsertAndRetrieve
[       OK ] SkipListTest.MultipleInsertAndRetrieve (0 ms)
[ RUN      ] SkipListTest.RandomOperations
[       OK ] SkipListTest.RandomOperations (0 ms)
[ RUN      ] SkipListTest.ConcurrentReadWrite
[       OK ] SkipListTest.ConcurrentReadWrite (3 ms)
[----------] 4 tests from SkipListTest (3 ms total)

[----------] Global test environment tear-down
[==========] 4 tests from 1 test suite ran. (3 ms total)
[  PASSED  ] 4 tests.
i
[==========] Running 4 tests from 1 test suite.
[----------] Global test environment set-up.
[----------] 4 tests from SkipListTest
[ RUN      ] SkipListTest.PutAndGet
[       OK ] SkipListTest.PutAndGet (0 ms)
[ RUN      ] SkipListTest.MultipleInsertAndRetrieve
[       OK ] SkipListTest.MultipleInsertAndRetrieve (0 ms)
[ RUN      ] SkipListTest.RandomOperations
[       OK ] SkipListTest.RandomOperations (0 ms)
[ RUN      ] SkipListTest.ConcurrentReadWrite
[       OK ] SkipListTest.ConcurrentReadWrite (3 ms)
[----------] 4 tests from SkipListTest (4 ms total)

[----------] Global test environment tear-down
[==========] 4 tests from 1 test suite ran. (4 ms total)
[  PASSED  ] 4 tests.
i
[==========] Running 4 tests from 1 test suite.
[----------] Global test environment set-up.
[----------] 4 tests from SkipListTest
[ RUN      ] SkipListTest.PutAndGet
[       OK ] SkipListTest.PutAndGet (0 ms)
[ RUN      ] SkipListTest.MultipleInsertAndRetrieve
[       OK ] SkipListTest.MultipleInsertAndRetrieve (0 ms)
[ RUN      ] SkipListTest.RandomOperations
[       OK ] SkipListTest.RandomOperations (0 ms)
[ RUN      ] SkipListTest.ConcurrentReadWrite
[       OK ] SkipListTest.ConcurrentReadWrite (3 ms)
[----------] 4 tests from SkipListTest (3 ms total)

[----------] Global test environment tear-down
[==========] 4 tests from 1 test suite ran. (3 ms total)
[  PASSED  ] 4 tests.
i
[==========] Running 4 tests from 1 test suite.
[----------] Global test environment set-up.
[----------] 4 tests from SkipListTest
[ RUN      ] SkipListTest.PutAndGet
[       OK ] SkipListTest.PutAndGet (0 ms)
[ RUN      ] SkipListTest.MultipleInsertAndRetrieve
[       OK ] SkipListTest.MultipleInsertAndRetrieve (0 ms)
[ RUN      ] SkipListTest.RandomOperations
[       OK ] SkipListTest.RandomOperations (0 ms)
[ RUN      ] SkipListTest.ConcurrentReadWrite
[       OK ] SkipListTest.ConcurrentReadWrite (3 ms)
[----------] 4 tests from SkipListTest (4 ms total)

[----------] Global test environment tear-down
[==========] 4 tests from 1 test suite ran. (4 ms total)
[  PASSED  ] 4 tests.
i
[==========] Running 4 tests from 1 test suite.
[----------] Global test environment set-up.
[----------] 4 tests from SkipListTest
[ RUN      ] SkipListTest.PutAndGet
[       OK ] SkipListTest.PutAndGet (0 ms)
[ RUN      ] SkipListTest.MultipleInsertAndRetrieve
[       OK ] SkipListTest.MultipleInsertAndRetrieve (0 ms)
[ RUN      ] SkipListTest.RandomOperations
[       OK ] SkipListTest.RandomOperations (0 ms)
[ RUN      ] SkipListTest.ConcurrentReadWrite
[       OK ] SkipListTest.ConcurrentReadWrite (3 ms)
[----------] 4 tests from SkipListTest (3 ms total)

[----------] Global test environment tear-down
[==========] 4 tests from 1 test suite ran. (3 ms total)
[  PASSED  ] 4 tests.
i
[==========] Running 4 tests from 1 test suite.
[----------] Global test environment set-up.
[----------] 4 tests from SkipListTest
[ RUN      ] SkipListTest.PutAndGet
[       OK ] SkipListTest.PutAndGet (0 ms)
[ RUN      ] SkipListTest.MultipleInsertAndRetrieve
[       OK ] SkipListTest.MultipleInsertAndRetrieve (0 ms)
[ RUN      ] SkipListTest.RandomOperations
[       OK ] SkipListTest.RandomOperations (0 ms)
[ RUN      ] SkipListTest.ConcurrentReadWrite
[       OK ] SkipListTest.ConcurrentReadWrite (3 ms)
[----------] 4 tests from SkipListTest (3 ms total)

[----------] Global test environment tear-down
[==========] 4 tests from 1 test suite ran. (3 ms total)
[  PASSED  ] 4 tests.
i
[==========] Running 4 tests from 1 test suite.
[----------] Global test environment set-up.
[----------] 4 tests from SkipListTest
[ RUN      ] SkipListTest.PutAndGet
[       OK ] SkipListTest.PutAndGet (0 ms)
[ RUN      ] SkipListTest.MultipleInsertAndRetrieve
[       OK ] SkipListTest.MultipleInsertAndRetrieve (0 ms)
[ RUN      ] SkipListTest.RandomOperations
[       OK ] SkipListTest.RandomOperations (0 ms)
[ RUN      ] SkipListTest.ConcurrentReadWrite
[       OK ] SkipListTest.ConcurrentReadWrite (3 ms)
[----------] 4 tests from SkipListTest (3 ms total)

[----------] Global test environment tear-down
[==========] 4 tests from 1 test suite ran. (3 ms total)
[  PASSED  ] 4 tests.
i
[==========] Running 4 tests from 1 test suite.
[----------] Global test environment set-up.
[----------] 4 tests from SkipListTest
[ RUN      ] SkipListTest.PutAndGet
[       OK ] SkipListTest.PutAndGet (0 ms)
[ RUN      ] SkipListTest.MultipleInsertAndRetrieve
[       OK ] SkipListTest.MultipleInsertAndRetrieve (0 ms)
[ RUN      ] SkipListTest.RandomOperations
[       OK ] SkipListTest.RandomOperations (0 ms)
[ RUN      ] SkipListTest.ConcurrentReadWrite
[       OK ] SkipListTest.ConcurrentReadWrite (3 ms)
[----------] 4 tests from SkipListTest (3 ms total)

[----------] Global test environment tear-down
[==========] 4 tests from 1 test suite ran. (3 ms total)
[  PASSED  ] 4 tests.
i
[==========] Running 4 tests from 1 test suite.
[----------] Global test environment set-up.
[----------] 4 tests from SkipListTest
[ RUN      ] SkipListTest.PutAndGet
[       OK ] SkipListTest.PutAndGet (0 ms)
[ RUN      ] SkipListTest.MultipleInsertAndRetrieve
[       OK ] SkipListTest.MultipleInsertAndRetrieve (0 ms)
[ RUN      ] SkipListTest.RandomOperations
[       OK ] SkipListTest.RandomOperations (0 ms)
[ RUN      ] SkipListTest.ConcurrentReadWrite
[       OK ] SkipListTest.ConcurrentReadWrite (3 ms)
[----------] 4 tests from SkipListTest (3 ms total)

[----------] Global test environment tear-down
[==========] 4 tests from 1 test suite ran. (3 ms total)
[  PASSED  ] 4 tests.
i
[==========] Running 4 tests from 1 test suite.
[----------] Global test environment set-up.
[----------] 4 tests from SkipListTest
[ RUN      ] SkipListTest.PutAndGet
[       OK ] SkipListTest.PutAndGet (0 ms)
[ RUN      ] SkipListTest.MultipleInsertAndRetrieve
[       OK ] SkipListTest.MultipleInsertAndRetrieve (0 ms)
[ RUN      ] SkipListTest.RandomOperations
[       OK ] SkipListTest.RandomOperations (0 ms)
[ RUN      ] SkipListTest.ConcurrentReadWrite
[       OK ] SkipListTest.ConcurrentReadWrite (3 ms)
[----------] 4 tests from SkipListTest (3 ms total)

[----------] Global test environment tear-down
[==========] 4 tests from 1 test suite ran. (3 ms total)
[  PASSED  ] 4 tests.
i
[==========] Running 4 tests from 1 test suite.
[----------] Global test environment set-up.
[----------] 4 tests from SkipListTest
[ RUN      ] SkipListTest.PutAndGet
[       OK ] SkipListTest.PutAndGet (0 ms)
[ RUN      ] SkipListTest.MultipleInsertAndRetrieve
[       OK ] SkipListTest.MultipleInsertAndRetrieve (0 ms)
[ RUN      ] SkipListTest.RandomOperations
[       OK ] SkipListTest.RandomOperations (0 ms)
[ RUN      ] SkipListTest.ConcurrentReadWrite
[       OK ] SkipListTest.ConcurrentReadWrite (3 ms)
[----------] 4 tests from SkipListTest (3 ms total)

[----------] Global test environment tear-down
[==========] 4 tests from 1 test suite ran. (3 ms total)
[  PASSED  ] 4 tests.
i
[==========] Running 4 tests from 1 test suite.
[----------] Global test environment set-up.
[----------] 4 tests from SkipListTest
[ RUN      ] SkipListTest.PutAndGet
[       OK ] SkipListTest.PutAndGet (0 ms)
[ RUN      ] SkipListTest.MultipleInsertAndRetrieve
[       OK ] SkipListTest.MultipleInsertAndRetrieve (0 ms)
[ RUN      ] SkipListTest.RandomOperations
[       OK ] SkipListTest.RandomOperations (0 ms)
[ RUN      ] SkipListTest.ConcurrentReadWrite
[       OK ] SkipListTest.ConcurrentReadWrite (3 ms)
[----------] 4 tests from SkipListTest (3 ms total)

[----------] Global test environment tear-down
[==========] 4 tests from 1 test suite ran. (3 ms total)
[  PASSED  ] 4 tests.
i
[==========] Running 4 tests from 1 test suite.
[----------] Global test environment set-up.
[----------] 4 tests from SkipListTest
[ RUN      ] SkipListTest.PutAndGet
[       OK ] SkipListTest.PutAndGet (0 ms)
[ RUN      ] SkipListTest.MultipleInsertAndRetrieve
[       OK ] SkipListTest.MultipleInsertAndRetrieve (0 ms)
[ RUN      ] SkipListTest.RandomOperations
[       OK ] SkipListTest.RandomOperations (0 ms)
[ RUN      ] SkipListTest.ConcurrentReadWrite
[       OK ] SkipListTest.ConcurrentReadWrite (3 ms)
[----------] 4 tests from SkipListTest (3 ms total)

[----------] Global test environment tear-down
[==========] 4 tests from 1 test suite ran. (3 ms total)
[  PASSED  ] 4 tests.
i
[==========] Running 4 tests from 1 test suite.
[----------] Global test environment set-up.
[----------] 4 tests from SkipListTest
[ RUN      ] SkipListTest.PutAndGet
[       OK ] SkipListTest.PutAndGet (0 ms)
[ RUN      ] SkipListTest.MultipleInsertAndRetrieve
[       OK ] SkipListTest.MultipleInsertAndRetrieve (0 ms)
[ RUN      ] SkipListTest.RandomOperations
[       OK ] SkipListTest.RandomOperations (0 ms)
[ RUN      ] SkipListTest.ConcurrentReadWrite
[       OK ] SkipListTest.ConcurrentReadWrite (3 ms)
[----------] 4 tests from SkipListTest (3 ms total)

[----------] Global test environment tear-down
[==========] 4 tests from 1 test suite ran. (3 ms total)
[  PASSED  ] 4 tests.
i
[==========] Running 4 tests from 1 test suite.
[----------] Global test environment set-up.
[----------] 4 tests from SkipListTest
[ RUN      ] SkipListTest.PutAndGet
[       OK ] SkipListTest.PutAndGet (0 ms)
[ RUN      ] SkipListTest.MultipleInsertAndRetrieve
[       OK ] SkipListTest.MultipleInsertAndRetrieve (0 ms)
[ RUN      ] SkipListTest.RandomOperations
[       OK ] SkipListTest.RandomOperations (0 ms)
[ RUN      ] SkipListTest.ConcurrentReadWrite
[       OK ] SkipListTest.ConcurrentReadWrite (4 ms)
[----------] 4 tests from SkipListTest (4 ms total)

[----------] Global test environment tear-down
[==========] 4 tests from 1 test suite ran. (4 ms total)
[  PASSED  ] 4 tests.
i
[==========] Running 4 tests from 1 test suite.
[----------] Global test environment set-up.
[----------] 4 tests from SkipListTest
[ RUN      ] SkipListTest.PutAndGet
[       OK ] SkipListTest.PutAndGet (0 ms)
[ RUN      ] SkipListTest.MultipleInsertAndRetrieve
[       OK ] SkipListTest.MultipleInsertAndRetrieve (0 ms)
[ RUN      ] SkipListTest.RandomOperations
[       OK ] SkipListTest.RandomOperations (0 ms)
[ RUN      ] SkipListTest.ConcurrentReadWrite
[       OK ] SkipListTest.ConcurrentReadWrite (3 ms)
[----------] 4 tests from SkipListTest (3 ms total)

[----------] Global test environment tear-down
[==========] 4 tests from 1 test suite ran. (3 ms total)
[  PASSED  ] 4 tests.
i
[==========] Running 4 tests from 1 test suite.
[----------] Global test environment set-up.
[----------] 4 tests from SkipListTest
[ RUN      ] SkipListTest.PutAndGet
[       OK ] SkipListTest.PutAndGet (0 ms)
[ RUN      ] SkipListTest.MultipleInsertAndRetrieve
[       OK ] SkipListTest.MultipleInsertAndRetrieve (0 ms)
[ RUN      ] SkipListTest.RandomOperations
[       OK ] SkipListTest.RandomOperations (0 ms)
[ RUN      ] SkipListTest.ConcurrentReadWrite
[       OK ] SkipListTest.ConcurrentReadWrite (3 ms)
[----------] 4 tests from SkipListTest (3 ms total)

[----------] Global test environment tear-down
[==========] 4 tests from 1 test suite ran. (3 ms total)
[  PASSED  ] 4 tests.
i
[==========] Running 4 tests from 1 test suite.
[----------] Global test environment set-up.
[----------] 4 tests from SkipListTest
[ RUN      ] SkipListTest.PutAndGet
[       OK ] SkipListTest.PutAndGet (0 ms)
[ RUN      ] SkipListTest.MultipleInsertAndRetrieve
[       OK ] SkipListTest.MultipleInsertAndRetrieve (0 ms)
[ RUN      ] SkipListTest.RandomOperations
[       OK ] SkipListTest.RandomOperations (0 ms)
[ RUN      ] SkipListTest.ConcurrentReadWrite
[       OK ] SkipListTest.ConcurrentReadWrite (3 ms)
[----------] 4 tests from SkipListTest (3 ms total)

[----------] Global test environment tear-down
[==========] 4 tests from 1 test suite ran. (3 ms total)
[  PASSED  ] 4 tests.
i
[==========] Running 4 tests from 1 test suite.
[----------] Global test environment set-up.
[----------] 4 tests from SkipListTest
[ RUN      ] SkipListTest.PutAndGet
[       OK ] SkipListTest.PutAndGet (0 ms)
[ RUN      ] SkipListTest.MultipleInsertAndRetrieve
[       OK ] SkipListTest.MultipleInsertAndRetrieve (0 ms)
[ RUN      ] SkipListTest.RandomOperations
[       OK ] SkipListTest.RandomOperations (0 ms)
[ RUN      ] SkipListTest.ConcurrentReadWrite
[       OK ] SkipListTest.ConcurrentReadWrite (3 ms)
[----------] 4 tests from SkipListTest (3 ms total)

[----------] Global test environment tear-down
[==========] 4 tests from 1 test suite ran. (3 ms total)
[  PASSED  ] 4 tests.
i
[==========] Running 4 tests from 1 test suite.
[----------] Global test environment set-up.
[----------] 4 tests from SkipListTest
[ RUN      ] SkipListTest.PutAndGet
[       OK ] SkipListTest.PutAndGet (0 ms)
[ RUN      ] SkipListTest.MultipleInsertAndRetrieve
[       OK ] SkipListTest.MultipleInsertAndRetrieve (0 ms)
[ RUN      ] SkipListTest.RandomOperations
[       OK ] SkipListTest.RandomOperations (0 ms)
[ RUN      ] SkipListTest.ConcurrentReadWrite
[       OK ] SkipListTest.ConcurrentReadWrite (3 ms)
[----------] 4 tests from SkipListTest (3 ms total)

[----------] Global test environment tear-down
[==========] 4 tests from 1 test suite ran. (4 ms total)
[  PASSED  ] 4 tests.
i
[==========] Running 4 tests from 1 test suite.
[----------] Global test environment set-up.
[----------] 4 tests from SkipListTest
[ RUN      ] SkipListTest.PutAndGet
[       OK ] SkipListTest.PutAndGet (0 ms)
[ RUN      ] SkipListTest.MultipleInsertAndRetrieve
[       OK ] SkipListTest.MultipleInsertAndRetrieve (0 ms)
[ RUN      ] SkipListTest.RandomOperations
[       OK ] SkipListTest.RandomOperations (0 ms)
[ RUN      ] SkipListTest.ConcurrentReadWrite
[       OK ] SkipListTest.ConcurrentReadWrite (3 ms)
[----------] 4 tests from SkipListTest (3 ms total)

[----------] Global test environment tear-down
[==========] 4 tests from 1 test suite ran. (3 ms total)
[  PASSED  ] 4 tests.
i
[==========] Running 4 tests from 1 test suite.
[----------] Global test environment set-up.
[----------] 4 tests from SkipListTest
[ RUN      ] SkipListTest.PutAndGet
[       OK ] SkipListTest.PutAndGet (0 ms)
[ RUN      ] SkipListTest.MultipleInsertAndRetrieve
[       OK ] SkipListTest.MultipleInsertAndRetrieve (0 ms)
[ RUN      ] SkipListTest.RandomOperations
[       OK ] SkipListTest.RandomOperations (0 ms)
[ RUN      ] SkipListTest.ConcurrentReadWrite
[       OK ] SkipListTest.ConcurrentReadWrite (3 ms)
[----------] 4 tests from SkipListTest (3 ms total)

[----------] Global test environment tear-down
[==========] 4 tests from 1 test suite ran. (3 ms total)
[  PASSED  ] 4 tests.
i
[==========] Running 4 tests from 1 test suite.
[----------] Global test environment set-up.
[----------] 4 tests from SkipListTest
[ RUN      ] SkipListTest.PutAndGet
[       OK ] SkipListTest.PutAndGet (0 ms)
[ RUN      ] SkipListTest.MultipleInsertAndRetrieve
[       OK ] SkipListTest.MultipleInsertAndRetrieve (0 ms)
[ RUN      ] SkipListTest.RandomOperations
[       OK ] SkipListTest.RandomOperations (0 ms)
[ RUN      ] SkipListTest.ConcurrentReadWrite
[       OK ] SkipListTest.ConcurrentReadWrite (3 ms)
[----------] 4 tests from SkipListTest (3 ms total)

[----------] Global test environment tear-down
[==========] 4 tests from 1 test suite ran. (3 ms total)
[  PASSED  ] 4 tests.
i
[==========] Running 4 tests from 1 test suite.
[----------] Global test environment set-up.
[----------] 4 tests from SkipListTest
[ RUN      ] SkipListTest.PutAndGet
[       OK ] SkipListTest.PutAndGet (0 ms)
[ RUN      ] SkipListTest.MultipleInsertAndRetrieve
[       OK ] SkipListTest.MultipleInsertAndRetrieve (0 ms)
[ RUN      ] SkipListTest.RandomOperations
[       OK ] SkipListTest.RandomOperations (0 ms)
[ RUN      ] SkipListTest.ConcurrentReadWrite
[       OK ] SkipListTest.ConcurrentReadWrite (3 ms)
[----------] 4 tests from SkipListTest (3 ms total)

[----------] Global test environment tear-down
[==========] 4 tests from 1 test suite ran. (3 ms total)
[  PASSED  ] 4 tests.
i
[==========] Running 4 tests from 1 test suite.
[----------] Global test environment set-up.
[----------] 4 tests from SkipListTest
[ RUN      ] SkipListTest.PutAndGet
[       OK ] SkipListTest.PutAndGet (0 ms)
[ RUN      ] SkipListTest.MultipleInsertAndRetrieve
[       OK ] SkipListTest.MultipleInsertAndRetrieve (0 ms)
[ RUN      ] SkipListTest.RandomOperations
[       OK ] SkipListTest.RandomOperations (0 ms)
[ RUN      ] SkipListTest.ConcurrentReadWrite
[       OK ] SkipListTest.ConcurrentReadWrite (3 ms)
[----------] 4 tests from SkipListTest (3 ms total)

[----------] Global test environment tear-down
[==========] 4 tests from 1 test suite ran. (3 ms total)
[  PASSED  ] 4 tests.
i
[==========] Running 4 tests from 1 test suite.
[----------] Global test environment set-up.
[----------] 4 tests from SkipListTest
[ RUN      ] SkipListTest.PutAndGet
[       OK ] SkipListTest.PutAndGet (0 ms)
[ RUN      ] SkipListTest.MultipleInsertAndRetrieve
[       OK ] SkipListTest.MultipleInsertAndRetrieve (0 ms)
[ RUN      ] SkipListTest.RandomOperations
[       OK ] SkipListTest.RandomOperations (0 ms)
[ RUN      ] SkipListTest.ConcurrentReadWrite
[       OK ] SkipListTest.ConcurrentReadWrite (3 ms)
[----------] 4 tests from SkipListTest (3 ms total)

[----------] Global test environment tear-down
[==========] 4 tests from 1 test suite ran. (3 ms total)
[  PASSED  ] 4 tests.
i
[==========] Running 4 tests from 1 test suite.
[----------] Global test environment set-up.
[----------] 4 tests from SkipListTest
[ RUN      ] SkipListTest.PutAndGet
[       OK ] SkipListTest.PutAndGet (0 ms)
[ RUN      ] SkipListTest.MultipleInsertAndRetrieve
[       OK ] SkipListTest.MultipleInsertAndRetrieve (0 ms)
[ RUN      ] SkipListTest.RandomOperations
[       OK ] SkipListTest.RandomOperations (0 ms)
[ RUN      ] SkipListTest.ConcurrentReadWrite
[       OK ] SkipListTest.ConcurrentReadWrite (3 ms)
[----------] 4 tests from SkipListTest (3 ms total)

[----------] Global test environment tear-down
[==========] 4 tests from 1 test suite ran. (3 ms total)
[  PASSED  ] 4 tests.
i
[==========] Running 4 tests from 1 test suite.
[----------] Global test environment set-up.
[----------] 4 tests from SkipListTest
[ RUN      ] SkipListTest.PutAndGet
[       OK ] SkipListTest.PutAndGet (0 ms)
[ RUN      ] SkipListTest.MultipleInsertAndRetrieve
[       OK ] SkipListTest.MultipleInsertAndRetrieve (0 ms)
[ RUN      ] SkipListTest.RandomOperations
[       OK ] SkipListTest.RandomOperations (0 ms)
[ RUN      ] SkipListTest.ConcurrentReadWrite
[       OK ] SkipListTest.ConcurrentReadWrite (3 ms)
[----------] 4 tests from SkipListTest (3 ms total)

[----------] Global test environment tear-down
[==========] 4 tests from 1 test suite ran. (3 ms total)
[  PASSED  ] 4 tests.
i
[==========] Running 4 tests from 1 test suite.
[----------] Global test environment set-up.
[----------] 4 tests from SkipListTest
[ RUN      ] SkipListTest.PutAndGet
[       OK ] SkipListTest.PutAndGet (0 ms)
[ RUN      ] SkipListTest.MultipleInsertAndRetrieve
[       OK ] SkipListTest.MultipleInsertAndRetrieve (0 ms)
[ RUN      ] SkipListTest.RandomOperations
[       OK ] SkipListTest.RandomOperations (0 ms)
[ RUN      ] SkipListTest.ConcurrentReadWrite
[       OK ] SkipListTest.ConcurrentReadWrite (3 ms)
[----------] 4 tests from SkipListTest (3 ms total)

[----------] Global test environment tear-down
[==========] 4 tests from 1 test suite ran. (3 ms total)
[  PASSED  ] 4 tests.
i
[==========] Running 4 tests from 1 test suite.
[----------] Global test environment set-up.
[----------] 4 tests from SkipListTest
[ RUN      ] SkipListTest.PutAndGet
[       OK ] SkipListTest.PutAndGet (0 ms)
[ RUN      ] SkipListTest.MultipleInsertAndRetrieve
[       OK ] SkipListTest.MultipleInsertAndRetrieve (0 ms)
[ RUN      ] SkipListTest.RandomOperations
[       OK ] SkipListTest.RandomOperations (0 ms)
[ RUN      ] SkipListTest.ConcurrentReadWrite
[       OK ] SkipListTest.ConcurrentReadWrite (3 ms)
[----------] 4 tests from SkipListTest (3 ms total)

[----------] Global test environment tear-down
[==========] 4 tests from 1 test suite ran. (3 ms total)
[  PASSED  ] 4 tests.
i
[==========] Running 4 tests from 1 test suite.
[----------] Global test environment set-up.
[----------] 4 tests from SkipListTest
[ RUN      ] SkipListTest.PutAndGet
[       OK ] SkipListTest.PutAndGet (0 ms)
[ RUN      ] SkipListTest.MultipleInsertAndRetrieve
[       OK ] SkipListTest.MultipleInsertAndRetrieve (0 ms)
[ RUN      ] SkipListTest.RandomOperations
[       OK ] SkipListTest.RandomOperations (0 ms)
[ RUN      ] SkipListTest.ConcurrentReadWrite
[       OK ] SkipListTest.ConcurrentReadWrite (3 ms)
[----------] 4 tests from SkipListTest (3 ms total)

[----------] Global test environment tear-down
[==========] 4 tests from 1 test suite ran. (3 ms total)
[  PASSED  ] 4 tests.
i
[==========] Running 4 tests from 1 test suite.
[----------] Global test environment set-up.
[----------] 4 tests from SkipListTest
[ RUN      ] SkipListTest.PutAndGet
[       OK ] SkipListTest.PutAndGet (0 ms)
[ RUN      ] SkipListTest.MultipleInsertAndRetrieve
[       OK ] SkipListTest.MultipleInsertAndRetrieve (0 ms)
[ RUN      ] SkipListTest.RandomOperations
[       OK ] SkipListTest.RandomOperations (0 ms)
[ RUN      ] SkipListTest.ConcurrentReadWrite
[       OK ] SkipListTest.ConcurrentReadWrite (3 ms)
[----------] 4 tests from SkipListTest (3 ms total)

[----------] Global test environment tear-down
[==========] 4 tests from 1 test suite ran. (3 ms total)
[  PASSED  ] 4 tests.
i
[==========] Running 4 tests from 1 test suite.
[----------] Global test environment set-up.
[----------] 4 tests from SkipListTest
[ RUN      ] SkipListTest.PutAndGet
[       OK ] SkipListTest.PutAndGet (0 ms)
[ RUN      ] SkipListTest.MultipleInsertAndRetrieve
[       OK ] SkipListTest.MultipleInsertAndRetrieve (0 ms)
[ RUN      ] SkipListTest.RandomOperations
[       OK ] SkipListTest.RandomOperations (0 ms)
[ RUN      ] SkipListTest.ConcurrentReadWrite
[       OK ] SkipListTest.ConcurrentReadWrite (3 ms)
[----------] 4 tests from SkipListTest (3 ms total)

[----------] Global test environment tear-down
[==========] 4 tests from 1 test suite ran. (3 ms total)
[  PASSED  ] 4 tests.
i
[==========] Running 4 tests from 1 test suite.
[----------] Global test environment set-up.
[----------] 4 tests from SkipListTest
[ RUN      ] SkipListTest.PutAndGet
[       OK ] SkipListTest.PutAndGet (0 ms)
[ RUN      ] SkipListTest.MultipleInsertAndRetrieve
[       OK ] SkipListTest.MultipleInsertAndRetrieve (0 ms)
[ RUN      ] SkipListTest.RandomOperations
[       OK ] SkipListTest.RandomOperations (0 ms)
[ RUN      ] SkipListTest.ConcurrentReadWrite
[       OK ] SkipListTest.ConcurrentReadWrite (3 ms)
[----------] 4 tests from SkipListTest (3 ms total)

[----------] Global test environment tear-down
[==========] 4 tests from 1 test suite ran. (3 ms total)
[  PASSED  ] 4 tests.
i
[==========] Running 4 tests from 1 test suite.
[----------] Global test environment set-up.
[----------] 4 tests from SkipListTest
[ RUN      ] SkipListTest.PutAndGet
[       OK ] SkipListTest.PutAndGet (0 ms)
[ RUN      ] SkipListTest.MultipleInsertAndRetrieve
[       OK ] SkipListTest.MultipleInsertAndRetrieve (0 ms)
[ RUN      ] SkipListTest.RandomOperations
[       OK ] SkipListTest.RandomOperations (0 ms)
[ RUN      ] SkipListTest.ConcurrentReadWrite
[       OK ] SkipListTest.ConcurrentReadWrite (3 ms)
[----------] 4 tests from SkipListTest (3 ms total)

[----------] Global test environment tear-down
[==========] 4 tests from 1 test suite ran. (3 ms total)
[  PASSED  ] 4 tests.
i
[==========] Running 4 tests from 1 test suite.
[----------] Global test environment set-up.
[----------] 4 tests from SkipListTest
[ RUN      ] SkipListTest.PutAndGet
[       OK ] SkipListTest.PutAndGet (0 ms)
[ RUN      ] SkipListTest.MultipleInsertAndRetrieve
[       OK ] SkipListTest.MultipleInsertAndRetrieve (0 ms)
[ RUN      ] SkipListTest.RandomOperations
[       OK ] SkipListTest.RandomOperations (0 ms)
[ RUN      ] SkipListTest.ConcurrentReadWrite
[       OK ] SkipListTest.ConcurrentReadWrite (3 ms)
[----------] 4 tests from SkipListTest (3 ms total)

[----------] Global test environment tear-down
[==========] 4 tests from 1 test suite ran. (3 ms total)
[  PASSED  ] 4 tests.
i
[==========] Running 4 tests from 1 test suite.
[----------] Global test environment set-up.
[----------] 4 tests from SkipListTest
[ RUN      ] SkipListTest.PutAndGet
[       OK ] SkipListTest.PutAndGet (0 ms)
[ RUN      ] SkipListTest.MultipleInsertAndRetrieve
[       OK ] SkipListTest.MultipleInsertAndRetrieve (0 ms)
[ RUN      ] SkipListTest.RandomOperations
[       OK ] SkipListTest.RandomOperations (0 ms)
[ RUN      ] SkipListTest.ConcurrentReadWrite
[       OK ] SkipListTest.ConcurrentReadWrite (3 ms)
[----------] 4 tests from SkipListTest (3 ms total)

[----------] Global test environment tear-down
[==========] 4 tests from 1 test suite ran. (3 ms total)
[  PASSED  ] 4 tests.
i
[==========] Running 4 tests from 1 test suite.
[----------] Global test environment set-up.
[----------] 4 tests from SkipListTest
[ RUN      ] SkipListTest.PutAndGet
[       OK ] SkipListTest.PutAndGet (0 ms)
[ RUN      ] SkipListTest.MultipleInsertAndRetrieve
[       OK ] SkipListTest.MultipleInsertAndRetrieve (0 ms)
[ RUN      ] SkipListTest.RandomOperations
[       OK ] SkipListTest.RandomOperations (0 ms)
[ RUN      ] SkipListTest.ConcurrentReadWrite
[       OK ] SkipListTest.ConcurrentReadWrite (3 ms)
[----------] 4 tests from SkipListTest (3 ms total)

[----------] Global test environment tear-down
[==========] 4 tests from 1 test suite ran. (3 ms total)
[  PASSED  ] 4 tests.
i
[==========] Running 4 tests from 1 test suite.
[----------] Global test environment set-up.
[----------] 4 tests from SkipListTest
[ RUN      ] SkipListTest.PutAndGet
[       OK ] SkipListTest.PutAndGet (0 ms)
[ RUN      ] SkipListTest.MultipleInsertAndRetrieve
[       OK ] SkipListTest.MultipleInsertAndRetrieve (0 ms)
[ RUN      ] SkipListTest.RandomOperations
[       OK ] SkipListTest.RandomOperations (0 ms)
[ RUN      ] SkipListTest.ConcurrentReadWrite
[       OK ] SkipListTest.ConcurrentReadWrite (3 ms)
[----------] 4 tests from SkipListTest (3 ms total)

[----------] Global test environment tear-down
[==========] 4 tests from 1 test suite ran. (3 ms total)
[  PASSED  ] 4 tests.
i
[==========] Running 4 tests from 1 test suite.
[----------] Global test environment set-up.
[----------] 4 tests from SkipListTest
[ RUN      ] SkipListTest.PutAndGet
[       OK ] SkipListTest.PutAndGet (0 ms)
[ RUN      ] SkipListTest.MultipleInsertAndRetrieve
[       OK ] SkipListTest.MultipleInsertAndRetrieve (0 ms)
[ RUN      ] SkipListTest.RandomOperations
[       OK ] SkipListTest.RandomOperations (0 ms)
[ RUN      ] SkipListTest.ConcurrentReadWrite
[       OK ] SkipListTest.ConcurrentReadWrite (3 ms)
[----------] 4 tests from SkipListTest (3 ms total)

[----------] Global test environment tear-down
[==========] 4 tests from 1 test suite ran. (3 ms total)
[  PASSED  ] 4 tests.
i
[==========] Running 4 tests from 1 test suite.
[----------] Global test environment set-up.
[----------] 4 tests from SkipListTest
[ RUN      ] SkipListTest.PutAndGet
[       OK ] SkipListTest.PutAndGet (0 ms)
[ RUN      ] SkipListTest.MultipleInsertAndRetrieve
[       OK ] SkipListTest.MultipleInsertAndRetrieve (0 ms)
[ RUN      ] SkipListTest.RandomOperations
[       OK ] SkipListTest.RandomOperations (0 ms)
[ RUN      ] SkipListTest.ConcurrentReadWrite
[       OK ] SkipListTest.ConcurrentReadWrite (3 ms)
[----------] 4 tests from SkipListTest (3 ms total)

[----------] Global test environment tear-down
[==========] 4 tests from 1 test suite ran. (3 ms total)
[  PASSED  ] 4 tests.
i
[==========] Running 4 tests from 1 test suite.
[----------] Global test environment set-up.
[----------] 4 tests from SkipListTest
[ RUN      ] SkipListTest.PutAndGet
[       OK ] SkipListTest.PutAndGet (0 ms)
[ RUN      ] SkipListTest.MultipleInsertAndRetrieve
[       OK ] SkipListTest.MultipleInsertAndRetrieve (0 ms)
[ RUN      ] SkipListTest.RandomOperations
[       OK ] SkipListTest.RandomOperations (0 ms)
[ RUN      ] SkipListTest.ConcurrentReadWrite
[       OK ] SkipListTest.ConcurrentReadWrite (3 ms)
[----------] 4 tests from SkipListTest (3 ms total)

[----------] Global test environment tear-down
[==========] 4 tests from 1 test suite ran. (3 ms total)
[  PASSED  ] 4 tests.
i
[==========] Running 4 tests from 1 test suite.
[----------] Global test environment set-up.
[----------] 4 tests from SkipListTest
[ RUN      ] SkipListTest.PutAndGet
[       OK ] SkipListTest.PutAndGet (0 ms)
[ RUN      ] SkipListTest.MultipleInsertAndRetrieve
[       OK ] SkipListTest.MultipleInsertAndRetrieve (0 ms)
[ RUN      ] SkipListTest.RandomOperations
[       OK ] SkipListTest.RandomOperations (0 ms)
[ RUN      ] SkipListTest.ConcurrentReadWrite
[       OK ] SkipListTest.ConcurrentReadWrite (3 ms)
[----------] 4 tests from SkipListTest (3 ms total)

[----------] Global test environment tear-down
[==========] 4 tests from 1 test suite ran. (3 ms total)
[  PASSED  ] 4 tests.
i
[==========] Running 4 tests from 1 test suite.
[----------] Global test environment set-up.
[----------] 4 tests from SkipListTest
[ RUN      ] SkipListTest.PutAndGet
[       OK ] SkipListTest.PutAndGet (0 ms)
[ RUN      ] SkipListTest.MultipleInsertAndRetrieve
[       OK ] SkipListTest.MultipleInsertAndRetrieve (0 ms)
[ RUN      ] SkipListTest.RandomOperations
[       OK ] SkipListTest.RandomOperations (0 ms)
[ RUN      ] SkipListTest.ConcurrentReadWrite
[       OK ] SkipListTest.ConcurrentReadWrite (3 ms)
[----------] 4 tests from SkipListTest (3 ms total)

[----------] Global test environment tear-down
[==========] 4 tests from 1 test suite ran. (3 ms total)
[  PASSED  ] 4 tests.
i
[==========] Running 4 tests from 1 test suite.
[----------] Global test environment set-up.
[----------] 4 tests from SkipListTest
[ RUN      ] SkipListTest.PutAndGet
[       OK ] SkipListTest.PutAndGet (0 ms)
[ RUN      ] SkipListTest.MultipleInsertAndRetrieve
[       OK ] SkipListTest.MultipleInsertAndRetrieve (0 ms)
[ RUN      ] SkipListTest.RandomOperations
[       OK ] SkipListTest.RandomOperations (0 ms)
[ RUN      ] SkipListTest.ConcurrentReadWrite
[       OK ] SkipListTest.ConcurrentReadWrite (3 ms)
[----------] 4 tests from SkipListTest (3 ms total)

[----------] Global test environment tear-down
[==========] 4 tests from 1 test suite ran. (3 ms total)
[  PASSED  ] 4 tests.
i
[==========] Running 4 tests from 1 test suite.
[----------] Global test environment set-up.
[----------] 4 tests from SkipListTest
[ RUN      ] SkipListTest.PutAndGet
[       OK ] SkipListTest.PutAndGet (0 ms)
[ RUN      ] SkipListTest.MultipleInsertAndRetrieve
[       OK ] SkipListTest.MultipleInsertAndRetrieve (0 ms)
[ RUN      ] SkipListTest.RandomOperations
[       OK ] SkipListTest.RandomOperations (0 ms)
[ RUN      ] SkipListTest.ConcurrentReadWrite
[       OK ] SkipListTest.ConcurrentReadWrite (3 ms)
[----------] 4 tests from SkipListTest (3 ms total)

[----------] Global test environment tear-down
[==========] 4 tests from 1 test suite ran. (3 ms total)
[  PASSED  ] 4 tests.
i
[==========] Running 4 tests from 1 test suite.
[----------] Global test environment set-up.
[----------] 4 tests from SkipListTest
[ RUN      ] SkipListTest.PutAndGet
[       OK ] SkipListTest.PutAndGet (0 ms)
[ RUN      ] SkipListTest.MultipleInsertAndRetrieve
[       OK ] SkipListTest.MultipleInsertAndRetrieve (0 ms)
[ RUN      ] SkipListTest.RandomOperations
[       OK ] SkipListTest.RandomOperations (0 ms)
[ RUN      ] SkipListTest.ConcurrentReadWrite
[       OK ] SkipListTest.ConcurrentReadWrite (3 ms)
[----------] 4 tests from SkipListTest (3 ms total)

[----------] Global test environment tear-down
[==========] 4 tests from 1 test suite ran. (3 ms total)
[  PASSED  ] 4 tests.
i
[==========] Running 4 tests from 1 test suite.
[----------] Global test environment set-up.
[----------] 4 tests from SkipListTest
[ RUN      ] SkipListTest.PutAndGet
[       OK ] SkipListTest.PutAndGet (0 ms)
[ RUN      ] SkipListTest.MultipleInsertAndRetrieve
[       OK ] SkipListTest.MultipleInsertAndRetrieve (0 ms)
[ RUN      ] SkipListTest.RandomOperations
[       OK ] SkipListTest.RandomOperations (0 ms)
[ RUN      ] SkipListTest.ConcurrentReadWrite
[       OK ] SkipListTest.ConcurrentReadWrite (3 ms)
[----------] 4 tests from SkipListTest (3 ms total)

[----------] Global test environment tear-down
[==========] 4 tests from 1 test suite ran. (3 ms total)
[  PASSED  ] 4 tests.
i
[==========] Running 4 tests from 1 test suite.
[----------] Global test environment set-up.
[----------] 4 tests from SkipListTest
[ RUN      ] SkipListTest.PutAndGet
[       OK ] SkipListTest.PutAndGet (0 ms)
[ RUN      ] SkipListTest.MultipleInsertAndRetrieve
[       OK ] SkipListTest.MultipleInsertAndRetrieve (0 ms)
[ RUN      ] SkipListTest.RandomOperations
[       OK ] SkipListTest.RandomOperations (0 ms)
[ RUN      ] SkipListTest.ConcurrentReadWrite
[       OK ] SkipListTest.ConcurrentReadWrite (3 ms)
[----------] 4 tests from SkipListTest (3 ms total)

[----------] Global test environment tear-down
[==========] 4 tests from 1 test suite ran. (3 ms total)
[  PASSED  ] 4 tests.
i
[==========] Running 4 tests from 1 test suite.
[----------] Global test environment set-up.
[----------] 4 tests from SkipListTest
[ RUN      ] SkipListTest.PutAndGet
[       OK ] SkipListTest.PutAndGet (0 ms)
[ RUN      ] SkipListTest.MultipleInsertAndRetrieve
[       OK ] SkipListTest.MultipleInsertAndRetrieve (0 ms)
[ RUN      ] SkipListTest.RandomOperations
[       OK ] SkipListTest.RandomOperations (0 ms)
[ RUN      ] SkipListTest.ConcurrentReadWrite
[       OK ] SkipListTest.ConcurrentReadWrite (3 ms)
[----------] 4 tests from SkipListTest (3 ms total)

[----------] Global test environment tear-down
[==========] 4 tests from 1 test suite ran. (3 ms total)
[  PASSED  ] 4 tests.
i
[==========] Running 4 tests from 1 test suite.
[----------] Global test environment set-up.
[----------] 4 tests from SkipListTest
[ RUN      ] SkipListTest.PutAndGet
[       OK ] SkipListTest.PutAndGet (0 ms)
[ RUN      ] SkipListTest.MultipleInsertAndRetrieve
[       OK ] SkipListTest.MultipleInsertAndRetrieve (0 ms)
[ RUN      ] SkipListTest.RandomOperations
[       OK ] SkipListTest.RandomOperations (0 ms)
[ RUN      ] SkipListTest.ConcurrentReadWrite
[       OK ] SkipListTest.ConcurrentReadWrite (3 ms)
[----------] 4 tests from SkipListTest (3 ms total)

[----------] Global test environment tear-down
[==========] 4 tests from 1 test suite ran. (3 ms total)
[  PASSED  ] 4 tests.
i
[==========] Running 4 tests from 1 test suite.
[----------] Global test environment set-up.
[----------] 4 tests from SkipListTest
[ RUN      ] SkipListTest.PutAndGet
[       OK ] SkipListTest.PutAndGet (0 ms)
[ RUN      ] SkipListTest.MultipleInsertAndRetrieve
[       OK ] SkipListTest.MultipleInsertAndRetrieve (0 ms)
[ RUN      ] SkipListTest.RandomOperations
[       OK ] SkipListTest.RandomOperations (0 ms)
[ RUN      ] SkipListTest.ConcurrentReadWrite
[       OK ] SkipListTest.ConcurrentReadWrite (3 ms)
[----------] 4 tests from SkipListTest (3 ms total)

[----------] Global test environment tear-down
[==========] 4 tests from 1 test suite ran. (3 ms total)
[  PASSED  ] 4 tests.
i
[==========] Running 4 tests from 1 test suite.
[----------] Global test environment set-up.
[----------] 4 tests from SkipListTest
[ RUN      ] SkipListTest.PutAndGet
[       OK ] SkipListTest.PutAndGet (0 ms)
[ RUN      ] SkipListTest.MultipleInsertAndRetrieve
[       OK ] SkipListTest.MultipleInsertAndRetrieve (0 ms)
[ RUN      ] SkipListTest.RandomOperations
[       OK ] SkipListTest.RandomOperations (0 ms)
[ RUN      ] SkipListTest.ConcurrentReadWrite
[       OK ] SkipListTest.ConcurrentReadWrite (7 ms)
[----------] 4 tests from SkipListTest (7 ms total)

[----------] Global test environment tear-down
[==========] 4 tests from 1 test suite ran. (7 ms total)
[  PASSED  ] 4 tests.
i
[==========] Running 4 tests from 1 test suite.
[----------] Global test environment set-up.
[----------] 4 tests from SkipListTest
[ RUN      ] SkipListTest.PutAndGet
[       OK ] SkipListTest.PutAndGet (0 ms)
[ RUN      ] SkipListTest.MultipleInsertAndRetrieve
[       OK ] SkipListTest.MultipleInsertAndRetrieve (0 ms)
[ RUN      ] SkipListTest.RandomOperations
[       OK ] SkipListTest.RandomOperations (0 ms)
[ RUN      ] SkipListTest.ConcurrentReadWrite
[       OK ] SkipListTest.ConcurrentReadWrite (3 ms)
[----------] 4 tests from SkipListTest (3 ms total)

[----------] Global test environment tear-down
[==========] 4 tests from 1 test suite ran. (3 ms total)
[  PASSED  ] 4 tests.
i
[==========] Running 4 tests from 1 test suite.
[----------] Global test environment set-up.
[----------] 4 tests from SkipListTest
[ RUN      ] SkipListTest.PutAndGet
[       OK ] SkipListTest.PutAndGet (0 ms)
[ RUN      ] SkipListTest.MultipleInsertAndRetrieve
[       OK ] SkipListTest.MultipleInsertAndRetrieve (0 ms)
[ RUN      ] SkipListTest.RandomOperations
[       OK ] SkipListTest.RandomOperations (0 ms)
[ RUN      ] SkipListTest.ConcurrentReadWrite
[       OK ] SkipListTest.ConcurrentReadWrite (3 ms)
[----------] 4 tests from SkipListTest (3 ms total)

[----------] Global test environment tear-down
[==========] 4 tests from 1 test suite ran. (3 ms total)
[  PASSED  ] 4 tests.
i
[==========] Running 4 tests from 1 test suite.
[----------] Global test environment set-up.
[----------] 4 tests from SkipListTest
[ RUN      ] SkipListTest.PutAndGet
[       OK ] SkipListTest.PutAndGet (0 ms)
[ RUN      ] SkipListTest.MultipleInsertAndRetrieve
[       OK ] SkipListTest.MultipleInsertAndRetrieve (0 ms)
[ RUN      ] SkipListTest.RandomOperations
[       OK ] SkipListTest.RandomOperations (0 ms)
[ RUN      ] SkipListTest.ConcurrentReadWrite
[       OK ] SkipListTest.ConcurrentReadWrite (3 ms)
[----------] 4 tests from SkipListTest (3 ms total)

[----------] Global test environment tear-down
[==========] 4 tests from 1 test suite ran. (3 ms total)
[  PASSED  ] 4 tests.
i
[==========] Running 4 tests from 1 test suite.
[----------] Global test environment set-up.
[----------] 4 tests from SkipListTest
[ RUN      ] SkipListTest.PutAndGet
[       OK ] SkipListTest.PutAndGet (0 ms)
[ RUN      ] SkipListTest.MultipleInsertAndRetrieve
[       OK ] SkipListTest.MultipleInsertAndRetrieve (0 ms)
[ RUN      ] SkipListTest.RandomOperations
[       OK ] SkipListTest.RandomOperations (0 ms)
[ RUN      ] SkipListTest.ConcurrentReadWrite
[       OK ] SkipListTest.ConcurrentReadWrite (3 ms)
[----------] 4 tests from SkipListTest (3 ms total)

[----------] Global test environment tear-down
[==========] 4 tests from 1 test suite ran. (3 ms total)
[  PASSED  ] 4 tests.
i
[==========] Running 4 tests from 1 test suite.
[----------] Global test environment set-up.
[----------] 4 tests from SkipListTest
[ RUN      ] SkipListTest.PutAndGet
[       OK ] SkipListTest.PutAndGet (0 ms)
[ RUN      ] SkipListTest.MultipleInsertAndRetrieve
[       OK ] SkipListTest.MultipleInsertAndRetrieve (0 ms)
[ RUN      ] SkipListTest.RandomOperations
[       OK ] SkipListTest.RandomOperations (0 ms)
[ RUN      ] SkipListTest.ConcurrentReadWrite
[       OK ] SkipListTest.ConcurrentReadWrite (3 ms)
[----------] 4 tests from SkipListTest (3 ms total)

[----------] Global test environment tear-down
[==========] 4 tests from 1 test suite ran. (3 ms total)
[  PASSED  ] 4 tests.
i
[==========] Running 4 tests from 1 test suite.
[----------] Global test environment set-up.
[----------] 4 tests from SkipListTest
[ RUN      ] SkipListTest.PutAndGet
[       OK ] SkipListTest.PutAndGet (0 ms)
[ RUN      ] SkipListTest.MultipleInsertAndRetrieve
[       OK ] SkipListTest.MultipleInsertAndRetrieve (0 ms)
[ RUN      ] SkipListTest.RandomOperations
[       OK ] SkipListTest.RandomOperations (0 ms)
[ RUN      ] SkipListTest.ConcurrentReadWrite
[       OK ] SkipListTest.ConcurrentReadWrite (3 ms)
[----------] 4 tests from SkipListTest (3 ms total)

[----------] Global test environment tear-down
[==========] 4 tests from 1 test suite ran. (3 ms total)
[  PASSED  ] 4 tests.
i
[==========] Running 4 tests from 1 test suite.
[----------] Global test environment set-up.
[----------] 4 tests from SkipListTest
[ RUN      ] SkipListTest.PutAndGet
[       OK ] SkipListTest.PutAndGet (0 ms)
[ RUN      ] SkipListTest.MultipleInsertAndRetrieve
[       OK ] SkipListTest.MultipleInsertAndRetrieve (0 ms)
[ RUN      ] SkipListTest.RandomOperations
[       OK ] SkipListTest.RandomOperations (0 ms)
[ RUN      ] SkipListTest.ConcurrentReadWrite
[       OK ] SkipListTest.ConcurrentReadWrite (3 ms)
[----------] 4 tests from SkipListTest (3 ms total)

[----------] Global test environment tear-down
[==========] 4 tests from 1 test suite ran. (3 ms total)
[  PASSED  ] 4 tests.
i
[==========] Running 4 tests from 1 test suite.
[----------] Global test environment set-up.
[----------] 4 tests from SkipListTest
[ RUN      ] SkipListTest.PutAndGet
[       OK ] SkipListTest.PutAndGet (0 ms)
[ RUN      ] SkipListTest.MultipleInsertAndRetrieve
[       OK ] SkipListTest.MultipleInsertAndRetrieve (0 ms)
[ RUN      ] SkipListTest.RandomOperations
[       OK ] SkipListTest.RandomOperations (0 ms)
[ RUN      ] SkipListTest.ConcurrentReadWrite
[       OK ] SkipListTest.ConcurrentReadWrite (3 ms)
[----------] 4 tests from SkipListTest (3 ms total)

[----------] Global test environment tear-down
[==========] 4 tests from 1 test suite ran. (3 ms total)
[  PASSED  ] 4 tests.
i
[==========] Running 4 tests from 1 test suite.
[----------] Global test environment set-up.
[----------] 4 tests from SkipListTest
[ RUN      ] SkipListTest.PutAndGet
[       OK ] SkipListTest.PutAndGet (0 ms)
[ RUN      ] SkipListTest.MultipleInsertAndRetrieve
[       OK ] SkipListTest.MultipleInsertAndRetrieve (0 ms)
[ RUN      ] SkipListTest.RandomOperations
[       OK ] SkipListTest.RandomOperations (0 ms)
[ RUN      ] SkipListTest.ConcurrentReadWrite
[       OK ] SkipListTest.ConcurrentReadWrite (3 ms)
[----------] 4 tests from SkipListTest (3 ms total)

[----------] Global test environment tear-down
[==========] 4 tests from 1 test suite ran. (3 ms total)
[  PASSED  ] 4 tests.
i
[==========] Running 4 tests from 1 test suite.
[----------] Global test environment set-up.
[----------] 4 tests from SkipListTest
[ RUN      ] SkipListTest.PutAndGet
[       OK ] SkipListTest.PutAndGet (0 ms)
[ RUN      ] SkipListTest.MultipleInsertAndRetrieve
[       OK ] SkipListTest.MultipleInsertAndRetrieve (0 ms)
[ RUN      ] SkipListTest.RandomOperations
[       OK ] SkipListTest.RandomOperations (0 ms)
[ RUN      ] SkipListTest.ConcurrentReadWrite
[       OK ] SkipListTest.ConcurrentReadWrite (3 ms)
[----------] 4 tests from SkipListTest (3 ms total)

[----------] Global test environment tear-down
[==========] 4 tests from 1 test suite ran. (3 ms total)
[  PASSED  ] 4 tests.
i
[==========] Running 4 tests from 1 test suite.
[----------] Global test environment set-up.
[----------] 4 tests from SkipListTest
[ RUN      ] SkipListTest.PutAndGet
[       OK ] SkipListTest.PutAndGet (0 ms)
[ RUN      ] SkipListTest.MultipleInsertAndRetrieve
[       OK ] SkipListTest.MultipleInsertAndRetrieve (0 ms)
[ RUN      ] SkipListTest.RandomOperations
[       OK ] SkipListTest.RandomOperations (0 ms)
[ RUN      ] SkipListTest.ConcurrentReadWrite
[       OK ] SkipListTest.ConcurrentReadWrite (3 ms)
[----------] 4 tests from SkipListTest (3 ms total)

[----------] Global test environment tear-down
[==========] 4 tests from 1 test suite ran. (3 ms total)
[  PASSED  ] 4 tests.
i
[==========] Running 4 tests from 1 test suite.
[----------] Global test environment set-up.
[----------] 4 tests from SkipListTest
[ RUN      ] SkipListTest.PutAndGet
[       OK ] SkipListTest.PutAndGet (0 ms)
[ RUN      ] SkipListTest.MultipleInsertAndRetrieve
[       OK ] SkipListTest.MultipleInsertAndRetrieve (0 ms)
[ RUN      ] SkipListTest.RandomOperations
[       OK ] SkipListTest.RandomOperations (0 ms)
[ RUN      ] SkipListTest.ConcurrentReadWrite
[       OK ] SkipListTest.ConcurrentReadWrite (3 ms)
[----------] 4 tests from SkipListTest (3 ms total)

[----------] Global test environment tear-down
[==========] 4 tests from 1 test suite ran. (3 ms total)
[  PASSED  ] 4 tests.
i
[==========] Running 4 tests from 1 test suite.
[----------] Global test environment set-up.
[----------] 4 tests from SkipListTest
[ RUN      ] SkipListTest.PutAndGet
[       OK ] SkipListTest.PutAndGet (0 ms)
[ RUN      ] SkipListTest.MultipleInsertAndRetrieve
[       OK ] SkipListTest.MultipleInsertAndRetrieve (0 ms)
[ RUN      ] SkipListTest.RandomOperations
[       OK ] SkipListTest.RandomOperations (0 ms)
[ RUN      ] SkipListTest.ConcurrentReadWrite
[       OK ] SkipListTest.ConcurrentReadWrite (3 ms)
[----------] 4 tests from SkipListTest (3 ms total)

[----------] Global test environment tear-down
[==========] 4 tests from 1 test suite ran. (3 ms total)
[  PASSED  ] 4 tests.
i
[==========] Running 4 tests from 1 test suite.
[----------] Global test environment set-up.
[----------] 4 tests from SkipListTest
[ RUN      ] SkipListTest.PutAndGet
[       OK ] SkipListTest.PutAndGet (0 ms)
[ RUN      ] SkipListTest.MultipleInsertAndRetrieve
[       OK ] SkipListTest.MultipleInsertAndRetrieve (0 ms)
[ RUN      ] SkipListTest.RandomOperations
[       OK ] SkipListTest.RandomOperations (0 ms)
[ RUN      ] SkipListTest.ConcurrentReadWrite
[       OK ] SkipListTest.ConcurrentReadWrite (3 ms)
[----------] 4 tests from SkipListTest (3 ms total)

[----------] Global test environment tear-down
[==========] 4 tests from 1 test suite ran. (3 ms total)
[  PASSED  ] 4 tests.
i
[==========] Running 4 tests from 1 test suite.
[----------] Global test environment set-up.
[----------] 4 tests from SkipListTest
[ RUN      ] SkipListTest.PutAndGet
[       OK ] SkipListTest.PutAndGet (0 ms)
[ RUN      ] SkipListTest.MultipleInsertAndRetrieve
[       OK ] SkipListTest.MultipleInsertAndRetrieve (0 ms)
[ RUN      ] SkipListTest.RandomOperations
[       OK ] SkipListTest.RandomOperations (0 ms)
[ RUN      ] SkipListTest.ConcurrentReadWrite
[       OK ] SkipListTest.ConcurrentReadWrite (3 ms)
[----------] 4 tests from SkipListTest (3 ms total)

[----------] Global test environment tear-down
[==========] 4 tests from 1 test suite ran. (3 ms total)
[  PASSED  ] 4 tests.
i
[==========] Running 4 tests from 1 test suite.
[----------] Global test environment set-up.
[----------] 4 tests from SkipListTest
[ RUN      ] SkipListTest.PutAndGet
[       OK ] SkipListTest.PutAndGet (0 ms)
[ RUN      ] SkipListTest.MultipleInsertAndRetrieve
[       OK ] SkipListTest.MultipleInsertAndRetrieve (0 ms)
[ RUN      ] SkipListTest.RandomOperations
[       OK ] SkipListTest.RandomOperations (0 ms)
[ RUN      ] SkipListTest.ConcurrentReadWrite
[       OK ] SkipListTest.ConcurrentReadWrite (3 ms)
[----------] 4 tests from SkipListTest (3 ms total)

[----------] Global test environment tear-down
[==========] 4 tests from 1 test suite ran. (3 ms total)
[  PASSED  ] 4 tests.
i
[==========] Running 4 tests from 1 test suite.
[----------] Global test environment set-up.
[----------] 4 tests from SkipListTest
[ RUN      ] SkipListTest.PutAndGet
[       OK ] SkipListTest.PutAndGet (0 ms)
[ RUN      ] SkipListTest.MultipleInsertAndRetrieve
[       OK ] SkipListTest.MultipleInsertAndRetrieve (0 ms)
[ RUN      ] SkipListTest.RandomOperations
[       OK ] SkipListTest.RandomOperations (0 ms)
[ RUN      ] SkipListTest.ConcurrentReadWrite
[       OK ] SkipListTest.ConcurrentReadWrite (3 ms)
[----------] 4 tests from SkipListTest (3 ms total)

[----------] Global test environment tear-down
[==========] 4 tests from 1 test suite ran. (3 ms total)
[  PASSED  ] 4 tests.
i
[==========] Running 4 tests from 1 test suite.
[----------] Global test environment set-up.
[----------] 4 tests from SkipListTest
[ RUN      ] SkipListTest.PutAndGet
[       OK ] SkipListTest.PutAndGet (0 ms)
[ RUN      ] SkipListTest.MultipleInsertAndRetrieve
[       OK ] SkipListTest.MultipleInsertAndRetrieve (0 ms)
[ RUN      ] SkipListTest.RandomOperations
[       OK ] SkipListTest.RandomOperations (0 ms)
[ RUN      ] SkipListTest.ConcurrentReadWrite
[       OK ] SkipListTest.ConcurrentReadWrite (3 ms)
[----------] 4 tests from SkipListTest (3 ms total)

[----------] Global test environment tear-down
[==========] 4 tests from 1 test suite ran. (3 ms total)
[  PASSED  ] 4 tests.
i
[==========] Running 4 tests from 1 test suite.
[----------] Global test environment set-up.
[----------] 4 tests from SkipListTest
[ RUN      ] SkipListTest.PutAndGet
[       OK ] SkipListTest.PutAndGet (0 ms)
[ RUN      ] SkipListTest.MultipleInsertAndRetrieve
[       OK ] SkipListTest.MultipleInsertAndRetrieve (0 ms)
[ RUN      ] SkipListTest.RandomOperations
[       OK ] SkipListTest.RandomOperations (0 ms)
[ RUN      ] SkipListTest.ConcurrentReadWrite
[       OK ] SkipListTest.ConcurrentReadWrite (3 ms)
[----------] 4 tests from SkipListTest (3 ms total)

[----------] Global test environment tear-down
[==========] 4 tests from 1 test suite ran. (3 ms total)
[  PASSED  ] 4 tests.
i
[==========] Running 4 tests from 1 test suite.
[----------] Global test environment set-up.
[----------] 4 tests from SkipListTest
[ RUN      ] SkipListTest.PutAndGet
[       OK ] SkipListTest.PutAndGet (0 ms)
[ RUN      ] SkipListTest.MultipleInsertAndRetrieve
[       OK ] SkipListTest.MultipleInsertAndRetrieve (0 ms)
[ RUN      ] SkipListTest.RandomOperations
[       OK ] SkipListTest.RandomOperations (0 ms)
[ RUN      ] SkipListTest.ConcurrentReadWrite
[       OK ] SkipListTest.ConcurrentReadWrite (3 ms)
[----------] 4 tests from SkipListTest (3 ms total)

[----------] Global test environment tear-down
[==========] 4 tests from 1 test suite ran. (3 ms total)
[  PASSED  ] 4 tests.
i
[==========] Running 4 tests from 1 test suite.
[----------] Global test environment set-up.
[----------] 4 tests from SkipListTest
[ RUN      ] SkipListTest.PutAndGet
[       OK ] SkipListTest.PutAndGet (0 ms)
[ RUN      ] SkipListTest.MultipleInsertAndRetrieve
[       OK ] SkipListTest.MultipleInsertAndRetrieve (0 ms)
[ RUN      ] SkipListTest.RandomOperations
[       OK ] SkipListTest.RandomOperations (0 ms)
[ RUN      ] SkipListTest.ConcurrentReadWrite
[       OK ] SkipListTest.ConcurrentReadWrite (3 ms)
[----------] 4 tests from SkipListTest (3 ms total)

[----------] Global test environment tear-down
[==========] 4 tests from 1 test suite ran. (3 ms total)
[  PASSED  ] 4 tests.
i
[==========] Running 4 tests from 1 test suite.
[----------] Global test environment set-up.
[----------] 4 tests from SkipListTest
[ RUN      ] SkipListTest.PutAndGet
[       OK ] SkipListTest.PutAndGet (0 ms)
[ RUN      ] SkipListTest.MultipleInsertAndRetrieve
[       OK ] SkipListTest.MultipleInsertAndRetrieve (0 ms)
[ RUN      ] SkipListTest.RandomOperations
[       OK ] SkipListTest.RandomOperations (0 ms)
[ RUN      ] SkipListTest.ConcurrentReadWrite
[       OK ] SkipListTest.ConcurrentReadWrite (3 ms)
[----------] 4 tests from SkipListTest (3 ms total)

[----------] Global test environment tear-down
[==========] 4 tests from 1 test suite ran. (3 ms total)
[  PASSED  ] 4 tests.
i
[==========] Running 4 tests from 1 test suite.
[----------] Global test environment set-up.
[----------] 4 tests from SkipListTest
[ RUN      ] SkipListTest.PutAndGet
[       OK ] SkipListTest.PutAndGet (0 ms)
[ RUN      ] SkipListTest.MultipleInsertAndRetrieve
[       OK ] SkipListTest.MultipleInsertAndRetrieve (0 ms)
[ RUN      ] SkipListTest.RandomOperations
[       OK ] SkipListTest.RandomOperations (0 ms)
[ RUN      ] SkipListTest.ConcurrentReadWrite
[       OK ] SkipListTest.ConcurrentReadWrite (3 ms)
[----------] 4 tests from SkipListTest (3 ms total)

[----------] Global test environment tear-down
[==========] 4 tests from 1 test suite ran. (3 ms total)
[  PASSED  ] 4 tests.
i
[==========] Running 4 tests from 1 test suite.
[----------] Global test environment set-up.
[----------] 4 tests from SkipListTest
[ RUN      ] SkipListTest.PutAndGet
[       OK ] SkipListTest.PutAndGet (0 ms)
[ RUN      ] SkipListTest.MultipleInsertAndRetrieve
[       OK ] SkipListTest.MultipleInsertAndRetrieve (0 ms)
[ RUN      ] SkipListTest.RandomOperations
[       OK ] SkipListTest.RandomOperations (0 ms)
[ RUN      ] SkipListTest.ConcurrentReadWrite
[       OK ] SkipListTest.ConcurrentReadWrite (3 ms)
[----------] 4 tests from SkipListTest (3 ms total)

[----------] Global test environment tear-down
[==========] 4 tests from 1 test suite ran. (3 ms total)
[  PASSED  ] 4 tests.
i
[==========] Running 4 tests from 1 test suite.
[----------] Global test environment set-up.
[----------] 4 tests from SkipListTest
[ RUN      ] SkipListTest.PutAndGet
[       OK ] SkipListTest.PutAndGet (0 ms)
[ RUN      ] SkipListTest.MultipleInsertAndRetrieve
[       OK ] SkipListTest.MultipleInsertAndRetrieve (0 ms)
[ RUN      ] SkipListTest.RandomOperations
[       OK ] SkipListTest.RandomOperations (0 ms)
[ RUN      ] SkipListTest.ConcurrentReadWrite
[       OK ] SkipListTest.ConcurrentReadWrite (3 ms)
[----------] 4 tests from SkipListTest (3 ms total)

[----------] Global test environment tear-down
[==========] 4 tests from 1 test suite ran. (3 ms total)
[  PASSED  ] 4 tests.
i
[==========] Running 4 tests from 1 test suite.
[----------] Global test environment set-up.
[----------] 4 tests from SkipListTest
[ RUN      ] SkipListTest.PutAndGet
[       OK ] SkipListTest.PutAndGet (0 ms)
[ RUN      ] SkipListTest.MultipleInsertAndRetrieve
[       OK ] SkipListTest.MultipleInsertAndRetrieve (0 ms)
[ RUN      ] SkipListTest.RandomOperations
[       OK ] SkipListTest.RandomOperations (0 ms)
[ RUN      ] SkipListTest.ConcurrentReadWrite
[       OK ] SkipListTest.ConcurrentReadWrite (3 ms)
[----------] 4 tests from SkipListTest (3 ms total)

[----------] Global test environment tear-down
[==========] 4 tests from 1 test suite ran. (3 ms total)
[  PASSED  ] 4 tests.
i
[==========] Running 4 tests from 1 test suite.
[----------] Global test environment set-up.
[----------] 4 tests from SkipListTest
[ RUN      ] SkipListTest.PutAndGet
[       OK ] SkipListTest.PutAndGet (0 ms)
[ RUN      ] SkipListTest.MultipleInsertAndRetrieve
[       OK ] SkipListTest.MultipleInsertAndRetrieve (0 ms)
[ RUN      ] SkipListTest.RandomOperations
[       OK ] SkipListTest.RandomOperations (0 ms)
[ RUN      ] SkipListTest.ConcurrentReadWrite
[       OK ] SkipListTest.ConcurrentReadWrite (3 ms)
[----------] 4 tests from SkipListTest (3 ms total)

[----------] Global test environment tear-down
[==========] 4 tests from 1 test suite ran. (3 ms total)
[  PASSED  ] 4 tests.
i
[==========] Running 4 tests from 1 test suite.
[----------] Global test environment set-up.
[----------] 4 tests from SkipListTest
[ RUN      ] SkipListTest.PutAndGet
[       OK ] SkipListTest.PutAndGet (0 ms)
[ RUN      ] SkipListTest.MultipleInsertAndRetrieve
[       OK ] SkipListTest.MultipleInsertAndRetrieve (0 ms)
[ RUN      ] SkipListTest.RandomOperations
[       OK ] SkipListTest.RandomOperations (0 ms)
[ RUN      ] SkipListTest.ConcurrentReadWrite
[       OK ] SkipListTest.ConcurrentReadWrite (4 ms)
[----------] 4 tests from SkipListTest (4 ms total)

[----------] Global test environment tear-down
[==========] 4 tests from 1 test suite ran. (4 ms total)
[  PASSED  ] 4 tests.
i
[==========] Running 4 tests from 1 test suite.
[----------] Global test environment set-up.
[----------] 4 tests from SkipListTest
[ RUN      ] SkipListTest.PutAndGet
[       OK ] SkipListTest.PutAndGet (0 ms)
[ RUN      ] SkipListTest.MultipleInsertAndRetrieve
[       OK ] SkipListTest.MultipleInsertAndRetrieve (0 ms)
[ RUN      ] SkipListTest.RandomOperations
[       OK ] SkipListTest.RandomOperations (0 ms)
[ RUN      ] SkipListTest.ConcurrentReadWrite
[       OK ] SkipListTest.ConcurrentReadWrite (3 ms)
[----------] 4 tests from SkipListTest (3 ms total)

[----------] Global test environment tear-down
[==========] 4 tests from 1 test suite ran. (3 ms total)
[  PASSED  ] 4 tests.
i
[==========] Running 4 tests from 1 test suite.
[----------] Global test environment set-up.
[----------] 4 tests from SkipListTest
[ RUN      ] SkipListTest.PutAndGet
[       OK ] SkipListTest.PutAndGet (0 ms)
[ RUN      ] SkipListTest.MultipleInsertAndRetrieve
[       OK ] SkipListTest.MultipleInsertAndRetrieve (0 ms)
[ RUN      ] SkipListTest.RandomOperations
[       OK ] SkipListTest.RandomOperations (0 ms)
[ RUN      ] SkipListTest.ConcurrentReadWrite
[       OK ] SkipListTest.ConcurrentReadWrite (3 ms)
[----------] 4 tests from SkipListTest (3 ms total)

[----------] Global test environment tear-down
[==========] 4 tests from 1 test suite ran. (3 ms total)
[  PASSED  ] 4 tests.
i
[==========] Running 4 tests from 1 test suite.
[----------] Global test environment set-up.
[----------] 4 tests from SkipListTest
[ RUN      ] SkipListTest.PutAndGet
[       OK ] SkipListTest.PutAndGet (0 ms)
[ RUN      ] SkipListTest.MultipleInsertAndRetrieve
[       OK ] SkipListTest.MultipleInsertAndRetrieve (0 ms)
[ RUN      ] SkipListTest.RandomOperations
[       OK ] SkipListTest.RandomOperations (0 ms)
[ RUN      ] SkipListTest.ConcurrentReadWrite
[       OK ] SkipListTest.ConcurrentReadWrite (3 ms)
[----------] 4 tests from SkipListTest (3 ms total)

[----------] Global test environment tear-down
[==========] 4 tests from 1 test suite ran. (3 ms total)
[  PASSED  ] 4 tests.
i
[==========] Running 4 tests from 1 test suite.
[----------] Global test environment set-up.
[----------] 4 tests from SkipListTest
[ RUN      ] SkipListTest.PutAndGet
[       OK ] SkipListTest.PutAndGet (0 ms)
[ RUN      ] SkipListTest.MultipleInsertAndRetrieve
[       OK ] SkipListTest.MultipleInsertAndRetrieve (0 ms)
[ RUN      ] SkipListTest.RandomOperations
[       OK ] SkipListTest.RandomOperations (0 ms)
[ RUN      ] SkipListTest.ConcurrentReadWrite
[       OK ] SkipListTest.ConcurrentReadWrite (4 ms)
[----------] 4 tests from SkipListTest (4 ms total)

[----------] Global test environment tear-down
[==========] 4 tests from 1 test suite ran. (4 ms total)
[  PASSED  ] 4 tests.
i
[==========] Running 4 tests from 1 test suite.
[----------] Global test environment set-up.
[----------] 4 tests from SkipListTest
[ RUN      ] SkipListTest.PutAndGet
[       OK ] SkipListTest.PutAndGet (0 ms)
[ RUN      ] SkipListTest.MultipleInsertAndRetrieve
[       OK ] SkipListTest.MultipleInsertAndRetrieve (0 ms)
[ RUN      ] SkipListTest.RandomOperations
[       OK ] SkipListTest.RandomOperations (0 ms)
[ RUN      ] SkipListTest.ConcurrentReadWrite
[       OK ] SkipListTest.ConcurrentReadWrite (3 ms)
[----------] 4 tests from SkipListTest (3 ms total)

[----------] Global test environment tear-down
[==========] 4 tests from 1 test suite ran. (3 ms total)
[  PASSED  ] 4 tests.
i
[==========] Running 4 tests from 1 test suite.
[----------] Global test environment set-up.
[----------] 4 tests from SkipListTest
[ RUN      ] SkipListTest.PutAndGet
[       OK ] SkipListTest.PutAndGet (0 ms)
[ RUN      ] SkipListTest.MultipleInsertAndRetrieve
[       OK ] SkipListTest.MultipleInsertAndRetrieve (0 ms)
[ RUN      ] SkipListTest.RandomOperations
[       OK ] SkipListTest.RandomOperations (0 ms)
[ RUN      ] SkipListTest.ConcurrentReadWrite
[       OK ] SkipListTest.ConcurrentReadWrite (3 ms)
[----------] 4 tests from SkipListTest (3 ms total)

[----------] Global test environment tear-down
[==========] 4 tests from 1 test suite ran. (3 ms total)
[  PASSED  ] 4 tests.
i
[==========] Running 4 tests from 1 test suite.
[----------] Global test environment set-up.
[----------] 4 tests from SkipListTest
[ RUN      ] SkipListTest.PutAndGet
[       OK ] SkipListTest.PutAndGet (0 ms)
[ RUN      ] SkipListTest.MultipleInsertAndRetrieve
[       OK ] SkipListTest.MultipleInsertAndRetrieve (0 ms)
[ RUN      ] SkipListTest.RandomOperations
[       OK ] SkipListTest.RandomOperations (0 ms)
[ RUN      ] SkipListTest.ConcurrentReadWrite
[       OK ] SkipListTest.ConcurrentReadWrite (4 ms)
[----------] 4 tests from SkipListTest (4 ms total)

[----------] Global test environment tear-down
[==========] 4 tests from 1 test suite ran. (4 ms total)
[  PASSED  ] 4 tests.
i
[==========] Running 4 tests from 1 test suite.
[----------] Global test environment set-up.
[----------] 4 tests from SkipListTest
[ RUN      ] SkipListTest.PutAndGet
[       OK ] SkipListTest.PutAndGet (0 ms)
[ RUN      ] SkipListTest.MultipleInsertAndRetrieve
[       OK ] SkipListTest.MultipleInsertAndRetrieve (0 ms)
[ RUN      ] SkipListTest.RandomOperations
[       OK ] SkipListTest.RandomOperations (0 ms)
[ RUN      ] SkipListTest.ConcurrentReadWrite
[       OK ] SkipListTest.ConcurrentReadWrite (3 ms)
[----------] 4 tests from SkipListTest (3 ms total)

[----------] Global test environment tear-down
[==========] 4 tests from 1 test suite ran. (3 ms total)
[  PASSED  ] 4 tests.
i
[==========] Running 4 tests from 1 test suite.
[----------] Global test environment set-up.
[----------] 4 tests from SkipListTest
[ RUN      ] SkipListTest.PutAndGet
[       OK ] SkipListTest.PutAndGet (0 ms)
[ RUN      ] SkipListTest.MultipleInsertAndRetrieve
[       OK ] SkipListTest.MultipleInsertAndRetrieve (0 ms)
[ RUN      ] SkipListTest.RandomOperations
[       OK ] SkipListTest.RandomOperations (0 ms)
[ RUN      ] SkipListTest.ConcurrentReadWrite
[       OK ] SkipListTest.ConcurrentReadWrite (3 ms)
[----------] 4 tests from SkipListTest (3 ms total)

[----------] Global test environment tear-down
[==========] 4 tests from 1 test suite ran. (3 ms total)
[  PASSED  ] 4 tests.
i
[==========] Running 4 tests from 1 test suite.
[----------] Global test environment set-up.
[----------] 4 tests from SkipListTest
[ RUN      ] SkipListTest.PutAndGet
[       OK ] SkipListTest.PutAndGet (0 ms)
[ RUN      ] SkipListTest.MultipleInsertAndRetrieve
[       OK ] SkipListTest.MultipleInsertAndRetrieve (0 ms)
[ RUN      ] SkipListTest.RandomOperations
[       OK ] SkipListTest.RandomOperations (0 ms)
[ RUN      ] SkipListTest.ConcurrentReadWrite
[       OK ] SkipListTest.ConcurrentReadWrite (3 ms)
[----------] 4 tests from SkipListTest (4 ms total)

[----------] Global test environment tear-down
[==========] 4 tests from 1 test suite ran. (4 ms total)
[  PASSED  ] 4 tests.
i
[==========] Running 4 tests from 1 test suite.
[----------] Global test environment set-up.
[----------] 4 tests from SkipListTest
[ RUN      ] SkipListTest.PutAndGet
[       OK ] SkipListTest.PutAndGet (0 ms)
[ RUN      ] SkipListTest.MultipleInsertAndRetrieve
[       OK ] SkipListTest.MultipleInsertAndRetrieve (0 ms)
[ RUN      ] SkipListTest.RandomOperations
[       OK ] SkipListTest.RandomOperations (0 ms)
[ RUN      ] SkipListTest.ConcurrentReadWrite
[       OK ] SkipListTest.ConcurrentReadWrite (3 ms)
[----------] 4 tests from SkipListTest (3 ms total)

[----------] Global test environment tear-down
[==========] 4 tests from 1 test suite ran. (3 ms total)
[  PASSED  ] 4 tests.
i
[==========] Running 4 tests from 1 test suite.
[----------] Global test environment set-up.
[----------] 4 tests from SkipListTest
[ RUN      ] SkipListTest.PutAndGet
[       OK ] SkipListTest.PutAndGet (0 ms)
[ RUN      ] SkipListTest.MultipleInsertAndRetrieve
[       OK ] SkipListTest.MultipleInsertAndRetrieve (0 ms)
[ RUN      ] SkipListTest.RandomOperations
[       OK ] SkipListTest.RandomOperations (0 ms)
[ RUN      ] SkipListTest.ConcurrentReadWrite
[       OK ] SkipListTest.ConcurrentReadWrite (3 ms)
[----------] 4 tests from SkipListTest (3 ms total)

[----------] Global test environment tear-down
[==========] 4 tests from 1 test suite ran. (3 ms total)
[  PASSED  ] 4 tests.
i
[==========] Running 4 tests from 1 test suite.
[----------] Global test environment set-up.
[----------] 4 tests from SkipListTest
[ RUN      ] SkipListTest.PutAndGet
[       OK ] SkipListTest.PutAndGet (0 ms)
[ RUN      ] SkipListTest.MultipleInsertAndRetrieve
[       OK ] SkipListTest.MultipleInsertAndRetrieve (0 ms)
[ RUN      ] SkipListTest.RandomOperations
[       OK ] SkipListTest.RandomOperations (0 ms)
[ RUN      ] SkipListTest.ConcurrentReadWrite
[       OK ] SkipListTest.ConcurrentReadWrite (3 ms)
[----------] 4 tests from SkipListTest (3 ms total)

[----------] Global test environment tear-down
[==========] 4 tests from 1 test suite ran. (3 ms total)
[  PASSED  ] 4 tests.
i
[==========] Running 4 tests from 1 test suite.
[----------] Global test environment set-up.
[----------] 4 tests from SkipListTest
[ RUN      ] SkipListTest.PutAndGet
[       OK ] SkipListTest.PutAndGet (0 ms)
[ RUN      ] SkipListTest.MultipleInsertAndRetrieve
[       OK ] SkipListTest.MultipleInsertAndRetrieve (0 ms)
[ RUN      ] SkipListTest.RandomOperations
[       OK ] SkipListTest.RandomOperations (0 ms)
[ RUN      ] SkipListTest.ConcurrentReadWrite
[       OK ] SkipListTest.ConcurrentReadWrite (3 ms)
[----------] 4 tests from SkipListTest (3 ms total)

[----------] Global test environment tear-down
[==========] 4 tests from 1 test suite ran. (3 ms total)
[  PASSED  ] 4 tests.
i
[==========] Running 4 tests from 1 test suite.
[----------] Global test environment set-up.
[----------] 4 tests from SkipListTest
[ RUN      ] SkipListTest.PutAndGet
[       OK ] SkipListTest.PutAndGet (0 ms)
[ RUN      ] SkipListTest.MultipleInsertAndRetrieve
[       OK ] SkipListTest.MultipleInsertAndRetrieve (0 ms)
[ RUN      ] SkipListTest.RandomOperations
[       OK ] SkipListTest.RandomOperations (0 ms)
[ RUN      ] SkipListTest.ConcurrentReadWrite
[       OK ] SkipListTest.ConcurrentReadWrite (4 ms)
[----------] 4 tests from SkipListTest (4 ms total)

[----------] Global test environment tear-down
[==========] 4 tests from 1 test suite ran. (4 ms total)
[  PASSED  ] 4 tests.
i
[==========] Running 4 tests from 1 test suite.
[----------] Global test environment set-up.
[----------] 4 tests from SkipListTest
[ RUN      ] SkipListTest.PutAndGet
[       OK ] SkipListTest.PutAndGet (0 ms)
[ RUN      ] SkipListTest.MultipleInsertAndRetrieve
[       OK ] SkipListTest.MultipleInsertAndRetrieve (0 ms)
[ RUN      ] SkipListTest.RandomOperations
[       OK ] SkipListTest.RandomOperations (0 ms)
[ RUN      ] SkipListTest.ConcurrentReadWrite
[       OK ] SkipListTest.ConcurrentReadWrite (3 ms)
[----------] 4 tests from SkipListTest (3 ms total)

[----------] Global test environment tear-down
[==========] 4 tests from 1 test suite ran. (3 ms total)
[  PASSED  ] 4 tests.
i
[==========] Running 4 tests from 1 test suite.
[----------] Global test environment set-up.
[----------] 4 tests from SkipListTest
[ RUN      ] SkipListTest.PutAndGet
[       OK ] SkipListTest.PutAndGet (0 ms)
[ RUN      ] SkipListTest.MultipleInsertAndRetrieve
[       OK ] SkipListTest.MultipleInsertAndRetrieve (0 ms)
[ RUN      ] SkipListTest.RandomOperations
[       OK ] SkipListTest.RandomOperations (0 ms)
[ RUN      ] SkipListTest.ConcurrentReadWrite
[       OK ] SkipListTest.ConcurrentReadWrite (3 ms)
[----------] 4 tests from SkipListTest (3 ms total)

[----------] Global test environment tear-down
[==========] 4 tests from 1 test suite ran. (3 ms total)
[  PASSED  ] 4 tests.
i
[==========] Running 4 tests from 1 test suite.
[----------] Global test environment set-up.
[----------] 4 tests from SkipListTest
[ RUN      ] SkipListTest.PutAndGet
[       OK ] SkipListTest.PutAndGet (0 ms)
[ RUN      ] SkipListTest.MultipleInsertAndRetrieve
[       OK ] SkipListTest.MultipleInsertAndRetrieve (0 ms)
[ RUN      ] SkipListTest.RandomOperations
[       OK ] SkipListTest.RandomOperations (0 ms)
[ RUN      ] SkipListTest.ConcurrentReadWrite
[       OK ] SkipListTest.ConcurrentReadWrite (3 ms)
[----------] 4 tests from SkipListTest (4 ms total)

[----------] Global test environment tear-down
[==========] 4 tests from 1 test suite ran. (4 ms total)
[  PASSED  ] 4 tests.
i
[==========] Running 4 tests from 1 test suite.
[----------] Global test environment set-up.
[----------] 4 tests from SkipListTest
[ RUN      ] SkipListTest.PutAndGet
[       OK ] SkipListTest.PutAndGet (0 ms)
[ RUN      ] SkipListTest.MultipleInsertAndRetrieve
[       OK ] SkipListTest.MultipleInsertAndRetrieve (0 ms)
[ RUN      ] SkipListTest.RandomOperations
[       OK ] SkipListTest.RandomOperations (0 ms)
[ RUN      ] SkipListTest.ConcurrentReadWrite
[       OK ] SkipListTest.ConcurrentReadWrite (3 ms)
[----------] 4 tests from SkipListTest (3 ms total)

[----------] Global test environment tear-down
[==========] 4 tests from 1 test suite ran. (3 ms total)
[  PASSED  ] 4 tests.
i
[==========] Running 4 tests from 1 test suite.
[----------] Global test environment set-up.
[----------] 4 tests from SkipListTest
[ RUN      ] SkipListTest.PutAndGet
[       OK ] SkipListTest.PutAndGet (0 ms)
[ RUN      ] SkipListTest.MultipleInsertAndRetrieve
[       OK ] SkipListTest.MultipleInsertAndRetrieve (0 ms)
[ RUN      ] SkipListTest.RandomOperations
[       OK ] SkipListTest.RandomOperations (0 ms)
[ RUN      ] SkipListTest.ConcurrentReadWrite
[       OK ] SkipListTest.ConcurrentReadWrite (3 ms)
[----------] 4 tests from SkipListTest (4 ms total)

[----------] Global test environment tear-down
[==========] 4 tests from 1 test suite ran. (4 ms total)
[  PASSED  ] 4 tests.
i
[==========] Running 4 tests from 1 test suite.
[----------] Global test environment set-up.
[----------] 4 tests from SkipListTest
[ RUN      ] SkipListTest.PutAndGet
[       OK ] SkipListTest.PutAndGet (0 ms)
[ RUN      ] SkipListTest.MultipleInsertAndRetrieve
[       OK ] SkipListTest.MultipleInsertAndRetrieve (0 ms)
[ RUN      ] SkipListTest.RandomOperations
[       OK ] SkipListTest.RandomOperations (0 ms)
[ RUN      ] SkipListTest.ConcurrentReadWrite
[       OK ] SkipListTest.ConcurrentReadWrite (3 ms)
[----------] 4 tests from SkipListTest (3 ms total)

[----------] Global test environment tear-down
[==========] 4 tests from 1 test suite ran. (3 ms total)
[  PASSED  ] 4 tests.
i
[==========] Running 4 tests from 1 test suite.
[----------] Global test environment set-up.
[----------] 4 tests from SkipListTest
[ RUN      ] SkipListTest.PutAndGet
[       OK ] SkipListTest.PutAndGet (0 ms)
[ RUN      ] SkipListTest.MultipleInsertAndRetrieve
[       OK ] SkipListTest.MultipleInsertAndRetrieve (0 ms)
[ RUN      ] SkipListTest.RandomOperations
[       OK ] SkipListTest.RandomOperations (0 ms)
[ RUN      ] SkipListTest.ConcurrentReadWrite
[       OK ] SkipListTest.ConcurrentReadWrite (3 ms)
[----------] 4 tests from SkipListTest (3 ms total)

[----------] Global test environment tear-down
[==========] 4 tests from 1 test suite ran. (3 ms total)
[  PASSED  ] 4 tests.
i
[==========] Running 4 tests from 1 test suite.
[----------] Global test environment set-up.
[----------] 4 tests from SkipListTest
[ RUN      ] SkipListTest.PutAndGet
[       OK ] SkipListTest.PutAndGet (0 ms)
[ RUN      ] SkipListTest.MultipleInsertAndRetrieve
[       OK ] SkipListTest.MultipleInsertAndRetrieve (0 ms)
[ RUN      ] SkipListTest.RandomOperations
[       OK ] SkipListTest.RandomOperations (0 ms)
[ RUN      ] SkipListTest.ConcurrentReadWrite
[       OK ] SkipListTest.ConcurrentReadWrite (3 ms)
[----------] 4 tests from SkipListTest (4 ms total)

[----------] Global test environment tear-down
[==========] 4 tests from 1 test suite ran. (4 ms total)
[  PASSED  ] 4 tests.
i
[==========] Running 4 tests from 1 test suite.
[----------] Global test environment set-up.
[----------] 4 tests from SkipListTest
[ RUN      ] SkipListTest.PutAndGet
[       OK ] SkipListTest.PutAndGet (0 ms)
[ RUN      ] SkipListTest.MultipleInsertAndRetrieve
[       OK ] SkipListTest.MultipleInsertAndRetrieve (0 ms)
[ RUN      ] SkipListTest.RandomOperations
[       OK ] SkipListTest.RandomOperations (0 ms)
[ RUN      ] SkipListTest.ConcurrentReadWrite
[       OK ] SkipListTest.ConcurrentReadWrite (3 ms)
[----------] 4 tests from SkipListTest (3 ms total)

[----------] Global test environment tear-down
[==========] 4 tests from 1 test suite ran. (3 ms total)
[  PASSED  ] 4 tests.
i
[==========] Running 4 tests from 1 test suite.
[----------] Global test environment set-up.
[----------] 4 tests from SkipListTest
[ RUN      ] SkipListTest.PutAndGet
[       OK ] SkipListTest.PutAndGet (0 ms)
[ RUN      ] SkipListTest.MultipleInsertAndRetrieve
[       OK ] SkipListTest.MultipleInsertAndRetrieve (0 ms)
[ RUN      ] SkipListTest.RandomOperations
[       OK ] SkipListTest.RandomOperations (0 ms)
[ RUN      ] SkipListTest.ConcurrentReadWrite
[       OK ] SkipListTest.ConcurrentReadWrite (3 ms)
[----------] 4 tests from SkipListTest (3 ms total)

[----------] Global test environment tear-down
[==========] 4 tests from 1 test suite ran. (3 ms total)
[  PASSED  ] 4 tests.
i
[==========] Running 4 tests from 1 test suite.
[----------] Global test environment set-up.
[----------] 4 tests from SkipListTest
[ RUN      ] SkipListTest.PutAndGet
[       OK ] SkipListTest.PutAndGet (0 ms)
[ RUN      ] SkipListTest.MultipleInsertAndRetrieve
[       OK ] SkipListTest.MultipleInsertAndRetrieve (0 ms)
[ RUN      ] SkipListTest.RandomOperations
[       OK ] SkipListTest.RandomOperations (0 ms)
[ RUN      ] SkipListTest.ConcurrentReadWrite
[       OK ] SkipListTest.ConcurrentReadWrite (3 ms)
[----------] 4 tests from SkipListTest (3 ms total)

[----------] Global test environment tear-down
[==========] 4 tests from 1 test suite ran. (3 ms total)
[  PASSED  ] 4 tests.
i
[==========] Running 4 tests from 1 test suite.
[----------] Global test environment set-up.
[----------] 4 tests from SkipListTest
[ RUN      ] SkipListTest.PutAndGet
[       OK ] SkipListTest.PutAndGet (0 ms)
[ RUN      ] SkipListTest.MultipleInsertAndRetrieve
[       OK ] SkipListTest.MultipleInsertAndRetrieve (0 ms)
[ RUN      ] SkipListTest.RandomOperations
[       OK ] SkipListTest.RandomOperations (0 ms)
[ RUN      ] SkipListTest.ConcurrentReadWrite
[       OK ] SkipListTest.ConcurrentReadWrite (3 ms)
[----------] 4 tests from SkipListTest (3 ms total)

[----------] Global test environment tear-down
[==========] 4 tests from 1 test suite ran. (3 ms total)
[  PASSED  ] 4 tests.
i
[==========] Running 4 tests from 1 test suite.
[----------] Global test environment set-up.
[----------] 4 tests from SkipListTest
[ RUN      ] SkipListTest.PutAndGet
[       OK ] SkipListTest.PutAndGet (0 ms)
[ RUN      ] SkipListTest.MultipleInsertAndRetrieve
[       OK ] SkipListTest.MultipleInsertAndRetrieve (0 ms)
[ RUN      ] SkipListTest.RandomOperations
[       OK ] SkipListTest.RandomOperations (0 ms)
[ RUN      ] SkipListTest.ConcurrentReadWrite
[       OK ] SkipListTest.ConcurrentReadWrite (4 ms)
[----------] 4 tests from SkipListTest (5 ms total)

[----------] Global test environment tear-down
[==========] 4 tests from 1 test suite ran. (5 ms total)
[  PASSED  ] 4 tests.
i
[==========] Running 4 tests from 1 test suite.
[----------] Global test environment set-up.
[----------] 4 tests from SkipListTest
[ RUN      ] SkipListTest.PutAndGet
[       OK ] SkipListTest.PutAndGet (0 ms)
[ RUN      ] SkipListTest.MultipleInsertAndRetrieve
[       OK ] SkipListTest.MultipleInsertAndRetrieve (0 ms)
[ RUN      ] SkipListTest.RandomOperations
[       OK ] SkipListTest.RandomOperations (0 ms)
[ RUN      ] SkipListTest.ConcurrentReadWrite
[       OK ] SkipListTest.ConcurrentReadWrite (4 ms)
[----------] 4 tests from SkipListTest (4 ms total)

[----------] Global test environment tear-down
[==========] 4 tests from 1 test suite ran. (4 ms total)
[  PASSED  ] 4 tests.
i
[==========] Running 4 tests from 1 test suite.
[----------] Global test environment set-up.
[----------] 4 tests from SkipListTest
[ RUN      ] SkipListTest.PutAndGet
[       OK ] SkipListTest.PutAndGet (0 ms)
[ RUN      ] SkipListTest.MultipleInsertAndRetrieve
[       OK ] SkipListTest.MultipleInsertAndRetrieve (0 ms)
[ RUN      ] SkipListTest.RandomOperations
[       OK ] SkipListTest.RandomOperations (0 ms)
[ RUN      ] SkipListTest.ConcurrentReadWrite
[       OK ] SkipListTest.ConcurrentReadWrite (3 ms)
[----------] 4 tests from SkipListTest (3 ms total)

[----------] Global test environment tear-down
[==========] 4 tests from 1 test suite ran. (3 ms total)
[  PASSED  ] 4 tests.
i
[==========] Running 4 tests from 1 test suite.
[----------] Global test environment set-up.
[----------] 4 tests from SkipListTest
[ RUN      ] SkipListTest.PutAndGet
[       OK ] SkipListTest.PutAndGet (0 ms)
[ RUN      ] SkipListTest.MultipleInsertAndRetrieve
[       OK ] SkipListTest.MultipleInsertAndRetrieve (0 ms)
[ RUN      ] SkipListTest.RandomOperations
[       OK ] SkipListTest.RandomOperations (0 ms)
[ RUN      ] SkipListTest.ConcurrentReadWrite
[       OK ] SkipListTest.ConcurrentReadWrite (4 ms)
[----------] 4 tests from SkipListTest (4 ms total)

[----------] Global test environment tear-down
[==========] 4 tests from 1 test suite ran. (4 ms total)
[  PASSED  ] 4 tests.
i
[==========] Running 4 tests from 1 test suite.
[----------] Global test environment set-up.
[----------] 4 tests from SkipListTest
[ RUN      ] SkipListTest.PutAndGet
[       OK ] SkipListTest.PutAndGet (0 ms)
[ RUN      ] SkipListTest.MultipleInsertAndRetrieve
[       OK ] SkipListTest.MultipleInsertAndRetrieve (0 ms)
[ RUN      ] SkipListTest.RandomOperations
[       OK ] SkipListTest.RandomOperations (0 ms)
[ RUN      ] SkipListTest.ConcurrentReadWrite
[       OK ] SkipListTest.ConcurrentReadWrite (3 ms)
[----------] 4 tests from SkipListTest (3 ms total)

[----------] Global test environment tear-down
[==========] 4 tests from 1 test suite ran. (3 ms total)
[  PASSED  ] 4 tests.
i
[==========] Running 4 tests from 1 test suite.
[----------] Global test environment set-up.
[----------] 4 tests from SkipListTest
[ RUN      ] SkipListTest.PutAndGet
[       OK ] SkipListTest.PutAndGet (0 ms)
[ RUN      ] SkipListTest.MultipleInsertAndRetrieve
[       OK ] SkipListTest.MultipleInsertAndRetrieve (0 ms)
[ RUN      ] SkipListTest.RandomOperations
[       OK ] SkipListTest.RandomOperations (0 ms)
[ RUN      ] SkipListTest.ConcurrentReadWrite
[       OK ] SkipListTest.ConcurrentReadWrite (5 ms)
[----------] 4 tests from SkipListTest (6 ms total)

[----------] Global test environment tear-down
[==========] 4 tests from 1 test suite ran. (6 ms total)
[  PASSED  ] 4 tests.
i
[==========] Running 4 tests from 1 test suite.
[----------] Global test environment set-up.
[----------] 4 tests from SkipListTest
[ RUN      ] SkipListTest.PutAndGet
[       OK ] SkipListTest.PutAndGet (0 ms)
[ RUN      ] SkipListTest.MultipleInsertAndRetrieve
[       OK ] SkipListTest.MultipleInsertAndRetrieve (0 ms)
[ RUN      ] SkipListTest.RandomOperations
[       OK ] SkipListTest.RandomOperations (0 ms)
[ RUN      ] SkipListTest.ConcurrentReadWrite
[       OK ] SkipListTest.ConcurrentReadWrite (3 ms)
[----------] 4 tests from SkipListTest (3 ms total)

[----------] Global test environment tear-down
[==========] 4 tests from 1 test suite ran. (3 ms total)
[  PASSED  ] 4 tests.
i
[==========] Running 4 tests from 1 test suite.
[----------] Global test environment set-up.
[----------] 4 tests from SkipListTest
[ RUN      ] SkipListTest.PutAndGet
[       OK ] SkipListTest.PutAndGet (0 ms)
[ RUN      ] SkipListTest.MultipleInsertAndRetrieve
[       OK ] SkipListTest.MultipleInsertAndRetrieve (0 ms)
[ RUN      ] SkipListTest.RandomOperations
[       OK ] SkipListTest.RandomOperations (0 ms)
[ RUN      ] SkipListTest.ConcurrentReadWrite
[       OK ] SkipListTest.ConcurrentReadWrite (4 ms)
[----------] 4 tests from SkipListTest (4 ms total)

[----------] Global test environment tear-down
[==========] 4 tests from 1 test suite ran. (4 ms total)
[  PASSED  ] 4 tests.
i
[==========] Running 4 tests from 1 test suite.
[----------] Global test environment set-up.
[----------] 4 tests from SkipListTest
[ RUN      ] SkipListTest.PutAndGet
[       OK ] SkipListTest.PutAndGet (0 ms)
[ RUN      ] SkipListTest.MultipleInsertAndRetrieve
[       OK ] SkipListTest.MultipleInsertAndRetrieve (0 ms)
[ RUN      ] SkipListTest.RandomOperations
[       OK ] SkipListTest.RandomOperations (0 ms)
[ RUN      ] SkipListTest.ConcurrentReadWrite
[       OK ] SkipListTest.ConcurrentReadWrite (3 ms)
[----------] 4 tests from SkipListTest (3 ms total)

[----------] Global test environment tear-down
[==========] 4 tests from 1 test suite ran. (3 ms total)
[  PASSED  ] 4 tests.
i
[==========] Running 4 tests from 1 test suite.
[----------] Global test environment set-up.
[----------] 4 tests from SkipListTest
[ RUN      ] SkipListTest.PutAndGet
[       OK ] SkipListTest.PutAndGet (0 ms)
[ RUN      ] SkipListTest.MultipleInsertAndRetrieve
[       OK ] SkipListTest.MultipleInsertAndRetrieve (0 ms)
[ RUN      ] SkipListTest.RandomOperations
[       OK ] SkipListTest.RandomOperations (0 ms)
[ RUN      ] SkipListTest.ConcurrentReadWrite
[       OK ] SkipListTest.ConcurrentReadWrite (4 ms)
[----------] 4 tests from SkipListTest (4 ms total)

[----------] Global test environment tear-down
[==========] 4 tests from 1 test suite ran. (5 ms total)
[  PASSED  ] 4 tests.
i
[==========] Running 4 tests from 1 test suite.
[----------] Global test environment set-up.
[----------] 4 tests from SkipListTest
[ RUN      ] SkipListTest.PutAndGet
[       OK ] SkipListTest.PutAndGet (0 ms)
[ RUN      ] SkipListTest.MultipleInsertAndRetrieve
[       OK ] SkipListTest.MultipleInsertAndRetrieve (0 ms)
[ RUN      ] SkipListTest.RandomOperations
[       OK ] SkipListTest.RandomOperations (0 ms)
[ RUN      ] SkipListTest.ConcurrentReadWrite
[       OK ] SkipListTest.ConcurrentReadWrite (3 ms)
[----------] 4 tests from SkipListTest (3 ms total)

[----------] Global test environment tear-down
[==========] 4 tests from 1 test suite ran. (3 ms total)
[  PASSED  ] 4 tests.
i
[==========] Running 4 tests from 1 test suite.
[----------] Global test environment set-up.
[----------] 4 tests from SkipListTest
[ RUN      ] SkipListTest.PutAndGet
[       OK ] SkipListTest.PutAndGet (0 ms)
[ RUN      ] SkipListTest.MultipleInsertAndRetrieve
[       OK ] SkipListTest.MultipleInsertAndRetrieve (0 ms)
[ RUN      ] SkipListTest.RandomOperations
[       OK ] SkipListTest.RandomOperations (0 ms)
[ RUN      ] SkipListTest.ConcurrentReadWrite
[       OK ] SkipListTest.ConcurrentReadWrite (3 ms)
[----------] 4 tests from SkipListTest (3 ms total)

[----------] Global test environment tear-down
[==========] 4 tests from 1 test suite ran. (3 ms total)
[  PASSED  ] 4 tests.
i
[==========] Running 4 tests from 1 test suite.
[----------] Global test environment set-up.
[----------] 4 tests from SkipListTest
[ RUN      ] SkipListTest.PutAndGet
[       OK ] SkipListTest.PutAndGet (0 ms)
[ RUN      ] SkipListTest.MultipleInsertAndRetrieve
[       OK ] SkipListTest.MultipleInsertAndRetrieve (0 ms)
[ RUN      ] SkipListTest.RandomOperations
[       OK ] SkipListTest.RandomOperations (0 ms)
[ RUN      ] SkipListTest.ConcurrentReadWrite
[       OK ] SkipListTest.ConcurrentReadWrite (3 ms)
[----------] 4 tests from SkipListTest (3 ms total)

[----------] Global test environment tear-down
[==========] 4 tests from 1 test suite ran. (4 ms total)
[  PASSED  ] 4 tests.
i
[==========] Running 4 tests from 1 test suite.
[----------] Global test environment set-up.
[----------] 4 tests from SkipListTest
[ RUN      ] SkipListTest.PutAndGet
[       OK ] SkipListTest.PutAndGet (0 ms)
[ RUN      ] SkipListTest.MultipleInsertAndRetrieve
[       OK ] SkipListTest.MultipleInsertAndRetrieve (0 ms)
[ RUN      ] SkipListTest.RandomOperations
[       OK ] SkipListTest.RandomOperations (0 ms)
[ RUN      ] SkipListTest.ConcurrentReadWrite
[       OK ] SkipListTest.ConcurrentReadWrite (3 ms)
[----------] 4 tests from SkipListTest (3 ms total)

[----------] Global test environment tear-down
[==========] 4 tests from 1 test suite ran. (4 ms total)
[  PASSED  ] 4 tests.
i
[==========] Running 4 tests from 1 test suite.
[----------] Global test environment set-up.
[----------] 4 tests from SkipListTest
[ RUN      ] SkipListTest.PutAndGet
[       OK ] SkipListTest.PutAndGet (0 ms)
[ RUN      ] SkipListTest.MultipleInsertAndRetrieve
[       OK ] SkipListTest.MultipleInsertAndRetrieve (0 ms)
[ RUN      ] SkipListTest.RandomOperations
[       OK ] SkipListTest.RandomOperations (0 ms)
[ RUN      ] SkipListTest.ConcurrentReadWrite
[       OK ] SkipListTest.ConcurrentReadWrite (4 ms)
[----------] 4 tests from SkipListTest (4 ms total)

[----------] Global test environment tear-down
[==========] 4 tests from 1 test suite ran. (4 ms total)
[  PASSED  ] 4 tests.
i
[==========] Running 4 tests from 1 test suite.
[----------] Global test environment set-up.
[----------] 4 tests from SkipListTest
[ RUN      ] SkipListTest.PutAndGet
[       OK ] SkipListTest.PutAndGet (0 ms)
[ RUN      ] SkipListTest.MultipleInsertAndRetrieve
[       OK ] SkipListTest.MultipleInsertAndRetrieve (0 ms)
[ RUN      ] SkipListTest.RandomOperations
[       OK ] SkipListTest.RandomOperations (0 ms)
[ RUN      ] SkipListTest.ConcurrentReadWrite
[       OK ] SkipListTest.ConcurrentReadWrite (4 ms)
[----------] 4 tests from SkipListTest (4 ms total)

[----------] Global test environment tear-down
[==========] 4 tests from 1 test suite ran. (4 ms total)
[  PASSED  ] 4 tests.
i
[==========] Running 4 tests from 1 test suite.
[----------] Global test environment set-up.
[----------] 4 tests from SkipListTest
[ RUN      ] SkipListTest.PutAndGet
[       OK ] SkipListTest.PutAndGet (0 ms)
[ RUN      ] SkipListTest.MultipleInsertAndRetrieve
[       OK ] SkipListTest.MultipleInsertAndRetrieve (0 ms)
[ RUN      ] SkipListTest.RandomOperations
[       OK ] SkipListTest.RandomOperations (0 ms)
[ RUN      ] SkipListTest.ConcurrentReadWrite
[       OK ] SkipListTest.ConcurrentReadWrite (4 ms)
[----------] 4 tests from SkipListTest (4 ms total)

[----------] Global test environment tear-down
[==========] 4 tests from 1 test suite ran. (5 ms total)
[  PASSED  ] 4 tests.
i
[==========] Running 4 tests from 1 test suite.
[----------] Global test environment set-up.
[----------] 4 tests from SkipListTest
[ RUN      ] SkipListTest.PutAndGet
[       OK ] SkipListTest.PutAndGet (0 ms)
[ RUN      ] SkipListTest.MultipleInsertAndRetrieve
[       OK ] SkipListTest.MultipleInsertAndRetrieve (0 ms)
[ RUN      ] SkipListTest.RandomOperations
[       OK ] SkipListTest.RandomOperations (0 ms)
[ RUN      ] SkipListTest.ConcurrentReadWrite
[       OK ] SkipListTest.ConcurrentReadWrite (3 ms)
[----------] 4 tests from SkipListTest (3 ms total)

[----------] Global test environment tear-down
[==========] 4 tests from 1 test suite ran. (3 ms total)
[  PASSED  ] 4 tests.
i
[==========] Running 4 tests from 1 test suite.
[----------] Global test environment set-up.
[----------] 4 tests from SkipListTest
[ RUN      ] SkipListTest.PutAndGet
[       OK ] SkipListTest.PutAndGet (0 ms)
[ RUN      ] SkipListTest.MultipleInsertAndRetrieve
[       OK ] SkipListTest.MultipleInsertAndRetrieve (0 ms)
[ RUN      ] SkipListTest.RandomOperations
[       OK ] SkipListTest.RandomOperations (0 ms)
[ RUN      ] SkipListTest.ConcurrentReadWrite
[       OK ] SkipListTest.ConcurrentReadWrite (4 ms)
[----------] 4 tests from SkipListTest (4 ms total)

[----------] Global test environment tear-down
[==========] 4 tests from 1 test suite ran. (4 ms total)
[  PASSED  ] 4 tests.
i
[==========] Running 4 tests from 1 test suite.
[----------] Global test environment set-up.
[----------] 4 tests from SkipListTest
[ RUN      ] SkipListTest.PutAndGet
[       OK ] SkipListTest.PutAndGet (0 ms)
[ RUN      ] SkipListTest.MultipleInsertAndRetrieve
[       OK ] SkipListTest.MultipleInsertAndRetrieve (0 ms)
[ RUN      ] SkipListTest.RandomOperations
[       OK ] SkipListTest.RandomOperations (0 ms)
[ RUN      ] SkipListTest.ConcurrentReadWrite
[       OK ] SkipListTest.ConcurrentReadWrite (3 ms)
[----------] 4 tests from SkipListTest (3 ms total)

[----------] Global test environment tear-down
[==========] 4 tests from 1 test suite ran. (3 ms total)
[  PASSED  ] 4 tests.
i
[==========] Running 4 tests from 1 test suite.
[----------] Global test environment set-up.
[----------] 4 tests from SkipListTest
[ RUN      ] SkipListTest.PutAndGet
[       OK ] SkipListTest.PutAndGet (0 ms)
[ RUN      ] SkipListTest.MultipleInsertAndRetrieve
[       OK ] SkipListTest.MultipleInsertAndRetrieve (0 ms)
[ RUN      ] SkipListTest.RandomOperations
[       OK ] SkipListTest.RandomOperations (0 ms)
[ RUN      ] SkipListTest.ConcurrentReadWrite
[       OK ] SkipListTest.ConcurrentReadWrite (4 ms)
[----------] 4 tests from SkipListTest (5 ms total)

[----------] Global test environment tear-down
[==========] 4 tests from 1 test suite ran. (5 ms total)
[  PASSED  ] 4 tests.
i
[==========] Running 4 tests from 1 test suite.
[----------] Global test environment set-up.
[----------] 4 tests from SkipListTest
[ RUN      ] SkipListTest.PutAndGet
[       OK ] SkipListTest.PutAndGet (0 ms)
[ RUN      ] SkipListTest.MultipleInsertAndRetrieve
[       OK ] SkipListTest.MultipleInsertAndRetrieve (0 ms)
[ RUN      ] SkipListTest.RandomOperations
[       OK ] SkipListTest.RandomOperations (0 ms)
[ RUN      ] SkipListTest.ConcurrentReadWrite
[       OK ] SkipListTest.ConcurrentReadWrite (4 ms)
[----------] 4 tests from SkipListTest (4 ms total)

[----------] Global test environment tear-down
[==========] 4 tests from 1 test suite ran. (4 ms total)
[  PASSED  ] 4 tests.
i
[==========] Running 4 tests from 1 test suite.
[----------] Global test environment set-up.
[----------] 4 tests from SkipListTest
[ RUN      ] SkipListTest.PutAndGet
[       OK ] SkipListTest.PutAndGet (0 ms)
[ RUN      ] SkipListTest.MultipleInsertAndRetrieve
[       OK ] SkipListTest.MultipleInsertAndRetrieve (0 ms)
[ RUN      ] SkipListTest.RandomOperations
[       OK ] SkipListTest.RandomOperations (0 ms)
[ RUN      ] SkipListTest.ConcurrentReadWrite
[       OK ] SkipListTest.ConcurrentReadWrite (4 ms)
[----------] 4 tests from SkipListTest (4 ms total)

[----------] Global test environment tear-down
[==========] 4 tests from 1 test suite ran. (4 ms total)
[  PASSED  ] 4 tests.
i
[==========] Running 4 tests from 1 test suite.
[----------] Global test environment set-up.
[----------] 4 tests from SkipListTest
[ RUN      ] SkipListTest.PutAndGet
[       OK ] SkipListTest.PutAndGet (0 ms)
[ RUN      ] SkipListTest.MultipleInsertAndRetrieve
[       OK ] SkipListTest.MultipleInsertAndRetrieve (0 ms)
[ RUN      ] SkipListTest.RandomOperations
[       OK ] SkipListTest.RandomOperations (0 ms)
[ RUN      ] SkipListTest.ConcurrentReadWrite
[       OK ] SkipListTest.ConcurrentReadWrite (4 ms)
[----------] 4 tests from SkipListTest (4 ms total)

[----------] Global test environment tear-down
[==========] 4 tests from 1 test suite ran. (4 ms total)
[  PASSED  ] 4 tests.
i
[==========] Running 4 tests from 1 test suite.
[----------] Global test environment set-up.
[----------] 4 tests from SkipListTest
[ RUN      ] SkipListTest.PutAndGet
[       OK ] SkipListTest.PutAndGet (0 ms)
[ RUN      ] SkipListTest.MultipleInsertAndRetrieve
[       OK ] SkipListTest.MultipleInsertAndRetrieve (0 ms)
[ RUN      ] SkipListTest.RandomOperations
[       OK ] SkipListTest.RandomOperations (0 ms)
[ RUN      ] SkipListTest.ConcurrentReadWrite
[       OK ] SkipListTest.ConcurrentReadWrite (4 ms)
[----------] 4 tests from SkipListTest (4 ms total)

[----------] Global test environment tear-down
[==========] 4 tests from 1 test suite ran. (4 ms total)
[  PASSED  ] 4 tests.
i
[==========] Running 4 tests from 1 test suite.
[----------] Global test environment set-up.
[----------] 4 tests from SkipListTest
[ RUN      ] SkipListTest.PutAndGet
[       OK ] SkipListTest.PutAndGet (0 ms)
[ RUN      ] SkipListTest.MultipleInsertAndRetrieve
[       OK ] SkipListTest.MultipleInsertAndRetrieve (0 ms)
[ RUN      ] SkipListTest.RandomOperations
[       OK ] SkipListTest.RandomOperations (0 ms)
[ RUN      ] SkipListTest.ConcurrentReadWrite
[       OK ] SkipListTest.ConcurrentReadWrite (12 ms)
[----------] 4 tests from SkipListTest (12 ms total)

[----------] Global test environment tear-down
[==========] 4 tests from 1 test suite ran. (12 ms total)
[  PASSED  ] 4 tests.
i
[==========] Running 4 tests from 1 test suite.
[----------] Global test environment set-up.
[----------] 4 tests from SkipListTest
[ RUN      ] SkipListTest.PutAndGet
[       OK ] SkipListTest.PutAndGet (0 ms)
[ RUN      ] SkipListTest.MultipleInsertAndRetrieve
[       OK ] SkipListTest.MultipleInsertAndRetrieve (0 ms)
[ RUN      ] SkipListTest.RandomOperations
[       OK ] SkipListTest.RandomOperations (0 ms)
[ RUN      ] SkipListTest.ConcurrentReadWrite
[       OK ] SkipListTest.ConcurrentReadWrite (9 ms)
[----------] 4 tests from SkipListTest (9 ms total)

[----------] Global test environment tear-down
[==========] 4 tests from 1 test suite ran. (10 ms total)
[  PASSED  ] 4 tests.
i
[==========] Running 4 tests from 1 test suite.
[----------] Global test environment set-up.
[----------] 4 tests from SkipListTest
[ RUN      ] SkipListTest.PutAndGet
[       OK ] SkipListTest.PutAndGet (0 ms)
[ RUN      ] SkipListTest.MultipleInsertAndRetrieve
[       OK ] SkipListTest.MultipleInsertAndRetrieve (0 ms)
[ RUN      ] SkipListTest.RandomOperations
[       OK ] SkipListTest.RandomOperations (0 ms)
[ RUN      ] SkipListTest.ConcurrentReadWrite
[       OK ] SkipListTest.ConcurrentReadWrite (4 ms)
[----------] 4 tests from SkipListTest (4 ms total)

[----------] Global test environment tear-down
[==========] 4 tests from 1 test suite ran. (5 ms total)
[  PASSED  ] 4 tests.
i
[==========] Running 4 tests from 1 test suite.
[----------] Global test environment set-up.
[----------] 4 tests from SkipListTest
[ RUN      ] SkipListTest.PutAndGet
[       OK ] SkipListTest.PutAndGet (0 ms)
[ RUN      ] SkipListTest.MultipleInsertAndRetrieve
[       OK ] SkipListTest.MultipleInsertAndRetrieve (0 ms)
[ RUN      ] SkipListTest.RandomOperations
[       OK ] SkipListTest.RandomOperations (0 ms)
[ RUN      ] SkipListTest.ConcurrentReadWrite
[       OK ] SkipListTest.ConcurrentReadWrite (4 ms)
[----------] 4 tests from SkipListTest (4 ms total)

[----------] Global test environment tear-down
[==========] 4 tests from 1 test suite ran. (4 ms total)
[  PASSED  ] 4 tests.
i
[==========] Running 4 tests from 1 test suite.
[----------] Global test environment set-up.
[----------] 4 tests from SkipListTest
[ RUN      ] SkipListTest.PutAndGet
[       OK ] SkipListTest.PutAndGet (0 ms)
[ RUN      ] SkipListTest.MultipleInsertAndRetrieve
[       OK ] SkipListTest.MultipleInsertAndRetrieve (0 ms)
[ RUN      ] SkipListTest.RandomOperations
[       OK ] SkipListTest.RandomOperations (0 ms)
[ RUN      ] SkipListTest.ConcurrentReadWrite
[       OK ] SkipListTest.ConcurrentReadWrite (4 ms)
[----------] 4 tests from SkipListTest (4 ms total)

[----------] Global test environment tear-down
[==========] 4 tests from 1 test suite ran. (4 ms total)
[  PASSED  ] 4 tests.
i
[==========] Running 4 tests from 1 test suite.
[----------] Global test environment set-up.
[----------] 4 tests from SkipListTest
[ RUN      ] SkipListTest.PutAndGet
[       OK ] SkipListTest.PutAndGet (0 ms)
[ RUN      ] SkipListTest.MultipleInsertAndRetrieve
[       OK ] SkipListTest.MultipleInsertAndRetrieve (0 ms)
[ RUN      ] SkipListTest.RandomOperations
[       OK ] SkipListTest.RandomOperations (0 ms)
[ RUN      ] SkipListTest.ConcurrentReadWrite
[       OK ] SkipListTest.ConcurrentReadWrite (6 ms)
[----------] 4 tests from SkipListTest (6 ms total)

[----------] Global test environment tear-down
[==========] 4 tests from 1 test suite ran. (6 ms total)
[  PASSED  ] 4 tests.
i
[==========] Running 4 tests from 1 test suite.
[----------] Global test environment set-up.
[----------] 4 tests from SkipListTest
[ RUN      ] SkipListTest.PutAndGet
[       OK ] SkipListTest.PutAndGet (0 ms)
[ RUN      ] SkipListTest.MultipleInsertAndRetrieve
[       OK ] SkipListTest.MultipleInsertAndRetrieve (0 ms)
[ RUN      ] SkipListTest.RandomOperations
[       OK ] SkipListTest.RandomOperations (0 ms)
[ RUN      ] SkipListTest.ConcurrentReadWrite
[       OK ] SkipListTest.ConcurrentReadWrite (3 ms)
[----------] 4 tests from SkipListTest (3 ms total)

[----------] Global test environment tear-down
[==========] 4 tests from 1 test suite ran. (3 ms total)
[  PASSED  ] 4 tests.
i
[==========] Running 4 tests from 1 test suite.
[----------] Global test environment set-up.
[----------] 4 tests from SkipListTest
[ RUN      ] SkipListTest.PutAndGet
[       OK ] SkipListTest.PutAndGet (0 ms)
[ RUN      ] SkipListTest.MultipleInsertAndRetrieve
[       OK ] SkipListTest.MultipleInsertAndRetrieve (0 ms)
[ RUN      ] SkipListTest.RandomOperations
[       OK ] SkipListTest.RandomOperations (0 ms)
[ RUN      ] SkipListTest.ConcurrentReadWrite
[       OK ] SkipListTest.ConcurrentReadWrite (4 ms)
[----------] 4 tests from SkipListTest (4 ms total)

[----------] Global test environment tear-down
[==========] 4 tests from 1 test suite ran. (4 ms total)
[  PASSED  ] 4 tests.
i
[==========] Running 4 tests from 1 test suite.
[----------] Global test environment set-up.
[----------] 4 tests from SkipListTest
[ RUN      ] SkipListTest.PutAndGet
[       OK ] SkipListTest.PutAndGet (0 ms)
[ RUN      ] SkipListTest.MultipleInsertAndRetrieve
[       OK ] SkipListTest.MultipleInsertAndRetrieve (0 ms)
[ RUN      ] SkipListTest.RandomOperations
[       OK ] SkipListTest.RandomOperations (0 ms)
[ RUN      ] SkipListTest.ConcurrentReadWrite
[       OK ] SkipListTest.ConcurrentReadWrite (3 ms)
[----------] 4 tests from SkipListTest (3 ms total)

[----------] Global test environment tear-down
[==========] 4 tests from 1 test suite ran. (3 ms total)
[  PASSED  ] 4 tests.
i
[==========] Running 4 tests from 1 test suite.
[----------] Global test environment set-up.
[----------] 4 tests from SkipListTest
[ RUN      ] SkipListTest.PutAndGet
[       OK ] SkipListTest.PutAndGet (0 ms)
[ RUN      ] SkipListTest.MultipleInsertAndRetrieve
[       OK ] SkipListTest.MultipleInsertAndRetrieve (0 ms)
[ RUN      ] SkipListTest.RandomOperations
[       OK ] SkipListTest.RandomOperations (0 ms)
[ RUN      ] SkipListTest.ConcurrentReadWrite
[       OK ] SkipListTest.ConcurrentReadWrite (3 ms)
[----------] 4 tests from SkipListTest (3 ms total)

[----------] Global test environment tear-down
[==========] 4 tests from 1 test suite ran. (3 ms total)
[  PASSED  ] 4 tests.
i
[==========] Running 4 tests from 1 test suite.
[----------] Global test environment set-up.
[----------] 4 tests from SkipListTest
[ RUN      ] SkipListTest.PutAndGet
[       OK ] SkipListTest.PutAndGet (0 ms)
[ RUN      ] SkipListTest.MultipleInsertAndRetrieve
[       OK ] SkipListTest.MultipleInsertAndRetrieve (0 ms)
[ RUN      ] SkipListTest.RandomOperations
[       OK ] SkipListTest.RandomOperations (0 ms)
[ RUN      ] SkipListTest.ConcurrentReadWrite
[       OK ] SkipListTest.ConcurrentReadWrite (3 ms)
[----------] 4 tests from SkipListTest (3 ms total)

[----------] Global test environment tear-down
[==========] 4 tests from 1 test suite ran. (3 ms total)
[  PASSED  ] 4 tests.
i
[==========] Running 4 tests from 1 test suite.
[----------] Global test environment set-up.
[----------] 4 tests from SkipListTest
[ RUN      ] SkipListTest.PutAndGet
[       OK ] SkipListTest.PutAndGet (0 ms)
[ RUN      ] SkipListTest.MultipleInsertAndRetrieve
[       OK ] SkipListTest.MultipleInsertAndRetrieve (0 ms)
[ RUN      ] SkipListTest.RandomOperations
[       OK ] SkipListTest.RandomOperations (0 ms)
[ RUN      ] SkipListTest.ConcurrentReadWrite
[       OK ] SkipListTest.ConcurrentReadWrite (3 ms)
[----------] 4 tests from SkipListTest (3 ms total)

[----------] Global test environment tear-down
[==========] 4 tests from 1 test suite ran. (3 ms total)
[  PASSED  ] 4 tests.
i
[==========] Running 4 tests from 1 test suite.
[----------] Global test environment set-up.
[----------] 4 tests from SkipListTest
[ RUN      ] SkipListTest.PutAndGet
[       OK ] SkipListTest.PutAndGet (0 ms)
[ RUN      ] SkipListTest.MultipleInsertAndRetrieve
[       OK ] SkipListTest.MultipleInsertAndRetrieve (0 ms)
[ RUN      ] SkipListTest.RandomOperations
[       OK ] SkipListTest.RandomOperations (0 ms)
[ RUN      ] SkipListTest.ConcurrentReadWrite
[       OK ] SkipListTest.ConcurrentReadWrite (3 ms)
[----------] 4 tests from SkipListTest (3 ms total)

[----------] Global test environment tear-down
[==========] 4 tests from 1 test suite ran. (3 ms total)
[  PASSED  ] 4 tests.
i
[==========] Running 4 tests from 1 test suite.
[----------] Global test environment set-up.
[----------] 4 tests from SkipListTest
[ RUN      ] SkipListTest.PutAndGet
[       OK ] SkipListTest.PutAndGet (0 ms)
[ RUN      ] SkipListTest.MultipleInsertAndRetrieve
[       OK ] SkipListTest.MultipleInsertAndRetrieve (0 ms)
[ RUN      ] SkipListTest.RandomOperations
[       OK ] SkipListTest.RandomOperations (0 ms)
[ RUN      ] SkipListTest.ConcurrentReadWrite
[       OK ] SkipListTest.ConcurrentReadWrite (4 ms)
[----------] 4 tests from SkipListTest (4 ms total)

[----------] Global test environment tear-down
[==========] 4 tests from 1 test suite ran. (4 ms total)
[  PASSED  ] 4 tests.
i
[==========] Running 4 tests from 1 test suite.
[----------] Global test environment set-up.
[----------] 4 tests from SkipListTest
[ RUN      ] SkipListTest.PutAndGet
[       OK ] SkipListTest.PutAndGet (0 ms)
[ RUN      ] SkipListTest.MultipleInsertAndRetrieve
[       OK ] SkipListTest.MultipleInsertAndRetrieve (0 ms)
[ RUN      ] SkipListTest.RandomOperations
[       OK ] SkipListTest.RandomOperations (0 ms)
[ RUN      ] SkipListTest.ConcurrentReadWrite
[       OK ] SkipListTest.ConcurrentReadWrite (3 ms)
[----------] 4 tests from SkipListTest (3 ms total)

[----------] Global test environment tear-down
[==========] 4 tests from 1 test suite ran. (3 ms total)
[  PASSED  ] 4 tests.
i
[==========] Running 4 tests from 1 test suite.
[----------] Global test environment set-up.
[----------] 4 tests from SkipListTest
[ RUN      ] SkipListTest.PutAndGet
[       OK ] SkipListTest.PutAndGet (0 ms)
[ RUN      ] SkipListTest.MultipleInsertAndRetrieve
[       OK ] SkipListTest.MultipleInsertAndRetrieve (0 ms)
[ RUN      ] SkipListTest.RandomOperations
[       OK ] SkipListTest.RandomOperations (0 ms)
[ RUN      ] SkipListTest.ConcurrentReadWrite
[       OK ] SkipListTest.ConcurrentReadWrite (3 ms)
[----------] 4 tests from SkipListTest (4 ms total)

[----------] Global test environment tear-down
[==========] 4 tests from 1 test suite ran. (4 ms total)
[  PASSED  ] 4 tests.
i
[==========] Running 4 tests from 1 test suite.
[----------] Global test environment set-up.
[----------] 4 tests from SkipListTest
[ RUN      ] SkipListTest.PutAndGet
[       OK ] SkipListTest.PutAndGet (0 ms)
[ RUN      ] SkipListTest.MultipleInsertAndRetrieve
[       OK ] SkipListTest.MultipleInsertAndRetrieve (0 ms)
[ RUN      ] SkipListTest.RandomOperations
[       OK ] SkipListTest.RandomOperations (0 ms)
[ RUN      ] SkipListTest.ConcurrentReadWrite
[       OK ] SkipListTest.ConcurrentReadWrite (4 ms)
[----------] 4 tests from SkipListTest (4 ms total)

[----------] Global test environment tear-down
[==========] 4 tests from 1 test suite ran. (4 ms total)
[  PASSED  ] 4 tests.
i
[==========] Running 4 tests from 1 test suite.
[----------] Global test environment set-up.
[----------] 4 tests from SkipListTest
[ RUN      ] SkipListTest.PutAndGet
[       OK ] SkipListTest.PutAndGet (0 ms)
[ RUN      ] SkipListTest.MultipleInsertAndRetrieve
[       OK ] SkipListTest.MultipleInsertAndRetrieve (0 ms)
[ RUN      ] SkipListTest.RandomOperations
[       OK ] SkipListTest.RandomOperations (0 ms)
[ RUN      ] SkipListTest.ConcurrentReadWrite
[       OK ] SkipListTest.ConcurrentReadWrite (3 ms)
[----------] 4 tests from SkipListTest (3 ms total)

[----------] Global test environment tear-down
[==========] 4 tests from 1 test suite ran. (3 ms total)
[  PASSED  ] 4 tests.
i
[==========] Running 4 tests from 1 test suite.
[----------] Global test environment set-up.
[----------] 4 tests from SkipListTest
[ RUN      ] SkipListTest.PutAndGet
[       OK ] SkipListTest.PutAndGet (0 ms)
[ RUN      ] SkipListTest.MultipleInsertAndRetrieve
[       OK ] SkipListTest.MultipleInsertAndRetrieve (0 ms)
[ RUN      ] SkipListTest.RandomOperations
[       OK ] SkipListTest.RandomOperations (0 ms)
[ RUN      ] SkipListTest.ConcurrentReadWrite
[       OK ] SkipListTest.ConcurrentReadWrite (3 ms)
[----------] 4 tests from SkipListTest (4 ms total)

[----------] Global test environment tear-down
[==========] 4 tests from 1 test suite ran. (4 ms total)
[  PASSED  ] 4 tests.
i
[==========] Running 4 tests from 1 test suite.
[----------] Global test environment set-up.
[----------] 4 tests from SkipListTest
[ RUN      ] SkipListTest.PutAndGet
[       OK ] SkipListTest.PutAndGet (0 ms)
[ RUN      ] SkipListTest.MultipleInsertAndRetrieve
[       OK ] SkipListTest.MultipleInsertAndRetrieve (0 ms)
[ RUN      ] SkipListTest.RandomOperations
[       OK ] SkipListTest.RandomOperations (0 ms)
[ RUN      ] SkipListTest.ConcurrentReadWrite
[       OK ] SkipListTest.ConcurrentReadWrite (3 ms)
[----------] 4 tests from SkipListTest (3 ms total)

[----------] Global test environment tear-down
[==========] 4 tests from 1 test suite ran. (3 ms total)
[  PASSED  ] 4 tests.
i
[==========] Running 4 tests from 1 test suite.
[----------] Global test environment set-up.
[----------] 4 tests from SkipListTest
[ RUN      ] SkipListTest.PutAndGet
[       OK ] SkipListTest.PutAndGet (0 ms)
[ RUN      ] SkipListTest.MultipleInsertAndRetrieve
[       OK ] SkipListTest.MultipleInsertAndRetrieve (0 ms)
[ RUN      ] SkipListTest.RandomOperations
[       OK ] SkipListTest.RandomOperations (0 ms)
[ RUN      ] SkipListTest.ConcurrentReadWrite
[       OK ] SkipListTest.ConcurrentReadWrite (4 ms)
[----------] 4 tests from SkipListTest (5 ms total)

[----------] Global test environment tear-down
[==========] 4 tests from 1 test suite ran. (5 ms total)
[  PASSED  ] 4 tests.
i
[==========] Running 4 tests from 1 test suite.
[----------] Global test environment set-up.
[----------] 4 tests from SkipListTest
[ RUN      ] SkipListTest.PutAndGet
[       OK ] SkipListTest.PutAndGet (0 ms)
[ RUN      ] SkipListTest.MultipleInsertAndRetrieve
[       OK ] SkipListTest.MultipleInsertAndRetrieve (0 ms)
[ RUN      ] SkipListTest.RandomOperations
[       OK ] SkipListTest.RandomOperations (0 ms)
[ RUN      ] SkipListTest.ConcurrentReadWrite
[       OK ] SkipListTest.ConcurrentReadWrite (4 ms)
[----------] 4 tests from SkipListTest (4 ms total)

[----------] Global test environment tear-down
[==========] 4 tests from 1 test suite ran. (4 ms total)
[  PASSED  ] 4 tests.
i
[==========] Running 4 tests from 1 test suite.
[----------] Global test environment set-up.
[----------] 4 tests from SkipListTest
[ RUN      ] SkipListTest.PutAndGet
[       OK ] SkipListTest.PutAndGet (0 ms)
[ RUN      ] SkipListTest.MultipleInsertAndRetrieve
[       OK ] SkipListTest.MultipleInsertAndRetrieve (0 ms)
[ RUN      ] SkipListTest.RandomOperations
[       OK ] SkipListTest.RandomOperations (0 ms)
[ RUN      ] SkipListTest.ConcurrentReadWrite
[       OK ] SkipListTest.ConcurrentReadWrite (4 ms)
[----------] 4 tests from SkipListTest (4 ms total)

[----------] Global test environment tear-down
[==========] 4 tests from 1 test suite ran. (4 ms total)
[  PASSED  ] 4 tests.
i
[==========] Running 4 tests from 1 test suite.
[----------] Global test environment set-up.
[----------] 4 tests from SkipListTest
[ RUN      ] SkipListTest.PutAndGet
[       OK ] SkipListTest.PutAndGet (0 ms)
[ RUN      ] SkipListTest.MultipleInsertAndRetrieve
[       OK ] SkipListTest.MultipleInsertAndRetrieve (0 ms)
[ RUN      ] SkipListTest.RandomOperations
[       OK ] SkipListTest.RandomOperations (0 ms)
[ RUN      ] SkipListTest.ConcurrentReadWrite
[       OK ] SkipListTest.ConcurrentReadWrite (4 ms)
[----------] 4 tests from SkipListTest (4 ms total)

[----------] Global test environment tear-down
[==========] 4 tests from 1 test suite ran. (4 ms total)
[  PASSED  ] 4 tests.
i
[==========] Running 4 tests from 1 test suite.
[----------] Global test environment set-up.
[----------] 4 tests from SkipListTest
[ RUN      ] SkipListTest.PutAndGet
[       OK ] SkipListTest.PutAndGet (0 ms)
[ RUN      ] SkipListTest.MultipleInsertAndRetrieve
[       OK ] SkipListTest.MultipleInsertAndRetrieve (0 ms)
[ RUN      ] SkipListTest.RandomOperations
[       OK ] SkipListTest.RandomOperations (0 ms)
[ RUN      ] SkipListTest.ConcurrentReadWrite
[       OK ] SkipListTest.ConcurrentReadWrite (3 ms)
[----------] 4 tests from SkipListTest (3 ms total)

[----------] Global test environment tear-down
[==========] 4 tests from 1 test suite ran. (3 ms total)
[  PASSED  ] 4 tests.
i
[==========] Running 4 tests from 1 test suite.
[----------] Global test environment set-up.
[----------] 4 tests from SkipListTest
[ RUN      ] SkipListTest.PutAndGet
[       OK ] SkipListTest.PutAndGet (0 ms)
[ RUN      ] SkipListTest.MultipleInsertAndRetrieve
[       OK ] SkipListTest.MultipleInsertAndRetrieve (0 ms)
[ RUN      ] SkipListTest.RandomOperations
[       OK ] SkipListTest.RandomOperations (0 ms)
[ RUN      ] SkipListTest.ConcurrentReadWrite
[       OK ] SkipListTest.ConcurrentReadWrite (6 ms)
[----------] 4 tests from SkipListTest (6 ms total)

[----------] Global test environment tear-down
[==========] 4 tests from 1 test suite ran. (6 ms total)
[  PASSED  ] 4 tests.
i
[==========] Running 4 tests from 1 test suite.
[----------] Global test environment set-up.
[----------] 4 tests from SkipListTest
[ RUN      ] SkipListTest.PutAndGet
[       OK ] SkipListTest.PutAndGet (0 ms)
[ RUN      ] SkipListTest.MultipleInsertAndRetrieve
[       OK ] SkipListTest.MultipleInsertAndRetrieve (0 ms)
[ RUN      ] SkipListTest.RandomOperations
[       OK ] SkipListTest.RandomOperations (0 ms)
[ RUN      ] SkipListTest.ConcurrentReadWrite
[       OK ] SkipListTest.ConcurrentReadWrite (3 ms)
[----------] 4 tests from SkipListTest (3 ms total)

[----------] Global test environment tear-down
[==========] 4 tests from 1 test suite ran. (3 ms total)
[  PASSED  ] 4 tests.
i
[==========] Running 4 tests from 1 test suite.
[----------] Global test environment set-up.
[----------] 4 tests from SkipListTest
[ RUN      ] SkipListTest.PutAndGet
[       OK ] SkipListTest.PutAndGet (0 ms)
[ RUN      ] SkipListTest.MultipleInsertAndRetrieve
[       OK ] SkipListTest.MultipleInsertAndRetrieve (0 ms)
[ RUN      ] SkipListTest.RandomOperations
[       OK ] SkipListTest.RandomOperations (0 ms)
[ RUN      ] SkipListTest.ConcurrentReadWrite
[       OK ] SkipListTest.ConcurrentReadWrite (4 ms)
[----------] 4 tests from SkipListTest (4 ms total)

[----------] Global test environment tear-down
[==========] 4 tests from 1 test suite ran. (4 ms total)
[  PASSED  ] 4 tests.
i
[==========] Running 4 tests from 1 test suite.
[----------] Global test environment set-up.
[----------] 4 tests from SkipListTest
[ RUN      ] SkipListTest.PutAndGet
[       OK ] SkipListTest.PutAndGet (0 ms)
[ RUN      ] SkipListTest.MultipleInsertAndRetrieve
[       OK ] SkipListTest.MultipleInsertAndRetrieve (0 ms)
[ RUN      ] SkipListTest.RandomOperations
[       OK ] SkipListTest.RandomOperations (0 ms)
[ RUN      ] SkipListTest.ConcurrentReadWrite
[       OK ] SkipListTest.ConcurrentReadWrite (3 ms)
[----------] 4 tests from SkipListTest (3 ms total)

[----------] Global test environment tear-down
[==========] 4 tests from 1 test suite ran. (3 ms total)
[  PASSED  ] 4 tests.
i
[==========] Running 4 tests from 1 test suite.
[----------] Global test environment set-up.
[----------] 4 tests from SkipListTest
[ RUN      ] SkipListTest.PutAndGet
[       OK ] SkipListTest.PutAndGet (0 ms)
[ RUN      ] SkipListTest.MultipleInsertAndRetrieve
[       OK ] SkipListTest.MultipleInsertAndRetrieve (0 ms)
[ RUN      ] SkipListTest.RandomOperations
[       OK ] SkipListTest.RandomOperations (0 ms)
[ RUN      ] SkipListTest.ConcurrentReadWrite
[       OK ] SkipListTest.ConcurrentReadWrite (4 ms)
[----------] 4 tests from SkipListTest (4 ms total)

[----------] Global test environment tear-down
[==========] 4 tests from 1 test suite ran. (4 ms total)
[  PASSED  ] 4 tests.
i
[==========] Running 4 tests from 1 test suite.
[----------] Global test environment set-up.
[----------] 4 tests from SkipListTest
[ RUN      ] SkipListTest.PutAndGet
[       OK ] SkipListTest.PutAndGet (0 ms)
[ RUN      ] SkipListTest.MultipleInsertAndRetrieve
[       OK ] SkipListTest.MultipleInsertAndRetrieve (0 ms)
[ RUN      ] SkipListTest.RandomOperations
[       OK ] SkipListTest.RandomOperations (0 ms)
[ RUN      ] SkipListTest.ConcurrentReadWrite
[       OK ] SkipListTest.ConcurrentReadWrite (3 ms)
[----------] 4 tests from SkipListTest (3 ms total)

[----------] Global test environment tear-down
[==========] 4 tests from 1 test suite ran. (3 ms total)
[  PASSED  ] 4 tests.
i
[==========] Running 4 tests from 1 test suite.
[----------] Global test environment set-up.
[----------] 4 tests from SkipListTest
[ RUN      ] SkipListTest.PutAndGet
[       OK ] SkipListTest.PutAndGet (0 ms)
[ RUN      ] SkipListTest.MultipleInsertAndRetrieve
[       OK ] SkipListTest.MultipleInsertAndRetrieve (0 ms)
[ RUN      ] SkipListTest.RandomOperations
[       OK ] SkipListTest.RandomOperations (0 ms)
[ RUN      ] SkipListTest.ConcurrentReadWrite
[       OK ] SkipListTest.ConcurrentReadWrite (4 ms)
[----------] 4 tests from SkipListTest (4 ms total)

[----------] Global test environment tear-down
[==========] 4 tests from 1 test suite ran. (4 ms total)
[  PASSED  ] 4 tests.
i
[==========] Running 4 tests from 1 test suite.
[----------] Global test environment set-up.
[----------] 4 tests from SkipListTest
[ RUN      ] SkipListTest.PutAndGet
[       OK ] SkipListTest.PutAndGet (0 ms)
[ RUN      ] SkipListTest.MultipleInsertAndRetrieve
[       OK ] SkipListTest.MultipleInsertAndRetrieve (0 ms)
[ RUN      ] SkipListTest.RandomOperations
[       OK ] SkipListTest.RandomOperations (0 ms)
[ RUN      ] SkipListTest.ConcurrentReadWrite
[       OK ] SkipListTest.ConcurrentReadWrite (3 ms)
[----------] 4 tests from SkipListTest (3 ms total)

[----------] Global test environment tear-down
[==========] 4 tests from 1 test suite ran. (4 ms total)
[  PASSED  ] 4 tests.
i
[==========] Running 4 tests from 1 test suite.
[----------] Global test environment set-up.
[----------] 4 tests from SkipListTest
[ RUN      ] SkipListTest.PutAndGet
[       OK ] SkipListTest.PutAndGet (0 ms)
[ RUN      ] SkipListTest.MultipleInsertAndRetrieve
[       OK ] SkipListTest.MultipleInsertAndRetrieve (0 ms)
[ RUN      ] SkipListTest.RandomOperations
[       OK ] SkipListTest.RandomOperations (0 ms)
[ RUN      ] SkipListTest.ConcurrentReadWrite
[       OK ] SkipListTest.ConcurrentReadWrite (3 ms)
[----------] 4 tests from SkipListTest (4 ms total)

[----------] Global test environment tear-down
[==========] 4 tests from 1 test suite ran. (4 ms total)
[  PASSED  ] 4 tests.
i
[==========] Running 4 tests from 1 test suite.
[----------] Global test environment set-up.
[----------] 4 tests from SkipListTest
[ RUN      ] SkipListTest.PutAndGet
[       OK ] SkipListTest.PutAndGet (0 ms)
[ RUN      ] SkipListTest.MultipleInsertAndRetrieve
[       OK ] SkipListTest.MultipleInsertAndRetrieve (0 ms)
[ RUN      ] SkipListTest.RandomOperations
[       OK ] SkipListTest.RandomOperations (0 ms)
[ RUN      ] SkipListTest.ConcurrentReadWrite
[       OK ] SkipListTest.ConcurrentReadWrite (4 ms)
[----------] 4 tests from SkipListTest (4 ms total)

[----------] Global test environment tear-down
[==========] 4 tests from 1 test suite ran. (4 ms total)
[  PASSED  ] 4 tests.
i
[==========] Running 4 tests from 1 test suite.
[----------] Global test environment set-up.
[----------] 4 tests from SkipListTest
[ RUN      ] SkipListTest.PutAndGet
[       OK ] SkipListTest.PutAndGet (0 ms)
[ RUN      ] SkipListTest.MultipleInsertAndRetrieve
[       OK ] SkipListTest.MultipleInsertAndRetrieve (0 ms)
[ RUN      ] SkipListTest.RandomOperations
[       OK ] SkipListTest.RandomOperations (0 ms)
[ RUN      ] SkipListTest.ConcurrentReadWrite
[       OK ] SkipListTest.ConcurrentReadWrite (3 ms)
[----------] 4 tests from SkipListTest (3 ms total)

[----------] Global test environment tear-down
[==========] 4 tests from 1 test suite ran. (4 ms total)
[  PASSED  ] 4 tests.
i
[==========] Running 4 tests from 1 test suite.
[----------] Global test environment set-up.
[----------] 4 tests from SkipListTest
[ RUN      ] SkipListTest.PutAndGet
[       OK ] SkipListTest.PutAndGet (0 ms)
[ RUN      ] SkipListTest.MultipleInsertAndRetrieve
[       OK ] SkipListTest.MultipleInsertAndRetrieve (0 ms)
[ RUN      ] SkipListTest.RandomOperations
[       OK ] SkipListTest.RandomOperations (0 ms)
[ RUN      ] SkipListTest.ConcurrentReadWrite
[       OK ] SkipListTest.ConcurrentReadWrite (5 ms)
[----------] 4 tests from SkipListTest (5 ms total)

[----------] Global test environment tear-down
[==========] 4 tests from 1 test suite ran. (5 ms total)
[  PASSED  ] 4 tests.
i
[==========] Running 4 tests from 1 test suite.
[----------] Global test environment set-up.
[----------] 4 tests from SkipListTest
[ RUN      ] SkipListTest.PutAndGet
[       OK ] SkipListTest.PutAndGet (0 ms)
[ RUN      ] SkipListTest.MultipleInsertAndRetrieve
[       OK ] SkipListTest.MultipleInsertAndRetrieve (0 ms)
[ RUN      ] SkipListTest.RandomOperations
[       OK ] SkipListTest.RandomOperations (0 ms)
[ RUN      ] SkipListTest.ConcurrentReadWrite
[       OK ] SkipListTest.ConcurrentReadWrite (3 ms)
[----------] 4 tests from SkipListTest (3 ms total)

[----------] Global test environment tear-down
[==========] 4 tests from 1 test suite ran. (3 ms total)
[  PASSED  ] 4 tests.
i
[==========] Running 4 tests from 1 test suite.
[----------] Global test environment set-up.
[----------] 4 tests from SkipListTest
[ RUN      ] SkipListTest.PutAndGet
[       OK ] SkipListTest.PutAndGet (0 ms)
[ RUN      ] SkipListTest.MultipleInsertAndRetrieve
[       OK ] SkipListTest.MultipleInsertAndRetrieve (0 ms)
[ RUN      ] SkipListTest.RandomOperations
[       OK ] SkipListTest.RandomOperations (0 ms)
[ RUN      ] SkipListTest.ConcurrentReadWrite
[       OK ] SkipListTest.ConcurrentReadWrite (5 ms)
[----------] 4 tests from SkipListTest (5 ms total)

[----------] Global test environment tear-down
[==========] 4 tests from 1 test suite ran. (5 ms total)
[  PASSED  ] 4 tests.
i
[==========] Running 4 tests from 1 test suite.
[----------] Global test environment set-up.
[----------] 4 tests from SkipListTest
[ RUN      ] SkipListTest.PutAndGet
[       OK ] SkipListTest.PutAndGet (0 ms)
[ RUN      ] SkipListTest.MultipleInsertAndRetrieve
[       OK ] SkipListTest.MultipleInsertAndRetrieve (0 ms)
[ RUN      ] SkipListTest.RandomOperations
[       OK ] SkipListTest.RandomOperations (0 ms)
[ RUN      ] SkipListTest.ConcurrentReadWrite
[       OK ] SkipListTest.ConcurrentReadWrite (3 ms)
[----------] 4 tests from SkipListTest (3 ms total)

[----------] Global test environment tear-down
[==========] 4 tests from 1 test suite ran. (3 ms total)
[  PASSED  ] 4 tests.
i
[==========] Running 4 tests from 1 test suite.
[----------] Global test environment set-up.
[----------] 4 tests from SkipListTest
[ RUN      ] SkipListTest.PutAndGet
[       OK ] SkipListTest.PutAndGet (0 ms)
[ RUN      ] SkipListTest.MultipleInsertAndRetrieve
[       OK ] SkipListTest.MultipleInsertAndRetrieve (0 ms)
[ RUN      ] SkipListTest.RandomOperations
[       OK ] SkipListTest.RandomOperations (0 ms)
[ RUN      ] SkipListTest.ConcurrentReadWrite
[       OK ] SkipListTest.ConcurrentReadWrite (4 ms)
[----------] 4 tests from SkipListTest (4 ms total)

[----------] Global test environment tear-down
[==========] 4 tests from 1 test suite ran. (4 ms total)
[  PASSED  ] 4 tests.
i
[==========] Running 4 tests from 1 test suite.
[----------] Global test environment set-up.
[----------] 4 tests from SkipListTest
[ RUN      ] SkipListTest.PutAndGet
[       OK ] SkipListTest.PutAndGet (0 ms)
[ RUN      ] SkipListTest.MultipleInsertAndRetrieve
[       OK ] SkipListTest.MultipleInsertAndRetrieve (0 ms)
[ RUN      ] SkipListTest.RandomOperations
[       OK ] SkipListTest.RandomOperations (0 ms)
[ RUN      ] SkipListTest.ConcurrentReadWrite
[       OK ] SkipListTest.ConcurrentReadWrite (3 ms)
[----------] 4 tests from SkipListTest (3 ms total)

[----------] Global test environment tear-down
[==========] 4 tests from 1 test suite ran. (3 ms total)
[  PASSED  ] 4 tests.
i
[==========] Running 4 tests from 1 test suite.
[----------] Global test environment set-up.
[----------] 4 tests from SkipListTest
[ RUN      ] SkipListTest.PutAndGet
[       OK ] SkipListTest.PutAndGet (0 ms)
[ RUN      ] SkipListTest.MultipleInsertAndRetrieve
[       OK ] SkipListTest.MultipleInsertAndRetrieve (0 ms)
[ RUN      ] SkipListTest.RandomOperations
[       OK ] SkipListTest.RandomOperations (0 ms)
[ RUN      ] SkipListTest.ConcurrentReadWrite
[       OK ] SkipListTest.ConcurrentReadWrite (3 ms)
[----------] 4 tests from SkipListTest (4 ms total)

[----------] Global test environment tear-down
[==========] 4 tests from 1 test suite ran. (4 ms total)
[  PASSED  ] 4 tests.
i
[==========] Running 4 tests from 1 test suite.
[----------] Global test environment set-up.
[----------] 4 tests from SkipListTest
[ RUN      ] SkipListTest.PutAndGet
[       OK ] SkipListTest.PutAndGet (0 ms)
[ RUN      ] SkipListTest.MultipleInsertAndRetrieve
[       OK ] SkipListTest.MultipleInsertAndRetrieve (0 ms)
[ RUN      ] SkipListTest.RandomOperations
[       OK ] SkipListTest.RandomOperations (0 ms)
[ RUN      ] SkipListTest.ConcurrentReadWrite
[       OK ] SkipListTest.ConcurrentReadWrite (3 ms)
[----------] 4 tests from SkipListTest (4 ms total)

[----------] Global test environment tear-down
[==========] 4 tests from 1 test suite ran. (4 ms total)
[  PASSED  ] 4 tests.
i
[==========] Running 4 tests from 1 test suite.
[----------] Global test environment set-up.
[----------] 4 tests from SkipListTest
[ RUN      ] SkipListTest.PutAndGet
[       OK ] SkipListTest.PutAndGet (0 ms)
[ RUN      ] SkipListTest.MultipleInsertAndRetrieve
[       OK ] SkipListTest.MultipleInsertAndRetrieve (0 ms)
[ RUN      ] SkipListTest.RandomOperations
[       OK ] SkipListTest.RandomOperations (0 ms)
[ RUN      ] SkipListTest.ConcurrentReadWrite
[       OK ] SkipListTest.ConcurrentReadWrite (3 ms)
[----------] 4 tests from SkipListTest (3 ms total)

[----------] Global test environment tear-down
[==========] 4 tests from 1 test suite ran. (3 ms total)
[  PASSED  ] 4 tests.
i
[==========] Running 4 tests from 1 test suite.
[----------] Global test environment set-up.
[----------] 4 tests from SkipListTest
[ RUN      ] SkipListTest.PutAndGet
[       OK ] SkipListTest.PutAndGet (0 ms)
[ RUN      ] SkipListTest.MultipleInsertAndRetrieve
[       OK ] SkipListTest.MultipleInsertAndRetrieve (0 ms)
[ RUN      ] SkipListTest.RandomOperations
[       OK ] SkipListTest.RandomOperations (0 ms)
[ RUN      ] SkipListTest.ConcurrentReadWrite
[       OK ] SkipListTest.ConcurrentReadWrite (4 ms)
[----------] 4 tests from SkipListTest (4 ms total)

[----------] Global test environment tear-down
[==========] 4 tests from 1 test suite ran. (5 ms total)
[  PASSED  ] 4 tests.
i
[==========] Running 4 tests from 1 test suite.
[----------] Global test environment set-up.
[----------] 4 tests from SkipListTest
[ RUN      ] SkipListTest.PutAndGet
[       OK ] SkipListTest.PutAndGet (0 ms)
[ RUN      ] SkipListTest.MultipleInsertAndRetrieve
[       OK ] SkipListTest.MultipleInsertAndRetrieve (0 ms)
[ RUN      ] SkipListTest.RandomOperations
[       OK ] SkipListTest.RandomOperations (0 ms)
[ RUN      ] SkipListTest.ConcurrentReadWrite
[       OK ] SkipListTest.ConcurrentReadWrite (3 ms)
[----------] 4 tests from SkipListTest (3 ms total)

[----------] Global test environment tear-down
[==========] 4 tests from 1 test suite ran. (3 ms total)
[  PASSED  ] 4 tests.
i
[==========] Running 4 tests from 1 test suite.
[----------] Global test environment set-up.
[----------] 4 tests from SkipListTest
[ RUN      ] SkipListTest.PutAndGet
[       OK ] SkipListTest.PutAndGet (0 ms)
[ RUN      ] SkipListTest.MultipleInsertAndRetrieve
[       OK ] SkipListTest.MultipleInsertAndRetrieve (0 ms)
[ RUN      ] SkipListTest.RandomOperations
[       OK ] SkipListTest.RandomOperations (0 ms)
[ RUN      ] SkipListTest.ConcurrentReadWrite
[       OK ] SkipListTest.ConcurrentReadWrite (4 ms)
[----------] 4 tests from SkipListTest (4 ms total)

[----------] Global test environment tear-down
[==========] 4 tests from 1 test suite ran. (4 ms total)
[  PASSED  ] 4 tests.
i
[==========] Running 4 tests from 1 test suite.
[----------] Global test environment set-up.
[----------] 4 tests from SkipListTest
[ RUN      ] SkipListTest.PutAndGet
[       OK ] SkipListTest.PutAndGet (0 ms)
[ RUN      ] SkipListTest.MultipleInsertAndRetrieve
[       OK ] SkipListTest.MultipleInsertAndRetrieve (0 ms)
[ RUN      ] SkipListTest.RandomOperations
[       OK ] SkipListTest.RandomOperations (0 ms)
[ RUN      ] SkipListTest.ConcurrentReadWrite
[       OK ] SkipListTest.ConcurrentReadWrite (3 ms)
[----------] 4 tests from SkipListTest (3 ms total)

[----------] Global test environment tear-down
[==========] 4 tests from 1 test suite ran. (3 ms total)
[  PASSED  ] 4 tests.
i
[==========] Running 4 tests from 1 test suite.
[----------] Global test environment set-up.
[----------] 4 tests from SkipListTest
[ RUN      ] SkipListTest.PutAndGet
[       OK ] SkipListTest.PutAndGet (0 ms)
[ RUN      ] SkipListTest.MultipleInsertAndRetrieve
[       OK ] SkipListTest.MultipleInsertAndRetrieve (0 ms)
[ RUN      ] SkipListTest.RandomOperations
[       OK ] SkipListTest.RandomOperations (0 ms)
[ RUN      ] SkipListTest.ConcurrentReadWrite
[       OK ] SkipListTest.ConcurrentReadWrite (4 ms)
[----------] 4 tests from SkipListTest (4 ms total)

[----------] Global test environment tear-down
[==========] 4 tests from 1 test suite ran. (4 ms total)
[  PASSED  ] 4 tests.
i
[==========] Running 4 tests from 1 test suite.
[----------] Global test environment set-up.
[----------] 4 tests from SkipListTest
[ RUN      ] SkipListTest.PutAndGet
[       OK ] SkipListTest.PutAndGet (0 ms)
[ RUN      ] SkipListTest.MultipleInsertAndRetrieve
[       OK ] SkipListTest.MultipleInsertAndRetrieve (0 ms)
[ RUN      ] SkipListTest.RandomOperations
[       OK ] SkipListTest.RandomOperations (0 ms)
[ RUN      ] SkipListTest.ConcurrentReadWrite
[       OK ] SkipListTest.ConcurrentReadWrite (4 ms)
[----------] 4 tests from SkipListTest (4 ms total)

[----------] Global test environment tear-down
[==========] 4 tests from 1 test suite ran. (4 ms total)
[  PASSED  ] 4 tests.
i
[==========] Running 4 tests from 1 test suite.
[----------] Global test environment set-up.
[----------] 4 tests from SkipListTest
[ RUN      ] SkipListTest.PutAndGet
[       OK ] SkipListTest.PutAndGet (0 ms)
[ RUN      ] SkipListTest.MultipleInsertAndRetrieve
[       OK ] SkipListTest.MultipleInsertAndRetrieve (0 ms)
[ RUN      ] SkipListTest.RandomOperations
[       OK ] SkipListTest.RandomOperations (0 ms)
[ RUN      ] SkipListTest.ConcurrentReadWrite
[       OK ] SkipListTest.ConcurrentReadWrite (4 ms)
[----------] 4 tests from SkipListTest (4 ms total)

[----------] Global test environment tear-down
[==========] 4 tests from 1 test suite ran. (4 ms total)
[  PASSED  ] 4 tests.
i
[==========] Running 4 tests from 1 test suite.
[----------] Global test environment set-up.
[----------] 4 tests from SkipListTest
[ RUN      ] SkipListTest.PutAndGet
[       OK ] SkipListTest.PutAndGet (0 ms)
[ RUN      ] SkipListTest.MultipleInsertAndRetrieve
[       OK ] SkipListTest.MultipleInsertAndRetrieve (0 ms)
[ RUN      ] SkipListTest.RandomOperations
[       OK ] SkipListTest.RandomOperations (0 ms)
[ RUN      ] SkipListTest.ConcurrentReadWrite
[       OK ] SkipListTest.ConcurrentReadWrite (3 ms)
[----------] 4 tests from SkipListTest (3 ms total)

[----------] Global test environment tear-down
[==========] 4 tests from 1 test suite ran. (3 ms total)
[  PASSED  ] 4 tests.
i
[==========] Running 4 tests from 1 test suite.
[----------] Global test environment set-up.
[----------] 4 tests from SkipListTest
[ RUN      ] SkipListTest.PutAndGet
[       OK ] SkipListTest.PutAndGet (0 ms)
[ RUN      ] SkipListTest.MultipleInsertAndRetrieve
[       OK ] SkipListTest.MultipleInsertAndRetrieve (0 ms)
[ RUN      ] SkipListTest.RandomOperations
[       OK ] SkipListTest.RandomOperations (0 ms)
[ RUN      ] SkipListTest.ConcurrentReadWrite
[       OK ] SkipListTest.ConcurrentReadWrite (4 ms)
[----------] 4 tests from SkipListTest (4 ms total)

[----------] Global test environment tear-down
[==========] 4 tests from 1 test suite ran. (4 ms total)
[  PASSED  ] 4 tests.
i
[==========] Running 4 tests from 1 test suite.
[----------] Global test environment set-up.
[----------] 4 tests from SkipListTest
[ RUN      ] SkipListTest.PutAndGet
[       OK ] SkipListTest.PutAndGet (0 ms)
[ RUN      ] SkipListTest.MultipleInsertAndRetrieve
[       OK ] SkipListTest.MultipleInsertAndRetrieve (0 ms)
[ RUN      ] SkipListTest.RandomOperations
[       OK ] SkipListTest.RandomOperations (0 ms)
[ RUN      ] SkipListTest.ConcurrentReadWrite
[       OK ] SkipListTest.ConcurrentReadWrite (4 ms)
[----------] 4 tests from SkipListTest (4 ms total)

[----------] Global test environment tear-down
[==========] 4 tests from 1 test suite ran. (4 ms total)
[  PASSED  ] 4 tests.
i
[==========] Running 4 tests from 1 test suite.
[----------] Global test environment set-up.
[----------] 4 tests from SkipListTest
[ RUN      ] SkipListTest.PutAndGet
[       OK ] SkipListTest.PutAndGet (0 ms)
[ RUN      ] SkipListTest.MultipleInsertAndRetrieve
[       OK ] SkipListTest.MultipleInsertAndRetrieve (0 ms)
[ RUN      ] SkipListTest.RandomOperations
[       OK ] SkipListTest.RandomOperations (0 ms)
[ RUN      ] SkipListTest.ConcurrentReadWrite
[       OK ] SkipListTest.ConcurrentReadWrite (4 ms)
[----------] 4 tests from SkipListTest (5 ms total)

[----------] Global test environment tear-down
[==========] 4 tests from 1 test suite ran. (5 ms total)
[  PASSED  ] 4 tests.
i
[==========] Running 4 tests from 1 test suite.
[----------] Global test environment set-up.
[----------] 4 tests from SkipListTest
[ RUN      ] SkipListTest.PutAndGet
[       OK ] SkipListTest.PutAndGet (0 ms)
[ RUN      ] SkipListTest.MultipleInsertAndRetrieve
[       OK ] SkipListTest.MultipleInsertAndRetrieve (0 ms)
[ RUN      ] SkipListTest.RandomOperations
[       OK ] SkipListTest.RandomOperations (0 ms)
[ RUN      ] SkipListTest.ConcurrentReadWrite
[       OK ] SkipListTest.ConcurrentReadWrite (5 ms)
[----------] 4 tests from SkipListTest (5 ms total)

[----------] Global test environment tear-down
[==========] 4 tests from 1 test suite ran. (5 ms total)
[  PASSED  ] 4 tests.
i
[==========] Running 4 tests from 1 test suite.
[----------] Global test environment set-up.
[----------] 4 tests from SkipListTest
[ RUN      ] SkipListTest.PutAndGet
[       OK ] SkipListTest.PutAndGet (0 ms)
[ RUN      ] SkipListTest.MultipleInsertAndRetrieve
[       OK ] SkipListTest.MultipleInsertAndRetrieve (0 ms)
[ RUN      ] SkipListTest.RandomOperations
[       OK ] SkipListTest.RandomOperations (0 ms)
[ RUN      ] SkipListTest.ConcurrentReadWrite
[       OK ] SkipListTest.ConcurrentReadWrite (4 ms)
[----------] 4 tests from SkipListTest (5 ms total)

[----------] Global test environment tear-down
[==========] 4 tests from 1 test suite ran. (5 ms total)
[  PASSED  ] 4 tests.
i
[==========] Running 4 tests from 1 test suite.
[----------] Global test environment set-up.
[----------] 4 tests from SkipListTest
[ RUN      ] SkipListTest.PutAndGet
[       OK ] SkipListTest.PutAndGet (0 ms)
[ RUN      ] SkipListTest.MultipleInsertAndRetrieve
[       OK ] SkipListTest.MultipleInsertAndRetrieve (0 ms)
[ RUN      ] SkipListTest.RandomOperations
[       OK ] SkipListTest.RandomOperations (0 ms)
[ RUN      ] SkipListTest.ConcurrentReadWrite
[       OK ] SkipListTest.ConcurrentReadWrite (3 ms)
[----------] 4 tests from SkipListTest (4 ms total)

[----------] Global test environment tear-down
[==========] 4 tests from 1 test suite ran. (4 ms total)
[  PASSED  ] 4 tests.
i
[==========] Running 4 tests from 1 test suite.
[----------] Global test environment set-up.
[----------] 4 tests from SkipListTest
[ RUN      ] SkipListTest.PutAndGet
[       OK ] SkipListTest.PutAndGet (0 ms)
[ RUN      ] SkipListTest.MultipleInsertAndRetrieve
[       OK ] SkipListTest.MultipleInsertAndRetrieve (0 ms)
[ RUN      ] SkipListTest.RandomOperations
[       OK ] SkipListTest.RandomOperations (0 ms)
[ RUN      ] SkipListTest.ConcurrentReadWrite
[       OK ] SkipListTest.ConcurrentReadWrite (3 ms)
[----------] 4 tests from SkipListTest (4 ms total)

[----------] Global test environment tear-down
[==========] 4 tests from 1 test suite ran. (4 ms total)
[  PASSED  ] 4 tests.
i
[==========] Running 4 tests from 1 test suite.
[----------] Global test environment set-up.
[----------] 4 tests from SkipListTest
[ RUN      ] SkipListTest.PutAndGet
[       OK ] SkipListTest.PutAndGet (0 ms)
[ RUN      ] SkipListTest.MultipleInsertAndRetrieve
[       OK ] SkipListTest.MultipleInsertAndRetrieve (0 ms)
[ RUN      ] SkipListTest.RandomOperations
[       OK ] SkipListTest.RandomOperations (0 ms)
[ RUN      ] SkipListTest.ConcurrentReadWrite
[       OK ] SkipListTest.ConcurrentReadWrite (3 ms)
[----------] 4 tests from SkipListTest (4 ms total)

[----------] Global test environment tear-down
[==========] 4 tests from 1 test suite ran. (4 ms total)
[  PASSED  ] 4 tests.
i
[==========] Running 4 tests from 1 test suite.
[----------] Global test environment set-up.
[----------] 4 tests from SkipListTest
[ RUN      ] SkipListTest.PutAndGet
[       OK ] SkipListTest.PutAndGet (0 ms)
[ RUN      ] SkipListTest.MultipleInsertAndRetrieve
[       OK ] SkipListTest.MultipleInsertAndRetrieve (0 ms)
[ RUN      ] SkipListTest.RandomOperations
[       OK ] SkipListTest.RandomOperations (0 ms)
[ RUN      ] SkipListTest.ConcurrentReadWrite
[       OK ] SkipListTest.ConcurrentReadWrite (4 ms)
[----------] 4 tests from SkipListTest (4 ms total)

[----------] Global test environment tear-down
[==========] 4 tests from 1 test suite ran. (4 ms total)
[  PASSED  ] 4 tests.
i
[==========] Running 4 tests from 1 test suite.
[----------] Global test environment set-up.
[----------] 4 tests from SkipListTest
[ RUN      ] SkipListTest.PutAndGet
[       OK ] SkipListTest.PutAndGet (0 ms)
[ RUN      ] SkipListTest.MultipleInsertAndRetrieve
[       OK ] SkipListTest.MultipleInsertAndRetrieve (0 ms)
[ RUN      ] SkipListTest.RandomOperations
[       OK ] SkipListTest.RandomOperations (0 ms)
[ RUN      ] SkipListTest.ConcurrentReadWrite
[       OK ] SkipListTest.ConcurrentReadWrite (4 ms)
[----------] 4 tests from SkipListTest (5 ms total)

[----------] Global test environment tear-down
[==========] 4 tests from 1 test suite ran. (5 ms total)
[  PASSED  ] 4 tests.
i
[==========] Running 4 tests from 1 test suite.
[----------] Global test environment set-up.
[----------] 4 tests from SkipListTest
[ RUN      ] SkipListTest.PutAndGet
[       OK ] SkipListTest.PutAndGet (0 ms)
[ RUN      ] SkipListTest.MultipleInsertAndRetrieve
[       OK ] SkipListTest.MultipleInsertAndRetrieve (0 ms)
[ RUN      ] SkipListTest.RandomOperations
[       OK ] SkipListTest.RandomOperations (0 ms)
[ RUN      ] SkipListTest.ConcurrentReadWrite
[       OK ] SkipListTest.ConcurrentReadWrite (4 ms)
[----------] 4 tests from SkipListTest (4 ms total)

[----------] Global test environment tear-down
[==========] 4 tests from 1 test suite ran. (4 ms total)
[  PASSED  ] 4 tests.
i
[==========] Running 4 tests from 1 test suite.
[----------] Global test environment set-up.
[----------] 4 tests from SkipListTest
[ RUN      ] SkipListTest.PutAndGet
[       OK ] SkipListTest.PutAndGet (0 ms)
[ RUN      ] SkipListTest.MultipleInsertAndRetrieve
[       OK ] SkipListTest.MultipleInsertAndRetrieve (0 ms)
[ RUN      ] SkipListTest.RandomOperations
[       OK ] SkipListTest.RandomOperations (0 ms)
[ RUN      ] SkipListTest.ConcurrentReadWrite
[       OK ] SkipListTest.ConcurrentReadWrite (4 ms)
[----------] 4 tests from SkipListTest (4 ms total)

[----------] Global test environment tear-down
[==========] 4 tests from 1 test suite ran. (4 ms total)
[  PASSED  ] 4 tests.
i
[==========] Running 4 tests from 1 test suite.
[----------] Global test environment set-up.
[----------] 4 tests from SkipListTest
[ RUN      ] SkipListTest.PutAndGet
[       OK ] SkipListTest.PutAndGet (0 ms)
[ RUN      ] SkipListTest.MultipleInsertAndRetrieve
[       OK ] SkipListTest.MultipleInsertAndRetrieve (0 ms)
[ RUN      ] SkipListTest.RandomOperations
[       OK ] SkipListTest.RandomOperations (0 ms)
[ RUN      ] SkipListTest.ConcurrentReadWrite
[       OK ] SkipListTest.ConcurrentReadWrite (3 ms)
[----------] 4 tests from SkipListTest (3 ms total)

[----------] Global test environment tear-down
[==========] 4 tests from 1 test suite ran. (4 ms total)
[  PASSED  ] 4 tests.
i
[==========] Running 4 tests from 1 test suite.
[----------] Global test environment set-up.
[----------] 4 tests from SkipListTest
[ RUN      ] SkipListTest.PutAndGet
[       OK ] SkipListTest.PutAndGet (0 ms)
[ RUN      ] SkipListTest.MultipleInsertAndRetrieve
[       OK ] SkipListTest.MultipleInsertAndRetrieve (0 ms)
[ RUN      ] SkipListTest.RandomOperations
[       OK ] SkipListTest.RandomOperations (0 ms)
[ RUN      ] SkipListTest.ConcurrentReadWrite
[       OK ] SkipListTest.ConcurrentReadWrite (5 ms)
[----------] 4 tests from SkipListTest (5 ms total)

[----------] Global test environment tear-down
[==========] 4 tests from 1 test suite ran. (5 ms total)
[  PASSED  ] 4 tests.
i
[==========] Running 4 tests from 1 test suite.
[----------] Global test environment set-up.
[----------] 4 tests from SkipListTest
[ RUN      ] SkipListTest.PutAndGet
[       OK ] SkipListTest.PutAndGet (0 ms)
[ RUN      ] SkipListTest.MultipleInsertAndRetrieve
[       OK ] SkipListTest.MultipleInsertAndRetrieve (0 ms)
[ RUN      ] SkipListTest.RandomOperations
[       OK ] SkipListTest.RandomOperations (0 ms)
[ RUN      ] SkipListTest.ConcurrentReadWrite
[       OK ] SkipListTest.ConcurrentReadWrite (3 ms)
[----------] 4 tests from SkipListTest (4 ms total)

[----------] Global test environment tear-down
[==========] 4 tests from 1 test suite ran. (4 ms total)
[  PASSED  ] 4 tests.
i
[==========] Running 4 tests from 1 test suite.
[----------] Global test environment set-up.
[----------] 4 tests from SkipListTest
[ RUN      ] SkipListTest.PutAndGet
[       OK ] SkipListTest.PutAndGet (0 ms)
[ RUN      ] SkipListTest.MultipleInsertAndRetrieve
[       OK ] SkipListTest.MultipleInsertAndRetrieve (0 ms)
[ RUN      ] SkipListTest.RandomOperations
[       OK ] SkipListTest.RandomOperations (0 ms)
[ RUN      ] SkipListTest.ConcurrentReadWrite
[       OK ] SkipListTest.ConcurrentReadWrite (5 ms)
[----------] 4 tests from SkipListTest (5 ms total)

[----------] Global test environment tear-down
[==========] 4 tests from 1 test suite ran. (5 ms total)
[  PASSED  ] 4 tests.
i
[==========] Running 4 tests from 1 test suite.
[----------] Global test environment set-up.
[----------] 4 tests from SkipListTest
[ RUN      ] SkipListTest.PutAndGet
[       OK ] SkipListTest.PutAndGet (0 ms)
[ RUN      ] SkipListTest.MultipleInsertAndRetrieve
[       OK ] SkipListTest.MultipleInsertAndRetrieve (0 ms)
[ RUN      ] SkipListTest.RandomOperations
[       OK ] SkipListTest.RandomOperations (0 ms)
[ RUN      ] SkipListTest.ConcurrentReadWrite
[       OK ] SkipListTest.ConcurrentReadWrite (4 ms)
[----------] 4 tests from SkipListTest (4 ms total)

[----------] Global test environment tear-down
[==========] 4 tests from 1 test suite ran. (4 ms total)
[  PASSED  ] 4 tests.
i
[==========] Running 4 tests from 1 test suite.
[----------] Global test environment set-up.
[----------] 4 tests from SkipListTest
[ RUN      ] SkipListTest.PutAndGet
[       OK ] SkipListTest.PutAndGet (0 ms)
[ RUN      ] SkipListTest.MultipleInsertAndRetrieve
[       OK ] SkipListTest.MultipleInsertAndRetrieve (0 ms)
[ RUN      ] SkipListTest.RandomOperations
[       OK ] SkipListTest.RandomOperations (0 ms)
[ RUN      ] SkipListTest.ConcurrentReadWrite
[       OK ] SkipListTest.ConcurrentReadWrite (4 ms)
[----------] 4 tests from SkipListTest (4 ms total)

[----------] Global test environment tear-down
[==========] 4 tests from 1 test suite ran. (5 ms total)
[  PASSED  ] 4 tests.
i
[==========] Running 4 tests from 1 test suite.
[----------] Global test environment set-up.
[----------] 4 tests from SkipListTest
[ RUN      ] SkipListTest.PutAndGet
[       OK ] SkipListTest.PutAndGet (0 ms)
[ RUN      ] SkipListTest.MultipleInsertAndRetrieve
[       OK ] SkipListTest.MultipleInsertAndRetrieve (0 ms)
[ RUN      ] SkipListTest.RandomOperations
[       OK ] SkipListTest.RandomOperations (0 ms)
[ RUN      ] SkipListTest.ConcurrentReadWrite
[       OK ] SkipListTest.ConcurrentReadWrite (4 ms)
[----------] 4 tests from SkipListTest (4 ms total)

[----------] Global test environment tear-down
[==========] 4 tests from 1 test suite ran. (4 ms total)
[  PASSED  ] 4 tests.
i
[==========] Running 4 tests from 1 test suite.
[----------] Global test environment set-up.
[----------] 4 tests from SkipListTest
[ RUN      ] SkipListTest.PutAndGet
[       OK ] SkipListTest.PutAndGet (0 ms)
[ RUN      ] SkipListTest.MultipleInsertAndRetrieve
[       OK ] SkipListTest.MultipleInsertAndRetrieve (0 ms)
[ RUN      ] SkipListTest.RandomOperations
[       OK ] SkipListTest.RandomOperations (0 ms)
[ RUN      ] SkipListTest.ConcurrentReadWrite
[       OK ] SkipListTest.ConcurrentReadWrite (5 ms)
[----------] 4 tests from SkipListTest (5 ms total)

[----------] Global test environment tear-down
[==========] 4 tests from 1 test suite ran. (5 ms total)
[  PASSED  ] 4 tests.
i
[==========] Running 4 tests from 1 test suite.
[----------] Global test environment set-up.
[----------] 4 tests from SkipListTest
[ RUN      ] SkipListTest.PutAndGet
[       OK ] SkipListTest.PutAndGet (0 ms)
[ RUN      ] SkipListTest.MultipleInsertAndRetrieve
[       OK ] SkipListTest.MultipleInsertAndRetrieve (0 ms)
[ RUN      ] SkipListTest.RandomOperations
[       OK ] SkipListTest.RandomOperations (0 ms)
[ RUN      ] SkipListTest.ConcurrentReadWrite
[       OK ] SkipListTest.ConcurrentReadWrite (3 ms)
[----------] 4 tests from SkipListTest (3 ms total)

[----------] Global test environment tear-down
[==========] 4 tests from 1 test suite ran. (4 ms total)
[  PASSED  ] 4 tests.
i
[==========] Running 4 tests from 1 test suite.
[----------] Global test environment set-up.
[----------] 4 tests from SkipListTest
[ RUN      ] SkipListTest.PutAndGet
[       OK ] SkipListTest.PutAndGet (0 ms)
[ RUN      ] SkipListTest.MultipleInsertAndRetrieve
[       OK ] SkipListTest.MultipleInsertAndRetrieve (0 ms)
[ RUN      ] SkipListTest.RandomOperations
[       OK ] SkipListTest.RandomOperations (0 ms)
[ RUN      ] SkipListTest.ConcurrentReadWrite
[       OK ] SkipListTest.ConcurrentReadWrite (4 ms)
[----------] 4 tests from SkipListTest (4 ms total)

[----------] Global test environment tear-down
[==========] 4 tests from 1 test suite ran. (5 ms total)
[  PASSED  ] 4 tests.
i
[==========] Running 4 tests from 1 test suite.
[----------] Global test environment set-up.
[----------] 4 tests from SkipListTest
[ RUN      ] SkipListTest.PutAndGet
[       OK ] SkipListTest.PutAndGet (0 ms)
[ RUN      ] SkipListTest.MultipleInsertAndRetrieve
[       OK ] SkipListTest.MultipleInsertAndRetrieve (0 ms)
[ RUN      ] SkipListTest.RandomOperations
[       OK ] SkipListTest.RandomOperations (0 ms)
[ RUN      ] SkipListTest.ConcurrentReadWrite
[       OK ] SkipListTest.ConcurrentReadWrite (3 ms)
[----------] 4 tests from SkipListTest (3 ms total)

[----------] Global test environment tear-down
[==========] 4 tests from 1 test suite ran. (3 ms total)
[  PASSED  ] 4 tests.
i
[==========] Running 4 tests from 1 test suite.
[----------] Global test environment set-up.
[----------] 4 tests from SkipListTest
[ RUN      ] SkipListTest.PutAndGet
[       OK ] SkipListTest.PutAndGet (0 ms)
[ RUN      ] SkipListTest.MultipleInsertAndRetrieve
[       OK ] SkipListTest.MultipleInsertAndRetrieve (0 ms)
[ RUN      ] SkipListTest.RandomOperations
[       OK ] SkipListTest.RandomOperations (0 ms)
[ RUN      ] SkipListTest.ConcurrentReadWrite
[       OK ] SkipListTest.ConcurrentReadWrite (5 ms)
[----------] 4 tests from SkipListTest (5 ms total)

[----------] Global test environment tear-down
[==========] 4 tests from 1 test suite ran. (5 ms total)
[  PASSED  ] 4 tests.
i
[==========] Running 4 tests from 1 test suite.
[----------] Global test environment set-up.
[----------] 4 tests from SkipListTest
[ RUN      ] SkipListTest.PutAndGet
[       OK ] SkipListTest.PutAndGet (0 ms)
[ RUN      ] SkipListTest.MultipleInsertAndRetrieve
[       OK ] SkipListTest.MultipleInsertAndRetrieve (0 ms)
[ RUN      ] SkipListTest.RandomOperations
[       OK ] SkipListTest.RandomOperations (0 ms)
[ RUN      ] SkipListTest.ConcurrentReadWrite
[       OK ] SkipListTest.ConcurrentReadWrite (3 ms)
[----------] 4 tests from SkipListTest (3 ms total)

[----------] Global test environment tear-down
[==========] 4 tests from 1 test suite ran. (3 ms total)
[  PASSED  ] 4 tests.
i
[==========] Running 4 tests from 1 test suite.
[----------] Global test environment set-up.
[----------] 4 tests from SkipListTest
[ RUN      ] SkipListTest.PutAndGet
[       OK ] SkipListTest.PutAndGet (0 ms)
[ RUN      ] SkipListTest.MultipleInsertAndRetrieve
[       OK ] SkipListTest.MultipleInsertAndRetrieve (0 ms)
[ RUN      ] SkipListTest.RandomOperations
[       OK ] SkipListTest.RandomOperations (0 ms)
[ RUN      ] SkipListTest.ConcurrentReadWrite
[       OK ] SkipListTest.ConcurrentReadWrite (4 ms)
[----------] 4 tests from SkipListTest (4 ms total)

[----------] Global test environment tear-down
[==========] 4 tests from 1 test suite ran. (4 ms total)
[  PASSED  ] 4 tests.
i
[==========] Running 4 tests from 1 test suite.
[----------] Global test environment set-up.
[----------] 4 tests from SkipListTest
[ RUN      ] SkipListTest.PutAndGet
[       OK ] SkipListTest.PutAndGet (0 ms)
[ RUN      ] SkipListTest.MultipleInsertAndRetrieve
[       OK ] SkipListTest.MultipleInsertAndRetrieve (0 ms)
[ RUN      ] SkipListTest.RandomOperations
[       OK ] SkipListTest.RandomOperations (0 ms)
[ RUN      ] SkipListTest.ConcurrentReadWrite
[       OK ] SkipListTest.ConcurrentReadWrite (4 ms)
[----------] 4 tests from SkipListTest (4 ms total)

[----------] Global test environment tear-down
[==========] 4 tests from 1 test suite ran. (4 ms total)
[  PASSED  ] 4 tests.
i
[==========] Running 4 tests from 1 test suite.
[----------] Global test environment set-up.
[----------] 4 tests from SkipListTest
[ RUN      ] SkipListTest.PutAndGet
[       OK ] SkipListTest.PutAndGet (0 ms)
[ RUN      ] SkipListTest.MultipleInsertAndRetrieve
[       OK ] SkipListTest.MultipleInsertAndRetrieve (0 ms)
[ RUN      ] SkipListTest.RandomOperations
[       OK ] SkipListTest.RandomOperations (0 ms)
[ RUN      ] SkipListTest.ConcurrentReadWrite
[       OK ] SkipListTest.ConcurrentReadWrite (3 ms)
[----------] 4 tests from SkipListTest (4 ms total)

[----------] Global test environment tear-down
[==========] 4 tests from 1 test suite ran. (4 ms total)
[  PASSED  ] 4 tests.
i
[==========] Running 4 tests from 1 test suite.
[----------] Global test environment set-up.
[----------] 4 tests from SkipListTest
[ RUN      ] SkipListTest.PutAndGet
[       OK ] SkipListTest.PutAndGet (0 ms)
[ RUN      ] SkipListTest.MultipleInsertAndRetrieve
[       OK ] SkipListTest.MultipleInsertAndRetrieve (0 ms)
[ RUN      ] SkipListTest.RandomOperations
[       OK ] SkipListTest.RandomOperations (0 ms)
[ RUN      ] SkipListTest.ConcurrentReadWrite
[       OK ] SkipListTest.ConcurrentReadWrite (3 ms)
[----------] 4 tests from SkipListTest (3 ms total)

[----------] Global test environment tear-down
[==========] 4 tests from 1 test suite ran. (3 ms total)
[  PASSED  ] 4 tests.
i
[==========] Running 4 tests from 1 test suite.
[----------] Global test environment set-up.
[----------] 4 tests from SkipListTest
[ RUN      ] SkipListTest.PutAndGet
[       OK ] SkipListTest.PutAndGet (0 ms)
[ RUN      ] SkipListTest.MultipleInsertAndRetrieve
[       OK ] SkipListTest.MultipleInsertAndRetrieve (0 ms)
[ RUN      ] SkipListTest.RandomOperations
[       OK ] SkipListTest.RandomOperations (0 ms)
[ RUN      ] SkipListTest.ConcurrentReadWrite
[       OK ] SkipListTest.ConcurrentReadWrite (3 ms)
[----------] 4 tests from SkipListTest (3 ms total)

[----------] Global test environment tear-down
[==========] 4 tests from 1 test suite ran. (4 ms total)
[  PASSED  ] 4 tests.
i
[==========] Running 4 tests from 1 test suite.
[----------] Global test environment set-up.
[----------] 4 tests from SkipListTest
[ RUN      ] SkipListTest.PutAndGet
[       OK ] SkipListTest.PutAndGet (0 ms)
[ RUN      ] SkipListTest.MultipleInsertAndRetrieve
[       OK ] SkipListTest.MultipleInsertAndRetrieve (0 ms)
[ RUN      ] SkipListTest.RandomOperations
[       OK ] SkipListTest.RandomOperations (0 ms)
[ RUN      ] SkipListTest.ConcurrentReadWrite
[       OK ] SkipListTest.ConcurrentReadWrite (4 ms)
[----------] 4 tests from SkipListTest (4 ms total)

[----------] Global test environment tear-down
[==========] 4 tests from 1 test suite ran. (4 ms total)
[  PASSED  ] 4 tests.
i
[==========] Running 4 tests from 1 test suite.
[----------] Global test environment set-up.
[----------] 4 tests from SkipListTest
[ RUN      ] SkipListTest.PutAndGet
[       OK ] SkipListTest.PutAndGet (0 ms)
[ RUN      ] SkipListTest.MultipleInsertAndRetrieve
[       OK ] SkipListTest.MultipleInsertAndRetrieve (0 ms)
[ RUN      ] SkipListTest.RandomOperations
[       OK ] SkipListTest.RandomOperations (0 ms)
[ RUN      ] SkipListTest.ConcurrentReadWrite
[       OK ] SkipListTest.ConcurrentReadWrite (3 ms)
[----------] 4 tests from SkipListTest (3 ms total)

[----------] Global test environment tear-down
[==========] 4 tests from 1 test suite ran. (3 ms total)
[  PASSED  ] 4 tests.
i
[==========] Running 4 tests from 1 test suite.
[----------] Global test environment set-up.
[----------] 4 tests from SkipListTest
[ RUN      ] SkipListTest.PutAndGet
[       OK ] SkipListTest.PutAndGet (0 ms)
[ RUN      ] SkipListTest.MultipleInsertAndRetrieve
[       OK ] SkipListTest.MultipleInsertAndRetrieve (0 ms)
[ RUN      ] SkipListTest.RandomOperations
[       OK ] SkipListTest.RandomOperations (0 ms)
[ RUN      ] SkipListTest.ConcurrentReadWrite
[       OK ] SkipListTest.ConcurrentReadWrite (4 ms)
[----------] 4 tests from SkipListTest (4 ms total)

[----------] Global test environment tear-down
[==========] 4 tests from 1 test suite ran. (4 ms total)
[  PASSED  ] 4 tests.
i
[==========] Running 4 tests from 1 test suite.
[----------] Global test environment set-up.
[----------] 4 tests from SkipListTest
[ RUN      ] SkipListTest.PutAndGet
[       OK ] SkipListTest.PutAndGet (0 ms)
[ RUN      ] SkipListTest.MultipleInsertAndRetrieve
[       OK ] SkipListTest.MultipleInsertAndRetrieve (0 ms)
[ RUN      ] SkipListTest.RandomOperations
[       OK ] SkipListTest.RandomOperations (0 ms)
[ RUN      ] SkipListTest.ConcurrentReadWrite
[       OK ] SkipListTest.ConcurrentReadWrite (3 ms)
[----------] 4 tests from SkipListTest (3 ms total)

[----------] Global test environment tear-down
[==========] 4 tests from 1 test suite ran. (3 ms total)
[  PASSED  ] 4 tests.
i
[==========] Running 4 tests from 1 test suite.
[----------] Global test environment set-up.
[----------] 4 tests from SkipListTest
[ RUN      ] SkipListTest.PutAndGet
[       OK ] SkipListTest.PutAndGet (0 ms)
[ RUN      ] SkipListTest.MultipleInsertAndRetrieve
[       OK ] SkipListTest.MultipleInsertAndRetrieve (0 ms)
[ RUN      ] SkipListTest.RandomOperations
[       OK ] SkipListTest.RandomOperations (0 ms)
[ RUN      ] SkipListTest.ConcurrentReadWrite
[       OK ] SkipListTest.ConcurrentReadWrite (3 ms)
[----------] 4 tests from SkipListTest (4 ms total)

[----------] Global test environment tear-down
[==========] 4 tests from 1 test suite ran. (4 ms total)
[  PASSED  ] 4 tests.
i
[==========] Running 4 tests from 1 test suite.
[----------] Global test environment set-up.
[----------] 4 tests from SkipListTest
[ RUN      ] SkipListTest.PutAndGet
[       OK ] SkipListTest.PutAndGet (0 ms)
[ RUN      ] SkipListTest.MultipleInsertAndRetrieve
[       OK ] SkipListTest.MultipleInsertAndRetrieve (0 ms)
[ RUN      ] SkipListTest.RandomOperations
[       OK ] SkipListTest.RandomOperations (0 ms)
[ RUN      ] SkipListTest.ConcurrentReadWrite
[       OK ] SkipListTest.ConcurrentReadWrite (3 ms)
[----------] 4 tests from SkipListTest (3 ms total)

[----------] Global test environment tear-down
[==========] 4 tests from 1 test suite ran. (3 ms total)
[  PASSED  ] 4 tests.
i
[==========] Running 4 tests from 1 test suite.
[----------] Global test environment set-up.
[----------] 4 tests from SkipListTest
[ RUN      ] SkipListTest.PutAndGet
[       OK ] SkipListTest.PutAndGet (0 ms)
[ RUN      ] SkipListTest.MultipleInsertAndRetrieve
[       OK ] SkipListTest.MultipleInsertAndRetrieve (0 ms)
[ RUN      ] SkipListTest.RandomOperations
[       OK ] SkipListTest.RandomOperations (0 ms)
[ RUN      ] SkipListTest.ConcurrentReadWrite
[       OK ] SkipListTest.ConcurrentReadWrite (4 ms)
[----------] 4 tests from SkipListTest (4 ms total)

[----------] Global test environment tear-down
[==========] 4 tests from 1 test suite ran. (4 ms total)
[  PASSED  ] 4 tests.
i
[==========] Running 4 tests from 1 test suite.
[----------] Global test environment set-up.
[----------] 4 tests from SkipListTest
[ RUN      ] SkipListTest.PutAndGet
[       OK ] SkipListTest.PutAndGet (0 ms)
[ RUN      ] SkipListTest.MultipleInsertAndRetrieve
[       OK ] SkipListTest.MultipleInsertAndRetrieve (0 ms)
[ RUN      ] SkipListTest.RandomOperations
[       OK ] SkipListTest.RandomOperations (0 ms)
[ RUN      ] SkipListTest.ConcurrentReadWrite
[       OK ] SkipListTest.ConcurrentReadWrite (4 ms)
[----------] 4 tests from SkipListTest (4 ms total)

[----------] Global test environment tear-down
[==========] 4 tests from 1 test suite ran. (4 ms total)
[  PASSED  ] 4 tests.
i
[==========] Running 4 tests from 1 test suite.
[----------] Global test environment set-up.
[----------] 4 tests from SkipListTest
[ RUN      ] SkipListTest.PutAndGet
[       OK ] SkipListTest.PutAndGet (0 ms)
[ RUN      ] SkipListTest.MultipleInsertAndRetrieve
[       OK ] SkipListTest.MultipleInsertAndRetrieve (0 ms)
[ RUN      ] SkipListTest.RandomOperations
[       OK ] SkipListTest.RandomOperations (0 ms)
[ RUN      ] SkipListTest.ConcurrentReadWrite
[       OK ] SkipListTest.ConcurrentReadWrite (5 ms)
[----------] 4 tests from SkipListTest (5 ms total)

[----------] Global test environment tear-down
[==========] 4 tests from 1 test suite ran. (5 ms total)
[  PASSED  ] 4 tests.
i
[==========] Running 4 tests from 1 test suite.
[----------] Global test environment set-up.
[----------] 4 tests from SkipListTest
[ RUN      ] SkipListTest.PutAndGet
[       OK ] SkipListTest.PutAndGet (0 ms)
[ RUN      ] SkipListTest.MultipleInsertAndRetrieve
[       OK ] SkipListTest.MultipleInsertAndRetrieve (0 ms)
[ RUN      ] SkipListTest.RandomOperations
[       OK ] SkipListTest.RandomOperations (0 ms)
[ RUN      ] SkipListTest.ConcurrentReadWrite
[       OK ] SkipListTest.ConcurrentReadWrite (4 ms)
[----------] 4 tests from SkipListTest (4 ms total)

[----------] Global test environment tear-down
[==========] 4 tests from 1 test suite ran. (4 ms total)
[  PASSED  ] 4 tests.
i
[==========] Running 4 tests from 1 test suite.
[----------] Global test environment set-up.
[----------] 4 tests from SkipListTest
[ RUN      ] SkipListTest.PutAndGet
[       OK ] SkipListTest.PutAndGet (0 ms)
[ RUN      ] SkipListTest.MultipleInsertAndRetrieve
[       OK ] SkipListTest.MultipleInsertAndRetrieve (0 ms)
[ RUN      ] SkipListTest.RandomOperations
[       OK ] SkipListTest.RandomOperations (0 ms)
[ RUN      ] SkipListTest.ConcurrentReadWrite
[       OK ] SkipListTest.ConcurrentReadWrite (4 ms)
[----------] 4 tests from SkipListTest (4 ms total)

[----------] Global test environment tear-down
[==========] 4 tests from 1 test suite ran. (4 ms total)
[  PASSED  ] 4 tests.
i
[==========] Running 4 tests from 1 test suite.
[----------] Global test environment set-up.
[----------] 4 tests from SkipListTest
[ RUN      ] SkipListTest.PutAndGet
[       OK ] SkipListTest.PutAndGet (0 ms)
[ RUN      ] SkipListTest.MultipleInsertAndRetrieve
[       OK ] SkipListTest.MultipleInsertAndRetrieve (0 ms)
[ RUN      ] SkipListTest.RandomOperations
[       OK ] SkipListTest.RandomOperations (0 ms)
[ RUN      ] SkipListTest.ConcurrentReadWrite
[       OK ] SkipListTest.ConcurrentReadWrite (3 ms)
[----------] 4 tests from SkipListTest (3 ms total)

[----------] Global test environment tear-down
[==========] 4 tests from 1 test suite ran. (4 ms total)
[  PASSED  ] 4 tests.
i
[==========] Running 4 tests from 1 test suite.
[----------] Global test environment set-up.
[----------] 4 tests from SkipListTest
[ RUN      ] SkipListTest.PutAndGet
[       OK ] SkipListTest.PutAndGet (0 ms)
[ RUN      ] SkipListTest.MultipleInsertAndRetrieve
[       OK ] SkipListTest.MultipleInsertAndRetrieve (0 ms)
[ RUN      ] SkipListTest.RandomOperations
[       OK ] SkipListTest.RandomOperations (0 ms)
[ RUN      ] SkipListTest.ConcurrentReadWrite
[       OK ] SkipListTest.ConcurrentReadWrite (3 ms)
[----------] 4 tests from SkipListTest (3 ms total)

[----------] Global test environment tear-down
[==========] 4 tests from 1 test suite ran. (3 ms total)
[  PASSED  ] 4 tests.
i
[==========] Running 4 tests from 1 test suite.
[----------] Global test environment set-up.
[----------] 4 tests from SkipListTest
[ RUN      ] SkipListTest.PutAndGet
[       OK ] SkipListTest.PutAndGet (0 ms)
[ RUN      ] SkipListTest.MultipleInsertAndRetrieve
[       OK ] SkipListTest.MultipleInsertAndRetrieve (0 ms)
[ RUN      ] SkipListTest.RandomOperations
[       OK ] SkipListTest.RandomOperations (0 ms)
[ RUN      ] SkipListTest.ConcurrentReadWrite
[       OK ] SkipListTest.ConcurrentReadWrite (3 ms)
[----------] 4 tests from SkipListTest (3 ms total)

[----------] Global test environment tear-down
[==========] 4 tests from 1 test suite ran. (3 ms total)
[  PASSED  ] 4 tests.
i
[==========] Running 4 tests from 1 test suite.
[----------] Global test environment set-up.
[----------] 4 tests from SkipListTest
[ RUN      ] SkipListTest.PutAndGet
[       OK ] SkipListTest.PutAndGet (0 ms)
[ RUN      ] SkipListTest.MultipleInsertAndRetrieve
[       OK ] SkipListTest.MultipleInsertAndRetrieve (0 ms)
[ RUN      ] SkipListTest.RandomOperations
[       OK ] SkipListTest.RandomOperations (0 ms)
[ RUN      ] SkipListTest.ConcurrentReadWrite
[       OK ] SkipListTest.ConcurrentReadWrite (3 ms)
[----------] 4 tests from SkipListTest (4 ms total)

[----------] Global test environment tear-down
[==========] 4 tests from 1 test suite ran. (4 ms total)
[  PASSED  ] 4 tests.
i
[==========] Running 4 tests from 1 test suite.
[----------] Global test environment set-up.
[----------] 4 tests from SkipListTest
[ RUN      ] SkipListTest.PutAndGet
[       OK ] SkipListTest.PutAndGet (0 ms)
[ RUN      ] SkipListTest.MultipleInsertAndRetrieve
[       OK ] SkipListTest.MultipleInsertAndRetrieve (0 ms)
[ RUN      ] SkipListTest.RandomOperations
[       OK ] SkipListTest.RandomOperations (0 ms)
[ RUN      ] SkipListTest.ConcurrentReadWrite
[       OK ] SkipListTest.ConcurrentReadWrite (3 ms)
[----------] 4 tests from SkipListTest (3 ms total)

[----------] Global test environment tear-down
[==========] 4 tests from 1 test suite ran. (3 ms total)
[  PASSED  ] 4 tests.
i
[==========] Running 4 tests from 1 test suite.
[----------] Global test environment set-up.
[----------] 4 tests from SkipListTest
[ RUN      ] SkipListTest.PutAndGet
[       OK ] SkipListTest.PutAndGet (0 ms)
[ RUN      ] SkipListTest.MultipleInsertAndRetrieve
[       OK ] SkipListTest.MultipleInsertAndRetrieve (0 ms)
[ RUN      ] SkipListTest.RandomOperations
[       OK ] SkipListTest.RandomOperations (0 ms)
[ RUN      ] SkipListTest.ConcurrentReadWrite
[       OK ] SkipListTest.ConcurrentReadWrite (3 ms)
[----------] 4 tests from SkipListTest (3 ms total)

[----------] Global test environment tear-down
[==========] 4 tests from 1 test suite ran. (3 ms total)
[  PASSED  ] 4 tests.
i
[==========] Running 4 tests from 1 test suite.
[----------] Global test environment set-up.
[----------] 4 tests from SkipListTest
[ RUN      ] SkipListTest.PutAndGet
[       OK ] SkipListTest.PutAndGet (0 ms)
[ RUN      ] SkipListTest.MultipleInsertAndRetrieve
[       OK ] SkipListTest.MultipleInsertAndRetrieve (0 ms)
[ RUN      ] SkipListTest.RandomOperations
[       OK ] SkipListTest.RandomOperations (0 ms)
[ RUN      ] SkipListTest.ConcurrentReadWrite
[       OK ] SkipListTest.ConcurrentReadWrite (3 ms)
[----------] 4 tests from SkipListTest (3 ms total)

[----------] Global test environment tear-down
[==========] 4 tests from 1 test suite ran. (3 ms total)
[  PASSED  ] 4 tests.
i
[==========] Running 4 tests from 1 test suite.
[----------] Global test environment set-up.
[----------] 4 tests from SkipListTest
[ RUN      ] SkipListTest.PutAndGet
[       OK ] SkipListTest.PutAndGet (0 ms)
[ RUN      ] SkipListTest.MultipleInsertAndRetrieve
[       OK ] SkipListTest.MultipleInsertAndRetrieve (0 ms)
[ RUN      ] SkipListTest.RandomOperations
[       OK ] SkipListTest.RandomOperations (0 ms)
[ RUN      ] SkipListTest.ConcurrentReadWrite
[       OK ] SkipListTest.ConcurrentReadWrite (3 ms)
[----------] 4 tests from SkipListTest (3 ms total)

[----------] Global test environment tear-down
[==========] 4 tests from 1 test suite ran. (3 ms total)
[  PASSED  ] 4 tests.
i
[==========] Running 4 tests from 1 test suite.
[----------] Global test environment set-up.
[----------] 4 tests from SkipListTest
[ RUN      ] SkipListTest.PutAndGet
[       OK ] SkipListTest.PutAndGet (0 ms)
[ RUN      ] SkipListTest.MultipleInsertAndRetrieve
[       OK ] SkipListTest.MultipleInsertAndRetrieve (0 ms)
[ RUN      ] SkipListTest.RandomOperations
[       OK ] SkipListTest.RandomOperations (0 ms)
[ RUN      ] SkipListTest.ConcurrentReadWrite
[       OK ] SkipListTest.ConcurrentReadWrite (3 ms)
[----------] 4 tests from SkipListTest (3 ms total)

[----------] Global test environment tear-down
[==========] 4 tests from 1 test suite ran. (3 ms total)
[  PASSED  ] 4 tests.
i
[==========] Running 4 tests from 1 test suite.
[----------] Global test environment set-up.
[----------] 4 tests from SkipListTest
[ RUN      ] SkipListTest.PutAndGet
[       OK ] SkipListTest.PutAndGet (0 ms)
[ RUN      ] SkipListTest.MultipleInsertAndRetrieve
[       OK ] SkipListTest.MultipleInsertAndRetrieve (0 ms)
[ RUN      ] SkipListTest.RandomOperations
[       OK ] SkipListTest.RandomOperations (0 ms)
[ RUN      ] SkipListTest.ConcurrentReadWrite
[       OK ] SkipListTest.ConcurrentReadWrite (3 ms)
[----------] 4 tests from SkipListTest (3 ms total)

[----------] Global test environment tear-down
[==========] 4 tests from 1 test suite ran. (3 ms total)
[  PASSED  ] 4 tests.
i
[==========] Running 4 tests from 1 test suite.
[----------] Global test environment set-up.
[----------] 4 tests from SkipListTest
[ RUN      ] SkipListTest.PutAndGet
[       OK ] SkipListTest.PutAndGet (0 ms)
[ RUN      ] SkipListTest.MultipleInsertAndRetrieve
[       OK ] SkipListTest.MultipleInsertAndRetrieve (0 ms)
[ RUN      ] SkipListTest.RandomOperations
[       OK ] SkipListTest.RandomOperations (0 ms)
[ RUN      ] SkipListTest.ConcurrentReadWrite
[       OK ] SkipListTest.ConcurrentReadWrite (3 ms)
[----------] 4 tests from SkipListTest (3 ms total)

[----------] Global test environment tear-down
[==========] 4 tests from 1 test suite ran. (3 ms total)
[  PASSED  ] 4 tests.
i
[==========] Running 4 tests from 1 test suite.
[----------] Global test environment set-up.
[----------] 4 tests from SkipListTest
[ RUN      ] SkipListTest.PutAndGet
[       OK ] SkipListTest.PutAndGet (0 ms)
[ RUN      ] SkipListTest.MultipleInsertAndRetrieve
[       OK ] SkipListTest.MultipleInsertAndRetrieve (0 ms)
[ RUN      ] SkipListTest.RandomOperations
[       OK ] SkipListTest.RandomOperations (0 ms)
[ RUN      ] SkipListTest.ConcurrentReadWrite
[       OK ] SkipListTest.ConcurrentReadWrite (3 ms)
[----------] 4 tests from SkipListTest (3 ms total)

[----------] Global test environment tear-down
[==========] 4 tests from 1 test suite ran. (3 ms total)
[  PASSED  ] 4 tests.
i
[==========] Running 4 tests from 1 test suite.
[----------] Global test environment set-up.
[----------] 4 tests from SkipListTest
[ RUN      ] SkipListTest.PutAndGet
[       OK ] SkipListTest.PutAndGet (0 ms)
[ RUN      ] SkipListTest.MultipleInsertAndRetrieve
[       OK ] SkipListTest.MultipleInsertAndRetrieve (0 ms)
[ RUN      ] SkipListTest.RandomOperations
[       OK ] SkipListTest.RandomOperations (0 ms)
[ RUN      ] SkipListTest.ConcurrentReadWrite
[       OK ] SkipListTest.ConcurrentReadWrite (3 ms)
[----------] 4 tests from SkipListTest (3 ms total)

[----------] Global test environment tear-down
[==========] 4 tests from 1 test suite ran. (3 ms total)
[  PASSED  ] 4 tests.
i
[==========] Running 4 tests from 1 test suite.
[----------] Global test environment set-up.
[----------] 4 tests from SkipListTest
[ RUN      ] SkipListTest.PutAndGet
[       OK ] SkipListTest.PutAndGet (0 ms)
[ RUN      ] SkipListTest.MultipleInsertAndRetrieve
[       OK ] SkipListTest.MultipleInsertAndRetrieve (0 ms)
[ RUN      ] SkipListTest.RandomOperations
[       OK ] SkipListTest.RandomOperations (0 ms)
[ RUN      ] SkipListTest.ConcurrentReadWrite
[       OK ] SkipListTest.ConcurrentReadWrite (3 ms)
[----------] 4 tests from SkipListTest (3 ms total)

[----------] Global test environment tear-down
[==========] 4 tests from 1 test suite ran. (4 ms total)
[  PASSED  ] 4 tests.
i
[==========] Running 4 tests from 1 test suite.
[----------] Global test environment set-up.
[----------] 4 tests from SkipListTest
[ RUN      ] SkipListTest.PutAndGet
[       OK ] SkipListTest.PutAndGet (0 ms)
[ RUN      ] SkipListTest.MultipleInsertAndRetrieve
[       OK ] SkipListTest.MultipleInsertAndRetrieve (0 ms)
[ RUN      ] SkipListTest.RandomOperations
[       OK ] SkipListTest.RandomOperations (0 ms)
[ RUN      ] SkipListTest.ConcurrentReadWrite
[       OK ] SkipListTest.ConcurrentReadWrite (3 ms)
[----------] 4 tests from SkipListTest (3 ms total)

[----------] Global test environment tear-down
[==========] 4 tests from 1 test suite ran. (3 ms total)
[  PASSED  ] 4 tests.
i
[==========] Running 4 tests from 1 test suite.
[----------] Global test environment set-up.
[----------] 4 tests from SkipListTest
[ RUN      ] SkipListTest.PutAndGet
[       OK ] SkipListTest.PutAndGet (0 ms)
[ RUN      ] SkipListTest.MultipleInsertAndRetrieve
[       OK ] SkipListTest.MultipleInsertAndRetrieve (0 ms)
[ RUN      ] SkipListTest.RandomOperations
[       OK ] SkipListTest.RandomOperations (0 ms)
[ RUN      ] SkipListTest.ConcurrentReadWrite
[       OK ] SkipListTest.ConcurrentReadWrite (3 ms)
[----------] 4 tests from SkipListTest (3 ms total)

[----------] Global test environment tear-down
[==========] 4 tests from 1 test suite ran. (3 ms total)
[  PASSED  ] 4 tests.
i
[==========] Running 4 tests from 1 test suite.
[----------] Global test environment set-up.
[----------] 4 tests from SkipListTest
[ RUN      ] SkipListTest.PutAndGet
[       OK ] SkipListTest.PutAndGet (0 ms)
[ RUN      ] SkipListTest.MultipleInsertAndRetrieve
[       OK ] SkipListTest.MultipleInsertAndRetrieve (0 ms)
[ RUN      ] SkipListTest.RandomOperations
[       OK ] SkipListTest.RandomOperations (0 ms)
[ RUN      ] SkipListTest.ConcurrentReadWrite
[       OK ] SkipListTest.ConcurrentReadWrite (3 ms)
[----------] 4 tests from SkipListTest (3 ms total)

[----------] Global test environment tear-down
[==========] 4 tests from 1 test suite ran. (3 ms total)
[  PASSED  ] 4 tests.
i
[==========] Running 4 tests from 1 test suite.
[----------] Global test environment set-up.
[----------] 4 tests from SkipListTest
[ RUN      ] SkipListTest.PutAndGet
[       OK ] SkipListTest.PutAndGet (0 ms)
[ RUN      ] SkipListTest.MultipleInsertAndRetrieve
[       OK ] SkipListTest.MultipleInsertAndRetrieve (0 ms)
[ RUN      ] SkipListTest.RandomOperations
[       OK ] SkipListTest.RandomOperations (0 ms)
[ RUN      ] SkipListTest.ConcurrentReadWrite
[       OK ] SkipListTest.ConcurrentReadWrite (3 ms)
[----------] 4 tests from SkipListTest (3 ms total)

[----------] Global test environment tear-down
[==========] 4 tests from 1 test suite ran. (3 ms total)
[  PASSED  ] 4 tests.
i
[==========] Running 4 tests from 1 test suite.
[----------] Global test environment set-up.
[----------] 4 tests from SkipListTest
[ RUN      ] SkipListTest.PutAndGet
[       OK ] SkipListTest.PutAndGet (0 ms)
[ RUN      ] SkipListTest.MultipleInsertAndRetrieve
[       OK ] SkipListTest.MultipleInsertAndRetrieve (0 ms)
[ RUN      ] SkipListTest.RandomOperations
[       OK ] SkipListTest.RandomOperations (0 ms)
[ RUN      ] SkipListTest.ConcurrentReadWrite
[       OK ] SkipListTest.ConcurrentReadWrite (3 ms)
[----------] 4 tests from SkipListTest (3 ms total)

[----------] Global test environment tear-down
[==========] 4 tests from 1 test suite ran. (4 ms total)
[  PASSED  ] 4 tests.
i
[==========] Running 4 tests from 1 test suite.
[----------] Global test environment set-up.
[----------] 4 tests from SkipListTest
[ RUN      ] SkipListTest.PutAndGet
[       OK ] SkipListTest.PutAndGet (0 ms)
[ RUN      ] SkipListTest.MultipleInsertAndRetrieve
[       OK ] SkipListTest.MultipleInsertAndRetrieve (0 ms)
[ RUN      ] SkipListTest.RandomOperations
[       OK ] SkipListTest.RandomOperations (0 ms)
[ RUN      ] SkipListTest.ConcurrentReadWrite
[       OK ] SkipListTest.ConcurrentReadWrite (3 ms)
[----------] 4 tests from SkipListTest (4 ms total)

[----------] Global test environment tear-down
[==========] 4 tests from 1 test suite ran. (4 ms total)
[  PASSED  ] 4 tests.
i
[==========] Running 4 tests from 1 test suite.
[----------] Global test environment set-up.
[----------] 4 tests from SkipListTest
[ RUN      ] SkipListTest.PutAndGet
[       OK ] SkipListTest.PutAndGet (0 ms)
[ RUN      ] SkipListTest.MultipleInsertAndRetrieve
[       OK ] SkipListTest.MultipleInsertAndRetrieve (0 ms)
[ RUN      ] SkipListTest.RandomOperations
[       OK ] SkipListTest.RandomOperations (0 ms)
[ RUN      ] SkipListTest.ConcurrentReadWrite
[       OK ] SkipListTest.ConcurrentReadWrite (3 ms)
[----------] 4 tests from SkipListTest (3 ms total)

[----------] Global test environment tear-down
[==========] 4 tests from 1 test suite ran. (3 ms total)
[  PASSED  ] 4 tests.
i
[==========] Running 4 tests from 1 test suite.
[----------] Global test environment set-up.
[----------] 4 tests from SkipListTest
[ RUN      ] SkipListTest.PutAndGet
[       OK ] SkipListTest.PutAndGet (0 ms)
[ RUN      ] SkipListTest.MultipleInsertAndRetrieve
[       OK ] SkipListTest.MultipleInsertAndRetrieve (0 ms)
[ RUN      ] SkipListTest.RandomOperations
[       OK ] SkipListTest.RandomOperations (0 ms)
[ RUN      ] SkipListTest.ConcurrentReadWrite
[       OK ] SkipListTest.ConcurrentReadWrite (3 ms)
[----------] 4 tests from SkipListTest (3 ms total)

[----------] Global test environment tear-down
[==========] 4 tests from 1 test suite ran. (3 ms total)
[  PASSED  ] 4 tests.
i
[==========] Running 4 tests from 1 test suite.
[----------] Global test environment set-up.
[----------] 4 tests from SkipListTest
[ RUN      ] SkipListTest.PutAndGet
[       OK ] SkipListTest.PutAndGet (0 ms)
[ RUN      ] SkipListTest.MultipleInsertAndRetrieve
[       OK ] SkipListTest.MultipleInsertAndRetrieve (0 ms)
[ RUN      ] SkipListTest.RandomOperations
[       OK ] SkipListTest.RandomOperations (0 ms)
[ RUN      ] SkipListTest.ConcurrentReadWrite
[       OK ] SkipListTest.ConcurrentReadWrite (3 ms)
[----------] 4 tests from SkipListTest (3 ms total)

[----------] Global test environment tear-down
[==========] 4 tests from 1 test suite ran. (3 ms total)
[  PASSED  ] 4 tests.
i
[==========] Running 4 tests from 1 test suite.
[----------] Global test environment set-up.
[----------] 4 tests from SkipListTest
[ RUN      ] SkipListTest.PutAndGet
[       OK ] SkipListTest.PutAndGet (0 ms)
[ RUN      ] SkipListTest.MultipleInsertAndRetrieve
[       OK ] SkipListTest.MultipleInsertAndRetrieve (0 ms)
[ RUN      ] SkipListTest.RandomOperations
[       OK ] SkipListTest.RandomOperations (0 ms)
[ RUN      ] SkipListTest.ConcurrentReadWrite
[       OK ] SkipListTest.ConcurrentReadWrite (3 ms)
[----------] 4 tests from SkipListTest (3 ms total)

[----------] Global test environment tear-down
[==========] 4 tests from 1 test suite ran. (3 ms total)
[  PASSED  ] 4 tests.
i
[==========] Running 4 tests from 1 test suite.
[----------] Global test environment set-up.
[----------] 4 tests from SkipListTest
[ RUN      ] SkipListTest.PutAndGet
[       OK ] SkipListTest.PutAndGet (0 ms)
[ RUN      ] SkipListTest.MultipleInsertAndRetrieve
[       OK ] SkipListTest.MultipleInsertAndRetrieve (0 ms)
[ RUN      ] SkipListTest.RandomOperations
[       OK ] SkipListTest.RandomOperations (0 ms)
[ RUN      ] SkipListTest.ConcurrentReadWrite
[       OK ] SkipListTest.ConcurrentReadWrite (3 ms)
[----------] 4 tests from SkipListTest (3 ms total)

[----------] Global test environment tear-down
[==========] 4 tests from 1 test suite ran. (3 ms total)
[  PASSED  ] 4 tests.
i
[==========] Running 4 tests from 1 test suite.
[----------] Global test environment set-up.
[----------] 4 tests from SkipListTest
[ RUN      ] SkipListTest.PutAndGet
[       OK ] SkipListTest.PutAndGet (0 ms)
[ RUN      ] SkipListTest.MultipleInsertAndRetrieve
[       OK ] SkipListTest.MultipleInsertAndRetrieve (0 ms)
[ RUN      ] SkipListTest.RandomOperations
[       OK ] SkipListTest.RandomOperations (0 ms)
[ RUN      ] SkipListTest.ConcurrentReadWrite
[       OK ] SkipListTest.ConcurrentReadWrite (3 ms)
[----------] 4 tests from SkipListTest (3 ms total)

[----------] Global test environment tear-down
[==========] 4 tests from 1 test suite ran. (3 ms total)
[  PASSED  ] 4 tests.
i
[==========] Running 4 tests from 1 test suite.
[----------] Global test environment set-up.
[----------] 4 tests from SkipListTest
[ RUN      ] SkipListTest.PutAndGet
[       OK ] SkipListTest.PutAndGet (0 ms)
[ RUN      ] SkipListTest.MultipleInsertAndRetrieve
[       OK ] SkipListTest.MultipleInsertAndRetrieve (0 ms)
[ RUN      ] SkipListTest.RandomOperations
[       OK ] SkipListTest.RandomOperations (0 ms)
[ RUN      ] SkipListTest.ConcurrentReadWrite
[       OK ] SkipListTest.ConcurrentReadWrite (3 ms)
[----------] 4 tests from SkipListTest (3 ms total)

[----------] Global test environment tear-down
[==========] 4 tests from 1 test suite ran. (3 ms total)
[  PASSED  ] 4 tests.
i
[==========] Running 4 tests from 1 test suite.
[----------] Global test environment set-up.
[----------] 4 tests from SkipListTest
[ RUN      ] SkipListTest.PutAndGet
[       OK ] SkipListTest.PutAndGet (0 ms)
[ RUN      ] SkipListTest.MultipleInsertAndRetrieve
[       OK ] SkipListTest.MultipleInsertAndRetrieve (0 ms)
[ RUN      ] SkipListTest.RandomOperations
[       OK ] SkipListTest.RandomOperations (0 ms)
[ RUN      ] SkipListTest.ConcurrentReadWrite
[       OK ] SkipListTest.ConcurrentReadWrite (3 ms)
[----------] 4 tests from SkipListTest (3 ms total)

[----------] Global test environment tear-down
[==========] 4 tests from 1 test suite ran. (3 ms total)
[  PASSED  ] 4 tests.
i
[==========] Running 4 tests from 1 test suite.
[----------] Global test environment set-up.
[----------] 4 tests from SkipListTest
[ RUN      ] SkipListTest.PutAndGet
[       OK ] SkipListTest.PutAndGet (0 ms)
[ RUN      ] SkipListTest.MultipleInsertAndRetrieve
[       OK ] SkipListTest.MultipleInsertAndRetrieve (0 ms)
[ RUN      ] SkipListTest.RandomOperations
[       OK ] SkipListTest.RandomOperations (0 ms)
[ RUN      ] SkipListTest.ConcurrentReadWrite
[       OK ] SkipListTest.ConcurrentReadWrite (3 ms)
[----------] 4 tests from SkipListTest (3 ms total)

[----------] Global test environment tear-down
[==========] 4 tests from 1 test suite ran. (3 ms total)
[  PASSED  ] 4 tests.
i
[==========] Running 4 tests from 1 test suite.
[----------] Global test environment set-up.
[----------] 4 tests from SkipListTest
[ RUN      ] SkipListTest.PutAndGet
[       OK ] SkipListTest.PutAndGet (0 ms)
[ RUN      ] SkipListTest.MultipleInsertAndRetrieve
[       OK ] SkipListTest.MultipleInsertAndRetrieve (0 ms)
[ RUN      ] SkipListTest.RandomOperations
[       OK ] SkipListTest.RandomOperations (0 ms)
[ RUN      ] SkipListTest.ConcurrentReadWrite
[       OK ] SkipListTest.ConcurrentReadWrite (3 ms)
[----------] 4 tests from SkipListTest (3 ms total)

[----------] Global test environment tear-down
[==========] 4 tests from 1 test suite ran. (4 ms total)
[  PASSED  ] 4 tests.
i
[==========] Running 4 tests from 1 test suite.
[----------] Global test environment set-up.
[----------] 4 tests from SkipListTest
[ RUN      ] SkipListTest.PutAndGet
[       OK ] SkipListTest.PutAndGet (0 ms)
[ RUN      ] SkipListTest.MultipleInsertAndRetrieve
[       OK ] SkipListTest.MultipleInsertAndRetrieve (0 ms)
[ RUN      ] SkipListTest.RandomOperations
[       OK ] SkipListTest.RandomOperations (0 ms)
[ RUN      ] SkipListTest.ConcurrentReadWrite
[       OK ] SkipListTest.ConcurrentReadWrite (3 ms)
[----------] 4 tests from SkipListTest (3 ms total)

[----------] Global test environment tear-down
[==========] 4 tests from 1 test suite ran. (3 ms total)
[  PASSED  ] 4 tests.
i
[==========] Running 4 tests from 1 test suite.
[----------] Global test environment set-up.
[----------] 4 tests from SkipListTest
[ RUN      ] SkipListTest.PutAndGet
[       OK ] SkipListTest.PutAndGet (0 ms)
[ RUN      ] SkipListTest.MultipleInsertAndRetrieve
[       OK ] SkipListTest.MultipleInsertAndRetrieve (0 ms)
[ RUN      ] SkipListTest.RandomOperations
[       OK ] SkipListTest.RandomOperations (0 ms)
[ RUN      ] SkipListTest.ConcurrentReadWrite
[       OK ] SkipListTest.ConcurrentReadWrite (3 ms)
[----------] 4 tests from SkipListTest (3 ms total)

[----------] Global test environment tear-down
[==========] 4 tests from 1 test suite ran. (3 ms total)
[  PASSED  ] 4 tests.
i
[==========] Running 4 tests from 1 test suite.
[----------] Global test environment set-up.
[----------] 4 tests from SkipListTest
[ RUN      ] SkipListTest.PutAndGet
[       OK ] SkipListTest.PutAndGet (0 ms)
[ RUN      ] SkipListTest.MultipleInsertAndRetrieve
[       OK ] SkipListTest.MultipleInsertAndRetrieve (0 ms)
[ RUN      ] SkipListTest.RandomOperations
[       OK ] SkipListTest.RandomOperations (0 ms)
[ RUN      ] SkipListTest.ConcurrentReadWrite
[       OK ] SkipListTest.ConcurrentReadWrite (4 ms)
[----------] 4 tests from SkipListTest (4 ms total)

[----------] Global test environment tear-down
[==========] 4 tests from 1 test suite ran. (4 ms total)
[  PASSED  ] 4 tests.
i
[==========] Running 4 tests from 1 test suite.
[----------] Global test environment set-up.
[----------] 4 tests from SkipListTest
[ RUN      ] SkipListTest.PutAndGet
[       OK ] SkipListTest.PutAndGet (0 ms)
[ RUN      ] SkipListTest.MultipleInsertAndRetrieve
[       OK ] SkipListTest.MultipleInsertAndRetrieve (0 ms)
[ RUN      ] SkipListTest.RandomOperations
[       OK ] SkipListTest.RandomOperations (0 ms)
[ RUN      ] SkipListTest.ConcurrentReadWrite
[       OK ] SkipListTest.ConcurrentReadWrite (3 ms)
[----------] 4 tests from SkipListTest (3 ms total)

[----------] Global test environment tear-down
[==========] 4 tests from 1 test suite ran. (3 ms total)
[  PASSED  ] 4 tests.
i
[==========] Running 4 tests from 1 test suite.
[----------] Global test environment set-up.
[----------] 4 tests from SkipListTest
[ RUN      ] SkipListTest.PutAndGet
[       OK ] SkipListTest.PutAndGet (0 ms)
[ RUN      ] SkipListTest.MultipleInsertAndRetrieve
[       OK ] SkipListTest.MultipleInsertAndRetrieve (0 ms)
[ RUN      ] SkipListTest.RandomOperations
[       OK ] SkipListTest.RandomOperations (0 ms)
[ RUN      ] SkipListTest.ConcurrentReadWrite
[       OK ] SkipListTest.ConcurrentReadWrite (3 ms)
[----------] 4 tests from SkipListTest (3 ms total)

[----------] Global test environment tear-down
[==========] 4 tests from 1 test suite ran. (3 ms total)
[  PASSED  ] 4 tests.
i
[==========] Running 4 tests from 1 test suite.
[----------] Global test environment set-up.
[----------] 4 tests from SkipListTest
[ RUN      ] SkipListTest.PutAndGet
[       OK ] SkipListTest.PutAndGet (0 ms)
[ RUN      ] SkipListTest.MultipleInsertAndRetrieve
[       OK ] SkipListTest.MultipleInsertAndRetrieve (0 ms)
[ RUN      ] SkipListTest.RandomOperations
[       OK ] SkipListTest.RandomOperations (0 ms)
[ RUN      ] SkipListTest.ConcurrentReadWrite
[       OK ] SkipListTest.ConcurrentReadWrite (4 ms)
[----------] 4 tests from SkipListTest (4 ms total)

[----------] Global test environment tear-down
[==========] 4 tests from 1 test suite ran. (4 ms total)
[  PASSED  ] 4 tests.
i
[==========] Running 4 tests from 1 test suite.
[----------] Global test environment set-up.
[----------] 4 tests from SkipListTest
[ RUN      ] SkipListTest.PutAndGet
[       OK ] SkipListTest.PutAndGet (0 ms)
[ RUN      ] SkipListTest.MultipleInsertAndRetrieve
[       OK ] SkipListTest.MultipleInsertAndRetrieve (0 ms)
[ RUN      ] SkipListTest.RandomOperations
[       OK ] SkipListTest.RandomOperations (0 ms)
[ RUN      ] SkipListTest.ConcurrentReadWrite
[       OK ] SkipListTest.ConcurrentReadWrite (3 ms)
[----------] 4 tests from SkipListTest (3 ms total)

[----------] Global test environment tear-down
[==========] 4 tests from 1 test suite ran. (3 ms total)
[  PASSED  ] 4 tests.
i
[==========] Running 4 tests from 1 test suite.
[----------] Global test environment set-up.
[----------] 4 tests from SkipListTest
[ RUN      ] SkipListTest.PutAndGet
[       OK ] SkipListTest.PutAndGet (0 ms)
[ RUN      ] SkipListTest.MultipleInsertAndRetrieve
[       OK ] SkipListTest.MultipleInsertAndRetrieve (0 ms)
[ RUN      ] SkipListTest.RandomOperations
[       OK ] SkipListTest.RandomOperations (0 ms)
[ RUN      ] SkipListTest.ConcurrentReadWrite
[       OK ] SkipListTest.ConcurrentReadWrite (3 ms)
[----------] 4 tests from SkipListTest (3 ms total)

[----------] Global test environment tear-down
[==========] 4 tests from 1 test suite ran. (3 ms total)
[  PASSED  ] 4 tests.
i
[==========] Running 4 tests from 1 test suite.
[----------] Global test environment set-up.
[----------] 4 tests from SkipListTest
[ RUN      ] SkipListTest.PutAndGet
[       OK ] SkipListTest.PutAndGet (0 ms)
[ RUN      ] SkipListTest.MultipleInsertAndRetrieve
[       OK ] SkipListTest.MultipleInsertAndRetrieve (0 ms)
[ RUN      ] SkipListTest.RandomOperations
[       OK ] SkipListTest.RandomOperations (0 ms)
[ RUN      ] SkipListTest.ConcurrentReadWrite
[       OK ] SkipListTest.ConcurrentReadWrite (3 ms)
[----------] 4 tests from SkipListTest (3 ms total)

[----------] Global test environment tear-down
[==========] 4 tests from 1 test suite ran. (3 ms total)
[  PASSED  ] 4 tests.
i
[==========] Running 4 tests from 1 test suite.
[----------] Global test environment set-up.
[----------] 4 tests from SkipListTest
[ RUN      ] SkipListTest.PutAndGet
[       OK ] SkipListTest.PutAndGet (0 ms)
[ RUN      ] SkipListTest.MultipleInsertAndRetrieve
[       OK ] SkipListTest.MultipleInsertAndRetrieve (0 ms)
[ RUN      ] SkipListTest.RandomOperations
[       OK ] SkipListTest.RandomOperations (0 ms)
[ RUN      ] SkipListTest.ConcurrentReadWrite
[       OK ] SkipListTest.ConcurrentReadWrite (3 ms)
[----------] 4 tests from SkipListTest (3 ms total)

[----------] Global test environment tear-down
[==========] 4 tests from 1 test suite ran. (3 ms total)
[  PASSED  ] 4 tests.
i
[==========] Running 4 tests from 1 test suite.
[----------] Global test environment set-up.
[----------] 4 tests from SkipListTest
[ RUN      ] SkipListTest.PutAndGet
[       OK ] SkipListTest.PutAndGet (0 ms)
[ RUN      ] SkipListTest.MultipleInsertAndRetrieve
[       OK ] SkipListTest.MultipleInsertAndRetrieve (0 ms)
[ RUN      ] SkipListTest.RandomOperations
[       OK ] SkipListTest.RandomOperations (0 ms)
[ RUN      ] SkipListTest.ConcurrentReadWrite
[       OK ] SkipListTest.ConcurrentReadWrite (3 ms)
[----------] 4 tests from SkipListTest (3 ms total)

[----------] Global test environment tear-down
[==========] 4 tests from 1 test suite ran. (3 ms total)
[  PASSED  ] 4 tests.
i
[==========] Running 4 tests from 1 test suite.
[----------] Global test environment set-up.
[----------] 4 tests from SkipListTest
[ RUN      ] SkipListTest.PutAndGet
[       OK ] SkipListTest.PutAndGet (0 ms)
[ RUN      ] SkipListTest.MultipleInsertAndRetrieve
[       OK ] SkipListTest.MultipleInsertAndRetrieve (0 ms)
[ RUN      ] SkipListTest.RandomOperations
[       OK ] SkipListTest.RandomOperations (0 ms)
[ RUN      ] SkipListTest.ConcurrentReadWrite
[       OK ] SkipListTest.ConcurrentReadWrite (3 ms)
[----------] 4 tests from SkipListTest (3 ms total)

[----------] Global test environment tear-down
[==========] 4 tests from 1 test suite ran. (3 ms total)
[  PASSED  ] 4 tests.
i
[==========] Running 4 tests from 1 test suite.
[----------] Global test environment set-up.
[----------] 4 tests from SkipListTest
[ RUN      ] SkipListTest.PutAndGet
[       OK ] SkipListTest.PutAndGet (0 ms)
[ RUN      ] SkipListTest.MultipleInsertAndRetrieve
[       OK ] SkipListTest.MultipleInsertAndRetrieve (0 ms)
[ RUN      ] SkipListTest.RandomOperations
[       OK ] SkipListTest.RandomOperations (0 ms)
[ RUN      ] SkipListTest.ConcurrentReadWrite
[       OK ] SkipListTest.ConcurrentReadWrite (3 ms)
[----------] 4 tests from SkipListTest (3 ms total)

[----------] Global test environment tear-down
[==========] 4 tests from 1 test suite ran. (3 ms total)
[  PASSED  ] 4 tests.
i
[==========] Running 4 tests from 1 test suite.
[----------] Global test environment set-up.
[----------] 4 tests from SkipListTest
[ RUN      ] SkipListTest.PutAndGet
[       OK ] SkipListTest.PutAndGet (0 ms)
[ RUN      ] SkipListTest.MultipleInsertAndRetrieve
[       OK ] SkipListTest.MultipleInsertAndRetrieve (0 ms)
[ RUN      ] SkipListTest.RandomOperations
[       OK ] SkipListTest.RandomOperations (0 ms)
[ RUN      ] SkipListTest.ConcurrentReadWrite
[       OK ] SkipListTest.ConcurrentReadWrite (3 ms)
[----------] 4 tests from SkipListTest (3 ms total)

[----------] Global test environment tear-down
[==========] 4 tests from 1 test suite ran. (3 ms total)
[  PASSED  ] 4 tests.
i
[==========] Running 4 tests from 1 test suite.
[----------] Global test environment set-up.
[----------] 4 tests from SkipListTest
[ RUN      ] SkipListTest.PutAndGet
[       OK ] SkipListTest.PutAndGet (0 ms)
[ RUN      ] SkipListTest.MultipleInsertAndRetrieve
[       OK ] SkipListTest.MultipleInsertAndRetrieve (0 ms)
[ RUN      ] SkipListTest.RandomOperations
[       OK ] SkipListTest.RandomOperations (0 ms)
[ RUN      ] SkipListTest.ConcurrentReadWrite
[       OK ] SkipListTest.ConcurrentReadWrite (3 ms)
[----------] 4 tests from SkipListTest (3 ms total)

[----------] Global test environment tear-down
[==========] 4 tests from 1 test suite ran. (3 ms total)
[  PASSED  ] 4 tests.
i
[==========] Running 4 tests from 1 test suite.
[----------] Global test environment set-up.
[----------] 4 tests from SkipListTest
[ RUN      ] SkipListTest.PutAndGet
[       OK ] SkipListTest.PutAndGet (0 ms)
[ RUN      ] SkipListTest.MultipleInsertAndRetrieve
[       OK ] SkipListTest.MultipleInsertAndRetrieve (0 ms)
[ RUN      ] SkipListTest.RandomOperations
[       OK ] SkipListTest.RandomOperations (0 ms)
[ RUN      ] SkipListTest.ConcurrentReadWrite
[       OK ] SkipListTest.ConcurrentReadWrite (3 ms)
[----------] 4 tests from SkipListTest (3 ms total)

[----------] Global test environment tear-down
[==========] 4 tests from 1 test suite ran. (3 ms total)
[  PASSED  ] 4 tests.
i
[==========] Running 4 tests from 1 test suite.
[----------] Global test environment set-up.
[----------] 4 tests from SkipListTest
[ RUN      ] SkipListTest.PutAndGet
[       OK ] SkipListTest.PutAndGet (0 ms)
[ RUN      ] SkipListTest.MultipleInsertAndRetrieve
[       OK ] SkipListTest.MultipleInsertAndRetrieve (0 ms)
[ RUN      ] SkipListTest.RandomOperations
[       OK ] SkipListTest.RandomOperations (0 ms)
[ RUN      ] SkipListTest.ConcurrentReadWrite
[       OK ] SkipListTest.ConcurrentReadWrite (3 ms)
[----------] 4 tests from SkipListTest (3 ms total)

[----------] Global test environment tear-down
[==========] 4 tests from 1 test suite ran. (3 ms total)
[  PASSED  ] 4 tests.
i
[==========] Running 4 tests from 1 test suite.
[----------] Global test environment set-up.
[----------] 4 tests from SkipListTest
[ RUN      ] SkipListTest.PutAndGet
[       OK ] SkipListTest.PutAndGet (0 ms)
[ RUN      ] SkipListTest.MultipleInsertAndRetrieve
[       OK ] SkipListTest.MultipleInsertAndRetrieve (0 ms)
[ RUN      ] SkipListTest.RandomOperations
[       OK ] SkipListTest.RandomOperations (0 ms)
[ RUN      ] SkipListTest.ConcurrentReadWrite
[       OK ] SkipListTest.ConcurrentReadWrite (3 ms)
[----------] 4 tests from SkipListTest (3 ms total)

[----------] Global test environment tear-down
[==========] 4 tests from 1 test suite ran. (3 ms total)
[  PASSED  ] 4 tests.
i
[==========] Running 4 tests from 1 test suite.
[----------] Global test environment set-up.
[----------] 4 tests from SkipListTest
[ RUN      ] SkipListTest.PutAndGet
[       OK ] SkipListTest.PutAndGet (0 ms)
[ RUN      ] SkipListTest.MultipleInsertAndRetrieve
[       OK ] SkipListTest.MultipleInsertAndRetrieve (0 ms)
[ RUN      ] SkipListTest.RandomOperations
[       OK ] SkipListTest.RandomOperations (0 ms)
[ RUN      ] SkipListTest.ConcurrentReadWrite
[       OK ] SkipListTest.ConcurrentReadWrite (3 ms)
[----------] 4 tests from SkipListTest (3 ms total)

[----------] Global test environment tear-down
[==========] 4 tests from 1 test suite ran. (3 ms total)
[  PASSED  ] 4 tests.
i
[==========] Running 4 tests from 1 test suite.
[----------] Global test environment set-up.
[----------] 4 tests from SkipListTest
[ RUN      ] SkipListTest.PutAndGet
[       OK ] SkipListTest.PutAndGet (0 ms)
[ RUN      ] SkipListTest.MultipleInsertAndRetrieve
[       OK ] SkipListTest.MultipleInsertAndRetrieve (0 ms)
[ RUN      ] SkipListTest.RandomOperations
[       OK ] SkipListTest.RandomOperations (0 ms)
[ RUN      ] SkipListTest.ConcurrentReadWrite
[       OK ] SkipListTest.ConcurrentReadWrite (3 ms)
[----------] 4 tests from SkipListTest (3 ms total)

[----------] Global test environment tear-down
[==========] 4 tests from 1 test suite ran. (3 ms total)
[  PASSED  ] 4 tests.
i
[==========] Running 4 tests from 1 test suite.
[----------] Global test environment set-up.
[----------] 4 tests from SkipListTest
[ RUN      ] SkipListTest.PutAndGet
[       OK ] SkipListTest.PutAndGet (0 ms)
[ RUN      ] SkipListTest.MultipleInsertAndRetrieve
[       OK ] SkipListTest.MultipleInsertAndRetrieve (0 ms)
[ RUN      ] SkipListTest.RandomOperations
[       OK ] SkipListTest.RandomOperations (0 ms)
[ RUN      ] SkipListTest.ConcurrentReadWrite
[       OK ] SkipListTest.ConcurrentReadWrite (3 ms)
[----------] 4 tests from SkipListTest (3 ms total)

[----------] Global test environment tear-down
[==========] 4 tests from 1 test suite ran. (3 ms total)
[  PASSED  ] 4 tests.
i
[==========] Running 4 tests from 1 test suite.
[----------] Global test environment set-up.
[----------] 4 tests from SkipListTest
[ RUN      ] SkipListTest.PutAndGet
[       OK ] SkipListTest.PutAndGet (0 ms)
[ RUN      ] SkipListTest.MultipleInsertAndRetrieve
[       OK ] SkipListTest.MultipleInsertAndRetrieve (0 ms)
[ RUN      ] SkipListTest.RandomOperations
[       OK ] SkipListTest.RandomOperations (0 ms)
[ RUN      ] SkipListTest.ConcurrentReadWrite
[       OK ] SkipListTest.ConcurrentReadWrite (4 ms)
[----------] 4 tests from SkipListTest (4 ms total)

[----------] Global test environment tear-down
[==========] 4 tests from 1 test suite ran. (4 ms total)
[  PASSED  ] 4 tests.
i
[==========] Running 4 tests from 1 test suite.
[----------] Global test environment set-up.
[----------] 4 tests from SkipListTest
[ RUN      ] SkipListTest.PutAndGet
[       OK ] SkipListTest.PutAndGet (0 ms)
[ RUN      ] SkipListTest.MultipleInsertAndRetrieve
[       OK ] SkipListTest.MultipleInsertAndRetrieve (0 ms)
[ RUN      ] SkipListTest.RandomOperations
[       OK ] SkipListTest.RandomOperations (0 ms)
[ RUN      ] SkipListTest.ConcurrentReadWrite
[       OK ] SkipListTest.ConcurrentReadWrite (3 ms)
[----------] 4 tests from SkipListTest (4 ms total)

[----------] Global test environment tear-down
[==========] 4 tests from 1 test suite ran. (4 ms total)
[  PASSED  ] 4 tests.
i
[==========] Running 4 tests from 1 test suite.
[----------] Global test environment set-up.
[----------] 4 tests from SkipListTest
[ RUN      ] SkipListTest.PutAndGet
[       OK ] SkipListTest.PutAndGet (0 ms)
[ RUN      ] SkipListTest.MultipleInsertAndRetrieve
[       OK ] SkipListTest.MultipleInsertAndRetrieve (0 ms)
[ RUN      ] SkipListTest.RandomOperations
[       OK ] SkipListTest.RandomOperations (0 ms)
[ RUN      ] SkipListTest.ConcurrentReadWrite
[       OK ] SkipListTest.ConcurrentReadWrite (4 ms)
[----------] 4 tests from SkipListTest (5 ms total)

[----------] Global test environment tear-down
[==========] 4 tests from 1 test suite ran. (5 ms total)
[  PASSED  ] 4 tests.
i
[==========] Running 4 tests from 1 test suite.
[----------] Global test environment set-up.
[----------] 4 tests from SkipListTest
[ RUN      ] SkipListTest.PutAndGet
[       OK ] SkipListTest.PutAndGet (0 ms)
[ RUN      ] SkipListTest.MultipleInsertAndRetrieve
[       OK ] SkipListTest.MultipleInsertAndRetrieve (0 ms)
[ RUN      ] SkipListTest.RandomOperations
[       OK ] SkipListTest.RandomOperations (0 ms)
[ RUN      ] SkipListTest.ConcurrentReadWrite
[       OK ] SkipListTest.ConcurrentReadWrite (4 ms)
[----------] 4 tests from SkipListTest (4 ms total)

[----------] Global test environment tear-down
[==========] 4 tests from 1 test suite ran. (4 ms total)
[  PASSED  ] 4 tests.
i
[==========] Running 4 tests from 1 test suite.
[----------] Global test environment set-up.
[----------] 4 tests from SkipListTest
[ RUN      ] SkipListTest.PutAndGet
[       OK ] SkipListTest.PutAndGet (0 ms)
[ RUN      ] SkipListTest.MultipleInsertAndRetrieve
[       OK ] SkipListTest.MultipleInsertAndRetrieve (0 ms)
[ RUN      ] SkipListTest.RandomOperations
[       OK ] SkipListTest.RandomOperations (0 ms)
[ RUN      ] SkipListTest.ConcurrentReadWrite
[       OK ] SkipListTest.ConcurrentReadWrite (3 ms)
[----------] 4 tests from SkipListTest (3 ms total)

[----------] Global test environment tear-down
[==========] 4 tests from 1 test suite ran. (3 ms total)
[  PASSED  ] 4 tests.
i
[==========] Running 4 tests from 1 test suite.
[----------] Global test environment set-up.
[----------] 4 tests from SkipListTest
[ RUN      ] SkipListTest.PutAndGet
[       OK ] SkipListTest.PutAndGet (0 ms)
[ RUN      ] SkipListTest.MultipleInsertAndRetrieve
[       OK ] SkipListTest.MultipleInsertAndRetrieve (0 ms)
[ RUN      ] SkipListTest.RandomOperations
[       OK ] SkipListTest.RandomOperations (0 ms)
[ RUN      ] SkipListTest.ConcurrentReadWrite
[       OK ] SkipListTest.ConcurrentReadWrite (4 ms)
[----------] 4 tests from SkipListTest (4 ms total)

[----------] Global test environment tear-down
[==========] 4 tests from 1 test suite ran. (4 ms total)
[  PASSED  ] 4 tests.
i
[==========] Running 4 tests from 1 test suite.
[----------] Global test environment set-up.
[----------] 4 tests from SkipListTest
[ RUN      ] SkipListTest.PutAndGet
[       OK ] SkipListTest.PutAndGet (0 ms)
[ RUN      ] SkipListTest.MultipleInsertAndRetrieve
[       OK ] SkipListTest.MultipleInsertAndRetrieve (0 ms)
[ RUN      ] SkipListTest.RandomOperations
[       OK ] SkipListTest.RandomOperations (0 ms)
[ RUN      ] SkipListTest.ConcurrentReadWrite
[       OK ] SkipListTest.ConcurrentReadWrite (3 ms)
[----------] 4 tests from SkipListTest (3 ms total)

[----------] Global test environment tear-down
[==========] 4 tests from 1 test suite ran. (3 ms total)
[  PASSED  ] 4 tests.
i
[==========] Running 4 tests from 1 test suite.
[----------] Global test environment set-up.
[----------] 4 tests from SkipListTest
[ RUN      ] SkipListTest.PutAndGet
[       OK ] SkipListTest.PutAndGet (0 ms)
[ RUN      ] SkipListTest.MultipleInsertAndRetrieve
[       OK ] SkipListTest.MultipleInsertAndRetrieve (0 ms)
[ RUN      ] SkipListTest.RandomOperations
[       OK ] SkipListTest.RandomOperations (0 ms)
[ RUN      ] SkipListTest.ConcurrentReadWrite
[       OK ] SkipListTest.ConcurrentReadWrite (3 ms)
[----------] 4 tests from SkipListTest (3 ms total)

[----------] Global test environment tear-down
[==========] 4 tests from 1 test suite ran. (3 ms total)
[  PASSED  ] 4 tests.
i
[==========] Running 4 tests from 1 test suite.
[----------] Global test environment set-up.
[----------] 4 tests from SkipListTest
[ RUN      ] SkipListTest.PutAndGet
[       OK ] SkipListTest.PutAndGet (0 ms)
[ RUN      ] SkipListTest.MultipleInsertAndRetrieve
[       OK ] SkipListTest.MultipleInsertAndRetrieve (0 ms)
[ RUN      ] SkipListTest.RandomOperations
[       OK ] SkipListTest.RandomOperations (0 ms)
[ RUN      ] SkipListTest.ConcurrentReadWrite
[       OK ] SkipListTest.ConcurrentReadWrite (3 ms)
[----------] 4 tests from SkipListTest (3 ms total)

[----------] Global test environment tear-down
[==========] 4 tests from 1 test suite ran. (3 ms total)
[  PASSED  ] 4 tests.
i
[==========] Running 4 tests from 1 test suite.
[----------] Global test environment set-up.
[----------] 4 tests from SkipListTest
[ RUN      ] SkipListTest.PutAndGet
[       OK ] SkipListTest.PutAndGet (0 ms)
[ RUN      ] SkipListTest.MultipleInsertAndRetrieve
[       OK ] SkipListTest.MultipleInsertAndRetrieve (0 ms)
[ RUN      ] SkipListTest.RandomOperations
[       OK ] SkipListTest.RandomOperations (0 ms)
[ RUN      ] SkipListTest.ConcurrentReadWrite
[       OK ] SkipListTest.ConcurrentReadWrite (3 ms)
[----------] 4 tests from SkipListTest (3 ms total)

[----------] Global test environment tear-down
[==========] 4 tests from 1 test suite ran. (3 ms total)
[  PASSED  ] 4 tests.
i
[==========] Running 4 tests from 1 test suite.
[----------] Global test environment set-up.
[----------] 4 tests from SkipListTest
[ RUN      ] SkipListTest.PutAndGet
[       OK ] SkipListTest.PutAndGet (0 ms)
[ RUN      ] SkipListTest.MultipleInsertAndRetrieve
[       OK ] SkipListTest.MultipleInsertAndRetrieve (0 ms)
[ RUN      ] SkipListTest.RandomOperations
[       OK ] SkipListTest.RandomOperations (0 ms)
[ RUN      ] SkipListTest.ConcurrentReadWrite
[       OK ] SkipListTest.ConcurrentReadWrite (3 ms)
[----------] 4 tests from SkipListTest (3 ms total)

[----------] Global test environment tear-down
[==========] 4 tests from 1 test suite ran. (3 ms total)
[  PASSED  ] 4 tests.
i
[==========] Running 4 tests from 1 test suite.
[----------] Global test environment set-up.
[----------] 4 tests from SkipListTest
[ RUN      ] SkipListTest.PutAndGet
[       OK ] SkipListTest.PutAndGet (0 ms)
[ RUN      ] SkipListTest.MultipleInsertAndRetrieve
[       OK ] SkipListTest.MultipleInsertAndRetrieve (0 ms)
[ RUN      ] SkipListTest.RandomOperations
[       OK ] SkipListTest.RandomOperations (0 ms)
[ RUN      ] SkipListTest.ConcurrentReadWrite
[       OK ] SkipListTest.ConcurrentReadWrite (3 ms)
[----------] 4 tests from SkipListTest (3 ms total)

[----------] Global test environment tear-down
[==========] 4 tests from 1 test suite ran. (3 ms total)
[  PASSED  ] 4 tests.
i
[==========] Running 4 tests from 1 test suite.
[----------] Global test environment set-up.
[----------] 4 tests from SkipListTest
[ RUN      ] SkipListTest.PutAndGet
[       OK ] SkipListTest.PutAndGet (0 ms)
[ RUN      ] SkipListTest.MultipleInsertAndRetrieve
[       OK ] SkipListTest.MultipleInsertAndRetrieve (0 ms)
[ RUN      ] SkipListTest.RandomOperations
[       OK ] SkipListTest.RandomOperations (0 ms)
[ RUN      ] SkipListTest.ConcurrentReadWrite
[       OK ] SkipListTest.ConcurrentReadWrite (3 ms)
[----------] 4 tests from SkipListTest (3 ms total)

[----------] Global test environment tear-down
[==========] 4 tests from 1 test suite ran. (3 ms total)
[  PASSED  ] 4 tests.
i
[==========] Running 4 tests from 1 test suite.
[----------] Global test environment set-up.
[----------] 4 tests from SkipListTest
[ RUN      ] SkipListTest.PutAndGet
[       OK ] SkipListTest.PutAndGet (0 ms)
[ RUN      ] SkipListTest.MultipleInsertAndRetrieve
[       OK ] SkipListTest.MultipleInsertAndRetrieve (0 ms)
[ RUN      ] SkipListTest.RandomOperations
[       OK ] SkipListTest.RandomOperations (0 ms)
[ RUN      ] SkipListTest.ConcurrentReadWrite
[       OK ] SkipListTest.ConcurrentReadWrite (3 ms)
[----------] 4 tests from SkipListTest (3 ms total)

[----------] Global test environment tear-down
[==========] 4 tests from 1 test suite ran. (3 ms total)
[  PASSED  ] 4 tests.
i
[==========] Running 4 tests from 1 test suite.
[----------] Global test environment set-up.
[----------] 4 tests from SkipListTest
[ RUN      ] SkipListTest.PutAndGet
[       OK ] SkipListTest.PutAndGet (0 ms)
[ RUN      ] SkipListTest.MultipleInsertAndRetrieve
[       OK ] SkipListTest.MultipleInsertAndRetrieve (0 ms)
[ RUN      ] SkipListTest.RandomOperations
[       OK ] SkipListTest.RandomOperations (0 ms)
[ RUN      ] SkipListTest.ConcurrentReadWrite
[       OK ] SkipListTest.ConcurrentReadWrite (3 ms)
[----------] 4 tests from SkipListTest (3 ms total)

[----------] Global test environment tear-down
[==========] 4 tests from 1 test suite ran. (3 ms total)
[  PASSED  ] 4 tests.
i
[==========] Running 4 tests from 1 test suite.
[----------] Global test environment set-up.
[----------] 4 tests from SkipListTest
[ RUN      ] SkipListTest.PutAndGet
[       OK ] SkipListTest.PutAndGet (0 ms)
[ RUN      ] SkipListTest.MultipleInsertAndRetrieve
[       OK ] SkipListTest.MultipleInsertAndRetrieve (0 ms)
[ RUN      ] SkipListTest.RandomOperations
[       OK ] SkipListTest.RandomOperations (0 ms)
[ RUN      ] SkipListTest.ConcurrentReadWrite
[       OK ] SkipListTest.ConcurrentReadWrite (3 ms)
[----------] 4 tests from SkipListTest (3 ms total)

[----------] Global test environment tear-down
[==========] 4 tests from 1 test suite ran. (3 ms total)
[  PASSED  ] 4 tests.
i
[==========] Running 4 tests from 1 test suite.
[----------] Global test environment set-up.
[----------] 4 tests from SkipListTest
[ RUN      ] SkipListTest.PutAndGet
[       OK ] SkipListTest.PutAndGet (0 ms)
[ RUN      ] SkipListTest.MultipleInsertAndRetrieve
[       OK ] SkipListTest.MultipleInsertAndRetrieve (0 ms)
[ RUN      ] SkipListTest.RandomOperations
[       OK ] SkipListTest.RandomOperations (0 ms)
[ RUN      ] SkipListTest.ConcurrentReadWrite
[       OK ] SkipListTest.ConcurrentReadWrite (3 ms)
[----------] 4 tests from SkipListTest (3 ms total)

[----------] Global test environment tear-down
[==========] 4 tests from 1 test suite ran. (3 ms total)
[  PASSED  ] 4 tests.
i
[==========] Running 4 tests from 1 test suite.
[----------] Global test environment set-up.
[----------] 4 tests from SkipListTest
[ RUN      ] SkipListTest.PutAndGet
[       OK ] SkipListTest.PutAndGet (0 ms)
[ RUN      ] SkipListTest.MultipleInsertAndRetrieve
[       OK ] SkipListTest.MultipleInsertAndRetrieve (0 ms)
[ RUN      ] SkipListTest.RandomOperations
[       OK ] SkipListTest.RandomOperations (0 ms)
[ RUN      ] SkipListTest.ConcurrentReadWrite
[       OK ] SkipListTest.ConcurrentReadWrite (3 ms)
[----------] 4 tests from SkipListTest (3 ms total)

[----------] Global test environment tear-down
[==========] 4 tests from 1 test suite ran. (3 ms total)
[  PASSED  ] 4 tests.
i
[==========] Running 4 tests from 1 test suite.
[----------] Global test environment set-up.
[----------] 4 tests from SkipListTest
[ RUN      ] SkipListTest.PutAndGet
[       OK ] SkipListTest.PutAndGet (0 ms)
[ RUN      ] SkipListTest.MultipleInsertAndRetrieve
[       OK ] SkipListTest.MultipleInsertAndRetrieve (0 ms)
[ RUN      ] SkipListTest.RandomOperations
[       OK ] SkipListTest.RandomOperations (0 ms)
[ RUN      ] SkipListTest.ConcurrentReadWrite
[       OK ] SkipListTest.ConcurrentReadWrite (3 ms)
[----------] 4 tests from SkipListTest (3 ms total)

[----------] Global test environment tear-down
[==========] 4 tests from 1 test suite ran. (3 ms total)
[  PASSED  ] 4 tests.
i
[==========] Running 4 tests from 1 test suite.
[----------] Global test environment set-up.
[----------] 4 tests from SkipListTest
[ RUN      ] SkipListTest.PutAndGet
[       OK ] SkipListTest.PutAndGet (0 ms)
[ RUN      ] SkipListTest.MultipleInsertAndRetrieve
[       OK ] SkipListTest.MultipleInsertAndRetrieve (0 ms)
[ RUN      ] SkipListTest.RandomOperations
[       OK ] SkipListTest.RandomOperations (0 ms)
[ RUN      ] SkipListTest.ConcurrentReadWrite
[       OK ] SkipListTest.ConcurrentReadWrite (3 ms)
[----------] 4 tests from SkipListTest (3 ms total)

[----------] Global test environment tear-down
[==========] 4 tests from 1 test suite ran. (3 ms total)
[  PASSED  ] 4 tests.
i
[==========] Running 4 tests from 1 test suite.
[----------] Global test environment set-up.
[----------] 4 tests from SkipListTest
[ RUN      ] SkipListTest.PutAndGet
[       OK ] SkipListTest.PutAndGet (0 ms)
[ RUN      ] SkipListTest.MultipleInsertAndRetrieve
[       OK ] SkipListTest.MultipleInsertAndRetrieve (0 ms)
[ RUN      ] SkipListTest.RandomOperations
[       OK ] SkipListTest.RandomOperations (0 ms)
[ RUN      ] SkipListTest.ConcurrentReadWrite
[       OK ] SkipListTest.ConcurrentReadWrite (3 ms)
[----------] 4 tests from SkipListTest (3 ms total)

[----------] Global test environment tear-down
[==========] 4 tests from 1 test suite ran. (3 ms total)
[  PASSED  ] 4 tests.
i
[==========] Running 4 tests from 1 test suite.
[----------] Global test environment set-up.
[----------] 4 tests from SkipListTest
[ RUN      ] SkipListTest.PutAndGet
[       OK ] SkipListTest.PutAndGet (0 ms)
[ RUN      ] SkipListTest.MultipleInsertAndRetrieve
[       OK ] SkipListTest.MultipleInsertAndRetrieve (0 ms)
[ RUN      ] SkipListTest.RandomOperations
[       OK ] SkipListTest.RandomOperations (0 ms)
[ RUN      ] SkipListTest.ConcurrentReadWrite
[       OK ] SkipListTest.ConcurrentReadWrite (3 ms)
[----------] 4 tests from SkipListTest (3 ms total)

[----------] Global test environment tear-down
[==========] 4 tests from 1 test suite ran. (3 ms total)
[  PASSED  ] 4 tests.
i
[==========] Running 4 tests from 1 test suite.
[----------] Global test environment set-up.
[----------] 4 tests from SkipListTest
[ RUN      ] SkipListTest.PutAndGet
[       OK ] SkipListTest.PutAndGet (0 ms)
[ RUN      ] SkipListTest.MultipleInsertAndRetrieve
[       OK ] SkipListTest.MultipleInsertAndRetrieve (0 ms)
[ RUN      ] SkipListTest.RandomOperations
[       OK ] SkipListTest.RandomOperations (0 ms)
[ RUN      ] SkipListTest.ConcurrentReadWrite
[       OK ] SkipListTest.ConcurrentReadWrite (3 ms)
[----------] 4 tests from SkipListTest (3 ms total)

[----------] Global test environment tear-down
[==========] 4 tests from 1 test suite ran. (3 ms total)
[  PASSED  ] 4 tests.
i
[==========] Running 4 tests from 1 test suite.
[----------] Global test environment set-up.
[----------] 4 tests from SkipListTest
[ RUN      ] SkipListTest.PutAndGet
[       OK ] SkipListTest.PutAndGet (0 ms)
[ RUN      ] SkipListTest.MultipleInsertAndRetrieve
[       OK ] SkipListTest.MultipleInsertAndRetrieve (0 ms)
[ RUN      ] SkipListTest.RandomOperations
[       OK ] SkipListTest.RandomOperations (0 ms)
[ RUN      ] SkipListTest.ConcurrentReadWrite
[       OK ] SkipListTest.ConcurrentReadWrite (3 ms)
[----------] 4 tests from SkipListTest (3 ms total)

[----------] Global test environment tear-down
[==========] 4 tests from 1 test suite ran. (3 ms total)
[  PASSED  ] 4 tests.
i
[==========] Running 4 tests from 1 test suite.
[----------] Global test environment set-up.
[----------] 4 tests from SkipListTest
[ RUN      ] SkipListTest.PutAndGet
[       OK ] SkipListTest.PutAndGet (0 ms)
[ RUN      ] SkipListTest.MultipleInsertAndRetrieve
[       OK ] SkipListTest.MultipleInsertAndRetrieve (0 ms)
[ RUN      ] SkipListTest.RandomOperations
[       OK ] SkipListTest.RandomOperations (0 ms)
[ RUN      ] SkipListTest.ConcurrentReadWrite
[       OK ] SkipListTest.ConcurrentReadWrite (3 ms)
[----------] 4 tests from SkipListTest (3 ms total)

[----------] Global test environment tear-down
[==========] 4 tests from 1 test suite ran. (3 ms total)
[  PASSED  ] 4 tests.
i
[==========] Running 4 tests from 1 test suite.
[----------] Global test environment set-up.
[----------] 4 tests from SkipListTest
[ RUN      ] SkipListTest.PutAndGet
[       OK ] SkipListTest.PutAndGet (0 ms)
[ RUN      ] SkipListTest.MultipleInsertAndRetrieve
[       OK ] SkipListTest.MultipleInsertAndRetrieve (0 ms)
[ RUN      ] SkipListTest.RandomOperations
[       OK ] SkipListTest.RandomOperations (0 ms)
[ RUN      ] SkipListTest.ConcurrentReadWrite
[       OK ] SkipListTest.ConcurrentReadWrite (3 ms)
[----------] 4 tests from SkipListTest (3 ms total)

[----------] Global test environment tear-down
[==========] 4 tests from 1 test suite ran. (3 ms total)
[  PASSED  ] 4 tests.
i
[==========] Running 4 tests from 1 test suite.
[----------] Global test environment set-up.
[----------] 4 tests from SkipListTest
[ RUN      ] SkipListTest.PutAndGet
[       OK ] SkipListTest.PutAndGet (0 ms)
[ RUN      ] SkipListTest.MultipleInsertAndRetrieve
[       OK ] SkipListTest.MultipleInsertAndRetrieve (0 ms)
[ RUN      ] SkipListTest.RandomOperations
[       OK ] SkipListTest.RandomOperations (0 ms)
[ RUN      ] SkipListTest.ConcurrentReadWrite
[       OK ] SkipListTest.ConcurrentReadWrite (3 ms)
[----------] 4 tests from SkipListTest (3 ms total)

[----------] Global test environment tear-down
[==========] 4 tests from 1 test suite ran. (3 ms total)
[  PASSED  ] 4 tests.
i
[==========] Running 4 tests from 1 test suite.
[----------] Global test environment set-up.
[----------] 4 tests from SkipListTest
[ RUN      ] SkipListTest.PutAndGet
[       OK ] SkipListTest.PutAndGet (0 ms)
[ RUN      ] SkipListTest.MultipleInsertAndRetrieve
[       OK ] SkipListTest.MultipleInsertAndRetrieve (0 ms)
[ RUN      ] SkipListTest.RandomOperations
[       OK ] SkipListTest.RandomOperations (0 ms)
[ RUN      ] SkipListTest.ConcurrentReadWrite
[       OK ] SkipListTest.ConcurrentReadWrite (3 ms)
[----------] 4 tests from SkipListTest (3 ms total)

[----------] Global test environment tear-down
[==========] 4 tests from 1 test suite ran. (3 ms total)
[  PASSED  ] 4 tests.
i
[==========] Running 4 tests from 1 test suite.
[----------] Global test environment set-up.
[----------] 4 tests from SkipListTest
[ RUN      ] SkipListTest.PutAndGet
[       OK ] SkipListTest.PutAndGet (0 ms)
[ RUN      ] SkipListTest.MultipleInsertAndRetrieve
[       OK ] SkipListTest.MultipleInsertAndRetrieve (0 ms)
[ RUN      ] SkipListTest.RandomOperations
[       OK ] SkipListTest.RandomOperations (0 ms)
[ RUN      ] SkipListTest.ConcurrentReadWrite
[       OK ] SkipListTest.ConcurrentReadWrite (3 ms)
[----------] 4 tests from SkipListTest (3 ms total)

[----------] Global test environment tear-down
[==========] 4 tests from 1 test suite ran. (3 ms total)
[  PASSED  ] 4 tests.
i
[==========] Running 4 tests from 1 test suite.
[----------] Global test environment set-up.
[----------] 4 tests from SkipListTest
[ RUN      ] SkipListTest.PutAndGet
[       OK ] SkipListTest.PutAndGet (0 ms)
[ RUN      ] SkipListTest.MultipleInsertAndRetrieve
[       OK ] SkipListTest.MultipleInsertAndRetrieve (0 ms)
[ RUN      ] SkipListTest.RandomOperations
[       OK ] SkipListTest.RandomOperations (0 ms)
[ RUN      ] SkipListTest.ConcurrentReadWrite
[       OK ] SkipListTest.ConcurrentReadWrite (3 ms)
[----------] 4 tests from SkipListTest (3 ms total)

[----------] Global test environment tear-down
[==========] 4 tests from 1 test suite ran. (3 ms total)
[  PASSED  ] 4 tests.
i
[==========] Running 4 tests from 1 test suite.
[----------] Global test environment set-up.
[----------] 4 tests from SkipListTest
[ RUN      ] SkipListTest.PutAndGet
[       OK ] SkipListTest.PutAndGet (0 ms)
[ RUN      ] SkipListTest.MultipleInsertAndRetrieve
[       OK ] SkipListTest.MultipleInsertAndRetrieve (0 ms)
[ RUN      ] SkipListTest.RandomOperations
[       OK ] SkipListTest.RandomOperations (0 ms)
[ RUN      ] SkipListTest.ConcurrentReadWrite
[       OK ] SkipListTest.ConcurrentReadWrite (3 ms)
[----------] 4 tests from SkipListTest (3 ms total)

[----------] Global test environment tear-down
[==========] 4 tests from 1 test suite ran. (3 ms total)
[  PASSED  ] 4 tests.
i
[==========] Running 4 tests from 1 test suite.
[----------] Global test environment set-up.
[----------] 4 tests from SkipListTest
[ RUN      ] SkipListTest.PutAndGet
[       OK ] SkipListTest.PutAndGet (0 ms)
[ RUN      ] SkipListTest.MultipleInsertAndRetrieve
[       OK ] SkipListTest.MultipleInsertAndRetrieve (0 ms)
[ RUN      ] SkipListTest.RandomOperations
[       OK ] SkipListTest.RandomOperations (0 ms)
[ RUN      ] SkipListTest.ConcurrentReadWrite
[       OK ] SkipListTest.ConcurrentReadWrite (3 ms)
[----------] 4 tests from SkipListTest (3 ms total)

[----------] Global test environment tear-down
[==========] 4 tests from 1 test suite ran. (3 ms total)
[  PASSED  ] 4 tests.
i
[==========] Running 4 tests from 1 test suite.
[----------] Global test environment set-up.
[----------] 4 tests from SkipListTest
[ RUN      ] SkipListTest.PutAndGet
[       OK ] SkipListTest.PutAndGet (0 ms)
[ RUN      ] SkipListTest.MultipleInsertAndRetrieve
[       OK ] SkipListTest.MultipleInsertAndRetrieve (0 ms)
[ RUN      ] SkipListTest.RandomOperations
[       OK ] SkipListTest.RandomOperations (0 ms)
[ RUN      ] SkipListTest.ConcurrentReadWrite
[       OK ] SkipListTest.ConcurrentReadWrite (3 ms)
[----------] 4 tests from SkipListTest (3 ms total)

[----------] Global test environment tear-down
[==========] 4 tests from 1 test suite ran. (3 ms total)
[  PASSED  ] 4 tests.
i
[==========] Running 4 tests from 1 test suite.
[----------] Global test environment set-up.
[----------] 4 tests from SkipListTest
[ RUN      ] SkipListTest.PutAndGet
[       OK ] SkipListTest.PutAndGet (0 ms)
[ RUN      ] SkipListTest.MultipleInsertAndRetrieve
[       OK ] SkipListTest.MultipleInsertAndRetrieve (0 ms)
[ RUN      ] SkipListTest.RandomOperations
[       OK ] SkipListTest.RandomOperations (0 ms)
[ RUN      ] SkipListTest.ConcurrentReadWrite
[       OK ] SkipListTest.ConcurrentReadWrite (3 ms)
[----------] 4 tests from SkipListTest (3 ms total)

[----------] Global test environment tear-down
[==========] 4 tests from 1 test suite ran. (3 ms total)
[  PASSED  ] 4 tests.
i
[==========] Running 4 tests from 1 test suite.
[----------] Global test environment set-up.
[----------] 4 tests from SkipListTest
[ RUN      ] SkipListTest.PutAndGet
[       OK ] SkipListTest.PutAndGet (0 ms)
[ RUN      ] SkipListTest.MultipleInsertAndRetrieve
[       OK ] SkipListTest.MultipleInsertAndRetrieve (0 ms)
[ RUN      ] SkipListTest.RandomOperations
[       OK ] SkipListTest.RandomOperations (0 ms)
[ RUN      ] SkipListTest.ConcurrentReadWrite
[       OK ] SkipListTest.ConcurrentReadWrite (3 ms)
[----------] 4 tests from SkipListTest (3 ms total)

[----------] Global test environment tear-down
[==========] 4 tests from 1 test suite ran. (3 ms total)
[  PASSED  ] 4 tests.
i
[==========] Running 4 tests from 1 test suite.
[----------] Global test environment set-up.
[----------] 4 tests from SkipListTest
[ RUN      ] SkipListTest.PutAndGet
[       OK ] SkipListTest.PutAndGet (0 ms)
[ RUN      ] SkipListTest.MultipleInsertAndRetrieve
[       OK ] SkipListTest.MultipleInsertAndRetrieve (0 ms)
[ RUN      ] SkipListTest.RandomOperations
[       OK ] SkipListTest.RandomOperations (0 ms)
[ RUN      ] SkipListTest.ConcurrentReadWrite
[       OK ] SkipListTest.ConcurrentReadWrite (3 ms)
[----------] 4 tests from SkipListTest (3 ms total)

[----------] Global test environment tear-down
[==========] 4 tests from 1 test suite ran. (3 ms total)
[  PASSED  ] 4 tests.
i
[==========] Running 4 tests from 1 test suite.
[----------] Global test environment set-up.
[----------] 4 tests from SkipListTest
[ RUN      ] SkipListTest.PutAndGet
[       OK ] SkipListTest.PutAndGet (0 ms)
[ RUN      ] SkipListTest.MultipleInsertAndRetrieve
[       OK ] SkipListTest.MultipleInsertAndRetrieve (0 ms)
[ RUN      ] SkipListTest.RandomOperations
[       OK ] SkipListTest.RandomOperations (0 ms)
[ RUN      ] SkipListTest.ConcurrentReadWrite
[       OK ] SkipListTest.ConcurrentReadWrite (3 ms)
[----------] 4 tests from SkipListTest (3 ms total)

[----------] Global test environment tear-down
[==========] 4 tests from 1 test suite ran. (3 ms total)
[  PASSED  ] 4 tests.
i
[==========] Running 4 tests from 1 test suite.
[----------] Global test environment set-up.
[----------] 4 tests from SkipListTest
[ RUN      ] SkipListTest.PutAndGet
[       OK ] SkipListTest.PutAndGet (0 ms)
[ RUN      ] SkipListTest.MultipleInsertAndRetrieve
[       OK ] SkipListTest.MultipleInsertAndRetrieve (0 ms)
[ RUN      ] SkipListTest.RandomOperations
[       OK ] SkipListTest.RandomOperations (0 ms)
[ RUN      ] SkipListTest.ConcurrentReadWrite
[       OK ] SkipListTest.ConcurrentReadWrite (3 ms)
[----------] 4 tests from SkipListTest (3 ms total)

[----------] Global test environment tear-down
[==========] 4 tests from 1 test suite ran. (3 ms total)
[  PASSED  ] 4 tests.
i
[==========] Running 4 tests from 1 test suite.
[----------] Global test environment set-up.
[----------] 4 tests from SkipListTest
[ RUN      ] SkipListTest.PutAndGet
[       OK ] SkipListTest.PutAndGet (0 ms)
[ RUN      ] SkipListTest.MultipleInsertAndRetrieve
[       OK ] SkipListTest.MultipleInsertAndRetrieve (0 ms)
[ RUN      ] SkipListTest.RandomOperations
[       OK ] SkipListTest.RandomOperations (0 ms)
[ RUN      ] SkipListTest.ConcurrentReadWrite
[       OK ] SkipListTest.ConcurrentReadWrite (3 ms)
[----------] 4 tests from SkipListTest (3 ms total)

[----------] Global test environment tear-down
[==========] 4 tests from 1 test suite ran. (3 ms total)
[  PASSED  ] 4 tests.
i
[==========] Running 4 tests from 1 test suite.
[----------] Global test environment set-up.
[----------] 4 tests from SkipListTest
[ RUN      ] SkipListTest.PutAndGet
[       OK ] SkipListTest.PutAndGet (0 ms)
[ RUN      ] SkipListTest.MultipleInsertAndRetrieve
[       OK ] SkipListTest.MultipleInsertAndRetrieve (0 ms)
[ RUN      ] SkipListTest.RandomOperations
[       OK ] SkipListTest.RandomOperations (0 ms)
[ RUN      ] SkipListTest.ConcurrentReadWrite
[       OK ] SkipListTest.ConcurrentReadWrite (3 ms)
[----------] 4 tests from SkipListTest (3 ms total)

[----------] Global test environment tear-down
[==========] 4 tests from 1 test suite ran. (3 ms total)
[  PASSED  ] 4 tests.
i
[==========] Running 4 tests from 1 test suite.
[----------] Global test environment set-up.
[----------] 4 tests from SkipListTest
[ RUN      ] SkipListTest.PutAndGet
[       OK ] SkipListTest.PutAndGet (0 ms)
[ RUN      ] SkipListTest.MultipleInsertAndRetrieve
[       OK ] SkipListTest.MultipleInsertAndRetrieve (0 ms)
[ RUN      ] SkipListTest.RandomOperations
[       OK ] SkipListTest.RandomOperations (0 ms)
[ RUN      ] SkipListTest.ConcurrentReadWrite
[       OK ] SkipListTest.ConcurrentReadWrite (3 ms)
[----------] 4 tests from SkipListTest (3 ms total)

[----------] Global test environment tear-down
[==========] 4 tests from 1 test suite ran. (3 ms total)
[  PASSED  ] 4 tests.
i
[==========] Running 4 tests from 1 test suite.
[----------] Global test environment set-up.
[----------] 4 tests from SkipListTest
[ RUN      ] SkipListTest.PutAndGet
[       OK ] SkipListTest.PutAndGet (0 ms)
[ RUN      ] SkipListTest.MultipleInsertAndRetrieve
[       OK ] SkipListTest.MultipleInsertAndRetrieve (0 ms)
[ RUN      ] SkipListTest.RandomOperations
[       OK ] SkipListTest.RandomOperations (0 ms)
[ RUN      ] SkipListTest.ConcurrentReadWrite
[       OK ] SkipListTest.ConcurrentReadWrite (3 ms)
[----------] 4 tests from SkipListTest (3 ms total)

[----------] Global test environment tear-down
[==========] 4 tests from 1 test suite ran. (3 ms total)
[  PASSED  ] 4 tests.
i
[==========] Running 4 tests from 1 test suite.
[----------] Global test environment set-up.
[----------] 4 tests from SkipListTest
[ RUN      ] SkipListTest.PutAndGet
[       OK ] SkipListTest.PutAndGet (0 ms)
[ RUN      ] SkipListTest.MultipleInsertAndRetrieve
[       OK ] SkipListTest.MultipleInsertAndRetrieve (0 ms)
[ RUN      ] SkipListTest.RandomOperations
[       OK ] SkipListTest.RandomOperations (0 ms)
[ RUN      ] SkipListTest.ConcurrentReadWrite
[       OK ] SkipListTest.ConcurrentReadWrite (3 ms)
[----------] 4 tests from SkipListTest (3 ms total)

[----------] Global test environment tear-down
[==========] 4 tests from 1 test suite ran. (3 ms total)
[  PASSED  ] 4 tests.
i
[==========] Running 4 tests from 1 test suite.
[----------] Global test environment set-up.
[----------] 4 tests from SkipListTest
[ RUN      ] SkipListTest.PutAndGet
[       OK ] SkipListTest.PutAndGet (0 ms)
[ RUN      ] SkipListTest.MultipleInsertAndRetrieve
[       OK ] SkipListTest.MultipleInsertAndRetrieve (0 ms)
[ RUN      ] SkipListTest.RandomOperations
[       OK ] SkipListTest.RandomOperations (0 ms)
[ RUN      ] SkipListTest.ConcurrentReadWrite
[       OK ] SkipListTest.ConcurrentReadWrite (3 ms)
[----------] 4 tests from SkipListTest (3 ms total)

[----------] Global test environment tear-down
[==========] 4 tests from 1 test suite ran. (3 ms total)
[  PASSED  ] 4 tests.
i
[==========] Running 4 tests from 1 test suite.
[----------] Global test environment set-up.
[----------] 4 tests from SkipListTest
[ RUN      ] SkipListTest.PutAndGet
[       OK ] SkipListTest.PutAndGet (0 ms)
[ RUN      ] SkipListTest.MultipleInsertAndRetrieve
[       OK ] SkipListTest.MultipleInsertAndRetrieve (0 ms)
[ RUN      ] SkipListTest.RandomOperations
[       OK ] SkipListTest.RandomOperations (0 ms)
[ RUN      ] SkipListTest.ConcurrentReadWrite
[       OK ] SkipListTest.ConcurrentReadWrite (3 ms)
[----------] 4 tests from SkipListTest (3 ms total)

[----------] Global test environment tear-down
[==========] 4 tests from 1 test suite ran. (3 ms total)
[  PASSED  ] 4 tests.
i
[==========] Running 4 tests from 1 test suite.
[----------] Global test environment set-up.
[----------] 4 tests from SkipListTest
[ RUN      ] SkipListTest.PutAndGet
[       OK ] SkipListTest.PutAndGet (0 ms)
[ RUN      ] SkipListTest.MultipleInsertAndRetrieve
[       OK ] SkipListTest.MultipleInsertAndRetrieve (0 ms)
[ RUN      ] SkipListTest.RandomOperations
[       OK ] SkipListTest.RandomOperations (0 ms)
[ RUN      ] SkipListTest.ConcurrentReadWrite
[       OK ] SkipListTest.ConcurrentReadWrite (3 ms)
[----------] 4 tests from SkipListTest (3 ms total)

[----------] Global test environment tear-down
[==========] 4 tests from 1 test suite ran. (3 ms total)
[  PASSED  ] 4 tests.
i
[==========] Running 4 tests from 1 test suite.
[----------] Global test environment set-up.
[----------] 4 tests from SkipListTest
[ RUN      ] SkipListTest.PutAndGet
[       OK ] SkipListTest.PutAndGet (0 ms)
[ RUN      ] SkipListTest.MultipleInsertAndRetrieve
[       OK ] SkipListTest.MultipleInsertAndRetrieve (0 ms)
[ RUN      ] SkipListTest.RandomOperations
[       OK ] SkipListTest.RandomOperations (0 ms)
[ RUN      ] SkipListTest.ConcurrentReadWrite
[       OK ] SkipListTest.ConcurrentReadWrite (3 ms)
[----------] 4 tests from SkipListTest (3 ms total)

[----------] Global test environment tear-down
[==========] 4 tests from 1 test suite ran. (3 ms total)
[  PASSED  ] 4 tests.
i
[==========] Running 4 tests from 1 test suite.
[----------] Global test environment set-up.
[----------] 4 tests from SkipListTest
[ RUN      ] SkipListTest.PutAndGet
[       OK ] SkipListTest.PutAndGet (0 ms)
[ RUN      ] SkipListTest.MultipleInsertAndRetrieve
[       OK ] SkipListTest.MultipleInsertAndRetrieve (0 ms)
[ RUN      ] SkipListTest.RandomOperations
[       OK ] SkipListTest.RandomOperations (0 ms)
[ RUN      ] SkipListTest.ConcurrentReadWrite
[       OK ] SkipListTest.ConcurrentReadWrite (3 ms)
[----------] 4 tests from SkipListTest (3 ms total)

[----------] Global test environment tear-down
[==========] 4 tests from 1 test suite ran. (3 ms total)
[  PASSED  ] 4 tests.
i
[==========] Running 4 tests from 1 test suite.
[----------] Global test environment set-up.
[----------] 4 tests from SkipListTest
[ RUN      ] SkipListTest.PutAndGet
[       OK ] SkipListTest.PutAndGet (0 ms)
[ RUN      ] SkipListTest.MultipleInsertAndRetrieve
[       OK ] SkipListTest.MultipleInsertAndRetrieve (0 ms)
[ RUN      ] SkipListTest.RandomOperations
[       OK ] SkipListTest.RandomOperations (0 ms)
[ RUN      ] SkipListTest.ConcurrentReadWrite
[       OK ] SkipListTest.ConcurrentReadWrite (3 ms)
[----------] 4 tests from SkipListTest (3 ms total)

[----------] Global test environment tear-down
[==========] 4 tests from 1 test suite ran. (3 ms total)
[  PASSED  ] 4 tests.
i
[==========] Running 4 tests from 1 test suite.
[----------] Global test environment set-up.
[----------] 4 tests from SkipListTest
[ RUN      ] SkipListTest.PutAndGet
[       OK ] SkipListTest.PutAndGet (0 ms)
[ RUN      ] SkipListTest.MultipleInsertAndRetrieve
[       OK ] SkipListTest.MultipleInsertAndRetrieve (0 ms)
[ RUN      ] SkipListTest.RandomOperations
[       OK ] SkipListTest.RandomOperations (0 ms)
[ RUN      ] SkipListTest.ConcurrentReadWrite
[       OK ] SkipListTest.ConcurrentReadWrite (3 ms)
[----------] 4 tests from SkipListTest (4 ms total)

[----------] Global test environment tear-down
[==========] 4 tests from 1 test suite ran. (4 ms total)
[  PASSED  ] 4 tests.
i
[==========] Running 4 tests from 1 test suite.
[----------] Global test environment set-up.
[----------] 4 tests from SkipListTest
[ RUN      ] SkipListTest.PutAndGet
[       OK ] SkipListTest.PutAndGet (0 ms)
[ RUN      ] SkipListTest.MultipleInsertAndRetrieve
[       OK ] SkipListTest.MultipleInsertAndRetrieve (0 ms)
[ RUN      ] SkipListTest.RandomOperations
[       OK ] SkipListTest.RandomOperations (0 ms)
[ RUN      ] SkipListTest.ConcurrentReadWrite
[       OK ] SkipListTest.ConcurrentReadWrite (3 ms)
[----------] 4 tests from SkipListTest (3 ms total)

[----------] Global test environment tear-down
[==========] 4 tests from 1 test suite ran. (4 ms total)
[  PASSED  ] 4 tests.
i
[==========] Running 4 tests from 1 test suite.
[----------] Global test environment set-up.
[----------] 4 tests from SkipListTest
[ RUN      ] SkipListTest.PutAndGet
[       OK ] SkipListTest.PutAndGet (0 ms)
[ RUN      ] SkipListTest.MultipleInsertAndRetrieve
[       OK ] SkipListTest.MultipleInsertAndRetrieve (0 ms)
[ RUN      ] SkipListTest.RandomOperations
[       OK ] SkipListTest.RandomOperations (0 ms)
[ RUN      ] SkipListTest.ConcurrentReadWrite
[       OK ] SkipListTest.ConcurrentReadWrite (3 ms)
[----------] 4 tests from SkipListTest (3 ms total)

[----------] Global test environment tear-down
[==========] 4 tests from 1 test suite ran. (3 ms total)
[  PASSED  ] 4 tests.
i
[==========] Running 4 tests from 1 test suite.
[----------] Global test environment set-up.
[----------] 4 tests from SkipListTest
[ RUN      ] SkipListTest.PutAndGet
[       OK ] SkipListTest.PutAndGet (0 ms)
[ RUN      ] SkipListTest.MultipleInsertAndRetrieve
[       OK ] SkipListTest.MultipleInsertAndRetrieve (0 ms)
[ RUN      ] SkipListTest.RandomOperations
[       OK ] SkipListTest.RandomOperations (0 ms)
[ RUN      ] SkipListTest.ConcurrentReadWrite
[       OK ] SkipListTest.ConcurrentReadWrite (3 ms)
[----------] 4 tests from SkipListTest (3 ms total)

[----------] Global test environment tear-down
[==========] 4 tests from 1 test suite ran. (3 ms total)
[  PASSED  ] 4 tests.
i
[==========] Running 4 tests from 1 test suite.
[----------] Global test environment set-up.
[----------] 4 tests from SkipListTest
[ RUN      ] SkipListTest.PutAndGet
[       OK ] SkipListTest.PutAndGet (0 ms)
[ RUN      ] SkipListTest.MultipleInsertAndRetrieve
[       OK ] SkipListTest.MultipleInsertAndRetrieve (0 ms)
[ RUN      ] SkipListTest.RandomOperations
[       OK ] SkipListTest.RandomOperations (0 ms)
[ RUN      ] SkipListTest.ConcurrentReadWrite
[       OK ] SkipListTest.ConcurrentReadWrite (3 ms)
[----------] 4 tests from SkipListTest (3 ms total)

[----------] Global test environment tear-down
[==========] 4 tests from 1 test suite ran. (3 ms total)
[  PASSED  ] 4 tests.
i
[==========] Running 4 tests from 1 test suite.
[----------] Global test environment set-up.
[----------] 4 tests from SkipListTest
[ RUN      ] SkipListTest.PutAndGet
[       OK ] SkipListTest.PutAndGet (0 ms)
[ RUN      ] SkipListTest.MultipleInsertAndRetrieve
[       OK ] SkipListTest.MultipleInsertAndRetrieve (0 ms)
[ RUN      ] SkipListTest.RandomOperations
[       OK ] SkipListTest.RandomOperations (0 ms)
[ RUN      ] SkipListTest.ConcurrentReadWrite
[       OK ] SkipListTest.ConcurrentReadWrite (3 ms)
[----------] 4 tests from SkipListTest (3 ms total)

[----------] Global test environment tear-down
[==========] 4 tests from 1 test suite ran. (3 ms total)
[  PASSED  ] 4 tests.
i
[==========] Running 4 tests from 1 test suite.
[----------] Global test environment set-up.
[----------] 4 tests from SkipListTest
[ RUN      ] SkipListTest.PutAndGet
[       OK ] SkipListTest.PutAndGet (0 ms)
[ RUN      ] SkipListTest.MultipleInsertAndRetrieve
[       OK ] SkipListTest.MultipleInsertAndRetrieve (0 ms)
[ RUN      ] SkipListTest.RandomOperations
[       OK ] SkipListTest.RandomOperations (0 ms)
[ RUN      ] SkipListTest.ConcurrentReadWrite
[       OK ] SkipListTest.ConcurrentReadWrite (3 ms)
[----------] 4 tests from SkipListTest (3 ms total)

[----------] Global test environment tear-down
[==========] 4 tests from 1 test suite ran. (3 ms total)
[  PASSED  ] 4 tests.
i
[==========] Running 4 tests from 1 test suite.
[----------] Global test environment set-up.
[----------] 4 tests from SkipListTest
[ RUN      ] SkipListTest.PutAndGet
[       OK ] SkipListTest.PutAndGet (0 ms)
[ RUN      ] SkipListTest.MultipleInsertAndRetrieve
[       OK ] SkipListTest.MultipleInsertAndRetrieve (0 ms)
[ RUN      ] SkipListTest.RandomOperations
[       OK ] SkipListTest.RandomOperations (0 ms)
[ RUN      ] SkipListTest.ConcurrentReadWrite
[       OK ] SkipListTest.ConcurrentReadWrite (3 ms)
[----------] 4 tests from SkipListTest (3 ms total)

[----------] Global test environment tear-down
[==========] 4 tests from 1 test suite ran. (3 ms total)
[  PASSED  ] 4 tests.
i
[==========] Running 4 tests from 1 test suite.
[----------] Global test environment set-up.
[----------] 4 tests from SkipListTest
[ RUN      ] SkipListTest.PutAndGet
[       OK ] SkipListTest.PutAndGet (0 ms)
[ RUN      ] SkipListTest.MultipleInsertAndRetrieve
[       OK ] SkipListTest.MultipleInsertAndRetrieve (0 ms)
[ RUN      ] SkipListTest.RandomOperations
[       OK ] SkipListTest.RandomOperations (0 ms)
[ RUN      ] SkipListTest.ConcurrentReadWrite
[       OK ] SkipListTest.ConcurrentReadWrite (3 ms)
[----------] 4 tests from SkipListTest (3 ms total)

[----------] Global test environment tear-down
[==========] 4 tests from 1 test suite ran. (3 ms total)
[  PASSED  ] 4 tests.
i
[==========] Running 4 tests from 1 test suite.
[----------] Global test environment set-up.
[----------] 4 tests from SkipListTest
[ RUN      ] SkipListTest.PutAndGet
[       OK ] SkipListTest.PutAndGet (0 ms)
[ RUN      ] SkipListTest.MultipleInsertAndRetrieve
[       OK ] SkipListTest.MultipleInsertAndRetrieve (0 ms)
[ RUN      ] SkipListTest.RandomOperations
[       OK ] SkipListTest.RandomOperations (0 ms)
[ RUN      ] SkipListTest.ConcurrentReadWrite
[       OK ] SkipListTest.ConcurrentReadWrite (3 ms)
[----------] 4 tests from SkipListTest (3 ms total)

[----------] Global test environment tear-down
[==========] 4 tests from 1 test suite ran. (3 ms total)
[  PASSED  ] 4 tests.
i
[==========] Running 4 tests from 1 test suite.
[----------] Global test environment set-up.
[----------] 4 tests from SkipListTest
[ RUN      ] SkipListTest.PutAndGet
[       OK ] SkipListTest.PutAndGet (0 ms)
[ RUN      ] SkipListTest.MultipleInsertAndRetrieve
[       OK ] SkipListTest.MultipleInsertAndRetrieve (0 ms)
[ RUN      ] SkipListTest.RandomOperations
[       OK ] SkipListTest.RandomOperations (0 ms)
[ RUN      ] SkipListTest.ConcurrentReadWrite
[       OK ] SkipListTest.ConcurrentReadWrite (3 ms)
[----------] 4 tests from SkipListTest (3 ms total)

[----------] Global test environment tear-down
[==========] 4 tests from 1 test suite ran. (3 ms total)
[  PASSED  ] 4 tests.
i
[==========] Running 4 tests from 1 test suite.
[----------] Global test environment set-up.
[----------] 4 tests from SkipListTest
[ RUN      ] SkipListTest.PutAndGet
[       OK ] SkipListTest.PutAndGet (0 ms)
[ RUN      ] SkipListTest.MultipleInsertAndRetrieve
[       OK ] SkipListTest.MultipleInsertAndRetrieve (0 ms)
[ RUN      ] SkipListTest.RandomOperations
[       OK ] SkipListTest.RandomOperations (0 ms)
[ RUN      ] SkipListTest.ConcurrentReadWrite
[       OK ] SkipListTest.ConcurrentReadWrite (4 ms)
[----------] 4 tests from SkipListTest (4 ms total)

[----------] Global test environment tear-down
[==========] 4 tests from 1 test suite ran. (4 ms total)
[  PASSED  ] 4 tests.
i
[==========] Running 4 tests from 1 test suite.
[----------] Global test environment set-up.
[----------] 4 tests from SkipListTest
[ RUN      ] SkipListTest.PutAndGet
[       OK ] SkipListTest.PutAndGet (0 ms)
[ RUN      ] SkipListTest.MultipleInsertAndRetrieve
[       OK ] SkipListTest.MultipleInsertAndRetrieve (0 ms)
[ RUN      ] SkipListTest.RandomOperations
[       OK ] SkipListTest.RandomOperations (0 ms)
[ RUN      ] SkipListTest.ConcurrentReadWrite
[       OK ] SkipListTest.ConcurrentReadWrite (4 ms)
[----------] 4 tests from SkipListTest (5 ms total)

[----------] Global test environment tear-down
[==========] 4 tests from 1 test suite ran. (5 ms total)
[  PASSED  ] 4 tests.
i
[==========] Running 4 tests from 1 test suite.
[----------] Global test environment set-up.
[----------] 4 tests from SkipListTest
[ RUN      ] SkipListTest.PutAndGet
[       OK ] SkipListTest.PutAndGet (0 ms)
[ RUN      ] SkipListTest.MultipleInsertAndRetrieve
[       OK ] SkipListTest.MultipleInsertAndRetrieve (0 ms)
[ RUN      ] SkipListTest.RandomOperations
[       OK ] SkipListTest.RandomOperations (0 ms)
[ RUN      ] SkipListTest.ConcurrentReadWrite
[       OK ] SkipListTest.ConcurrentReadWrite (4 ms)
[----------] 4 tests from SkipListTest (4 ms total)

[----------] Global test environment tear-down
[==========] 4 tests from 1 test suite ran. (4 ms total)
[  PASSED  ] 4 tests.
i
[==========] Running 4 tests from 1 test suite.
[----------] Global test environment set-up.
[----------] 4 tests from SkipListTest
[ RUN      ] SkipListTest.PutAndGet
[       OK ] SkipListTest.PutAndGet (0 ms)
[ RUN      ] SkipListTest.MultipleInsertAndRetrieve
[       OK ] SkipListTest.MultipleInsertAndRetrieve (0 ms)
[ RUN      ] SkipListTest.RandomOperations
[       OK ] SkipListTest.RandomOperations (0 ms)
[ RUN      ] SkipListTest.ConcurrentReadWrite
[       OK ] SkipListTest.ConcurrentReadWrite (4 ms)
[----------] 4 tests from SkipListTest (4 ms total)

[----------] Global test environment tear-down
[==========] 4 tests from 1 test suite ran. (4 ms total)
[  PASSED  ] 4 tests.
i
[==========] Running 4 tests from 1 test suite.
[----------] Global test environment set-up.
[----------] 4 tests from SkipListTest
[ RUN      ] SkipListTest.PutAndGet
[       OK ] SkipListTest.PutAndGet (0 ms)
[ RUN      ] SkipListTest.MultipleInsertAndRetrieve
[       OK ] SkipListTest.MultipleInsertAndRetrieve (0 ms)
[ RUN      ] SkipListTest.RandomOperations
[       OK ] SkipListTest.RandomOperations (0 ms)
[ RUN      ] SkipListTest.ConcurrentReadWrite
[       OK ] SkipListTest.ConcurrentReadWrite (3 ms)
[----------] 4 tests from SkipListTest (3 ms total)

[----------] Global test environment tear-down
[==========] 4 tests from 1 test suite ran. (3 ms total)
[  PASSED  ] 4 tests.
i
[==========] Running 4 tests from 1 test suite.
[----------] Global test environment set-up.
[----------] 4 tests from SkipListTest
[ RUN      ] SkipListTest.PutAndGet
[       OK ] SkipListTest.PutAndGet (0 ms)
[ RUN      ] SkipListTest.MultipleInsertAndRetrieve
[       OK ] SkipListTest.MultipleInsertAndRetrieve (0 ms)
[ RUN      ] SkipListTest.RandomOperations
[       OK ] SkipListTest.RandomOperations (0 ms)
[ RUN      ] SkipListTest.ConcurrentReadWrite
[       OK ] SkipListTest.ConcurrentReadWrite (3 ms)
[----------] 4 tests from SkipListTest (3 ms total)

[----------] Global test environment tear-down
[==========] 4 tests from 1 test suite ran. (3 ms total)
[  PASSED  ] 4 tests.
i
[==========] Running 4 tests from 1 test suite.
[----------] Global test environment set-up.
[----------] 4 tests from SkipListTest
[ RUN      ] SkipListTest.PutAndGet
[       OK ] SkipListTest.PutAndGet (0 ms)
[ RUN      ] SkipListTest.MultipleInsertAndRetrieve
[       OK ] SkipListTest.MultipleInsertAndRetrieve (0 ms)
[ RUN      ] SkipListTest.RandomOperations
[       OK ] SkipListTest.RandomOperations (0 ms)
[ RUN      ] SkipListTest.ConcurrentReadWrite
[       OK ] SkipListTest.ConcurrentReadWrite (4 ms)
[----------] 4 tests from SkipListTest (4 ms total)

[----------] Global test environment tear-down
[==========] 4 tests from 1 test suite ran. (4 ms total)
[  PASSED  ] 4 tests.
i
[==========] Running 4 tests from 1 test suite.
[----------] Global test environment set-up.
[----------] 4 tests from SkipListTest
[ RUN      ] SkipListTest.PutAndGet
[       OK ] SkipListTest.PutAndGet (0 ms)
[ RUN      ] SkipListTest.MultipleInsertAndRetrieve
[       OK ] SkipListTest.MultipleInsertAndRetrieve (0 ms)
[ RUN      ] SkipListTest.RandomOperations
[       OK ] SkipListTest.RandomOperations (0 ms)
[ RUN      ] SkipListTest.ConcurrentReadWrite
[       OK ] SkipListTest.ConcurrentReadWrite (3 ms)
[----------] 4 tests from SkipListTest (3 ms total)

[----------] Global test environment tear-down
[==========] 4 tests from 1 test suite ran. (3 ms total)
[  PASSED  ] 4 tests.
i
[==========] Running 4 tests from 1 test suite.
[----------] Global test environment set-up.
[----------] 4 tests from SkipListTest
[ RUN      ] SkipListTest.PutAndGet
[       OK ] SkipListTest.PutAndGet (0 ms)
[ RUN      ] SkipListTest.MultipleInsertAndRetrieve
[       OK ] SkipListTest.MultipleInsertAndRetrieve (0 ms)
[ RUN      ] SkipListTest.RandomOperations
[       OK ] SkipListTest.RandomOperations (0 ms)
[ RUN      ] SkipListTest.ConcurrentReadWrite
[       OK ] SkipListTest.ConcurrentReadWrite (3 ms)
[----------] 4 tests from SkipListTest (3 ms total)

[----------] Global test environment tear-down
[==========] 4 tests from 1 test suite ran. (3 ms total)
[  PASSED  ] 4 tests.
i
[==========] Running 4 tests from 1 test suite.
[----------] Global test environment set-up.
[----------] 4 tests from SkipListTest
[ RUN      ] SkipListTest.PutAndGet
[       OK ] SkipListTest.PutAndGet (0 ms)
[ RUN      ] SkipListTest.MultipleInsertAndRetrieve
[       OK ] SkipListTest.MultipleInsertAndRetrieve (0 ms)
[ RUN      ] SkipListTest.RandomOperations
[       OK ] SkipListTest.RandomOperations (0 ms)
[ RUN      ] SkipListTest.ConcurrentReadWrite
[       OK ] SkipListTest.ConcurrentReadWrite (3 ms)
[----------] 4 tests from SkipListTest (3 ms total)

[----------] Global test environment tear-down
[==========] 4 tests from 1 test suite ran. (3 ms total)
[  PASSED  ] 4 tests.
i
[==========] Running 4 tests from 1 test suite.
[----------] Global test environment set-up.
[----------] 4 tests from SkipListTest
[ RUN      ] SkipListTest.PutAndGet
[       OK ] SkipListTest.PutAndGet (0 ms)
[ RUN      ] SkipListTest.MultipleInsertAndRetrieve
[       OK ] SkipListTest.MultipleInsertAndRetrieve (0 ms)
[ RUN      ] SkipListTest.RandomOperations
[       OK ] SkipListTest.RandomOperations (0 ms)
[ RUN      ] SkipListTest.ConcurrentReadWrite
[       OK ] SkipListTest.ConcurrentReadWrite (3 ms)
[----------] 4 tests from SkipListTest (3 ms total)

[----------] Global test environment tear-down
[==========] 4 tests from 1 test suite ran. (3 ms total)
[  PASSED  ] 4 tests.
i
[==========] Running 4 tests from 1 test suite.
[----------] Global test environment set-up.
[----------] 4 tests from SkipListTest
[ RUN      ] SkipListTest.PutAndGet
[       OK ] SkipListTest.PutAndGet (0 ms)
[ RUN      ] SkipListTest.MultipleInsertAndRetrieve
[       OK ] SkipListTest.MultipleInsertAndRetrieve (0 ms)
[ RUN      ] SkipListTest.RandomOperations
[       OK ] SkipListTest.RandomOperations (0 ms)
[ RUN      ] SkipListTest.ConcurrentReadWrite
[       OK ] SkipListTest.ConcurrentReadWrite (3 ms)
[----------] 4 tests from SkipListTest (3 ms total)

[----------] Global test environment tear-down
[==========] 4 tests from 1 test suite ran. (3 ms total)
[  PASSED  ] 4 tests.
i
[==========] Running 4 tests from 1 test suite.
[----------] Global test environment set-up.
[----------] 4 tests from SkipListTest
[ RUN      ] SkipListTest.PutAndGet
[       OK ] SkipListTest.PutAndGet (0 ms)
[ RUN      ] SkipListTest.MultipleInsertAndRetrieve
[       OK ] SkipListTest.MultipleInsertAndRetrieve (0 ms)
[ RUN      ] SkipListTest.RandomOperations
[       OK ] SkipListTest.RandomOperations (0 ms)
[ RUN      ] SkipListTest.ConcurrentReadWrite
[       OK ] SkipListTest.ConcurrentReadWrite (3 ms)
[----------] 4 tests from SkipListTest (3 ms total)

[----------] Global test environment tear-down
[==========] 4 tests from 1 test suite ran. (3 ms total)
[  PASSED  ] 4 tests.
i
[==========] Running 4 tests from 1 test suite.
[----------] Global test environment set-up.
[----------] 4 tests from SkipListTest
[ RUN      ] SkipListTest.PutAndGet
[       OK ] SkipListTest.PutAndGet (0 ms)
[ RUN      ] SkipListTest.MultipleInsertAndRetrieve
[       OK ] SkipListTest.MultipleInsertAndRetrieve (0 ms)
[ RUN      ] SkipListTest.RandomOperations
[       OK ] SkipListTest.RandomOperations (0 ms)
[ RUN      ] SkipListTest.ConcurrentReadWrite
[       OK ] SkipListTest.ConcurrentReadWrite (3 ms)
[----------] 4 tests from SkipListTest (3 ms total)

[----------] Global test environment tear-down
[==========] 4 tests from 1 test suite ran. (3 ms total)
[  PASSED  ] 4 tests.
i
[==========] Running 4 tests from 1 test suite.
[----------] Global test environment set-up.
[----------] 4 tests from SkipListTest
[ RUN      ] SkipListTest.PutAndGet
[       OK ] SkipListTest.PutAndGet (0 ms)
[ RUN      ] SkipListTest.MultipleInsertAndRetrieve
[       OK ] SkipListTest.MultipleInsertAndRetrieve (0 ms)
[ RUN      ] SkipListTest.RandomOperations
[       OK ] SkipListTest.RandomOperations (0 ms)
[ RUN      ] SkipListTest.ConcurrentReadWrite
[       OK ] SkipListTest.ConcurrentReadWrite (4 ms)
[----------] 4 tests from SkipListTest (4 ms total)

[----------] Global test environment tear-down
[==========] 4 tests from 1 test suite ran. (4 ms total)
[  PASSED  ] 4 tests.
i
[==========] Running 4 tests from 1 test suite.
[----------] Global test environment set-up.
[----------] 4 tests from SkipListTest
[ RUN      ] SkipListTest.PutAndGet
[       OK ] SkipListTest.PutAndGet (0 ms)
[ RUN      ] SkipListTest.MultipleInsertAndRetrieve
[       OK ] SkipListTest.MultipleInsertAndRetrieve (0 ms)
[ RUN      ] SkipListTest.RandomOperations
[       OK ] SkipListTest.RandomOperations (0 ms)
[ RUN      ] SkipListTest.ConcurrentReadWrite
[       OK ] SkipListTest.ConcurrentReadWrite (3 ms)
[----------] 4 tests from SkipListTest (3 ms total)

[----------] Global test environment tear-down
[==========] 4 tests from 1 test suite ran. (3 ms total)
[  PASSED  ] 4 tests.
i
[==========] Running 4 tests from 1 test suite.
[----------] Global test environment set-up.
[----------] 4 tests from SkipListTest
[ RUN      ] SkipListTest.PutAndGet
[       OK ] SkipListTest.PutAndGet (0 ms)
[ RUN      ] SkipListTest.MultipleInsertAndRetrieve
[       OK ] SkipListTest.MultipleInsertAndRetrieve (0 ms)
[ RUN      ] SkipListTest.RandomOperations
[       OK ] SkipListTest.RandomOperations (0 ms)
[ RUN      ] SkipListTest.ConcurrentReadWrite
[       OK ] SkipListTest.ConcurrentReadWrite (3 ms)
[----------] 4 tests from SkipListTest (3 ms total)

[----------] Global test environment tear-down
[==========] 4 tests from 1 test suite ran. (3 ms total)
[  PASSED  ] 4 tests.
i
[==========] Running 4 tests from 1 test suite.
[----------] Global test environment set-up.
[----------] 4 tests from SkipListTest
[ RUN      ] SkipListTest.PutAndGet
[       OK ] SkipListTest.PutAndGet (0 ms)
[ RUN      ] SkipListTest.MultipleInsertAndRetrieve
[       OK ] SkipListTest.MultipleInsertAndRetrieve (0 ms)
[ RUN      ] SkipListTest.RandomOperations
[       OK ] SkipListTest.RandomOperations (0 ms)
[ RUN      ] SkipListTest.ConcurrentReadWrite
[       OK ] SkipListTest.ConcurrentReadWrite (3 ms)
[----------] 4 tests from SkipListTest (3 ms total)

[----------] Global test environment tear-down
[==========] 4 tests from 1 test suite ran. (3 ms total)
[  PASSED  ] 4 tests.
i
[==========] Running 4 tests from 1 test suite.
[----------] Global test environment set-up.
[----------] 4 tests from SkipListTest
[ RUN      ] SkipListTest.PutAndGet
[       OK ] SkipListTest.PutAndGet (0 ms)
[ RUN      ] SkipListTest.MultipleInsertAndRetrieve
[       OK ] SkipListTest.MultipleInsertAndRetrieve (0 ms)
[ RUN      ] SkipListTest.RandomOperations
[       OK ] SkipListTest.RandomOperations (0 ms)
[ RUN      ] SkipListTest.ConcurrentReadWrite
[       OK ] SkipListTest.ConcurrentReadWrite (3 ms)
[----------] 4 tests from SkipListTest (3 ms total)

[----------] Global test environment tear-down
[==========] 4 tests from 1 test suite ran. (3 ms total)
[  PASSED  ] 4 tests.
i
[==========] Running 4 tests from 1 test suite.
[----------] Global test environment set-up.
[----------] 4 tests from SkipListTest
[ RUN      ] SkipListTest.PutAndGet
[       OK ] SkipListTest.PutAndGet (0 ms)
[ RUN      ] SkipListTest.MultipleInsertAndRetrieve
[       OK ] SkipListTest.MultipleInsertAndRetrieve (0 ms)
[ RUN      ] SkipListTest.RandomOperations
[       OK ] SkipListTest.RandomOperations (0 ms)
[ RUN      ] SkipListTest.ConcurrentReadWrite
[       OK ] SkipListTest.ConcurrentReadWrite (3 ms)
[----------] 4 tests from SkipListTest (3 ms total)

[----------] Global test environment tear-down
[==========] 4 tests from 1 test suite ran. (3 ms total)
[  PASSED  ] 4 tests.
i
[==========] Running 4 tests from 1 test suite.
[----------] Global test environment set-up.
[----------] 4 tests from SkipListTest
[ RUN      ] SkipListTest.PutAndGet
[       OK ] SkipListTest.PutAndGet (0 ms)
[ RUN      ] SkipListTest.MultipleInsertAndRetrieve
[       OK ] SkipListTest.MultipleInsertAndRetrieve (0 ms)
[ RUN      ] SkipListTest.RandomOperations
[       OK ] SkipListTest.RandomOperations (0 ms)
[ RUN      ] SkipListTest.ConcurrentReadWrite
[       OK ] SkipListTest.ConcurrentReadWrite (3 ms)
[----------] 4 tests from SkipListTest (3 ms total)

[----------] Global test environment tear-down
[==========] 4 tests from 1 test suite ran. (3 ms total)
[  PASSED  ] 4 tests.
i
[==========] Running 4 tests from 1 test suite.
[----------] Global test environment set-up.
[----------] 4 tests from SkipListTest
[ RUN      ] SkipListTest.PutAndGet
[       OK ] SkipListTest.PutAndGet (0 ms)
[ RUN      ] SkipListTest.MultipleInsertAndRetrieve
[       OK ] SkipListTest.MultipleInsertAndRetrieve (0 ms)
[ RUN      ] SkipListTest.RandomOperations
[       OK ] SkipListTest.RandomOperations (0 ms)
[ RUN      ] SkipListTest.ConcurrentReadWrite
[       OK ] SkipListTest.ConcurrentReadWrite (3 ms)
[----------] 4 tests from SkipListTest (3 ms total)

[----------] Global test environment tear-down
[==========] 4 tests from 1 test suite ran. (3 ms total)
[  PASSED  ] 4 tests.
i
[==========] Running 4 tests from 1 test suite.
[----------] Global test environment set-up.
[----------] 4 tests from SkipListTest
[ RUN      ] SkipListTest.PutAndGet
[       OK ] SkipListTest.PutAndGet (0 ms)
[ RUN      ] SkipListTest.MultipleInsertAndRetrieve
[       OK ] SkipListTest.MultipleInsertAndRetrieve (0 ms)
[ RUN      ] SkipListTest.RandomOperations
[       OK ] SkipListTest.RandomOperations (0 ms)
[ RUN      ] SkipListTest.ConcurrentReadWrite
[       OK ] SkipListTest.ConcurrentReadWrite (3 ms)
[----------] 4 tests from SkipListTest (3 ms total)

[----------] Global test environment tear-down
[==========] 4 tests from 1 test suite ran. (3 ms total)
[  PASSED  ] 4 tests.
i
[==========] Running 4 tests from 1 test suite.
[----------] Global test environment set-up.
[----------] 4 tests from SkipListTest
[ RUN      ] SkipListTest.PutAndGet
[       OK ] SkipListTest.PutAndGet (0 ms)
[ RUN      ] SkipListTest.MultipleInsertAndRetrieve
[       OK ] SkipListTest.MultipleInsertAndRetrieve (0 ms)
[ RUN      ] SkipListTest.RandomOperations
[       OK ] SkipListTest.RandomOperations (0 ms)
[ RUN      ] SkipListTest.ConcurrentReadWrite
[       OK ] SkipListTest.ConcurrentReadWrite (3 ms)
[----------] 4 tests from SkipListTest (3 ms total)

[----------] Global test environment tear-down
[==========] 4 tests from 1 test suite ran. (3 ms total)
[  PASSED  ] 4 tests.
i
[==========] Running 4 tests from 1 test suite.
[----------] Global test environment set-up.
[----------] 4 tests from SkipListTest
[ RUN      ] SkipListTest.PutAndGet
[       OK ] SkipListTest.PutAndGet (0 ms)
[ RUN      ] SkipListTest.MultipleInsertAndRetrieve
[       OK ] SkipListTest.MultipleInsertAndRetrieve (0 ms)
[ RUN      ] SkipListTest.RandomOperations
[       OK ] SkipListTest.RandomOperations (0 ms)
[ RUN      ] SkipListTest.ConcurrentReadWrite
[       OK ] SkipListTest.ConcurrentReadWrite (3 ms)
[----------] 4 tests from SkipListTest (3 ms total)

[----------] Global test environment tear-down
[==========] 4 tests from 1 test suite ran. (3 ms total)
[  PASSED  ] 4 tests.
i
[==========] Running 4 tests from 1 test suite.
[----------] Global test environment set-up.
[----------] 4 tests from SkipListTest
[ RUN      ] SkipListTest.PutAndGet
[       OK ] SkipListTest.PutAndGet (0 ms)
[ RUN      ] SkipListTest.MultipleInsertAndRetrieve
[       OK ] SkipListTest.MultipleInsertAndRetrieve (0 ms)
[ RUN      ] SkipListTest.RandomOperations
[       OK ] SkipListTest.RandomOperations (0 ms)
[ RUN      ] SkipListTest.ConcurrentReadWrite
[       OK ] SkipListTest.ConcurrentReadWrite (3 ms)
[----------] 4 tests from SkipListTest (3 ms total)

[----------] Global test environment tear-down
[==========] 4 tests from 1 test suite ran. (3 ms total)
[  PASSED  ] 4 tests.
i
[==========] Running 4 tests from 1 test suite.
[----------] Global test environment set-up.
[----------] 4 tests from SkipListTest
[ RUN      ] SkipListTest.PutAndGet
[       OK ] SkipListTest.PutAndGet (0 ms)
[ RUN      ] SkipListTest.MultipleInsertAndRetrieve
[       OK ] SkipListTest.MultipleInsertAndRetrieve (0 ms)
[ RUN      ] SkipListTest.RandomOperations
[       OK ] SkipListTest.RandomOperations (0 ms)
[ RUN      ] SkipListTest.ConcurrentReadWrite
[       OK ] SkipListTest.ConcurrentReadWrite (3 ms)
[----------] 4 tests from SkipListTest (3 ms total)

[----------] Global test environment tear-down
[==========] 4 tests from 1 test suite ran. (3 ms total)
[  PASSED  ] 4 tests.
i
[==========] Running 4 tests from 1 test suite.
[----------] Global test environment set-up.
[----------] 4 tests from SkipListTest
[ RUN      ] SkipListTest.PutAndGet
[       OK ] SkipListTest.PutAndGet (0 ms)
[ RUN      ] SkipListTest.MultipleInsertAndRetrieve
[       OK ] SkipListTest.MultipleInsertAndRetrieve (0 ms)
[ RUN      ] SkipListTest.RandomOperations
[       OK ] SkipListTest.RandomOperations (0 ms)
[ RUN      ] SkipListTest.ConcurrentReadWrite
[       OK ] SkipListTest.ConcurrentReadWrite (3 ms)
[----------] 4 tests from SkipListTest (3 ms total)

[----------] Global test environment tear-down
[==========] 4 tests from 1 test suite ran. (3 ms total)
[  PASSED  ] 4 tests.
i
[==========] Running 4 tests from 1 test suite.
[----------] Global test environment set-up.
[----------] 4 tests from SkipListTest
[ RUN      ] SkipListTest.PutAndGet
[       OK ] SkipListTest.PutAndGet (0 ms)
[ RUN      ] SkipListTest.MultipleInsertAndRetrieve
[       OK ] SkipListTest.MultipleInsertAndRetrieve (0 ms)
[ RUN      ] SkipListTest.RandomOperations
[       OK ] SkipListTest.RandomOperations (0 ms)
[ RUN      ] SkipListTest.ConcurrentReadWrite
[       OK ] SkipListTest.ConcurrentReadWrite (3 ms)
[----------] 4 tests from SkipListTest (3 ms total)

[----------] Global test environment tear-down
[==========] 4 tests from 1 test suite ran. (3 ms total)
[  PASSED  ] 4 tests.
i
[==========] Running 4 tests from 1 test suite.
[----------] Global test environment set-up.
[----------] 4 tests from SkipListTest
[ RUN      ] SkipListTest.PutAndGet
[       OK ] SkipListTest.PutAndGet (0 ms)
[ RUN      ] SkipListTest.MultipleInsertAndRetrieve
[       OK ] SkipListTest.MultipleInsertAndRetrieve (0 ms)
[ RUN      ] SkipListTest.RandomOperations
[       OK ] SkipListTest.RandomOperations (0 ms)
[ RUN      ] SkipListTest.ConcurrentReadWrite
[       OK ] SkipListTest.ConcurrentReadWrite (3 ms)
[----------] 4 tests from SkipListTest (3 ms total)

[----------] Global test environment tear-down
[==========] 4 tests from 1 test suite ran. (3 ms total)
[  PASSED  ] 4 tests.
i
[==========] Running 4 tests from 1 test suite.
[----------] Global test environment set-up.
[----------] 4 tests from SkipListTest
[ RUN      ] SkipListTest.PutAndGet
[       OK ] SkipListTest.PutAndGet (0 ms)
[ RUN      ] SkipListTest.MultipleInsertAndRetrieve
[       OK ] SkipListTest.MultipleInsertAndRetrieve (0 ms)
[ RUN      ] SkipListTest.RandomOperations
[       OK ] SkipListTest.RandomOperations (0 ms)
[ RUN      ] SkipListTest.ConcurrentReadWrite
[       OK ] SkipListTest.ConcurrentReadWrite (3 ms)
[----------] 4 tests from SkipListTest (3 ms total)

[----------] Global test environment tear-down
[==========] 4 tests from 1 test suite ran. (3 ms total)
[  PASSED  ] 4 tests.
i
[==========] Running 4 tests from 1 test suite.
[----------] Global test environment set-up.
[----------] 4 tests from SkipListTest
[ RUN      ] SkipListTest.PutAndGet
[       OK ] SkipListTest.PutAndGet (0 ms)
[ RUN      ] SkipListTest.MultipleInsertAndRetrieve
[       OK ] SkipListTest.MultipleInsertAndRetrieve (0 ms)
[ RUN      ] SkipListTest.RandomOperations
[       OK ] SkipListTest.RandomOperations (0 ms)
[ RUN      ] SkipListTest.ConcurrentReadWrite
[       OK ] SkipListTest.ConcurrentReadWrite (3 ms)
[----------] 4 tests from SkipListTest (3 ms total)

[----------] Global test environment tear-down
[==========] 4 tests from 1 test suite ran. (3 ms total)
[  PASSED  ] 4 tests.
i
[==========] Running 4 tests from 1 test suite.
[----------] Global test environment set-up.
[----------] 4 tests from SkipListTest
[ RUN      ] SkipListTest.PutAndGet
[       OK ] SkipListTest.PutAndGet (0 ms)
[ RUN      ] SkipListTest.MultipleInsertAndRetrieve
[       OK ] SkipListTest.MultipleInsertAndRetrieve (0 ms)
[ RUN      ] SkipListTest.RandomOperations
[       OK ] SkipListTest.RandomOperations (0 ms)
[ RUN      ] SkipListTest.ConcurrentReadWrite
[       OK ] SkipListTest.ConcurrentReadWrite (3 ms)
[----------] 4 tests from SkipListTest (3 ms total)

[----------] Global test environment tear-down
[==========] 4 tests from 1 test suite ran. (3 ms total)
[  PASSED  ] 4 tests.
i
[==========] Running 4 tests from 1 test suite.
[----------] Global test environment set-up.
[----------] 4 tests from SkipListTest
[ RUN      ] SkipListTest.PutAndGet
[       OK ] SkipListTest.PutAndGet (0 ms)
[ RUN      ] SkipListTest.MultipleInsertAndRetrieve
[       OK ] SkipListTest.MultipleInsertAndRetrieve (0 ms)
[ RUN      ] SkipListTest.RandomOperations
[       OK ] SkipListTest.RandomOperations (0 ms)
[ RUN      ] SkipListTest.ConcurrentReadWrite
[       OK ] SkipListTest.ConcurrentReadWrite (3 ms)
[----------] 4 tests from SkipListTest (3 ms total)

[----------] Global test environment tear-down
[==========] 4 tests from 1 test suite ran. (3 ms total)
[  PASSED  ] 4 tests.
i
[==========] Running 4 tests from 1 test suite.
[----------] Global test environment set-up.
[----------] 4 tests from SkipListTest
[ RUN      ] SkipListTest.PutAndGet
[       OK ] SkipListTest.PutAndGet (0 ms)
[ RUN      ] SkipListTest.MultipleInsertAndRetrieve
[       OK ] SkipListTest.MultipleInsertAndRetrieve (0 ms)
[ RUN      ] SkipListTest.RandomOperations
[       OK ] SkipListTest.RandomOperations (0 ms)
[ RUN      ] SkipListTest.ConcurrentReadWrite
[       OK ] SkipListTest.ConcurrentReadWrite (3 ms)
[----------] 4 tests from SkipListTest (3 ms total)

[----------] Global test environment tear-down
[==========] 4 tests from 1 test suite ran. (3 ms total)
[  PASSED  ] 4 tests.
i
[==========] Running 4 tests from 1 test suite.
[----------] Global test environment set-up.
[----------] 4 tests from SkipListTest
[ RUN      ] SkipListTest.PutAndGet
[       OK ] SkipListTest.PutAndGet (0 ms)
[ RUN      ] SkipListTest.MultipleInsertAndRetrieve
[       OK ] SkipListTest.MultipleInsertAndRetrieve (0 ms)
[ RUN      ] SkipListTest.RandomOperations
[       OK ] SkipListTest.RandomOperations (0 ms)
[ RUN      ] SkipListTest.ConcurrentReadWrite
[       OK ] SkipListTest.ConcurrentReadWrite (3 ms)
[----------] 4 tests from SkipListTest (3 ms total)

[----------] Global test environment tear-down
[==========] 4 tests from 1 test suite ran. (3 ms total)
[  PASSED  ] 4 tests.
i
[==========] Running 4 tests from 1 test suite.
[----------] Global test environment set-up.
[----------] 4 tests from SkipListTest
[ RUN      ] SkipListTest.PutAndGet
[       OK ] SkipListTest.PutAndGet (0 ms)
[ RUN      ] SkipListTest.MultipleInsertAndRetrieve
[       OK ] SkipListTest.MultipleInsertAndRetrieve (0 ms)
[ RUN      ] SkipListTest.RandomOperations
[       OK ] SkipListTest.RandomOperations (0 ms)
[ RUN      ] SkipListTest.ConcurrentReadWrite
[       OK ] SkipListTest.ConcurrentReadWrite (3 ms)
[----------] 4 tests from SkipListTest (3 ms total)

[----------] Global test environment tear-down
[==========] 4 tests from 1 test suite ran. (3 ms total)
[  PASSED  ] 4 tests.
i
[==========] Running 4 tests from 1 test suite.
[----------] Global test environment set-up.
[----------] 4 tests from SkipListTest
[ RUN      ] SkipListTest.PutAndGet
[       OK ] SkipListTest.PutAndGet (0 ms)
[ RUN      ] SkipListTest.MultipleInsertAndRetrieve
[       OK ] SkipListTest.MultipleInsertAndRetrieve (0 ms)
[ RUN      ] SkipListTest.RandomOperations
[       OK ] SkipListTest.RandomOperations (0 ms)
[ RUN      ] SkipListTest.ConcurrentReadWrite
[       OK ] SkipListTest.ConcurrentReadWrite (3 ms)
[----------] 4 tests from SkipListTest (3 ms total)

[----------] Global test environment tear-down
[==========] 4 tests from 1 test suite ran. (3 ms total)
[  PASSED  ] 4 tests.
i
[==========] Running 4 tests from 1 test suite.
[----------] Global test environment set-up.
[----------] 4 tests from SkipListTest
[ RUN      ] SkipListTest.PutAndGet
[       OK ] SkipListTest.PutAndGet (0 ms)
[ RUN      ] SkipListTest.MultipleInsertAndRetrieve
[       OK ] SkipListTest.MultipleInsertAndRetrieve (0 ms)
[ RUN      ] SkipListTest.RandomOperations
[       OK ] SkipListTest.RandomOperations (0 ms)
[ RUN      ] SkipListTest.ConcurrentReadWrite
[       OK ] SkipListTest.ConcurrentReadWrite (3 ms)
[----------] 4 tests from SkipListTest (3 ms total)

[----------] Global test environment tear-down
[==========] 4 tests from 1 test suite ran. (3 ms total)
[  PASSED  ] 4 tests.
i
[==========] Running 4 tests from 1 test suite.
[----------] Global test environment set-up.
[----------] 4 tests from SkipListTest
[ RUN      ] SkipListTest.PutAndGet
[       OK ] SkipListTest.PutAndGet (0 ms)
[ RUN      ] SkipListTest.MultipleInsertAndRetrieve
[       OK ] SkipListTest.MultipleInsertAndRetrieve (0 ms)
[ RUN      ] SkipListTest.RandomOperations
[       OK ] SkipListTest.RandomOperations (0 ms)
[ RUN      ] SkipListTest.ConcurrentReadWrite
[       OK ] SkipListTest.ConcurrentReadWrite (3 ms)
[----------] 4 tests from SkipListTest (3 ms total)

[----------] Global test environment tear-down
[==========] 4 tests from 1 test suite ran. (3 ms total)
[  PASSED  ] 4 tests.
i
[==========] Running 4 tests from 1 test suite.
[----------] Global test environment set-up.
[----------] 4 tests from SkipListTest
[ RUN      ] SkipListTest.PutAndGet
[       OK ] SkipListTest.PutAndGet (0 ms)
[ RUN      ] SkipListTest.MultipleInsertAndRetrieve
[       OK ] SkipListTest.MultipleInsertAndRetrieve (0 ms)
[ RUN      ] SkipListTest.RandomOperations
[       OK ] SkipListTest.RandomOperations (0 ms)
[ RUN      ] SkipListTest.ConcurrentReadWrite
[       OK ] SkipListTest.ConcurrentReadWrite (3 ms)
[----------] 4 tests from SkipListTest (3 ms total)

[----------] Global test environment tear-down
[==========] 4 tests from 1 test suite ran. (3 ms total)
[  PASSED  ] 4 tests.
i
[==========] Running 4 tests from 1 test suite.
[----------] Global test environment set-up.
[----------] 4 tests from SkipListTest
[ RUN      ] SkipListTest.PutAndGet
[       OK ] SkipListTest.PutAndGet (0 ms)
[ RUN      ] SkipListTest.MultipleInsertAndRetrieve
[       OK ] SkipListTest.MultipleInsertAndRetrieve (0 ms)
[ RUN      ] SkipListTest.RandomOperations
[       OK ] SkipListTest.RandomOperations (0 ms)
[ RUN      ] SkipListTest.ConcurrentReadWrite
[       OK ] SkipListTest.ConcurrentReadWrite (3 ms)
[----------] 4 tests from SkipListTest (3 ms total)

[----------] Global test environment tear-down
[==========] 4 tests from 1 test suite ran. (3 ms total)
[  PASSED  ] 4 tests.
i
[==========] Running 4 tests from 1 test suite.
[----------] Global test environment set-up.
[----------] 4 tests from SkipListTest
[ RUN      ] SkipListTest.PutAndGet
[       OK ] SkipListTest.PutAndGet (0 ms)
[ RUN      ] SkipListTest.MultipleInsertAndRetrieve
[       OK ] SkipListTest.MultipleInsertAndRetrieve (0 ms)
[ RUN      ] SkipListTest.RandomOperations
[       OK ] SkipListTest.RandomOperations (0 ms)
[ RUN      ] SkipListTest.ConcurrentReadWrite
[       OK ] SkipListTest.ConcurrentReadWrite (3 ms)
[----------] 4 tests from SkipListTest (3 ms total)

[----------] Global test environment tear-down
[==========] 4 tests from 1 test suite ran. (3 ms total)
[  PASSED  ] 4 tests.
i
[==========] Running 4 tests from 1 test suite.
[----------] Global test environment set-up.
[----------] 4 tests from SkipListTest
[ RUN      ] SkipListTest.PutAndGet
[       OK ] SkipListTest.PutAndGet (0 ms)
[ RUN      ] SkipListTest.MultipleInsertAndRetrieve
[       OK ] SkipListTest.MultipleInsertAndRetrieve (0 ms)
[ RUN      ] SkipListTest.RandomOperations
[       OK ] SkipListTest.RandomOperations (0 ms)
[ RUN      ] SkipListTest.ConcurrentReadWrite
[       OK ] SkipListTest.ConcurrentReadWrite (3 ms)
[----------] 4 tests from SkipListTest (3 ms total)

[----------] Global test environment tear-down
[==========] 4 tests from 1 test suite ran. (3 ms total)
[  PASSED  ] 4 tests.
i
[==========] Running 4 tests from 1 test suite.
[----------] Global test environment set-up.
[----------] 4 tests from SkipListTest
[ RUN      ] SkipListTest.PutAndGet
[       OK ] SkipListTest.PutAndGet (0 ms)
[ RUN      ] SkipListTest.MultipleInsertAndRetrieve
[       OK ] SkipListTest.MultipleInsertAndRetrieve (0 ms)
[ RUN      ] SkipListTest.RandomOperations
[       OK ] SkipListTest.RandomOperations (0 ms)
[ RUN      ] SkipListTest.ConcurrentReadWrite
[       OK ] SkipListTest.ConcurrentReadWrite (3 ms)
[----------] 4 tests from SkipListTest (3 ms total)

[----------] Global test environment tear-down
[==========] 4 tests from 1 test suite ran. (3 ms total)
[  PASSED  ] 4 tests.
i
[==========] Running 4 tests from 1 test suite.
[----------] Global test environment set-up.
[----------] 4 tests from SkipListTest
[ RUN      ] SkipListTest.PutAndGet
[       OK ] SkipListTest.PutAndGet (0 ms)
[ RUN      ] SkipListTest.MultipleInsertAndRetrieve
[       OK ] SkipListTest.MultipleInsertAndRetrieve (0 ms)
[ RUN      ] SkipListTest.RandomOperations
[       OK ] SkipListTest.RandomOperations (0 ms)
[ RUN      ] SkipListTest.ConcurrentReadWrite
[       OK ] SkipListTest.ConcurrentReadWrite (3 ms)
[----------] 4 tests from SkipListTest (3 ms total)

[----------] Global test environment tear-down
[==========] 4 tests from 1 test suite ran. (3 ms total)
[  PASSED  ] 4 tests.
i
[==========] Running 4 tests from 1 test suite.
[----------] Global test environment set-up.
[----------] 4 tests from SkipListTest
[ RUN      ] SkipListTest.PutAndGet
[       OK ] SkipListTest.PutAndGet (0 ms)
[ RUN      ] SkipListTest.MultipleInsertAndRetrieve
[       OK ] SkipListTest.MultipleInsertAndRetrieve (0 ms)
[ RUN      ] SkipListTest.RandomOperations
[       OK ] SkipListTest.RandomOperations (0 ms)
[ RUN      ] SkipListTest.ConcurrentReadWrite
[       OK ] SkipListTest.ConcurrentReadWrite (3 ms)
[----------] 4 tests from SkipListTest (3 ms total)

[----------] Global test environment tear-down
[==========] 4 tests from 1 test suite ran. (3 ms total)
[  PASSED  ] 4 tests.
i
[==========] Running 4 tests from 1 test suite.
[----------] Global test environment set-up.
[----------] 4 tests from SkipListTest
[ RUN      ] SkipListTest.PutAndGet
[       OK ] SkipListTest.PutAndGet (0 ms)
[ RUN      ] SkipListTest.MultipleInsertAndRetrieve
[       OK ] SkipListTest.MultipleInsertAndRetrieve (0 ms)
[ RUN      ] SkipListTest.RandomOperations
[       OK ] SkipListTest.RandomOperations (0 ms)
[ RUN      ] SkipListTest.ConcurrentReadWrite
[       OK ] SkipListTest.ConcurrentReadWrite (3 ms)
[----------] 4 tests from SkipListTest (3 ms total)

[----------] Global test environment tear-down
[==========] 4 tests from 1 test suite ran. (3 ms total)
[  PASSED  ] 4 tests.
i
[==========] Running 4 tests from 1 test suite.
[----------] Global test environment set-up.
[----------] 4 tests from SkipListTest
[ RUN      ] SkipListTest.PutAndGet
[       OK ] SkipListTest.PutAndGet (0 ms)
[ RUN      ] SkipListTest.MultipleInsertAndRetrieve
[       OK ] SkipListTest.MultipleInsertAndRetrieve (0 ms)
[ RUN      ] SkipListTest.RandomOperations
[       OK ] SkipListTest.RandomOperations (0 ms)
[ RUN      ] SkipListTest.ConcurrentReadWrite
[       OK ] SkipListTest.ConcurrentReadWrite (3 ms)
[----------] 4 tests from SkipListTest (3 ms total)

[----------] Global test environment tear-down
[==========] 4 tests from 1 test suite ran. (3 ms total)
[  PASSED  ] 4 tests.
i
[==========] Running 4 tests from 1 test suite.
[----------] Global test environment set-up.
[----------] 4 tests from SkipListTest
[ RUN      ] SkipListTest.PutAndGet
[       OK ] SkipListTest.PutAndGet (0 ms)
[ RUN      ] SkipListTest.MultipleInsertAndRetrieve
[       OK ] SkipListTest.MultipleInsertAndRetrieve (0 ms)
[ RUN      ] SkipListTest.RandomOperations
[       OK ] SkipListTest.RandomOperations (0 ms)
[ RUN      ] SkipListTest.ConcurrentReadWrite
[       OK ] SkipListTest.ConcurrentReadWrite (3 ms)
[----------] 4 tests from SkipListTest (3 ms total)

[----------] Global test environment tear-down
[==========] 4 tests from 1 test suite ran. (3 ms total)
[  PASSED  ] 4 tests.
i
[==========] Running 4 tests from 1 test suite.
[----------] Global test environment set-up.
[----------] 4 tests from SkipListTest
[ RUN      ] SkipListTest.PutAndGet
[       OK ] SkipListTest.PutAndGet (0 ms)
[ RUN      ] SkipListTest.MultipleInsertAndRetrieve
[       OK ] SkipListTest.MultipleInsertAndRetrieve (0 ms)
[ RUN      ] SkipListTest.RandomOperations
[       OK ] SkipListTest.RandomOperations (0 ms)
[ RUN      ] SkipListTest.ConcurrentReadWrite
[       OK ] SkipListTest.ConcurrentReadWrite (3 ms)
[----------] 4 tests from SkipListTest (3 ms total)

[----------] Global test environment tear-down
[==========] 4 tests from 1 test suite ran. (3 ms total)
[  PASSED  ] 4 tests.
i
[==========] Running 4 tests from 1 test suite.
[----------] Global test environment set-up.
[----------] 4 tests from SkipListTest
[ RUN      ] SkipListTest.PutAndGet
[       OK ] SkipListTest.PutAndGet (0 ms)
[ RUN      ] SkipListTest.MultipleInsertAndRetrieve
[       OK ] SkipListTest.MultipleInsertAndRetrieve (0 ms)
[ RUN      ] SkipListTest.RandomOperations
[       OK ] SkipListTest.RandomOperations (0 ms)
[ RUN      ] SkipListTest.ConcurrentReadWrite
[       OK ] SkipListTest.ConcurrentReadWrite (3 ms)
[----------] 4 tests from SkipListTest (3 ms total)

[----------] Global test environment tear-down
[==========] 4 tests from 1 test suite ran. (3 ms total)
[  PASSED  ] 4 tests.
i
[==========] Running 4 tests from 1 test suite.
[----------] Global test environment set-up.
[----------] 4 tests from SkipListTest
[ RUN      ] SkipListTest.PutAndGet
[       OK ] SkipListTest.PutAndGet (0 ms)
[ RUN      ] SkipListTest.MultipleInsertAndRetrieve
[       OK ] SkipListTest.MultipleInsertAndRetrieve (0 ms)
[ RUN      ] SkipListTest.RandomOperations
[       OK ] SkipListTest.RandomOperations (0 ms)
[ RUN      ] SkipListTest.ConcurrentReadWrite
[       OK ] SkipListTest.ConcurrentReadWrite (3 ms)
[----------] 4 tests from SkipListTest (3 ms total)

[----------] Global test environment tear-down
[==========] 4 tests from 1 test suite ran. (3 ms total)
[  PASSED  ] 4 tests.
i
[==========] Running 4 tests from 1 test suite.
[----------] Global test environment set-up.
[----------] 4 tests from SkipListTest
[ RUN      ] SkipListTest.PutAndGet
[       OK ] SkipListTest.PutAndGet (0 ms)
[ RUN      ] SkipListTest.MultipleInsertAndRetrieve
[       OK ] SkipListTest.MultipleInsertAndRetrieve (0 ms)
[ RUN      ] SkipListTest.RandomOperations
[       OK ] SkipListTest.RandomOperations (0 ms)
[ RUN      ] SkipListTest.ConcurrentReadWrite
[       OK ] SkipListTest.ConcurrentReadWrite (3 ms)
[----------] 4 tests from SkipListTest (3 ms total)

[----------] Global test environment tear-down
[==========] 4 tests from 1 test suite ran. (3 ms total)
[  PASSED  ] 4 tests.
i
[==========] Running 4 tests from 1 test suite.
[----------] Global test environment set-up.
[----------] 4 tests from SkipListTest
[ RUN      ] SkipListTest.PutAndGet
[       OK ] SkipListTest.PutAndGet (0 ms)
[ RUN      ] SkipListTest.MultipleInsertAndRetrieve
[       OK ] SkipListTest.MultipleInsertAndRetrieve (0 ms)
[ RUN      ] SkipListTest.RandomOperations
[       OK ] SkipListTest.RandomOperations (0 ms)
[ RUN      ] SkipListTest.ConcurrentReadWrite
[       OK ] SkipListTest.ConcurrentReadWrite (3 ms)
[----------] 4 tests from SkipListTest (3 ms total)

[----------] Global test environment tear-down
[==========] 4 tests from 1 test suite ran. (3 ms total)
[  PASSED  ] 4 tests.
i
[==========] Running 4 tests from 1 test suite.
[----------] Global test environment set-up.
[----------] 4 tests from SkipListTest
[ RUN      ] SkipListTest.PutAndGet
[       OK ] SkipListTest.PutAndGet (0 ms)
[ RUN      ] SkipListTest.MultipleInsertAndRetrieve
[       OK ] SkipListTest.MultipleInsertAndRetrieve (0 ms)
[ RUN      ] SkipListTest.RandomOperations
[       OK ] SkipListTest.RandomOperations (0 ms)
[ RUN      ] SkipListTest.ConcurrentReadWrite
[       OK ] SkipListTest.ConcurrentReadWrite (3 ms)
[----------] 4 tests from SkipListTest (3 ms total)

[----------] Global test environment tear-down
[==========] 4 tests from 1 test suite ran. (3 ms total)
[  PASSED  ] 4 tests.
i
[==========] Running 4 tests from 1 test suite.
[----------] Global test environment set-up.
[----------] 4 tests from SkipListTest
[ RUN      ] SkipListTest.PutAndGet
[       OK ] SkipListTest.PutAndGet (0 ms)
[ RUN      ] SkipListTest.MultipleInsertAndRetrieve
[       OK ] SkipListTest.MultipleInsertAndRetrieve (0 ms)
[ RUN      ] SkipListTest.RandomOperations
[       OK ] SkipListTest.RandomOperations (0 ms)
[ RUN      ] SkipListTest.ConcurrentReadWrite
[       OK ] SkipListTest.ConcurrentReadWrite (3 ms)
[----------] 4 tests from SkipListTest (3 ms total)

[----------] Global test environment tear-down
[==========] 4 tests from 1 test suite ran. (3 ms total)
[  PASSED  ] 4 tests.
i
[==========] Running 4 tests from 1 test suite.
[----------] Global test environment set-up.
[----------] 4 tests from SkipListTest
[ RUN      ] SkipListTest.PutAndGet
[       OK ] SkipListTest.PutAndGet (0 ms)
[ RUN      ] SkipListTest.MultipleInsertAndRetrieve
[       OK ] SkipListTest.MultipleInsertAndRetrieve (0 ms)
[ RUN      ] SkipListTest.RandomOperations
[       OK ] SkipListTest.RandomOperations (0 ms)
[ RUN      ] SkipListTest.ConcurrentReadWrite
[       OK ] SkipListTest.ConcurrentReadWrite (3 ms)
[----------] 4 tests from SkipListTest (3 ms total)

[----------] Global test environment tear-down
[==========] 4 tests from 1 test suite ran. (3 ms total)
[  PASSED  ] 4 tests.
i
[==========] Running 4 tests from 1 test suite.
[----------] Global test environment set-up.
[----------] 4 tests from SkipListTest
[ RUN      ] SkipListTest.PutAndGet
[       OK ] SkipListTest.PutAndGet (0 ms)
[ RUN      ] SkipListTest.MultipleInsertAndRetrieve
[       OK ] SkipListTest.MultipleInsertAndRetrieve (0 ms)
[ RUN      ] SkipListTest.RandomOperations
[       OK ] SkipListTest.RandomOperations (0 ms)
[ RUN      ] SkipListTest.ConcurrentReadWrite
[       OK ] SkipListTest.ConcurrentReadWrite (3 ms)
[----------] 4 tests from SkipListTest (3 ms total)

[----------] Global test environment tear-down
[==========] 4 tests from 1 test suite ran. (3 ms total)
[  PASSED  ] 4 tests.
i
[==========] Running 4 tests from 1 test suite.
[----------] Global test environment set-up.
[----------] 4 tests from SkipListTest
[ RUN      ] SkipListTest.PutAndGet
[       OK ] SkipListTest.PutAndGet (0 ms)
[ RUN      ] SkipListTest.MultipleInsertAndRetrieve
[       OK ] SkipListTest.MultipleInsertAndRetrieve (0 ms)
[ RUN      ] SkipListTest.RandomOperations
[       OK ] SkipListTest.RandomOperations (0 ms)
[ RUN      ] SkipListTest.ConcurrentReadWrite
[       OK ] SkipListTest.ConcurrentReadWrite (3 ms)
[----------] 4 tests from SkipListTest (3 ms total)

[----------] Global test environment tear-down
[==========] 4 tests from 1 test suite ran. (3 ms total)
[  PASSED  ] 4 tests.
i
[==========] Running 4 tests from 1 test suite.
[----------] Global test environment set-up.
[----------] 4 tests from SkipListTest
[ RUN      ] SkipListTest.PutAndGet
[       OK ] SkipListTest.PutAndGet (0 ms)
[ RUN      ] SkipListTest.MultipleInsertAndRetrieve
[       OK ] SkipListTest.MultipleInsertAndRetrieve (0 ms)
[ RUN      ] SkipListTest.RandomOperations
[       OK ] SkipListTest.RandomOperations (0 ms)
[ RUN      ] SkipListTest.ConcurrentReadWrite
[       OK ] SkipListTest.ConcurrentReadWrite (3 ms)
[----------] 4 tests from SkipListTest (3 ms total)

[----------] Global test environment tear-down
[==========] 4 tests from 1 test suite ran. (3 ms total)
[  PASSED  ] 4 tests.
i
[==========] Running 4 tests from 1 test suite.
[----------] Global test environment set-up.
[----------] 4 tests from SkipListTest
[ RUN      ] SkipListTest.PutAndGet
[       OK ] SkipListTest.PutAndGet (0 ms)
[ RUN      ] SkipListTest.MultipleInsertAndRetrieve
[       OK ] SkipListTest.MultipleInsertAndRetrieve (0 ms)
[ RUN      ] SkipListTest.RandomOperations
[       OK ] SkipListTest.RandomOperations (0 ms)
[ RUN      ] SkipListTest.ConcurrentReadWrite
[       OK ] SkipListTest.ConcurrentReadWrite (3 ms)
[----------] 4 tests from SkipListTest (3 ms total)

[----------] Global test environment tear-down
[==========] 4 tests from 1 test suite ran. (3 ms total)
[  PASSED  ] 4 tests.
i
[==========] Running 4 tests from 1 test suite.
[----------] Global test environment set-up.
[----------] 4 tests from SkipListTest
[ RUN      ] SkipListTest.PutAndGet
[       OK ] SkipListTest.PutAndGet (0 ms)
[ RUN      ] SkipListTest.MultipleInsertAndRetrieve
[       OK ] SkipListTest.MultipleInsertAndRetrieve (0 ms)
[ RUN      ] SkipListTest.RandomOperations
[       OK ] SkipListTest.RandomOperations (0 ms)
[ RUN      ] SkipListTest.ConcurrentReadWrite
[       OK ] SkipListTest.ConcurrentReadWrite (3 ms)
[----------] 4 tests from SkipListTest (3 ms total)

[----------] Global test environment tear-down
[==========] 4 tests from 1 test suite ran. (3 ms total)
[  PASSED  ] 4 tests.
i
[==========] Running 4 tests from 1 test suite.
[----------] Global test environment set-up.
[----------] 4 tests from SkipListTest
[ RUN      ] SkipListTest.PutAndGet
[       OK ] SkipListTest.PutAndGet (0 ms)
[ RUN      ] SkipListTest.MultipleInsertAndRetrieve
[       OK ] SkipListTest.MultipleInsertAndRetrieve (0 ms)
[ RUN      ] SkipListTest.RandomOperations
[       OK ] SkipListTest.RandomOperations (0 ms)
[ RUN      ] SkipListTest.ConcurrentReadWrite
[       OK ] SkipListTest.ConcurrentReadWrite (3 ms)
[----------] 4 tests from SkipListTest (3 ms total)

[----------] Global test environment tear-down
[==========] 4 tests from 1 test suite ran. (3 ms total)
[  PASSED  ] 4 tests.
i
[==========] Running 4 tests from 1 test suite.
[----------] Global test environment set-up.
[----------] 4 tests from SkipListTest
[ RUN      ] SkipListTest.PutAndGet
[       OK ] SkipListTest.PutAndGet (0 ms)
[ RUN      ] SkipListTest.MultipleInsertAndRetrieve
[       OK ] SkipListTest.MultipleInsertAndRetrieve (0 ms)
[ RUN      ] SkipListTest.RandomOperations
[       OK ] SkipListTest.RandomOperations (0 ms)
[ RUN      ] SkipListTest.ConcurrentReadWrite
[       OK ] SkipListTest.ConcurrentReadWrite (3 ms)
[----------] 4 tests from SkipListTest (3 ms total)

[----------] Global test environment tear-down
[==========] 4 tests from 1 test suite ran. (3 ms total)
[  PASSED  ] 4 tests.
i
[==========] Running 4 tests from 1 test suite.
[----------] Global test environment set-up.
[----------] 4 tests from SkipListTest
[ RUN      ] SkipListTest.PutAndGet
[       OK ] SkipListTest.PutAndGet (0 ms)
[ RUN      ] SkipListTest.MultipleInsertAndRetrieve
[       OK ] SkipListTest.MultipleInsertAndRetrieve (0 ms)
[ RUN      ] SkipListTest.RandomOperations
[       OK ] SkipListTest.RandomOperations (0 ms)
[ RUN      ] SkipListTest.ConcurrentReadWrite
[       OK ] SkipListTest.ConcurrentReadWrite (3 ms)
[----------] 4 tests from SkipListTest (3 ms total)

[----------] Global test environment tear-down
[==========] 4 tests from 1 test suite ran. (3 ms total)
[  PASSED  ] 4 tests.
i
[==========] Running 4 tests from 1 test suite.
[----------] Global test environment set-up.
[----------] 4 tests from SkipListTest
[ RUN      ] SkipListTest.PutAndGet
[       OK ] SkipListTest.PutAndGet (0 ms)
[ RUN      ] SkipListTest.MultipleInsertAndRetrieve
[       OK ] SkipListTest.MultipleInsertAndRetrieve (0 ms)
[ RUN      ] SkipListTest.RandomOperations
[       OK ] SkipListTest.RandomOperations (0 ms)
[ RUN      ] SkipListTest.ConcurrentReadWrite
[       OK ] SkipListTest.ConcurrentReadWrite (3 ms)
[----------] 4 tests from SkipListTest (3 ms total)

[----------] Global test environment tear-down
[==========] 4 tests from 1 test suite ran. (3 ms total)
[  PASSED  ] 4 tests.
i
[==========] Running 4 tests from 1 test suite.
[----------] Global test environment set-up.
[----------] 4 tests from SkipListTest
[ RUN      ] SkipListTest.PutAndGet
[       OK ] SkipListTest.PutAndGet (0 ms)
[ RUN      ] SkipListTest.MultipleInsertAndRetrieve
[       OK ] SkipListTest.MultipleInsertAndRetrieve (0 ms)
[ RUN      ] SkipListTest.RandomOperations
[       OK ] SkipListTest.RandomOperations (0 ms)
[ RUN      ] SkipListTest.ConcurrentReadWrite
[       OK ] SkipListTest.ConcurrentReadWrite (3 ms)
[----------] 4 tests from SkipListTest (3 ms total)

[----------] Global test environment tear-down
[==========] 4 tests from 1 test suite ran. (3 ms total)
[  PASSED  ] 4 tests.
i
[==========] Running 4 tests from 1 test suite.
[----------] Global test environment set-up.
[----------] 4 tests from SkipListTest
[ RUN      ] SkipListTest.PutAndGet
[       OK ] SkipListTest.PutAndGet (0 ms)
[ RUN      ] SkipListTest.MultipleInsertAndRetrieve
[       OK ] SkipListTest.MultipleInsertAndRetrieve (0 ms)
[ RUN      ] SkipListTest.RandomOperations
[       OK ] SkipListTest.RandomOperations (0 ms)
[ RUN      ] SkipListTest.ConcurrentReadWrite
[       OK ] SkipListTest.ConcurrentReadWrite (3 ms)
[----------] 4 tests from SkipListTest (3 ms total)

[----------] Global test environment tear-down
[==========] 4 tests from 1 test suite ran. (3 ms total)
[  PASSED  ] 4 tests.
i
[==========] Running 4 tests from 1 test suite.
[----------] Global test environment set-up.
[----------] 4 tests from SkipListTest
[ RUN      ] SkipListTest.PutAndGet
[       OK ] SkipListTest.PutAndGet (0 ms)
[ RUN      ] SkipListTest.MultipleInsertAndRetrieve
[       OK ] SkipListTest.MultipleInsertAndRetrieve (0 ms)
[ RUN      ] SkipListTest.RandomOperations
[       OK ] SkipListTest.RandomOperations (0 ms)
[ RUN      ] SkipListTest.ConcurrentReadWrite
[       OK ] SkipListTest.ConcurrentReadWrite (3 ms)
[----------] 4 tests from SkipListTest (3 ms total)

[----------] Global test environment tear-down
[==========] 4 tests from 1 test suite ran. (3 ms total)
[  PASSED  ] 4 tests.
i
[==========] Running 4 tests from 1 test suite.
[----------] Global test environment set-up.
[----------] 4 tests from SkipListTest
[ RUN      ] SkipListTest.PutAndGet
[       OK ] SkipListTest.PutAndGet (0 ms)
[ RUN      ] SkipListTest.MultipleInsertAndRetrieve
[       OK ] SkipListTest.MultipleInsertAndRetrieve (0 ms)
[ RUN      ] SkipListTest.RandomOperations
[       OK ] SkipListTest.RandomOperations (0 ms)
[ RUN      ] SkipListTest.ConcurrentReadWrite
[       OK ] SkipListTest.ConcurrentReadWrite (3 ms)
[----------] 4 tests from SkipListTest (3 ms total)

[----------] Global test environment tear-down
[==========] 4 tests from 1 test suite ran. (3 ms total)
[  PASSED  ] 4 tests.
i
[==========] Running 4 tests from 1 test suite.
[----------] Global test environment set-up.
[----------] 4 tests from SkipListTest
[ RUN      ] SkipListTest.PutAndGet
[       OK ] SkipListTest.PutAndGet (0 ms)
[ RUN      ] SkipListTest.MultipleInsertAndRetrieve
[       OK ] SkipListTest.MultipleInsertAndRetrieve (0 ms)
[ RUN      ] SkipListTest.RandomOperations
[       OK ] SkipListTest.RandomOperations (0 ms)
[ RUN      ] SkipListTest.ConcurrentReadWrite
[       OK ] SkipListTest.ConcurrentReadWrite (3 ms)
[----------] 4 tests from SkipListTest (3 ms total)

[----------] Global test environment tear-down
[==========] 4 tests from 1 test suite ran. (3 ms total)
[  PASSED  ] 4 tests.
i
[==========] Running 4 tests from 1 test suite.
[----------] Global test environment set-up.
[----------] 4 tests from SkipListTest
[ RUN      ] SkipListTest.PutAndGet
[       OK ] SkipListTest.PutAndGet (0 ms)
[ RUN      ] SkipListTest.MultipleInsertAndRetrieve
[       OK ] SkipListTest.MultipleInsertAndRetrieve (0 ms)
[ RUN      ] SkipListTest.RandomOperations
[       OK ] SkipListTest.RandomOperations (0 ms)
[ RUN      ] SkipListTest.ConcurrentReadWrite
[       OK ] SkipListTest.ConcurrentReadWrite (3 ms)
[----------] 4 tests from SkipListTest (3 ms total)

[----------] Global test environment tear-down
[==========] 4 tests from 1 test suite ran. (4 ms total)
[  PASSED  ] 4 tests.
i
[==========] Running 4 tests from 1 test suite.
[----------] Global test environment set-up.
[----------] 4 tests from SkipListTest
[ RUN      ] SkipListTest.PutAndGet
[       OK ] SkipListTest.PutAndGet (0 ms)
[ RUN      ] SkipListTest.MultipleInsertAndRetrieve
[       OK ] SkipListTest.MultipleInsertAndRetrieve (0 ms)
[ RUN      ] SkipListTest.RandomOperations
[       OK ] SkipListTest.RandomOperations (0 ms)
[ RUN      ] SkipListTest.ConcurrentReadWrite
[       OK ] SkipListTest.ConcurrentReadWrite (3 ms)
[----------] 4 tests from SkipListTest (3 ms total)

[----------] Global test environment tear-down
[==========] 4 tests from 1 test suite ran. (3 ms total)
[  PASSED  ] 4 tests.
i
[==========] Running 4 tests from 1 test suite.
[----------] Global test environment set-up.
[----------] 4 tests from SkipListTest
[ RUN      ] SkipListTest.PutAndGet
[       OK ] SkipListTest.PutAndGet (0 ms)
[ RUN      ] SkipListTest.MultipleInsertAndRetrieve
[       OK ] SkipListTest.MultipleInsertAndRetrieve (0 ms)
[ RUN      ] SkipListTest.RandomOperations
[       OK ] SkipListTest.RandomOperations (0 ms)
[ RUN      ] SkipListTest.ConcurrentReadWrite
[       OK ] SkipListTest.ConcurrentReadWrite (3 ms)
[----------] 4 tests from SkipListTest (3 ms total)

[----------] Global test environment tear-down
[==========] 4 tests from 1 test suite ran. (4 ms total)
[  PASSED  ] 4 tests.
i
[==========] Running 4 tests from 1 test suite.
[----------] Global test environment set-up.
[----------] 4 tests from SkipListTest
[ RUN      ] SkipListTest.PutAndGet
[       OK ] SkipListTest.PutAndGet (0 ms)
[ RUN      ] SkipListTest.MultipleInsertAndRetrieve
[       OK ] SkipListTest.MultipleInsertAndRetrieve (0 ms)
[ RUN      ] SkipListTest.RandomOperations
[       OK ] SkipListTest.RandomOperations (0 ms)
[ RUN      ] SkipListTest.ConcurrentReadWrite
[       OK ] SkipListTest.ConcurrentReadWrite (3 ms)
[----------] 4 tests from SkipListTest (3 ms total)

[----------] Global test environment tear-down
[==========] 4 tests from 1 test suite ran. (3 ms total)
[  PASSED  ] 4 tests.
i
[==========] Running 4 tests from 1 test suite.
[----------] Global test environment set-up.
[----------] 4 tests from SkipListTest
[ RUN      ] SkipListTest.PutAndGet
[       OK ] SkipListTest.PutAndGet (0 ms)
[ RUN      ] SkipListTest.MultipleInsertAndRetrieve
[       OK ] SkipListTest.MultipleInsertAndRetrieve (0 ms)
[ RUN      ] SkipListTest.RandomOperations
[       OK ] SkipListTest.RandomOperations (0 ms)
[ RUN      ] SkipListTest.ConcurrentReadWrite
[       OK ] SkipListTest.ConcurrentReadWrite (3 ms)
[----------] 4 tests from SkipListTest (3 ms total)

[----------] Global test environment tear-down
[==========] 4 tests from 1 test suite ran. (3 ms total)
[  PASSED  ] 4 tests.
i
[==========] Running 4 tests from 1 test suite.
[----------] Global test environment set-up.
[----------] 4 tests from SkipListTest
[ RUN      ] SkipListTest.PutAndGet
[       OK ] SkipListTest.PutAndGet (0 ms)
[ RUN      ] SkipListTest.MultipleInsertAndRetrieve
[       OK ] SkipListTest.MultipleInsertAndRetrieve (0 ms)
[ RUN      ] SkipListTest.RandomOperations
[       OK ] SkipListTest.RandomOperations (0 ms)
[ RUN      ] SkipListTest.ConcurrentReadWrite
[       OK ] SkipListTest.ConcurrentReadWrite (3 ms)
[----------] 4 tests from SkipListTest (3 ms total)

[----------] Global test environment tear-down
[==========] 4 tests from 1 test suite ran. (3 ms total)
[  PASSED  ] 4 tests.
i
[==========] Running 4 tests from 1 test suite.
[----------] Global test environment set-up.
[----------] 4 tests from SkipListTest
[ RUN      ] SkipListTest.PutAndGet
[       OK ] SkipListTest.PutAndGet (0 ms)
[ RUN      ] SkipListTest.MultipleInsertAndRetrieve
[       OK ] SkipListTest.MultipleInsertAndRetrieve (0 ms)
[ RUN      ] SkipListTest.RandomOperations
[       OK ] SkipListTest.RandomOperations (0 ms)
[ RUN      ] SkipListTest.ConcurrentReadWrite
[       OK ] SkipListTest.ConcurrentReadWrite (3 ms)
[----------] 4 tests from SkipListTest (3 ms total)

[----------] Global test environment tear-down
[==========] 4 tests from 1 test suite ran. (3 ms total)
[  PASSED  ] 4 tests.
i
[==========] Running 4 tests from 1 test suite.
[----------] Global test environment set-up.
[----------] 4 tests from SkipListTest
[ RUN      ] SkipListTest.PutAndGet
[       OK ] SkipListTest.PutAndGet (0 ms)
[ RUN      ] SkipListTest.MultipleInsertAndRetrieve
[       OK ] SkipListTest.MultipleInsertAndRetrieve (0 ms)
[ RUN      ] SkipListTest.RandomOperations
[       OK ] SkipListTest.RandomOperations (0 ms)
[ RUN      ] SkipListTest.ConcurrentReadWrite
[       OK ] SkipListTest.ConcurrentReadWrite (3 ms)
[----------] 4 tests from SkipListTest (3 ms total)

[----------] Global test environment tear-down
[==========] 4 tests from 1 test suite ran. (3 ms total)
[  PASSED  ] 4 tests.
i
[==========] Running 4 tests from 1 test suite.
[----------] Global test environment set-up.
[----------] 4 tests from SkipListTest
[ RUN      ] SkipListTest.PutAndGet
[       OK ] SkipListTest.PutAndGet (0 ms)
[ RUN      ] SkipListTest.MultipleInsertAndRetrieve
[       OK ] SkipListTest.MultipleInsertAndRetrieve (0 ms)
[ RUN      ] SkipListTest.RandomOperations
[       OK ] SkipListTest.RandomOperations (0 ms)
[ RUN      ] SkipListTest.ConcurrentReadWrite
[       OK ] SkipListTest.ConcurrentReadWrite (3 ms)
[----------] 4 tests from SkipListTest (3 ms total)

[----------] Global test environment tear-down
[==========] 4 tests from 1 test suite ran. (3 ms total)
[  PASSED  ] 4 tests.
i
[==========] Running 4 tests from 1 test suite.
[----------] Global test environment set-up.
[----------] 4 tests from SkipListTest
[ RUN      ] SkipListTest.PutAndGet
[       OK ] SkipListTest.PutAndGet (0 ms)
[ RUN      ] SkipListTest.MultipleInsertAndRetrieve
[       OK ] SkipListTest.MultipleInsertAndRetrieve (0 ms)
[ RUN      ] SkipListTest.RandomOperations
[       OK ] SkipListTest.RandomOperations (0 ms)
[ RUN      ] SkipListTest.ConcurrentReadWrite
[       OK ] SkipListTest.ConcurrentReadWrite (3 ms)
[----------] 4 tests from SkipListTest (3 ms total)

[----------] Global test environment tear-down
[==========] 4 tests from 1 test suite ran. (3 ms total)
[  PASSED  ] 4 tests.
i
[==========] Running 4 tests from 1 test suite.
[----------] Global test environment set-up.
[----------] 4 tests from SkipListTest
[ RUN      ] SkipListTest.PutAndGet
[       OK ] SkipListTest.PutAndGet (0 ms)
[ RUN      ] SkipListTest.MultipleInsertAndRetrieve
[       OK ] SkipListTest.MultipleInsertAndRetrieve (0 ms)
[ RUN      ] SkipListTest.RandomOperations
[       OK ] SkipListTest.RandomOperations (0 ms)
[ RUN      ] SkipListTest.ConcurrentReadWrite
[       OK ] SkipListTest.ConcurrentReadWrite (3 ms)
[----------] 4 tests from SkipListTest (3 ms total)

[----------] Global test environment tear-down
[==========] 4 tests from 1 test suite ran. (3 ms total)
[  PASSED  ] 4 tests.
i
[==========] Running 4 tests from 1 test suite.
[----------] Global test environment set-up.
[----------] 4 tests from SkipListTest
[ RUN      ] SkipListTest.PutAndGet
[       OK ] SkipListTest.PutAndGet (0 ms)
[ RUN      ] SkipListTest.MultipleInsertAndRetrieve
[       OK ] SkipListTest.MultipleInsertAndRetrieve (0 ms)
[ RUN      ] SkipListTest.RandomOperations
[       OK ] SkipListTest.RandomOperations (0 ms)
[ RUN      ] SkipListTest.ConcurrentReadWrite
[       OK ] SkipListTest.ConcurrentReadWrite (3 ms)
[----------] 4 tests from SkipListTest (3 ms total)

[----------] Global test environment tear-down
[==========] 4 tests from 1 test suite ran. (3 ms total)
[  PASSED  ] 4 tests.
i
[==========] Running 4 tests from 1 test suite.
[----------] Global test environment set-up.
[----------] 4 tests from SkipListTest
[ RUN      ] SkipListTest.PutAndGet
[       OK ] SkipListTest.PutAndGet (0 ms)
[ RUN      ] SkipListTest.MultipleInsertAndRetrieve
[       OK ] SkipListTest.MultipleInsertAndRetrieve (0 ms)
[ RUN      ] SkipListTest.RandomOperations
[       OK ] SkipListTest.RandomOperations (0 ms)
[ RUN      ] SkipListTest.ConcurrentReadWrite
[       OK ] SkipListTest.ConcurrentReadWrite (3 ms)
[----------] 4 tests from SkipListTest (3 ms total)

[----------] Global test environment tear-down
[==========] 4 tests from 1 test suite ran. (3 ms total)
[  PASSED  ] 4 tests.
i
[==========] Running 4 tests from 1 test suite.
[----------] Global test environment set-up.
[----------] 4 tests from SkipListTest
[ RUN      ] SkipListTest.PutAndGet
[       OK ] SkipListTest.PutAndGet (0 ms)
[ RUN      ] SkipListTest.MultipleInsertAndRetrieve
[       OK ] SkipListTest.MultipleInsertAndRetrieve (0 ms)
[ RUN      ] SkipListTest.RandomOperations
[       OK ] SkipListTest.RandomOperations (0 ms)
[ RUN      ] SkipListTest.ConcurrentReadWrite
[       OK ] SkipListTest.ConcurrentReadWrite (3 ms)
[----------] 4 tests from SkipListTest (3 ms total)

[----------] Global test environment tear-down
[==========] 4 tests from 1 test suite ran. (3 ms total)
[  PASSED  ] 4 tests.
i
[==========] Running 4 tests from 1 test suite.
[----------] Global test environment set-up.
[----------] 4 tests from SkipListTest
[ RUN      ] SkipListTest.PutAndGet
[       OK ] SkipListTest.PutAndGet (0 ms)
[ RUN      ] SkipListTest.MultipleInsertAndRetrieve
[       OK ] SkipListTest.MultipleInsertAndRetrieve (0 ms)
[ RUN      ] SkipListTest.RandomOperations
[       OK ] SkipListTest.RandomOperations (0 ms)
[ RUN      ] SkipListTest.ConcurrentReadWrite
[       OK ] SkipListTest.ConcurrentReadWrite (3 ms)
[----------] 4 tests from SkipListTest (3 ms total)

[----------] Global test environment tear-down
[==========] 4 tests from 1 test suite ran. (3 ms total)
[  PASSED  ] 4 tests.
i
[==========] Running 4 tests from 1 test suite.
[----------] Global test environment set-up.
[----------] 4 tests from SkipListTest
[ RUN      ] SkipListTest.PutAndGet
[       OK ] SkipListTest.PutAndGet (0 ms)
[ RUN      ] SkipListTest.MultipleInsertAndRetrieve
[       OK ] SkipListTest.MultipleInsertAndRetrieve (0 ms)
[ RUN      ] SkipListTest.RandomOperations
[       OK ] SkipListTest.RandomOperations (0 ms)
[ RUN      ] SkipListTest.ConcurrentReadWrite
[       OK ] SkipListTest.ConcurrentReadWrite (3 ms)
[----------] 4 tests from SkipListTest (3 ms total)

[----------] Global test environment tear-down
[==========] 4 tests from 1 test suite ran. (3 ms total)
[  PASSED  ] 4 tests.
i
[==========] Running 4 tests from 1 test suite.
[----------] Global test environment set-up.
[----------] 4 tests from SkipListTest
[ RUN      ] SkipListTest.PutAndGet
[       OK ] SkipListTest.PutAndGet (0 ms)
[ RUN      ] SkipListTest.MultipleInsertAndRetrieve
[       OK ] SkipListTest.MultipleInsertAndRetrieve (0 ms)
[ RUN      ] SkipListTest.RandomOperations
[       OK ] SkipListTest.RandomOperations (0 ms)
[ RUN      ] SkipListTest.ConcurrentReadWrite
[       OK ] SkipListTest.ConcurrentReadWrite (3 ms)
[----------] 4 tests from SkipListTest (3 ms total)

[----------] Global test environment tear-down
[==========] 4 tests from 1 test suite ran. (3 ms total)
[  PASSED  ] 4 tests.
i
[==========] Running 4 tests from 1 test suite.
[----------] Global test environment set-up.
[----------] 4 tests from SkipListTest
[ RUN      ] SkipListTest.PutAndGet
[       OK ] SkipListTest.PutAndGet (0 ms)
[ RUN      ] SkipListTest.MultipleInsertAndRetrieve
[       OK ] SkipListTest.MultipleInsertAndRetrieve (0 ms)
[ RUN      ] SkipListTest.RandomOperations
[       OK ] SkipListTest.RandomOperations (0 ms)
[ RUN      ] SkipListTest.ConcurrentReadWrite
[       OK ] SkipListTest.ConcurrentReadWrite (3 ms)
[----------] 4 tests from SkipListTest (3 ms total)

[----------] Global test environment tear-down
[==========] 4 tests from 1 test suite ran. (3 ms total)
[  PASSED  ] 4 tests.
i
[==========] Running 4 tests from 1 test suite.
[----------] Global test environment set-up.
[----------] 4 tests from SkipListTest
[ RUN      ] SkipListTest.PutAndGet
[       OK ] SkipListTest.PutAndGet (0 ms)
[ RUN      ] SkipListTest.MultipleInsertAndRetrieve
[       OK ] SkipListTest.MultipleInsertAndRetrieve (0 ms)
[ RUN      ] SkipListTest.RandomOperations
[       OK ] SkipListTest.RandomOperations (0 ms)
[ RUN      ] SkipListTest.ConcurrentReadWrite
[       OK ] SkipListTest.ConcurrentReadWrite (3 ms)
[----------] 4 tests from SkipListTest (3 ms total)

[----------] Global test environment tear-down
[==========] 4 tests from 1 test suite ran. (3 ms total)
[  PASSED  ] 4 tests.
i
[==========] Running 4 tests from 1 test suite.
[----------] Global test environment set-up.
[----------] 4 tests from SkipListTest
[ RUN      ] SkipListTest.PutAndGet
[       OK ] SkipListTest.PutAndGet (0 ms)
[ RUN      ] SkipListTest.MultipleInsertAndRetrieve
[       OK ] SkipListTest.MultipleInsertAndRetrieve (0 ms)
[ RUN      ] SkipListTest.RandomOperations
[       OK ] SkipListTest.RandomOperations (0 ms)
[ RUN      ] SkipListTest.ConcurrentReadWrite
[       OK ] SkipListTest.ConcurrentReadWrite (3 ms)
[----------] 4 tests from SkipListTest (3 ms total)

[----------] Global test environment tear-down
[==========] 4 tests from 1 test suite ran. (3 ms total)
[  PASSED  ] 4 tests.
i
[==========] Running 4 tests from 1 test suite.
[----------] Global test environment set-up.
[----------] 4 tests from SkipListTest
[ RUN      ] SkipListTest.PutAndGet
[       OK ] SkipListTest.PutAndGet (0 ms)
[ RUN      ] SkipListTest.MultipleInsertAndRetrieve
[       OK ] SkipListTest.MultipleInsertAndRetrieve (0 ms)
[ RUN      ] SkipListTest.RandomOperations
[       OK ] SkipListTest.RandomOperations (0 ms)
[ RUN      ] SkipListTest.ConcurrentReadWrite
[       OK ] SkipListTest.ConcurrentReadWrite (3 ms)
[----------] 4 tests from SkipListTest (3 ms total)

[----------] Global test environment tear-down
[==========] 4 tests from 1 test suite ran. (3 ms total)
[  PASSED  ] 4 tests.
i
[==========] Running 4 tests from 1 test suite.
[----------] Global test environment set-up.
[----------] 4 tests from SkipListTest
[ RUN      ] SkipListTest.PutAndGet
[       OK ] SkipListTest.PutAndGet (0 ms)
[ RUN      ] SkipListTest.MultipleInsertAndRetrieve
[       OK ] SkipListTest.MultipleInsertAndRetrieve (0 ms)
[ RUN      ] SkipListTest.RandomOperations
[       OK ] SkipListTest.RandomOperations (0 ms)
[ RUN      ] SkipListTest.ConcurrentReadWrite
[       OK ] SkipListTest.ConcurrentReadWrite (3 ms)
[----------] 4 tests from SkipListTest (3 ms total)

[----------] Global test environment tear-down
[==========] 4 tests from 1 test suite ran. (3 ms total)
[  PASSED  ] 4 tests.
i
[==========] Running 4 tests from 1 test suite.
[----------] Global test environment set-up.
[----------] 4 tests from SkipListTest
[ RUN      ] SkipListTest.PutAndGet
[       OK ] SkipListTest.PutAndGet (0 ms)
[ RUN      ] SkipListTest.MultipleInsertAndRetrieve
[       OK ] SkipListTest.MultipleInsertAndRetrieve (0 ms)
[ RUN      ] SkipListTest.RandomOperations
[       OK ] SkipListTest.RandomOperations (0 ms)
[ RUN      ] SkipListTest.ConcurrentReadWrite
[       OK ] SkipListTest.ConcurrentReadWrite (3 ms)
[----------] 4 tests from SkipListTest (4 ms total)

[----------] Global test environment tear-down
[==========] 4 tests from 1 test suite ran. (4 ms total)
[  PASSED  ] 4 tests.
i
[==========] Running 4 tests from 1 test suite.
[----------] Global test environment set-up.
[----------] 4 tests from SkipListTest
[ RUN      ] SkipListTest.PutAndGet
[       OK ] SkipListTest.PutAndGet (0 ms)
[ RUN      ] SkipListTest.MultipleInsertAndRetrieve
[       OK ] SkipListTest.MultipleInsertAndRetrieve (0 ms)
[ RUN      ] SkipListTest.RandomOperations
[       OK ] SkipListTest.RandomOperations (0 ms)
[ RUN      ] SkipListTest.ConcurrentReadWrite
[       OK ] SkipListTest.ConcurrentReadWrite (3 ms)
[----------] 4 tests from SkipListTest (3 ms total)

[----------] Global test environment tear-down
[==========] 4 tests from 1 test suite ran. (4 ms total)
[  PASSED  ] 4 tests.
i
[==========] Running 4 tests from 1 test suite.
[----------] Global test environment set-up.
[----------] 4 tests from SkipListTest
[ RUN      ] SkipListTest.PutAndGet
[       OK ] SkipListTest.PutAndGet (0 ms)
[ RUN      ] SkipListTest.MultipleInsertAndRetrieve
[       OK ] SkipListTest.MultipleInsertAndRetrieve (0 ms)
[ RUN      ] SkipListTest.RandomOperations
[       OK ] SkipListTest.RandomOperations (0 ms)
[ RUN      ] SkipListTest.ConcurrentReadWrite
[       OK ] SkipListTest.ConcurrentReadWrite (3 ms)
[----------] 4 tests from SkipListTest (3 ms total)

[----------] Global test environment tear-down
[==========] 4 tests from 1 test suite ran. (3 ms total)
[  PASSED  ] 4 tests.
i
[==========] Running 4 tests from 1 test suite.
[----------] Global test environment set-up.
[----------] 4 tests from SkipListTest
[ RUN      ] SkipListTest.PutAndGet
[       OK ] SkipListTest.PutAndGet (0 ms)
[ RUN      ] SkipListTest.MultipleInsertAndRetrieve
[       OK ] SkipListTest.MultipleInsertAndRetrieve (0 ms)
[ RUN      ] SkipListTest.RandomOperations
[       OK ] SkipListTest.RandomOperations (0 ms)
[ RUN      ] SkipListTest.ConcurrentReadWrite
[       OK ] SkipListTest.ConcurrentReadWrite (3 ms)
[----------] 4 tests from SkipListTest (3 ms total)

[----------] Global test environment tear-down
[==========] 4 tests from 1 test suite ran. (3 ms total)
[  PASSED  ] 4 tests.
i
[==========] Running 4 tests from 1 test suite.
[----------] Global test environment set-up.
[----------] 4 tests from SkipListTest
[ RUN      ] SkipListTest.PutAndGet
[       OK ] SkipListTest.PutAndGet (0 ms)
[ RUN      ] SkipListTest.MultipleInsertAndRetrieve
[       OK ] SkipListTest.MultipleInsertAndRetrieve (0 ms)
[ RUN      ] SkipListTest.RandomOperations
[       OK ] SkipListTest.RandomOperations (0 ms)
[ RUN      ] SkipListTest.ConcurrentReadWrite
[       OK ] SkipListTest.ConcurrentReadWrite (3 ms)
[----------] 4 tests from SkipListTest (3 ms total)

[----------] Global test environment tear-down
[==========] 4 tests from 1 test suite ran. (3 ms total)
[  PASSED  ] 4 tests.
i
[==========] Running 4 tests from 1 test suite.
[----------] Global test environment set-up.
[----------] 4 tests from SkipListTest
[ RUN      ] SkipListTest.PutAndGet
[       OK ] SkipListTest.PutAndGet (0 ms)
[ RUN      ] SkipListTest.MultipleInsertAndRetrieve
[       OK ] SkipListTest.MultipleInsertAndRetrieve (0 ms)
[ RUN      ] SkipListTest.RandomOperations
[       OK ] SkipListTest.RandomOperations (0 ms)
[ RUN      ] SkipListTest.ConcurrentReadWrite
[       OK ] SkipListTest.ConcurrentReadWrite (3 ms)
[----------] 4 tests from SkipListTest (3 ms total)

[----------] Global test environment tear-down
[==========] 4 tests from 1 test suite ran. (3 ms total)
[  PASSED  ] 4 tests.
i
[==========] Running 4 tests from 1 test suite.
[----------] Global test environment set-up.
[----------] 4 tests from SkipListTest
[ RUN      ] SkipListTest.PutAndGet
[       OK ] SkipListTest.PutAndGet (0 ms)
[ RUN      ] SkipListTest.MultipleInsertAndRetrieve
[       OK ] SkipListTest.MultipleInsertAndRetrieve (0 ms)
[ RUN      ] SkipListTest.RandomOperations
[       OK ] SkipListTest.RandomOperations (0 ms)
[ RUN      ] SkipListTest.ConcurrentReadWrite
[       OK ] SkipListTest.ConcurrentReadWrite (3 ms)
[----------] 4 tests from SkipListTest (3 ms total)

[----------] Global test environment tear-down
[==========] 4 tests from 1 test suite ran. (3 ms total)
[  PASSED  ] 4 tests.
i
[==========] Running 4 tests from 1 test suite.
[----------] Global test environment set-up.
[----------] 4 tests from SkipListTest
[ RUN      ] SkipListTest.PutAndGet
[       OK ] SkipListTest.PutAndGet (0 ms)
[ RUN      ] SkipListTest.MultipleInsertAndRetrieve
[       OK ] SkipListTest.MultipleInsertAndRetrieve (0 ms)
[ RUN      ] SkipListTest.RandomOperations
[       OK ] SkipListTest.RandomOperations (0 ms)
[ RUN      ] SkipListTest.ConcurrentReadWrite
[       OK ] SkipListTest.ConcurrentReadWrite (5 ms)
[----------] 4 tests from SkipListTest (5 ms total)

[----------] Global test environment tear-down
[==========] 4 tests from 1 test suite ran. (5 ms total)
[  PASSED  ] 4 tests.
i
[==========] Running 4 tests from 1 test suite.
[----------] Global test environment set-up.
[----------] 4 tests from SkipListTest
[ RUN      ] SkipListTest.PutAndGet
[       OK ] SkipListTest.PutAndGet (0 ms)
[ RUN      ] SkipListTest.MultipleInsertAndRetrieve
[       OK ] SkipListTest.MultipleInsertAndRetrieve (0 ms)
[ RUN      ] SkipListTest.RandomOperations
[       OK ] SkipListTest.RandomOperations (0 ms)
[ RUN      ] SkipListTest.ConcurrentReadWrite
[       OK ] SkipListTest.ConcurrentReadWrite (3 ms)
[----------] 4 tests from SkipListTest (3 ms total)

[----------] Global test environment tear-down
[==========] 4 tests from 1 test suite ran. (3 ms total)
[  PASSED  ] 4 tests.
i
[==========] Running 4 tests from 1 test suite.
[----------] Global test environment set-up.
[----------] 4 tests from SkipListTest
[ RUN      ] SkipListTest.PutAndGet
[       OK ] SkipListTest.PutAndGet (0 ms)
[ RUN      ] SkipListTest.MultipleInsertAndRetrieve
[       OK ] SkipListTest.MultipleInsertAndRetrieve (0 ms)
[ RUN      ] SkipListTest.RandomOperations
[       OK ] SkipListTest.RandomOperations (0 ms)
[ RUN      ] SkipListTest.ConcurrentReadWrite
[       OK ] SkipListTest.ConcurrentReadWrite (3 ms)
[----------] 4 tests from SkipListTest (4 ms total)

[----------] Global test environment tear-down
[==========] 4 tests from 1 test suite ran. (4 ms total)
[  PASSED  ] 4 tests.
i
[==========] Running 4 tests from 1 test suite.
[----------] Global test environment set-up.
[----------] 4 tests from SkipListTest
[ RUN      ] SkipListTest.PutAndGet
[       OK ] SkipListTest.PutAndGet (0 ms)
[ RUN      ] SkipListTest.MultipleInsertAndRetrieve
[       OK ] SkipListTest.MultipleInsertAndRetrieve (0 ms)
[ RUN      ] SkipListTest.RandomOperations
[       OK ] SkipListTest.RandomOperations (0 ms)
[ RUN      ] SkipListTest.ConcurrentReadWrite
[       OK ] SkipListTest.ConcurrentReadWrite (3 ms)
[----------] 4 tests from SkipListTest (3 ms total)

[----------] Global test environment tear-down
[==========] 4 tests from 1 test suite ran. (3 ms total)
[  PASSED  ] 4 tests.
i
[==========] Running 4 tests from 1 test suite.
[----------] Global test environment set-up.
[----------] 4 tests from SkipListTest
[ RUN      ] SkipListTest.PutAndGet
[       OK ] SkipListTest.PutAndGet (0 ms)
[ RUN      ] SkipListTest.MultipleInsertAndRetrieve
[       OK ] SkipListTest.MultipleInsertAndRetrieve (0 ms)
[ RUN      ] SkipListTest.RandomOperations
[       OK ] SkipListTest.RandomOperations (0 ms)
[ RUN      ] SkipListTest.ConcurrentReadWrite
[       OK ] SkipListTest.ConcurrentReadWrite (3 ms)
[----------] 4 tests from SkipListTest (3 ms total)

[----------] Global test environment tear-down
[==========] 4 tests from 1 test suite ran. (3 ms total)
[  PASSED  ] 4 tests.
i
[==========] Running 4 tests from 1 test suite.
[----------] Global test environment set-up.
[----------] 4 tests from SkipListTest
[ RUN      ] SkipListTest.PutAndGet
[       OK ] SkipListTest.PutAndGet (0 ms)
[ RUN      ] SkipListTest.MultipleInsertAndRetrieve
[       OK ] SkipListTest.MultipleInsertAndRetrieve (0 ms)
[ RUN      ] SkipListTest.RandomOperations
[       OK ] SkipListTest.RandomOperations (0 ms)
[ RUN      ] SkipListTest.ConcurrentReadWrite
[       OK ] SkipListTest.ConcurrentReadWrite (4 ms)
[----------] 4 tests from SkipListTest (4 ms total)

[----------] Global test environment tear-down
[==========] 4 tests from 1 test suite ran. (4 ms total)
[  PASSED  ] 4 tests.
i
[==========] Running 4 tests from 1 test suite.
[----------] Global test environment set-up.
[----------] 4 tests from SkipListTest
[ RUN      ] SkipListTest.PutAndGet
[       OK ] SkipListTest.PutAndGet (0 ms)
[ RUN      ] SkipListTest.MultipleInsertAndRetrieve
[       OK ] SkipListTest.MultipleInsertAndRetrieve (0 ms)
[ RUN      ] SkipListTest.RandomOperations
[       OK ] SkipListTest.RandomOperations (0 ms)
[ RUN      ] SkipListTest.ConcurrentReadWrite
[       OK ] SkipListTest.ConcurrentReadWrite (3 ms)
[----------] 4 tests from SkipListTest (4 ms total)

[----------] Global test environment tear-down
[==========] 4 tests from 1 test suite ran. (4 ms total)
[  PASSED  ] 4 tests.
i
[==========] Running 4 tests from 1 test suite.
[----------] Global test environment set-up.
[----------] 4 tests from SkipListTest
[ RUN      ] SkipListTest.PutAndGet
[       OK ] SkipListTest.PutAndGet (0 ms)
[ RUN      ] SkipListTest.MultipleInsertAndRetrieve
[       OK ] SkipListTest.MultipleInsertAndRetrieve (0 ms)
[ RUN      ] SkipListTest.RandomOperations
[       OK ] SkipListTest.RandomOperations (0 ms)
[ RUN      ] SkipListTest.ConcurrentReadWrite
[       OK ] SkipListTest.ConcurrentReadWrite (3 ms)
[----------] 4 tests from SkipListTest (3 ms total)

[----------] Global test environment tear-down
[==========] 4 tests from 1 test suite ran. (3 ms total)
[  PASSED  ] 4 tests.
i
[==========] Running 4 tests from 1 test suite.
[----------] Global test environment set-up.
[----------] 4 tests from SkipListTest
[ RUN      ] SkipListTest.PutAndGet
[       OK ] SkipListTest.PutAndGet (0 ms)
[ RUN      ] SkipListTest.MultipleInsertAndRetrieve
[       OK ] SkipListTest.MultipleInsertAndRetrieve (0 ms)
[ RUN      ] SkipListTest.RandomOperations
[       OK ] SkipListTest.RandomOperations (0 ms)
[ RUN      ] SkipListTest.ConcurrentReadWrite
[       OK ] SkipListTest.ConcurrentReadWrite (3 ms)
[----------] 4 tests from SkipListTest (3 ms total)

[----------] Global test environment tear-down
[==========] 4 tests from 1 test suite ran. (3 ms total)
[  PASSED  ] 4 tests.
i
[==========] Running 4 tests from 1 test suite.
[----------] Global test environment set-up.
[----------] 4 tests from SkipListTest
[ RUN      ] SkipListTest.PutAndGet
[       OK ] SkipListTest.PutAndGet (0 ms)
[ RUN      ] SkipListTest.MultipleInsertAndRetrieve
[       OK ] SkipListTest.MultipleInsertAndRetrieve (0 ms)
[ RUN      ] SkipListTest.RandomOperations
[       OK ] SkipListTest.RandomOperations (0 ms)
[ RUN      ] SkipListTest.ConcurrentReadWrite
[       OK ] SkipListTest.ConcurrentReadWrite (3 ms)
[----------] 4 tests from SkipListTest (3 ms total)

[----------] Global test environment tear-down
[==========] 4 tests from 1 test suite ran. (3 ms total)
[  PASSED  ] 4 tests.
i
[==========] Running 4 tests from 1 test suite.
[----------] Global test environment set-up.
[----------] 4 tests from SkipListTest
[ RUN      ] SkipListTest.PutAndGet
[       OK ] SkipListTest.PutAndGet (0 ms)
[ RUN      ] SkipListTest.MultipleInsertAndRetrieve
[       OK ] SkipListTest.MultipleInsertAndRetrieve (0 ms)
[ RUN      ] SkipListTest.RandomOperations
[       OK ] SkipListTest.RandomOperations (0 ms)
[ RUN      ] SkipListTest.ConcurrentReadWrite
[       OK ] SkipListTest.ConcurrentReadWrite (3 ms)
[----------] 4 tests from SkipListTest (3 ms total)

[----------] Global test environment tear-down
[==========] 4 tests from 1 test suite ran. (3 ms total)
[  PASSED  ] 4 tests.
i
[==========] Running 4 tests from 1 test suite.
[----------] Global test environment set-up.
[----------] 4 tests from SkipListTest
[ RUN      ] SkipListTest.PutAndGet
[       OK ] SkipListTest.PutAndGet (0 ms)
[ RUN      ] SkipListTest.MultipleInsertAndRetrieve
[       OK ] SkipListTest.MultipleInsertAndRetrieve (0 ms)
[ RUN      ] SkipListTest.RandomOperations
[       OK ] SkipListTest.RandomOperations (0 ms)
[ RUN      ] SkipListTest.ConcurrentReadWrite
[       OK ] SkipListTest.ConcurrentReadWrite (3 ms)
[----------] 4 tests from SkipListTest (3 ms total)

[----------] Global test environment tear-down
[==========] 4 tests from 1 test suite ran. (3 ms total)
[  PASSED  ] 4 tests.
i
[==========] Running 4 tests from 1 test suite.
[----------] Global test environment set-up.
[----------] 4 tests from SkipListTest
[ RUN      ] SkipListTest.PutAndGet
[       OK ] SkipListTest.PutAndGet (0 ms)
[ RUN      ] SkipListTest.MultipleInsertAndRetrieve
[       OK ] SkipListTest.MultipleInsertAndRetrieve (0 ms)
[ RUN      ] SkipListTest.RandomOperations
[       OK ] SkipListTest.RandomOperations (0 ms)
[ RUN      ] SkipListTest.ConcurrentReadWrite
[       OK ] SkipListTest.ConcurrentReadWrite (3 ms)
[----------] 4 tests from SkipListTest (4 ms total)

[----------] Global test environment tear-down
[==========] 4 tests from 1 test suite ran. (4 ms total)
[  PASSED  ] 4 tests.
i
[==========] Running 4 tests from 1 test suite.
[----------] Global test environment set-up.
[----------] 4 tests from SkipListTest
[ RUN      ] SkipListTest.PutAndGet
[       OK ] SkipListTest.PutAndGet (0 ms)
[ RUN      ] SkipListTest.MultipleInsertAndRetrieve
[       OK ] SkipListTest.MultipleInsertAndRetrieve (0 ms)
[ RUN      ] SkipListTest.RandomOperations
[       OK ] SkipListTest.RandomOperations (0 ms)
[ RUN      ] SkipListTest.ConcurrentReadWrite
[       OK ] SkipListTest.ConcurrentReadWrite (3 ms)
[----------] 4 tests from SkipListTest (3 ms total)

[----------] Global test environment tear-down
[==========] 4 tests from 1 test suite ran. (3 ms total)
[  PASSED  ] 4 tests.
i
[==========] Running 4 tests from 1 test suite.
[----------] Global test environment set-up.
[----------] 4 tests from SkipListTest
[ RUN      ] SkipListTest.PutAndGet
[       OK ] SkipListTest.PutAndGet (0 ms)
[ RUN      ] SkipListTest.MultipleInsertAndRetrieve
[       OK ] SkipListTest.MultipleInsertAndRetrieve (0 ms)
[ RUN      ] SkipListTest.RandomOperations
[       OK ] SkipListTest.RandomOperations (0 ms)
[ RUN      ] SkipListTest.ConcurrentReadWrite
[       OK ] SkipListTest.ConcurrentReadWrite (3 ms)
[----------] 4 tests from SkipListTest (3 ms total)

[----------] Global test environment tear-down
[==========] 4 tests from 1 test suite ran. (3 ms total)
[  PASSED  ] 4 tests.
i
[==========] Running 4 tests from 1 test suite.
[----------] Global test environment set-up.
[----------] 4 tests from SkipListTest
[ RUN      ] SkipListTest.PutAndGet
[       OK ] SkipListTest.PutAndGet (0 ms)
[ RUN      ] SkipListTest.MultipleInsertAndRetrieve
[       OK ] SkipListTest.MultipleInsertAndRetrieve (0 ms)
[ RUN      ] SkipListTest.RandomOperations
[       OK ] SkipListTest.RandomOperations (0 ms)
[ RUN      ] SkipListTest.ConcurrentReadWrite
[       OK ] SkipListTest.ConcurrentReadWrite (3 ms)
[----------] 4 tests from SkipListTest (3 ms total)

[----------] Global test environment tear-down
[==========] 4 tests from 1 test suite ran. (3 ms total)
[  PASSED  ] 4 tests.
i
[==========] Running 4 tests from 1 test suite.
[----------] Global test environment set-up.
[----------] 4 tests from SkipListTest
[ RUN      ] SkipListTest.PutAndGet
[       OK ] SkipListTest.PutAndGet (0 ms)
[ RUN      ] SkipListTest.MultipleInsertAndRetrieve
[       OK ] SkipListTest.MultipleInsertAndRetrieve (0 ms)
[ RUN      ] SkipListTest.RandomOperations
[       OK ] SkipListTest.RandomOperations (0 ms)
[ RUN      ] SkipListTest.ConcurrentReadWrite
[       OK ] SkipListTest.ConcurrentReadWrite (3 ms)
[----------] 4 tests from SkipListTest (3 ms total)

[----------] Global test environment tear-down
[==========] 4 tests from 1 test suite ran. (3 ms total)
[  PASSED  ] 4 tests.
i
[==========] Running 4 tests from 1 test suite.
[----------] Global test environment set-up.
[----------] 4 tests from SkipListTest
[ RUN      ] SkipListTest.PutAndGet
[       OK ] SkipListTest.PutAndGet (0 ms)
[ RUN      ] SkipListTest.MultipleInsertAndRetrieve
[       OK ] SkipListTest.MultipleInsertAndRetrieve (0 ms)
[ RUN      ] SkipListTest.RandomOperations
[       OK ] SkipListTest.RandomOperations (0 ms)
[ RUN      ] SkipListTest.ConcurrentReadWrite
[       OK ] SkipListTest.ConcurrentReadWrite (3 ms)
[----------] 4 tests from SkipListTest (3 ms total)

[----------] Global test environment tear-down
[==========] 4 tests from 1 test suite ran. (3 ms total)
[  PASSED  ] 4 tests.
i
[==========] Running 4 tests from 1 test suite.
[----------] Global test environment set-up.
[----------] 4 tests from SkipListTest
[ RUN      ] SkipListTest.PutAndGet
[       OK ] SkipListTest.PutAndGet (0 ms)
[ RUN      ] SkipListTest.MultipleInsertAndRetrieve
[       OK ] SkipListTest.MultipleInsertAndRetrieve (0 ms)
[ RUN      ] SkipListTest.RandomOperations
[       OK ] SkipListTest.RandomOperations (0 ms)
[ RUN      ] SkipListTest.ConcurrentReadWrite
[       OK ] SkipListTest.ConcurrentReadWrite (3 ms)
[----------] 4 tests from SkipListTest (3 ms total)

[----------] Global test environment tear-down
[==========] 4 tests from 1 test suite ran. (3 ms total)
[  PASSED  ] 4 tests.
i
[==========] Running 4 tests from 1 test suite.
[----------] Global test environment set-up.
[----------] 4 tests from SkipListTest
[ RUN      ] SkipListTest.PutAndGet
[       OK ] SkipListTest.PutAndGet (0 ms)
[ RUN      ] SkipListTest.MultipleInsertAndRetrieve
[       OK ] SkipListTest.MultipleInsertAndRetrieve (0 ms)
[ RUN      ] SkipListTest.RandomOperations
[       OK ] SkipListTest.RandomOperations (0 ms)
[ RUN      ] SkipListTest.ConcurrentReadWrite
[       OK ] SkipListTest.ConcurrentReadWrite (3 ms)
[----------] 4 tests from SkipListTest (3 ms total)

[----------] Global test environment tear-down
[==========] 4 tests from 1 test suite ran. (3 ms total)
[  PASSED  ] 4 tests.
i
[==========] Running 4 tests from 1 test suite.
[----------] Global test environment set-up.
[----------] 4 tests from SkipListTest
[ RUN      ] SkipListTest.PutAndGet
[       OK ] SkipListTest.PutAndGet (0 ms)
[ RUN      ] SkipListTest.MultipleInsertAndRetrieve
[       OK ] SkipListTest.MultipleInsertAndRetrieve (0 ms)
[ RUN      ] SkipListTest.RandomOperations
[       OK ] SkipListTest.RandomOperations (0 ms)
[ RUN      ] SkipListTest.ConcurrentReadWrite
[       OK ] SkipListTest.ConcurrentReadWrite (3 ms)
[----------] 4 tests from SkipListTest (3 ms total)

[----------] Global test environment tear-down
[==========] 4 tests from 1 test suite ran. (3 ms total)
[  PASSED  ] 4 tests.
i
[==========] Running 4 tests from 1 test suite.
[----------] Global test environment set-up.
[----------] 4 tests from SkipListTest
[ RUN      ] SkipListTest.PutAndGet
[       OK ] SkipListTest.PutAndGet (0 ms)
[ RUN      ] SkipListTest.MultipleInsertAndRetrieve
[       OK ] SkipListTest.MultipleInsertAndRetrieve (0 ms)
[ RUN      ] SkipListTest.RandomOperations
[       OK ] SkipListTest.RandomOperations (0 ms)
[ RUN      ] SkipListTest.ConcurrentReadWrite
[       OK ] SkipListTest.ConcurrentReadWrite (3 ms)
[----------] 4 tests from SkipListTest (3 ms total)

[----------] Global test environment tear-down
[==========] 4 tests from 1 test suite ran. (3 ms total)
[  PASSED  ] 4 tests.
i
[==========] Running 4 tests from 1 test suite.
[----------] Global test environment set-up.
[----------] 4 tests from SkipListTest
[ RUN      ] SkipListTest.PutAndGet
[       OK ] SkipListTest.PutAndGet (0 ms)
[ RUN      ] SkipListTest.MultipleInsertAndRetrieve
[       OK ] SkipListTest.MultipleInsertAndRetrieve (0 ms)
[ RUN      ] SkipListTest.RandomOperations
[       OK ] SkipListTest.RandomOperations (0 ms)
[ RUN      ] SkipListTest.ConcurrentReadWrite
[       OK ] SkipListTest.ConcurrentReadWrite (3 ms)
[----------] 4 tests from SkipListTest (3 ms total)

[----------] Global test environment tear-down
[==========] 4 tests from 1 test suite ran. (3 ms total)
[  PASSED  ] 4 tests.
i
[==========] Running 4 tests from 1 test suite.
[----------] Global test environment set-up.
[----------] 4 tests from SkipListTest
[ RUN      ] SkipListTest.PutAndGet
[       OK ] SkipListTest.PutAndGet (0 ms)
[ RUN      ] SkipListTest.MultipleInsertAndRetrieve
[       OK ] SkipListTest.MultipleInsertAndRetrieve (0 ms)
[ RUN      ] SkipListTest.RandomOperations
[       OK ] SkipListTest.RandomOperations (0 ms)
[ RUN      ] SkipListTest.ConcurrentReadWrite
[       OK ] SkipListTest.ConcurrentReadWrite (3 ms)
[----------] 4 tests from SkipListTest (3 ms total)

[----------] Global test environment tear-down
[==========] 4 tests from 1 test suite ran. (3 ms total)
[  PASSED  ] 4 tests.
i
[==========] Running 4 tests from 1 test suite.
[----------] Global test environment set-up.
[----------] 4 tests from SkipListTest
[ RUN      ] SkipListTest.PutAndGet
[       OK ] SkipListTest.PutAndGet (0 ms)
[ RUN      ] SkipListTest.MultipleInsertAndRetrieve
[       OK ] SkipListTest.MultipleInsertAndRetrieve (0 ms)
[ RUN      ] SkipListTest.RandomOperations
[       OK ] SkipListTest.RandomOperations (0 ms)
[ RUN      ] SkipListTest.ConcurrentReadWrite
[       OK ] SkipListTest.ConcurrentReadWrite (3 ms)
[----------] 4 tests from SkipListTest (3 ms total)

[----------] Global test environment tear-down
[==========] 4 tests from 1 test suite ran. (3 ms total)
[  PASSED  ] 4 tests.
i
[==========] Running 4 tests from 1 test suite.
[----------] Global test environment set-up.
[----------] 4 tests from SkipListTest
[ RUN      ] SkipListTest.PutAndGet
[       OK ] SkipListTest.PutAndGet (0 ms)
[ RUN      ] SkipListTest.MultipleInsertAndRetrieve
[       OK ] SkipListTest.MultipleInsertAndRetrieve (0 ms)
[ RUN      ] SkipListTest.RandomOperations
[       OK ] SkipListTest.RandomOperations (0 ms)
[ RUN      ] SkipListTest.ConcurrentReadWrite
[       OK ] SkipListTest.ConcurrentReadWrite (3 ms)
[----------] 4 tests from SkipListTest (3 ms total)

[----------] Global test environment tear-down
[==========] 4 tests from 1 test suite ran. (3 ms total)
[  PASSED  ] 4 tests.
i
[==========] Running 4 tests from 1 test suite.
[----------] Global test environment set-up.
[----------] 4 tests from SkipListTest
[ RUN      ] SkipListTest.PutAndGet
[       OK ] SkipListTest.PutAndGet (0 ms)
[ RUN      ] SkipListTest.MultipleInsertAndRetrieve
[       OK ] SkipListTest.MultipleInsertAndRetrieve (0 ms)
[ RUN      ] SkipListTest.RandomOperations
[       OK ] SkipListTest.RandomOperations (0 ms)
[ RUN      ] SkipListTest.ConcurrentReadWrite
[       OK ] SkipListTest.ConcurrentReadWrite (3 ms)
[----------] 4 tests from SkipListTest (3 ms total)

[----------] Global test environment tear-down
[==========] 4 tests from 1 test suite ran. (3 ms total)
[  PASSED  ] 4 tests.
i
[==========] Running 4 tests from 1 test suite.
[----------] Global test environment set-up.
[----------] 4 tests from SkipListTest
[ RUN      ] SkipListTest.PutAndGet
[       OK ] SkipListTest.PutAndGet (0 ms)
[ RUN      ] SkipListTest.MultipleInsertAndRetrieve
[       OK ] SkipListTest.MultipleInsertAndRetrieve (0 ms)
[ RUN      ] SkipListTest.RandomOperations
[       OK ] SkipListTest.RandomOperations (0 ms)
[ RUN      ] SkipListTest.ConcurrentReadWrite
[       OK ] SkipListTest.ConcurrentReadWrite (3 ms)
[----------] 4 tests from SkipListTest (3 ms total)

[----------] Global test environment tear-down
[==========] 4 tests from 1 test suite ran. (3 ms total)
[  PASSED  ] 4 tests.
i
[==========] Running 4 tests from 1 test suite.
[----------] Global test environment set-up.
[----------] 4 tests from SkipListTest
[ RUN      ] SkipListTest.PutAndGet
[       OK ] SkipListTest.PutAndGet (0 ms)
[ RUN      ] SkipListTest.MultipleInsertAndRetrieve
[       OK ] SkipListTest.MultipleInsertAndRetrieve (0 ms)
[ RUN      ] SkipListTest.RandomOperations
[       OK ] SkipListTest.RandomOperations (0 ms)
[ RUN      ] SkipListTest.ConcurrentReadWrite
[       OK ] SkipListTest.ConcurrentReadWrite (3 ms)
[----------] 4 tests from SkipListTest (3 ms total)

[----------] Global test environment tear-down
[==========] 4 tests from 1 test suite ran. (3 ms total)
[  PASSED  ] 4 tests.
i
[==========] Running 4 tests from 1 test suite.
[----------] Global test environment set-up.
[----------] 4 tests from SkipListTest
[ RUN      ] SkipListTest.PutAndGet
[       OK ] SkipListTest.PutAndGet (0 ms)
[ RUN      ] SkipListTest.MultipleInsertAndRetrieve
[       OK ] SkipListTest.MultipleInsertAndRetrieve (0 ms)
[ RUN      ] SkipListTest.RandomOperations
[       OK ] SkipListTest.RandomOperations (0 ms)
[ RUN      ] SkipListTest.ConcurrentReadWrite
[       OK ] SkipListTest.ConcurrentReadWrite (3 ms)
[----------] 4 tests from SkipListTest (3 ms total)

[----------] Global test environment tear-down
[==========] 4 tests from 1 test suite ran. (3 ms total)
[  PASSED  ] 4 tests.
i
[==========] Running 4 tests from 1 test suite.
[----------] Global test environment set-up.
[----------] 4 tests from SkipListTest
[ RUN      ] SkipListTest.PutAndGet
[       OK ] SkipListTest.PutAndGet (0 ms)
[ RUN      ] SkipListTest.MultipleInsertAndRetrieve
[       OK ] SkipListTest.MultipleInsertAndRetrieve (0 ms)
[ RUN      ] SkipListTest.RandomOperations
[       OK ] SkipListTest.RandomOperations (0 ms)
[ RUN      ] SkipListTest.ConcurrentReadWrite
[       OK ] SkipListTest.ConcurrentReadWrite (3 ms)
[----------] 4 tests from SkipListTest (3 ms total)

[----------] Global test environment tear-down
[==========] 4 tests from 1 test suite ran. (3 ms total)
[  PASSED  ] 4 tests.
i
[==========] Running 4 tests from 1 test suite.
[----------] Global test environment set-up.
[----------] 4 tests from SkipListTest
[ RUN      ] SkipListTest.PutAndGet
[       OK ] SkipListTest.PutAndGet (0 ms)
[ RUN      ] SkipListTest.MultipleInsertAndRetrieve
[       OK ] SkipListTest.MultipleInsertAndRetrieve (0 ms)
[ RUN      ] SkipListTest.RandomOperations
[       OK ] SkipListTest.RandomOperations (0 ms)
[ RUN      ] SkipListTest.ConcurrentReadWrite
[       OK ] SkipListTest.ConcurrentReadWrite (3 ms)
[----------] 4 tests from SkipListTest (3 ms total)

[----------] Global test environment tear-down
[==========] 4 tests from 1 test suite ran. (3 ms total)
[  PASSED  ] 4 tests.
i
[==========] Running 4 tests from 1 test suite.
[----------] Global test environment set-up.
[----------] 4 tests from SkipListTest
[ RUN      ] SkipListTest.PutAndGet
[       OK ] SkipListTest.PutAndGet (0 ms)
[ RUN      ] SkipListTest.MultipleInsertAndRetrieve
[       OK ] SkipListTest.MultipleInsertAndRetrieve (0 ms)
[ RUN      ] SkipListTest.RandomOperations
[       OK ] SkipListTest.RandomOperations (0 ms)
[ RUN      ] SkipListTest.ConcurrentReadWrite
[       OK ] SkipListTest.ConcurrentReadWrite (3 ms)
[----------] 4 tests from SkipListTest (3 ms total)

[----------] Global test environment tear-down
[==========] 4 tests from 1 test suite ran. (3 ms total)
[  PASSED  ] 4 tests.
i
[==========] Running 4 tests from 1 test suite.
[----------] Global test environment set-up.
[----------] 4 tests from SkipListTest
[ RUN      ] SkipListTest.PutAndGet
[       OK ] SkipListTest.PutAndGet (0 ms)
[ RUN      ] SkipListTest.MultipleInsertAndRetrieve
[       OK ] SkipListTest.MultipleInsertAndRetrieve (0 ms)
[ RUN      ] SkipListTest.RandomOperations
[       OK ] SkipListTest.RandomOperations (0 ms)
[ RUN      ] SkipListTest.ConcurrentReadWrite
[       OK ] SkipListTest.ConcurrentReadWrite (3 ms)
[----------] 4 tests from SkipListTest (3 ms total)

[----------] Global test environment tear-down
[==========] 4 tests from 1 test suite ran. (3 ms total)
[  PASSED  ] 4 tests.
i
[==========] Running 4 tests from 1 test suite.
[----------] Global test environment set-up.
[----------] 4 tests from SkipListTest
[ RUN      ] SkipListTest.PutAndGet
[       OK ] SkipListTest.PutAndGet (0 ms)
[ RUN      ] SkipListTest.MultipleInsertAndRetrieve
[       OK ] SkipListTest.MultipleInsertAndRetrieve (0 ms)
[ RUN      ] SkipListTest.RandomOperations
[       OK ] SkipListTest.RandomOperations (0 ms)
[ RUN      ] SkipListTest.ConcurrentReadWrite
[       OK ] SkipListTest.ConcurrentReadWrite (3 ms)
[----------] 4 tests from SkipListTest (3 ms total)

[----------] Global test environment tear-down
[==========] 4 tests from 1 test suite ran. (3 ms total)
[  PASSED  ] 4 tests.
i
[==========] Running 4 tests from 1 test suite.
[----------] Global test environment set-up.
[----------] 4 tests from SkipListTest
[ RUN      ] SkipListTest.PutAndGet
[       OK ] SkipListTest.PutAndGet (0 ms)
[ RUN      ] SkipListTest.MultipleInsertAndRetrieve
[       OK ] SkipListTest.MultipleInsertAndRetrieve (0 ms)
[ RUN      ] SkipListTest.RandomOperations
[       OK ] SkipListTest.RandomOperations (0 ms)
[ RUN      ] SkipListTest.ConcurrentReadWrite
[       OK ] SkipListTest.ConcurrentReadWrite (3 ms)
[----------] 4 tests from SkipListTest (3 ms total)

[----------] Global test environment tear-down
[==========] 4 tests from 1 test suite ran. (3 ms total)
[  PASSED  ] 4 tests.
i
[==========] Running 4 tests from 1 test suite.
[----------] Global test environment set-up.
[----------] 4 tests from SkipListTest
[ RUN      ] SkipListTest.PutAndGet
[       OK ] SkipListTest.PutAndGet (0 ms)
[ RUN      ] SkipListTest.MultipleInsertAndRetrieve
[       OK ] SkipListTest.MultipleInsertAndRetrieve (0 ms)
[ RUN      ] SkipListTest.RandomOperations
[       OK ] SkipListTest.RandomOperations (0 ms)
[ RUN      ] SkipListTest.ConcurrentReadWrite
[       OK ] SkipListTest.ConcurrentReadWrite (3 ms)
[----------] 4 tests from SkipListTest (3 ms total)

[----------] Global test environment tear-down
[==========] 4 tests from 1 test suite ran. (3 ms total)
[  PASSED  ] 4 tests.
i
[==========] Running 4 tests from 1 test suite.
[----------] Global test environment set-up.
[----------] 4 tests from SkipListTest
[ RUN      ] SkipListTest.PutAndGet
[       OK ] SkipListTest.PutAndGet (0 ms)
[ RUN      ] SkipListTest.MultipleInsertAndRetrieve
[       OK ] SkipListTest.MultipleInsertAndRetrieve (0 ms)
[ RUN      ] SkipListTest.RandomOperations
[       OK ] SkipListTest.RandomOperations (0 ms)
[ RUN      ] SkipListTest.ConcurrentReadWrite
[       OK ] SkipListTest.ConcurrentReadWrite (4 ms)
[----------] 4 tests from SkipListTest (4 ms total)

[----------] Global test environment tear-down
[==========] 4 tests from 1 test suite ran. (4 ms total)
[  PASSED  ] 4 tests.
i
[==========] Running 4 tests from 1 test suite.
[----------] Global test environment set-up.
[----------] 4 tests from SkipListTest
[ RUN      ] SkipListTest.PutAndGet
[       OK ] SkipListTest.PutAndGet (0 ms)
[ RUN      ] SkipListTest.MultipleInsertAndRetrieve
[       OK ] SkipListTest.MultipleInsertAndRetrieve (0 ms)
[ RUN      ] SkipListTest.RandomOperations
[       OK ] SkipListTest.RandomOperations (0 ms)
[ RUN      ] SkipListTest.ConcurrentReadWrite
[       OK ] SkipListTest.ConcurrentReadWrite (3 ms)
[----------] 4 tests from SkipListTest (3 ms total)

[----------] Global test environment tear-down
[==========] 4 tests from 1 test suite ran. (3 ms total)
[  PASSED  ] 4 tests.
i
[==========] Running 4 tests from 1 test suite.
[----------] Global test environment set-up.
[----------] 4 tests from SkipListTest
[ RUN      ] SkipListTest.PutAndGet
[       OK ] SkipListTest.PutAndGet (0 ms)
[ RUN      ] SkipListTest.MultipleInsertAndRetrieve
[       OK ] SkipListTest.MultipleInsertAndRetrieve (0 ms)
[ RUN      ] SkipListTest.RandomOperations
[       OK ] SkipListTest.RandomOperations (0 ms)
[ RUN      ] SkipListTest.ConcurrentReadWrite
[       OK ] SkipListTest.ConcurrentReadWrite (3 ms)
[----------] 4 tests from SkipListTest (3 ms total)

[----------] Global test environment tear-down
[==========] 4 tests from 1 test suite ran. (3 ms total)
[  PASSED  ] 4 tests.
i
[==========] Running 4 tests from 1 test suite.
[----------] Global test environment set-up.
[----------] 4 tests from SkipListTest
[ RUN      ] SkipListTest.PutAndGet
[       OK ] SkipListTest.PutAndGet (0 ms)
[ RUN      ] SkipListTest.MultipleInsertAndRetrieve
[       OK ] SkipListTest.MultipleInsertAndRetrieve (0 ms)
[ RUN      ] SkipListTest.RandomOperations
[       OK ] SkipListTest.RandomOperations (0 ms)
[ RUN      ] SkipListTest.ConcurrentReadWrite
[       OK ] SkipListTest.ConcurrentReadWrite (3 ms)
[----------] 4 tests from SkipListTest (3 ms total)

[----------] Global test environment tear-down
[==========] 4 tests from 1 test suite ran. (3 ms total)
[  PASSED  ] 4 tests.
i
[==========] Running 4 tests from 1 test suite.
[----------] Global test environment set-up.
[----------] 4 tests from SkipListTest
[ RUN      ] SkipListTest.PutAndGet
[       OK ] SkipListTest.PutAndGet (0 ms)
[ RUN      ] SkipListTest.MultipleInsertAndRetrieve
[       OK ] SkipListTest.MultipleInsertAndRetrieve (0 ms)
[ RUN      ] SkipListTest.RandomOperations
[       OK ] SkipListTest.RandomOperations (0 ms)
[ RUN      ] SkipListTest.ConcurrentReadWrite
[       OK ] SkipListTest.ConcurrentReadWrite (3 ms)
[----------] 4 tests from SkipListTest (3 ms total)

[----------] Global test environment tear-down
[==========] 4 tests from 1 test suite ran. (3 ms total)
[  PASSED  ] 4 tests.
i
[==========] Running 4 tests from 1 test suite.
[----------] Global test environment set-up.
[----------] 4 tests from SkipListTest
[ RUN      ] SkipListTest.PutAndGet
[       OK ] SkipListTest.PutAndGet (0 ms)
[ RUN      ] SkipListTest.MultipleInsertAndRetrieve
[       OK ] SkipListTest.MultipleInsertAndRetrieve (0 ms)
[ RUN      ] SkipListTest.RandomOperations
[       OK ] SkipListTest.RandomOperations (0 ms)
[ RUN      ] SkipListTest.ConcurrentReadWrite
[       OK ] SkipListTest.ConcurrentReadWrite (3 ms)
[----------] 4 tests from SkipListTest (3 ms total)

[----------] Global test environment tear-down
[==========] 4 tests from 1 test suite ran. (3 ms total)
[  PASSED  ] 4 tests.
i
[==========] Running 4 tests from 1 test suite.
[----------] Global test environment set-up.
[----------] 4 tests from SkipListTest
[ RUN      ] SkipListTest.PutAndGet
[       OK ] SkipListTest.PutAndGet (0 ms)
[ RUN      ] SkipListTest.MultipleInsertAndRetrieve
[       OK ] SkipListTest.MultipleInsertAndRetrieve (0 ms)
[ RUN      ] SkipListTest.RandomOperations
[       OK ] SkipListTest.RandomOperations (0 ms)
[ RUN      ] SkipListTest.ConcurrentReadWrite
[       OK ] SkipListTest.ConcurrentReadWrite (3 ms)
[----------] 4 tests from SkipListTest (3 ms total)

[----------] Global test environment tear-down
[==========] 4 tests from 1 test suite ran. (3 ms total)
[  PASSED  ] 4 tests.
i
[==========] Running 4 tests from 1 test suite.
[----------] Global test environment set-up.
[----------] 4 tests from SkipListTest
[ RUN      ] SkipListTest.PutAndGet
[       OK ] SkipListTest.PutAndGet (0 ms)
[ RUN      ] SkipListTest.MultipleInsertAndRetrieve
[       OK ] SkipListTest.MultipleInsertAndRetrieve (0 ms)
[ RUN      ] SkipListTest.RandomOperations
[       OK ] SkipListTest.RandomOperations (0 ms)
[ RUN      ] SkipListTest.ConcurrentReadWrite
[       OK ] SkipListTest.ConcurrentReadWrite (3 ms)
[----------] 4 tests from SkipListTest (3 ms total)

[----------] Global test environment tear-down
[==========] 4 tests from 1 test suite ran. (3 ms total)
[  PASSED  ] 4 tests.
i
[==========] Running 4 tests from 1 test suite.
[----------] Global test environment set-up.
[----------] 4 tests from SkipListTest
[ RUN      ] SkipListTest.PutAndGet
[       OK ] SkipListTest.PutAndGet (0 ms)
[ RUN      ] SkipListTest.MultipleInsertAndRetrieve
[       OK ] SkipListTest.MultipleInsertAndRetrieve (0 ms)
[ RUN      ] SkipListTest.RandomOperations
[       OK ] SkipListTest.RandomOperations (0 ms)
[ RUN      ] SkipListTest.ConcurrentReadWrite
[       OK ] SkipListTest.ConcurrentReadWrite (3 ms)
[----------] 4 tests from SkipListTest (3 ms total)

[----------] Global test environment tear-down
[==========] 4 tests from 1 test suite ran. (3 ms total)
[  PASSED  ] 4 tests.
i
[==========] Running 4 tests from 1 test suite.
[----------] Global test environment set-up.
[----------] 4 tests from SkipListTest
[ RUN      ] SkipListTest.PutAndGet
[       OK ] SkipListTest.PutAndGet (0 ms)
[ RUN      ] SkipListTest.MultipleInsertAndRetrieve
[       OK ] SkipListTest.MultipleInsertAndRetrieve (0 ms)
[ RUN      ] SkipListTest.RandomOperations
[       OK ] SkipListTest.RandomOperations (0 ms)
[ RUN      ] SkipListTest.ConcurrentReadWrite
[       OK ] SkipListTest.ConcurrentReadWrite (3 ms)
[----------] 4 tests from SkipListTest (3 ms total)

[----------] Global test environment tear-down
[==========] 4 tests from 1 test suite ran. (3 ms total)
[  PASSED  ] 4 tests.
i
[==========] Running 4 tests from 1 test suite.
[----------] Global test environment set-up.
[----------] 4 tests from SkipListTest
[ RUN      ] SkipListTest.PutAndGet
[       OK ] SkipListTest.PutAndGet (0 ms)
[ RUN      ] SkipListTest.MultipleInsertAndRetrieve
[       OK ] SkipListTest.MultipleInsertAndRetrieve (0 ms)
[ RUN      ] SkipListTest.RandomOperations
[       OK ] SkipListTest.RandomOperations (0 ms)
[ RUN      ] SkipListTest.ConcurrentReadWrite
[       OK ] SkipListTest.ConcurrentReadWrite (3 ms)
[----------] 4 tests from SkipListTest (3 ms total)

[----------] Global test environment tear-down
[==========] 4 tests from 1 test suite ran. (3 ms total)
[  PASSED  ] 4 tests.
i
[==========] Running 4 tests from 1 test suite.
[----------] Global test environment set-up.
[----------] 4 tests from SkipListTest
[ RUN      ] SkipListTest.PutAndGet
[       OK ] SkipListTest.PutAndGet (0 ms)
[ RUN      ] SkipListTest.MultipleInsertAndRetrieve
[       OK ] SkipListTest.MultipleInsertAndRetrieve (0 ms)
[ RUN      ] SkipListTest.RandomOperations
[       OK ] SkipListTest.RandomOperations (0 ms)
[ RUN      ] SkipListTest.ConcurrentReadWrite
[       OK ] SkipListTest.ConcurrentReadWrite (3 ms)
[----------] 4 tests from SkipListTest (3 ms total)

[----------] Global test environment tear-down
[==========] 4 tests from 1 test suite ran. (3 ms total)
[  PASSED  ] 4 tests.
i
[==========] Running 4 tests from 1 test suite.
[----------] Global test environment set-up.
[----------] 4 tests from SkipListTest
[ RUN      ] SkipListTest.PutAndGet
[       OK ] SkipListTest.PutAndGet (0 ms)
[ RUN      ] SkipListTest.MultipleInsertAndRetrieve
[       OK ] SkipListTest.MultipleInsertAndRetrieve (0 ms)
[ RUN      ] SkipListTest.RandomOperations
[       OK ] SkipListTest.RandomOperations (0 ms)
[ RUN      ] SkipListTest.ConcurrentReadWrite
[       OK ] SkipListTest.ConcurrentReadWrite (3 ms)
[----------] 4 tests from SkipListTest (3 ms total)

[----------] Global test environment tear-down
[==========] 4 tests from 1 test suite ran. (3 ms total)
[  PASSED  ] 4 tests.
i
[==========] Running 4 tests from 1 test suite.
[----------] Global test environment set-up.
[----------] 4 tests from SkipListTest
[ RUN      ] SkipListTest.PutAndGet
[       OK ] SkipListTest.PutAndGet (0 ms)
[ RUN      ] SkipListTest.MultipleInsertAndRetrieve
[       OK ] SkipListTest.MultipleInsertAndRetrieve (0 ms)
[ RUN      ] SkipListTest.RandomOperations
[       OK ] SkipListTest.RandomOperations (0 ms)
[ RUN      ] SkipListTest.ConcurrentReadWrite
[       OK ] SkipListTest.ConcurrentReadWrite (3 ms)
[----------] 4 tests from SkipListTest (3 ms total)

[----------] Global test environment tear-down
[==========] 4 tests from 1 test suite ran. (3 ms total)
[  PASSED  ] 4 tests.
i
[==========] Running 4 tests from 1 test suite.
[----------] Global test environment set-up.
[----------] 4 tests from SkipListTest
[ RUN      ] SkipListTest.PutAndGet
[       OK ] SkipListTest.PutAndGet (0 ms)
[ RUN      ] SkipListTest.MultipleInsertAndRetrieve
[       OK ] SkipListTest.MultipleInsertAndRetrieve (0 ms)
[ RUN      ] SkipListTest.RandomOperations
[       OK ] SkipListTest.RandomOperations (0 ms)
[ RUN      ] SkipListTest.ConcurrentReadWrite
[       OK ] SkipListTest.ConcurrentReadWrite (3 ms)
[----------] 4 tests from SkipListTest (3 ms total)

[----------] Global test environment tear-down
[==========] 4 tests from 1 test suite ran. (3 ms total)
[  PASSED  ] 4 tests.
i
[==========] Running 4 tests from 1 test suite.
[----------] Global test environment set-up.
[----------] 4 tests from SkipListTest
[ RUN      ] SkipListTest.PutAndGet
[       OK ] SkipListTest.PutAndGet (0 ms)
[ RUN      ] SkipListTest.MultipleInsertAndRetrieve
[       OK ] SkipListTest.MultipleInsertAndRetrieve (0 ms)
[ RUN      ] SkipListTest.RandomOperations
[       OK ] SkipListTest.RandomOperations (0 ms)
[ RUN      ] SkipListTest.ConcurrentReadWrite
[       OK ] SkipListTest.ConcurrentReadWrite (3 ms)
[----------] 4 tests from SkipListTest (3 ms total)

[----------] Global test environment tear-down
[==========] 4 tests from 1 test suite ran. (3 ms total)
[  PASSED  ] 4 tests.
i
[==========] Running 4 tests from 1 test suite.
[----------] Global test environment set-up.
[----------] 4 tests from SkipListTest
[ RUN      ] SkipListTest.PutAndGet
[       OK ] SkipListTest.PutAndGet (0 ms)
[ RUN      ] SkipListTest.MultipleInsertAndRetrieve
[       OK ] SkipListTest.MultipleInsertAndRetrieve (0 ms)
[ RUN      ] SkipListTest.RandomOperations
[       OK ] SkipListTest.RandomOperations (0 ms)
[ RUN      ] SkipListTest.ConcurrentReadWrite
[       OK ] SkipListTest.ConcurrentReadWrite (3 ms)
[----------] 4 tests from SkipListTest (3 ms total)

[----------] Global test environment tear-down
[==========] 4 tests from 1 test suite ran. (3 ms total)
[  PASSED  ] 4 tests.
i
[==========] Running 4 tests from 1 test suite.
[----------] Global test environment set-up.
[----------] 4 tests from SkipListTest
[ RUN      ] SkipListTest.PutAndGet
[       OK ] SkipListTest.PutAndGet (0 ms)
[ RUN      ] SkipListTest.MultipleInsertAndRetrieve
[       OK ] SkipListTest.MultipleInsertAndRetrieve (0 ms)
[ RUN      ] SkipListTest.RandomOperations
[       OK ] SkipListTest.RandomOperations (0 ms)
[ RUN      ] SkipListTest.ConcurrentReadWrite
[       OK ] SkipListTest.ConcurrentReadWrite (3 ms)
[----------] 4 tests from SkipListTest (3 ms total)

[----------] Global test environment tear-down
[==========] 4 tests from 1 test suite ran. (3 ms total)
[  PASSED  ] 4 tests.
i
[==========] Running 4 tests from 1 test suite.
[----------] Global test environment set-up.
[----------] 4 tests from SkipListTest
[ RUN      ] SkipListTest.PutAndGet
[       OK ] SkipListTest.PutAndGet (0 ms)
[ RUN      ] SkipListTest.MultipleInsertAndRetrieve
[       OK ] SkipListTest.MultipleInsertAndRetrieve (0 ms)
[ RUN      ] SkipListTest.RandomOperations
[       OK ] SkipListTest.RandomOperations (0 ms)
[ RUN      ] SkipListTest.ConcurrentReadWrite
[       OK ] SkipListTest.ConcurrentReadWrite (3 ms)
[----------] 4 tests from SkipListTest (3 ms total)

[----------] Global test environment tear-down
[==========] 4 tests from 1 test suite ran. (3 ms total)
[  PASSED  ] 4 tests.
i
[==========] Running 4 tests from 1 test suite.
[----------] Global test environment set-up.
[----------] 4 tests from SkipListTest
[ RUN      ] SkipListTest.PutAndGet
[       OK ] SkipListTest.PutAndGet (0 ms)
[ RUN      ] SkipListTest.MultipleInsertAndRetrieve
[       OK ] SkipListTest.MultipleInsertAndRetrieve (0 ms)
[ RUN      ] SkipListTest.RandomOperations
[       OK ] SkipListTest.RandomOperations (0 ms)
[ RUN      ] SkipListTest.ConcurrentReadWrite
[       OK ] SkipListTest.ConcurrentReadWrite (3 ms)
[----------] 4 tests from SkipListTest (3 ms total)

[----------] Global test environment tear-down
[==========] 4 tests from 1 test suite ran. (3 ms total)
[  PASSED  ] 4 tests.
i
[==========] Running 4 tests from 1 test suite.
[----------] Global test environment set-up.
[----------] 4 tests from SkipListTest
[ RUN      ] SkipListTest.PutAndGet
[       OK ] SkipListTest.PutAndGet (0 ms)
[ RUN      ] SkipListTest.MultipleInsertAndRetrieve
[       OK ] SkipListTest.MultipleInsertAndRetrieve (0 ms)
[ RUN      ] SkipListTest.RandomOperations
[       OK ] SkipListTest.RandomOperations (0 ms)
[ RUN      ] SkipListTest.ConcurrentReadWrite
[       OK ] SkipListTest.ConcurrentReadWrite (3 ms)
[----------] 4 tests from SkipListTest (3 ms total)

[----------] Global test environment tear-down
[==========] 4 tests from 1 test suite ran. (3 ms total)
[  PASSED  ] 4 tests.
i
[==========] Running 4 tests from 1 test suite.
[----------] Global test environment set-up.
[----------] 4 tests from SkipListTest
[ RUN      ] SkipListTest.PutAndGet
[       OK ] SkipListTest.PutAndGet (0 ms)
[ RUN      ] SkipListTest.MultipleInsertAndRetrieve
[       OK ] SkipListTest.MultipleInsertAndRetrieve (0 ms)
[ RUN      ] SkipListTest.RandomOperations
[       OK ] SkipListTest.RandomOperations (0 ms)
[ RUN      ] SkipListTest.ConcurrentReadWrite
[       OK ] SkipListTest.ConcurrentReadWrite (3 ms)
[----------] 4 tests from SkipListTest (3 ms total)

[----------] Global test environment tear-down
[==========] 4 tests from 1 test suite ran. (3 ms total)
[  PASSED  ] 4 tests.
i
[==========] Running 4 tests from 1 test suite.
[----------] Global test environment set-up.
[----------] 4 tests from SkipListTest
[ RUN      ] SkipListTest.PutAndGet
[       OK ] SkipListTest.PutAndGet (0 ms)
[ RUN      ] SkipListTest.MultipleInsertAndRetrieve
[       OK ] SkipListTest.MultipleInsertAndRetrieve (0 ms)
[ RUN      ] SkipListTest.RandomOperations
[       OK ] SkipListTest.RandomOperations (0 ms)
[ RUN      ] SkipListTest.ConcurrentReadWrite
[       OK ] SkipListTest.ConcurrentReadWrite (3 ms)
[----------] 4 tests from SkipListTest (3 ms total)

[----------] Global test environment tear-down
[==========] 4 tests from 1 test suite ran. (3 ms total)
[  PASSED  ] 4 tests.
i
